/var/folders/89/2ksgj1s104qg4kzrf9np5h2m0000gn/T/PC10m-SCP1144108930470211272 +RTS -Sexamples/luigi/PC10m-SCP.stats 
    Alloc    Copied     Live     GC     GC      TOT      TOT  Page Flts
    bytes     bytes     bytes   user   elap     user     elap
  1067872    370528    403280  0.001  0.002    0.002    0.015   15  240  (Gen:  0)
  1040080    635936    668656  0.001  0.020    0.003    0.035  199    0  (Gen:  1)
  1040400    463888    985896  0.000  0.001    0.004    0.036    0    0  (Gen:  0)
  1040400    475264   1305632  0.001  0.001    0.005    0.037    0    0  (Gen:  0)
  1039528   1575512   1608240  0.002  0.003    0.008    0.040    0    0  (Gen:  1)
  1039672    467280   1909376  0.001  0.001    0.009    0.042    0    0  (Gen:  0)
  1040216    464072   2210744  0.000  0.000    0.010    0.043    0    0  (Gen:  0)
  1039440    479280   2511216  0.000  0.000    0.011    0.043    0    0  (Gen:  0)
  1039696    471552   2811696  0.000  0.000    0.011    0.044    0    0  (Gen:  0)
  1040176    465888   3113184  0.001  0.001    0.012    0.045    0    0  (Gen:  0)
  1039472   3380456   3413184  0.004  0.004    0.016    0.050    0    0  (Gen:  1)
  1039712    473216   3713552  0.001  0.001    0.017    0.051    0    0  (Gen:  0)
  1039584    467504   4015112  0.001  0.001    0.018    0.054    0    0  (Gen:  0)
  1040088    483992   4316856  0.000  0.000    0.019    0.055    0    0  (Gen:  0)
  1039544    475192   4616584  0.000  0.001    0.020    0.056    0    0  (Gen:  0)
  1039680    469176   4917664  0.000  0.001    0.020    0.057    0    0  (Gen:  0)
  1040200    463832   5220560  0.000  0.000    0.021    0.058    0    0  (Gen:  0)
  1039384    476568   5519072  0.000  0.000    0.022    0.059    0    0  (Gen:  0)
  1039600    470912   5820176  0.000  0.000    0.023    0.059    0    0  (Gen:  0)
  1040360    465120   6122376  0.000  0.000    0.024    0.060    0    0  (Gen:  0)
  1039384    479592   6422496  0.000  0.000    0.024    0.061    0    0  (Gen:  0)
  1039720    472368   6722224  0.000  0.000    0.025    0.062    0    0  (Gen:  0)
  1039632   6991080   7023808  0.007  0.009    0.032    0.071    0    0  (Gen:  1)
  1040112    482680   7324888  0.000  0.001    0.033    0.072    0    0  (Gen:  0)
  1039584    474960   7625000  0.000  0.000    0.034    0.073    0    0  (Gen:  0)
  1039568    469104   7926576  0.000  0.000    0.035    0.073    0    0  (Gen:  0)
  1040224    461736   8227872  0.000  0.000    0.035    0.074    0    0  (Gen:  0)
  1039504    476144   8527016  0.000  0.000    0.036    0.075    0    0  (Gen:  0)
  1039632    470088   8828072  0.000  0.001    0.037    0.076    0    0  (Gen:  0)
  1040192    464352   9130568  0.000  0.001    0.038    0.077    0    0  (Gen:  0)
  1039504    478232   9430024  0.000  0.000    0.038    0.077    0    0  (Gen:  0)
  1039608    470968   9730496  0.000  0.000    0.039    0.078    0    0  (Gen:  0)
  1040256    466528  10033136  0.000  0.000    0.040    0.079    0    0  (Gen:  0)
  1039520    480496  10333168  0.000  0.000    0.041    0.080    0    0  (Gen:  0)
  1039640    473672  10633576  0.000  0.000    0.041    0.080    0    0  (Gen:  0)
  1039552    467232  10935064  0.000  0.000    0.042    0.081    0    0  (Gen:  0)
  1040120    482568  11235616  0.000  0.000    0.043    0.082    0    0  (Gen:  0)
  1040128    467624  11528240  0.000  0.000    0.044    0.082    0    0  (Gen:  0)
  1039264    457616  11806960  0.000  0.000    0.044    0.083    0    0  (Gen:  0)
  1039232    472328  12085800  0.000  0.000    0.045    0.084    0    0  (Gen:  0)
  1039160    473536  12363512  0.000  0.000    0.046    0.085    0    0  (Gen:  0)
  1038896    476232  12641464  0.000  0.000    0.047    0.085    0    0  (Gen:  0)
  1039368    478312  12919456  0.000  0.000    0.047    0.086    0    0  (Gen:  0)
  1039304    480784  13197520  0.000  0.000    0.048    0.087    0    0  (Gen:  0)
  1039312    482192  13475104  0.000  0.000    0.049    0.088    0    0  (Gen:  0)
  1039128    485768  13754248  0.000  0.000    0.050    0.089    0    0  (Gen:  0)
  1039216    488448  14032600  0.000  0.000    0.050    0.089    0    0  (Gen:  0)
  1039232  14056104  14088840  0.013  0.017    0.064    0.107    0    0  (Gen:  1)
  1039264    471800  14367784  0.000  0.000    0.065    0.108    0    0  (Gen:  0)
  1039224    473824  14646128  0.000  0.000    0.066    0.109    0    0  (Gen:  0)
  1039344    475816  14923808  0.000  0.000    0.067    0.109    0    0  (Gen:  0)
  1038544    478176  15202296  0.000  0.000    0.067    0.110    0    0  (Gen:  0)
  1039224    480200  15479920  0.000  0.001    0.068    0.111    0    0  (Gen:  0)
  1039248    483272  15758536  0.000  0.001    0.069    0.112    0    0  (Gen:  0)
  1039248    485136  16036344  0.000  0.000    0.070    0.113    0    0  (Gen:  0)
  1039248    489160  16315816  0.000  0.000    0.070    0.113    0    0  (Gen:  0)
  1039344    467456  16593384  0.000  0.000    0.071    0.114    0    0  (Gen:  0)
  1039248    471552  16872744  0.000  0.000    0.072    0.115    0    0  (Gen:  0)
  1038608    472848  17150408  0.000  0.000    0.073    0.116    0    0  (Gen:  0)
  1038624    475368  17428696  0.000  0.000    0.073    0.116    0    0  (Gen:  0)
  1039232    477088  17706664  0.000  0.000    0.074    0.117    0    0  (Gen:  0)
  1038816    479032  17984144  0.000  0.000    0.075    0.118    0    0  (Gen:  0)
  1039360    482400  18262672  0.000  0.000    0.076    0.119    0    0  (Gen:  0)
  1039360    484496  18541080  0.000  0.000    0.076    0.119    0    0  (Gen:  0)
  1039192    487968  18819888  0.000  0.000    0.077    0.120    0    0  (Gen:  0)
  1039256    467664  19098616  0.000  0.000    0.078    0.121    0    0  (Gen:  0)
  1039224    470824  19377720  0.000  0.000    0.079    0.122    0    0  (Gen:  0)
  1039208    472992  19655784  0.000  0.000    0.079    0.122    0    0  (Gen:  0)
  1039160    474208  19933224  0.000  0.000    0.080    0.123    0    0  (Gen:  0)
  1039120    476536  20211408  0.000  0.000    0.081    0.124    0    0  (Gen:  0)
  1039296    479464  20490104  0.000  0.000    0.082    0.125    0    0  (Gen:  0)
  1039248    481656  20767440  0.000  0.000    0.082    0.126    0    0  (Gen:  0)
  1039312    485024  21046888  0.000  0.000    0.083    0.126    0    0  (Gen:  0)
  1039120    487240  21324712  0.000  0.000    0.084    0.127    0    0  (Gen:  0)
  1039240    467088  21603376  0.000  0.000    0.085    0.128    0    0  (Gen:  0)
  1039256    469824  21882064  0.000  0.000    0.085    0.129    0    0  (Gen:  0)
  1039168    472176  22160696  0.000  0.000    0.086    0.129    0    0  (Gen:  0)
  1039344    475024  22439144  0.000  0.000    0.087    0.130    0    0  (Gen:  0)
  1039256    476720  22716896  0.000  0.000    0.088    0.131    0    0  (Gen:  0)
  1038584    478808  22994608  0.000  0.000    0.088    0.132    0    0  (Gen:  0)
  1039176    481240  23272768  0.000  0.000    0.089    0.132    0    0  (Gen:  0)
  1039312    484520  23551584  0.000  0.000    0.090    0.133    0    0  (Gen:  0)
  1039192    487712  23830248  0.000  0.000    0.091    0.134    0    0  (Gen:  0)
  1039280    466368  24108328  0.000  0.000    0.091    0.135    0    0  (Gen:  0)
  1039384    469504  24386680  0.000  0.000    0.092    0.135    0    0  (Gen:  0)
  1039152    472904  24666480  0.000  0.000    0.093    0.136    0    0  (Gen:  0)
  1037976    474016  24944032  0.000  0.000    0.094    0.137    0    0  (Gen:  0)
  1039368    475696  25221312  0.000  0.000    0.095    0.138    0    0  (Gen:  0)
  1038704    478808  25499544  0.000  0.000    0.095    0.139    0    0  (Gen:  0)
  1039408    480784  25777584  0.000  0.000    0.096    0.139    0    0  (Gen:  0)
  1039296    483888  26056160  0.000  0.000    0.097    0.140    0    0  (Gen:  0)
  1039240    486504  26334296  0.000  0.000    0.098    0.141    0    0  (Gen:  0)
  1039240    466456  26613664  0.000  0.000    0.099    0.142    0    0  (Gen:  0)
  1104784    469224  26891600  0.000  0.000    0.099    0.143    0    0  (Gen:  0)
  1334152    473224  27204328  0.000  0.000    0.100    0.143    0    0  (Gen:  0)
  1137432    473808  27481528  0.000  0.000    0.101    0.144    0    0  (Gen:  0)
  1038936    476560  27759912  0.000  0.000    0.102    0.145    0    0  (Gen:  0)
  1039344    478048  28037008  0.000  0.000    0.102    0.146    0    0  (Gen:  0)
  1039280  28247992  28313496  0.027  0.035    0.130    0.181    0    0  (Gen:  1)
  1039320    482832  28591896  0.000  0.001    0.131    0.182    0    0  (Gen:  0)
  1039128    485560  28870376  0.000  0.000    0.131    0.182    0    0  (Gen:  0)
  1039248    489256  29149688  0.000  0.000    0.132    0.183    0    0  (Gen:  0)
  1039328    469408  29428496  0.000  0.000    0.133    0.184    0    0  (Gen:  0)
  1039224    472296  29707400  0.000  0.000    0.134    0.185    0    0  (Gen:  0)
  1039224    473392  29985016  0.000  0.000    0.134    0.185    0    0  (Gen:  0)
  1039376    476168  30263176  0.000  0.000    0.135    0.186    0    0  (Gen:  0)
  1038512    478064  30541008  0.000  0.000    0.136    0.187    0    0  (Gen:  0)
  1039248    480304  30818880  0.000  0.000    0.137    0.188    0    0  (Gen:  0)
  1039264    482208  31096464  0.000  0.000    0.137    0.189    0    0  (Gen:  0)
  1039200    485784  31375720  0.000  0.000    0.138    0.189    0    0  (Gen:  0)
  1039280    488400  31654032  0.000  0.000    0.139    0.190    0    0  (Gen:  0)
  1039328    468248  31932872  0.000  0.000    0.140    0.191    0    0  (Gen:  0)
  1039240    471632  32211752  0.000  0.000    0.140    0.192    0    0  (Gen:  0)
  1038624    473376  32489912  0.000  0.000    0.141    0.192    0    0  (Gen:  0)
  1038632    475296  32767376  0.000  0.000    0.142    0.193    0    0  (Gen:  0)
  1039256    477984  33046088  0.000  0.000    0.143    0.194    0    0  (Gen:  0)
  1038816    479992  33323592  0.000  0.000    0.143    0.195    0    0  (Gen:  0)
  1039328    483192  33602240  0.000  0.000    0.144    0.195    0    0  (Gen:  0)
  1039376    485208  33880472  0.000  0.000    0.145    0.196    0    0  (Gen:  0)
  1039168    488560  34159112  0.000  0.000    0.146    0.197    0    0  (Gen:  0)
  1039264    467504  34437296  0.000  0.000    0.146    0.198    0    0  (Gen:  0)
  1039224    471528  34716864  0.000  0.000    0.147    0.198    0    0  (Gen:  0)
  1039176    472704  34994216  0.000  0.000    0.148    0.199    0    0  (Gen:  0)
  1039176    475392  35272672  0.000  0.000    0.149    0.200    0    0  (Gen:  0)
  1039032    476872  35550472  0.000  0.000    0.149    0.201    0    0  (Gen:  0)
  1039296    478960  35828216  0.000  0.000    0.150    0.201    0    0  (Gen:  0)
  1039288    482560  36106800  0.000  0.000    0.151    0.202    0    0  (Gen:  0)
  1039224    484296  36385080  0.000  0.000    0.152    0.203    0    0  (Gen:  0)
  1039208    487992  36663832  0.000  0.000    0.152    0.204    0    0  (Gen:  0)
  1039208    467376  36942512  0.000  0.000    0.153    0.204    0    0  (Gen:  0)
  1039256    470776  37221672  0.000  0.000    0.154    0.205    0    0  (Gen:  0)
  1039200    473024  37500008  0.000  0.000    0.155    0.206    0    0  (Gen:  0)
  1039336    474064  37777224  0.000  0.000    0.155    0.207    0    0  (Gen:  0)
  1038536    476952  38055832  0.000  0.000    0.156    0.207    0    0  (Gen:  0)
  1039376    479376  38334128  0.000  0.000    0.157    0.208    0    0  (Gen:  0)
  1039160    481728  38611640  0.000  0.000    0.158    0.209    0    0  (Gen:  0)
  1039312    485000  38890712  0.000  0.000    0.158    0.210    0    0  (Gen:  0)
  1039240    487336  39168816  0.000  0.000    0.159    0.210    0    0  (Gen:  0)
  1039280    466704  39447104  0.000  0.000    0.160    0.211    0    0  (Gen:  0)
  1039352    469776  39726032  0.000  0.000    0.161    0.212    0    0  (Gen:  0)
  1038552    472456  40004912  0.000  0.000    0.161    0.213    0    0  (Gen:  0)
  1038600    474560  40282944  0.000  0.000    0.162    0.213    0    0  (Gen:  0)
  1039336    476096  40560328  0.000  0.000    0.163    0.214    0    0  (Gen:  0)
  1038696    478576  40838048  0.000  0.000    0.164    0.215    0    0  (Gen:  0)
  1039408    480808  41116216  0.000  0.000    0.164    0.216    0    0  (Gen:  0)
  1039320    484744  41395472  0.000  0.000    0.165    0.216    0    0  (Gen:  0)
  1039264    487408  41673656  0.000  0.000    0.166    0.217    0    0  (Gen:  0)
  1039216    466400  41952104  0.000  0.000    0.167    0.218    0    0  (Gen:  0)
  1039240    469024  42230072  0.000  0.000    0.167    0.219    0    0  (Gen:  0)
  1039256    473040  42510064  0.000  0.000    0.168    0.220    0    0  (Gen:  0)
  1039136    474448  42788104  0.000  0.000    0.169    0.220    0    0  (Gen:  0)
  1038944    476240  43065640  0.000  0.000    0.170    0.221    0    0  (Gen:  0)
  1039336    478792  43343448  0.000  0.000    0.170    0.222    0    0  (Gen:  0)
  1039288    480744  43621480  0.000  0.000    0.171    0.223    0    0  (Gen:  0)
  1039256    483392  43899696  0.000  0.000    0.172    0.223    0    0  (Gen:  0)
  1039160    486240  44178136  0.000  0.000    0.173    0.224    0    0  (Gen:  0)
  1039224    466888  44457504  0.000  0.000    0.173    0.225    0    0  (Gen:  0)
  1039248    469240  44735600  0.000  0.000    0.174    0.226    0    0  (Gen:  0)
  1039216    472936  45015160  0.000  0.000    0.175    0.226    0    0  (Gen:  0)
  1039272    473784  45292680  0.000  0.000    0.176    0.227    0    0  (Gen:  0)
  1039360    476376  45571056  0.000  0.000    0.176    0.228    0    0  (Gen:  0)
  1038520    477824  45847960  0.000  0.000    0.177    0.229    0    0  (Gen:  0)
  1039208    480688  46126280  0.000  0.000    0.178    0.229    0    0  (Gen:  0)
  1039280    482760  46404336  0.000  0.000    0.179    0.230    0    0  (Gen:  0)
  1039232    486152  46683544  0.000  0.000    0.179    0.231    0    0  (Gen:  0)
  1039272    488912  46961936  0.001  0.001    0.180    0.232    0    0  (Gen:  0)
  1039416    469208  47240872  0.001  0.001    0.181    0.233    0    0  (Gen:  0)
  1039256    472040  47519816  0.000  0.000    0.182    0.234    0    0  (Gen:  0)
  1037864    473760  47797624  0.000  0.000    0.183    0.234    0    0  (Gen:  0)
  1039384    475376  48075120  0.000  0.000    0.184    0.235    0    0  (Gen:  0)
  1039256    478280  48353512  0.000  0.000    0.184    0.236    0    0  (Gen:  0)
  1038824    480088  48630952  0.000  0.000    0.185    0.237    0    0  (Gen:  0)
  1039304    482608  48909248  0.000  0.000    0.186    0.238    0    0  (Gen:  0)
  1039352    485496  49187760  0.000  0.000    0.187    0.239    0    0  (Gen:  0)
  1039176    488408  49466488  0.000  0.000    0.188    0.239    0    0  (Gen:  0)
  1039264    467920  49744984  0.000  0.000    0.188    0.240    0    0  (Gen:  0)
  1039224    471624  50024256  0.000  0.000    0.189    0.241    0    0  (Gen:  0)
  1039168    473400  50302344  0.000  0.000    0.190    0.242    0    0  (Gen:  0)
  1038856    475800  50580472  0.000  0.000    0.191    0.242    0    0  (Gen:  0)
  1039384    477672  50858568  0.000  0.000    0.191    0.243    0    0  (Gen:  0)
  1039304    479992  51136272  0.000  0.000    0.192    0.244    0    0  (Gen:  0)
  1039280    482960  51414808  0.000  0.000    0.193    0.245    0    0  (Gen:  0)
  1039192    485024  51693104  0.000  0.000    0.194    0.245    0    0  (Gen:  0)
  1039216    488480  51971832  0.000  0.000    0.195    0.246    0    0  (Gen:  0)
  1301352    467392  52249784  0.000  0.000    0.195    0.247    0    0  (Gen:  0)
  1203104    471432  52562248  0.000  0.000    0.196    0.248    0    0  (Gen:  0)
  1071976    472944  52839968  0.000  0.000    0.197    0.249    0    0  (Gen:  0)
  1039336    475176  53118112  0.000  0.000    0.198    0.249    0    0  (Gen:  0)
  1038560    476656  53395688  0.000  0.000    0.198    0.250    0    0  (Gen:  0)
  1039272    479152  53673776  0.000  0.000    0.199    0.251    0    0  (Gen:  0)
  1039152    482208  53951904  0.000  0.000    0.200    0.252    0    0  (Gen:  0)
  1039288    484504  54230600  0.000  0.000    0.201    0.252    0    0  (Gen:  0)
  1039256    487584  54508880  0.000  0.000    0.201    0.253    0    0  (Gen:  0)
  1039304    467384  54787760  0.000  0.000    0.202    0.254    0    0  (Gen:  0)
  1039304    470408  55066768  0.000  0.000    0.203    0.255    0    0  (Gen:  0)
  1038584    472648  55344968  0.000  0.000    0.204    0.255    0    0  (Gen:  0)
  1038616    474536  55623008  0.000  0.000    0.204    0.256    0    0  (Gen:  0)
  1039320    476896  55900848  0.000  0.000    0.205    0.257    0    0  (Gen:  0)
  1038808    479056  56178848  0.000  0.000    0.206    0.258    0    0  (Gen:  0)
  1039360  56356184  56454456  0.054  0.069    0.260    0.327    0    0  (Gen:  1)
  1039368    484504  56733008  0.000  0.000    0.261    0.328    0    0  (Gen:  0)
  1039216    487544  57011672  0.000  0.000    0.262    0.329    0    0  (Gen:  0)
  1039248    466176  57289528  0.000  0.000    0.262    0.329    0    0  (Gen:  0)
  1039256    469776  57568464  0.000  0.000    0.263    0.330    0    0  (Gen:  0)
  1039208    472728  57847696  0.000  0.000    0.264    0.331    0    0  (Gen:  0)
  1039136    474600  58125792  0.000  0.000    0.264    0.332    0    0  (Gen:  0)
  1038992    475664  58402872  0.000  0.000    0.265    0.332    0    0  (Gen:  0)
  1039304    478608  58680960  0.000  0.000    0.266    0.333    0    0  (Gen:  0)
  1039296    480800  58959112  0.000  0.000    0.267    0.334    0    0  (Gen:  0)
  1039272    484624  59238360  0.000  0.000    0.268    0.335    0    0  (Gen:  0)
  1039136    487176  59516488  0.000  0.000    0.268    0.335    0    0  (Gen:  0)
  1039232    466376  59795144  0.000  0.000    0.269    0.336    0    0  (Gen:  0)
  1039256    469040  60073024  0.000  0.000    0.270    0.337    0    0  (Gen:  0)
  1039224    473384  60353416  0.000  0.000    0.271    0.338    0    0  (Gen:  0)
  1039272    474224  60630992  0.000  0.000    0.271    0.339    0    0  (Gen:  0)
  1039272    476224  60908584  0.000  0.000    0.272    0.339    0    0  (Gen:  0)
  1038616    478520  61186360  0.000  0.000    0.273    0.340    0    0  (Gen:  0)
  1039200    480592  61464288  0.000  0.000    0.274    0.341    0    0  (Gen:  0)
  1039248    482696  61741936  0.000  0.000    0.274    0.342    0    0  (Gen:  0)
  1039240    486248  62021240  0.000  0.000    0.275    0.343    0    0  (Gen:  0)
  1039272    467528  62300288  0.000  0.000    0.276    0.343    0    0  (Gen:  0)
  1039320    469376  62578776  0.000  0.000    0.277    0.344    0    0  (Gen:  0)
  1039280    472896  62858128  0.000  0.000    0.278    0.345    0    0  (Gen:  0)
  1037872    473352  63135272  0.000  0.000    0.278    0.346    0    0  (Gen:  0)
  1039376    475944  63413392  0.000  0.000    0.279    0.347    0    0  (Gen:  0)
  1039256    478144  63691040  0.000  0.000    0.280    0.347    0    0  (Gen:  0)
  1038832    480688  63969200  0.000  0.000    0.281    0.348    0    0  (Gen:  0)
  1039304    482208  64246888  0.000  0.000    0.282    0.349    0    0  (Gen:  0)
  1039288    485992  64526168  0.000  0.000    0.282    0.350    0    0  (Gen:  0)
  1039208    488624  64804496  0.000  0.000    0.283    0.350    0    0  (Gen:  0)
  1039368    468656  65083336  0.000  0.000    0.284    0.351    0    0  (Gen:  0)
  1039224    471912  65362344  0.000  0.000    0.285    0.352    0    0  (Gen:  0)
  1039160    473608  65640528  0.000  0.000    0.285    0.353    0    0  (Gen:  0)
  1038856    475736  65918224  0.000  0.000    0.286    0.353    0    0  (Gen:  0)
  1039408    478512  66196808  0.000  0.000    0.287    0.354    0    0  (Gen:  0)
  1039312    481064  66474984  0.000  0.000    0.288    0.355    0    0  (Gen:  0)
  1039272    482808  66752472  0.000  0.000    0.288    0.356    0    0  (Gen:  0)
  1039168    485320  67030720  0.000  0.000    0.289    0.357    0    0  (Gen:  0)
  1039216    488296  67309400  0.000  0.000    0.290    0.357    0    0  (Gen:  0)
  1039208    467760  67587992  0.000  0.000    0.291    0.358    0    0  (Gen:  0)
  1039256    471632  67867280  0.000  0.000    0.291    0.359    0    0  (Gen:  0)
  1039208    473256  68145224  0.000  0.000    0.292    0.360    0    0  (Gen:  0)
  1039352    475776  68423560  0.000  0.000    0.293    0.360    0    0  (Gen:  0)
  1038536    477208  68701360  0.000  0.000    0.294    0.361    0    0  (Gen:  0)
  1039296    479624  68979096  0.000  0.000    0.294    0.362    0    0  (Gen:  0)
  1039176    482832  69257576  0.000  0.000    0.295    0.363    0    0  (Gen:  0)
  1039288    484784  69535952  0.000  0.000    0.296    0.363    0    0  (Gen:  0)
  1039240    488328  69814656  0.000  0.000    0.297    0.364    0    0  (Gen:  0)
  1039312    467232  70092744  0.000  0.000    0.298    0.365    0    0  (Gen:  0)
  1039288    471336  70372528  0.000  0.000    0.298    0.366    0    0  (Gen:  0)
  1038568    472952  70650296  0.000  0.000    0.299    0.367    0    0  (Gen:  0)
  1038656    474432  70927736  0.000  0.000    0.300    0.367    0    0  (Gen:  0)
  1039240    476824  71205992  0.000  0.000    0.301    0.368    0    0  (Gen:  0)
  1038784    479280  71484232  0.000  0.000    0.301    0.369    0    0  (Gen:  0)
  1039368    481640  71761728  0.000  0.000    0.302    0.370    0    0  (Gen:  0)
  1039344    485128  72041192  0.000  0.000    0.303    0.370    0    0  (Gen:  0)
  1039232    487152  72318792  0.000  0.000    0.304    0.371    0    0  (Gen:  0)
  1039216    467152  72597680  0.000  0.000    0.304    0.372    0    0  (Gen:  0)
  1039256    470056  72876480  0.000  0.000    0.305    0.373    0    0  (Gen:  0)
  1039224    472280  73155064  0.000  0.000    0.306    0.374    0    0  (Gen:  0)
  1039120    474624  73433160  0.000  0.000    0.307    0.374    0    0  (Gen:  0)
  1039032    476792  73711120  0.000  0.000    0.308    0.375    0    0  (Gen:  0)
  1039384    479224  73989280  0.000  0.000    0.308    0.376    0    0  (Gen:  0)
  1039288    481640  74267416  0.000  0.000    0.309    0.377    0    0  (Gen:  0)
  1039296    484336  74545872  0.000  0.000    0.310    0.377    0    0  (Gen:  0)
  1039104    487560  74824640  0.000  0.000    0.311    0.378    0    0  (Gen:  0)
  1039240    466344  75102616  0.000  0.000    0.311    0.379    0    0  (Gen:  0)
  1039280    469688  75381360  0.000  0.000    0.312    0.380    0    0  (Gen:  0)
  1039176    472928  75660952  0.000  0.000    0.313    0.380    0    0  (Gen:  0)
  1039304    474560  75938832  0.000  0.000    0.314    0.381    0    0  (Gen:  0)
  1039272    475656  76215912  0.000  0.000    0.314    0.382    0    0  (Gen:  0)
  1038600    478632  76493944  0.000  0.000    0.315    0.383    0    0  (Gen:  0)
  1039208    481152  76772432  0.000  0.000    0.316    0.383    0    0  (Gen:  0)
  1039248    484144  77050984  0.000  0.000    0.317    0.384    0    0  (Gen:  0)
  1104752    486848  77329208  0.000  0.000    0.317    0.385    0    0  (Gen:  0)
  1366944    466728  77641208  0.000  0.000    0.318    0.386    0    0  (Gen:  0)
  1104904    469416  77919296  0.000  0.000    0.319    0.387    0    0  (Gen:  0)
  1039240    473328  78199048  0.000  0.000    0.320    0.388    0    0  (Gen:  0)
  1037896    473520  78476056  0.000  0.000    0.321    0.388    0    0  (Gen:  0)
  1039384    476408  78754408  0.000  0.000    0.321    0.389    0    0  (Gen:  0)
  1039264    478320  79031744  0.000  0.000    0.322    0.390    0    0  (Gen:  0)
  1038824    480376  79309416  0.000  0.000    0.323    0.390    0    0  (Gen:  0)
  1039312    482824  79587792  0.000  0.000    0.324    0.391    0    0  (Gen:  0)
  1039264    485832  79866424  0.000  0.000    0.324    0.392    0    0  (Gen:  0)
  1039200    489320  80145704  0.000  0.000    0.325    0.393    0    0  (Gen:  0)
  1039264    469464  80424424  0.000  0.000    0.326    0.393    0    0  (Gen:  0)
  1039232    472328  80703264  0.000  0.000    0.326    0.394    0    0  (Gen:  0)
  1039160    473536  80980976  0.000  0.000    0.327    0.395    0    0  (Gen:  0)
  1038896    476232  81258928  0.000  0.000    0.328    0.396    0    0  (Gen:  0)
  1039368    478312  81536920  0.000  0.000    0.329    0.396    0    0  (Gen:  0)
  1039304    480784  81814984  0.000  0.000    0.329    0.397    0    0  (Gen:  0)
  1039312    482192  82092568  0.000  0.000    0.330    0.398    0    0  (Gen:  0)
  1039128    485768  82371712  0.000  0.000    0.331    0.399    0    0  (Gen:  0)
  1039216    488448  82650064  0.000  0.000    0.332    0.400    0    0  (Gen:  0)
  1039296    468480  82928992  0.000  0.000    0.332    0.400    0    0  (Gen:  0)
  1039296    471800  83207944  0.000  0.000    0.333    0.401    0    0  (Gen:  0)
  1039224    473824  83486288  0.000  0.000    0.334    0.402    0    0  (Gen:  0)
  1039344    475816  83763968  0.000  0.000    0.335    0.402    0    0  (Gen:  0)
  1038544    478176  84042456  0.000  0.000    0.335    0.403    0    0  (Gen:  0)
  1039224    480200  84320080  0.000  0.000    0.336    0.404    0    0  (Gen:  0)
  1039248    483272  84598696  0.000  0.000    0.337    0.405    0    0  (Gen:  0)
  1039248    485136  84876504  0.000  0.000    0.338    0.406    0    0  (Gen:  0)
  1039248    489160  85155976  0.000  0.000    0.338    0.406    0    0  (Gen:  0)
  1039344    467456  85433544  0.000  0.000    0.339    0.407    0    0  (Gen:  0)
  1039248    471552  85712904  0.000  0.000    0.340    0.408    0    0  (Gen:  0)
  1038608    472848  85990568  0.000  0.000    0.341    0.408    0    0  (Gen:  0)
  1038624    475368  86268856  0.000  0.000    0.341    0.409    0    0  (Gen:  0)
  1039232    477088  86546824  0.000  0.000    0.342    0.410    0    0  (Gen:  0)
  1038816    479032  86824304  0.000  0.000    0.343    0.411    0    0  (Gen:  0)
  1039360    482400  87102832  0.000  0.000    0.344    0.411    0    0  (Gen:  0)
  1039360    484496  87381240  0.000  0.000    0.344    0.412    0    0  (Gen:  0)
  1039192    487968  87660048  0.000  0.000    0.345    0.413    0    0  (Gen:  0)
  1039256    467664  87938776  0.000  0.000    0.346    0.414    0    0  (Gen:  0)
  1039224    470824  88217880  0.000  0.000    0.347    0.414    0    0  (Gen:  0)
  1039208    472992  88495944  0.000  0.000    0.347    0.415    0    0  (Gen:  0)
  1039160    474208  88773384  0.000  0.000    0.348    0.416    0    0  (Gen:  0)
  1039024    476440  89051472  0.000  0.000    0.349    0.417    0    0  (Gen:  0)
  1039296    479464  89330168  0.000  0.000    0.350    0.418    0    0  (Gen:  0)
  1039248    481656  89607504  0.000  0.000    0.350    0.418    0    0  (Gen:  0)
  1039312    485024  89886952  0.000  0.000    0.351    0.419    0    0  (Gen:  0)
  1039120    487240  90164776  0.000  0.000    0.352    0.420    0    0  (Gen:  0)
  1039240    467088  90443440  0.000  0.000    0.353    0.421    0    0  (Gen:  0)
  1039256    469824  90722128  0.000  0.000    0.353    0.421    0    0  (Gen:  0)
  1039168    472176  91000760  0.000  0.000    0.354    0.422    0    0  (Gen:  0)
  1039344    475024  91279208  0.000  0.000    0.355    0.423    0    0  (Gen:  0)
  1039256    476720  91556960  0.001  0.001    0.356    0.424    0    0  (Gen:  0)
  1038584    478808  91834672  0.001  0.001    0.357    0.425    0    0  (Gen:  0)
  1039064    531696  92163280  0.000  0.000    0.358    0.426    0    0  (Gen:  0)
  1038912    570584  92490016  0.001  0.001    0.358    0.426    0    0  (Gen:  0)
  1037760    564096  92818304  0.000  0.000    0.359    0.427    0    0  (Gen:  0)
  1038104    558896  93149008  0.001  0.001    0.360    0.428    0    0  (Gen:  0)
  1038464    572328  93476304  0.001  0.001    0.361    0.429    0    0  (Gen:  0)
  1038816    565504  93805992  0.000  0.000    0.362    0.430    0    0  (Gen:  0)
  1038128    559192  94135576  0.001  0.001    0.363    0.431    0    0  (Gen:  0)
  1038200    573088  94463448  0.000  0.000    0.363    0.432    0    0  (Gen:  0)
  1038152    565144  94791872  0.001  0.001    0.364    0.432    0    0  (Gen:  0)
  1038856    559752  95122320  0.001  0.001    0.365    0.433    0    0  (Gen:  0)
  1038400    573296  95449928  0.001  0.001    0.366    0.434    0    0  (Gen:  0)
  1038248    566016  95778816  0.000  0.000    0.367    0.435    0    0  (Gen:  0)
  1038152    560088  96108608  0.001  0.001    0.368    0.436    0    0  (Gen:  0)
  1038384    574560  96437296  0.001  0.001    0.369    0.437    0    0  (Gen:  0)
  1038848    566784  96765544  0.000  0.001    0.370    0.438    0    0  (Gen:  0)
  1038176    561360  97096272  0.001  0.001    0.371    0.439    0    0  (Gen:  0)
  1038160    575000  97424056  0.001  0.001    0.371    0.440    0    0  (Gen:  0)
  1038104    567064  97752120  0.000  0.000    0.372    0.440    0    0  (Gen:  0)
  1038912    560944  98082472  0.001  0.001    0.373    0.441    0    0  (Gen:  0)
  1038472    575928  98410800  0.001  0.001    0.374    0.442    0    0  (Gen:  0)
  1038160    567168  98738864  0.001  0.001    0.375    0.443    0    0  (Gen:  0)
  1038120    561112  99068816  0.001  0.001    0.376    0.444    0    0  (Gen:  0)
  1038232    576160  99397264  0.001  0.001    0.377    0.445    0    0  (Gen:  0)
  1039088    568264  99725888  0.001  0.001    0.377    0.446    0    0  (Gen:  0)
  1037712    561608 100055168  0.001  0.001    0.378    0.447    0    0  (Gen:  0)
  1038608    577328 100384696  0.001  0.001    0.379    0.447    0    0  (Gen:  0)
  1038096    568328 100711984  0.001  0.001    0.380    0.448    0    0  (Gen:  0)
  1038880    562928 101042720  0.001  0.001    0.381    0.449    0    0  (Gen:  0)
  1038368    577264 101370928  0.001  0.001    0.382    0.450    0    0  (Gen:  0)
  1037824    569312 101699328  0.001  0.001    0.383    0.451    0    0  (Gen:  0)
  1038544    562272 102028360  0.001  0.001    0.384    0.452    0    0  (Gen:  0)
  1038288    555032 102357896  0.001  0.001    0.384    0.453    0    0  (Gen:  0)
  1235664    570216 102686600  0.001  0.001    0.385    0.454    0    0  (Gen:  0)
  1234312    562672 103047920  0.000  0.000    0.386    0.454    0    0  (Gen:  0)
  1071408    556720 103378528  0.001  0.001    0.387    0.455    0    0  (Gen:  0)
  1037968    570176 103705272  0.001  0.001    0.388    0.456    0    0  (Gen:  0)
  1038744    564128 104035448  0.000  0.000    0.389    0.457    0    0  (Gen:  0)
  1038168    557136 104365120  0.000  0.000    0.390    0.458    0    0  (Gen:  0)
  1038216    570624 104692096  0.000  0.000    0.390    0.459    0    0  (Gen:  0)
  1038632    564688 105021968  0.000  0.000    0.391    0.460    0    0  (Gen:  0)
  1038320    558472 105352592  0.000  0.000    0.392    0.460    0    0  (Gen:  0)
  1038872    570880 105679208  0.000  0.000    0.393    0.461    0    0  (Gen:  0)
  1037784    564440 106008424  0.000  0.000    0.394    0.462    0    0  (Gen:  0)
  1038752    559200 106339296  0.000  0.000    0.395    0.463    0    0  (Gen:  0)
  1037880    572072 106666384  0.001  0.001    0.395    0.464    0    0  (Gen:  0)
  1038760    564656 106995096  0.001  0.001    0.396    0.465    0    0  (Gen:  0)
  1038128    559016 107325160  0.000  0.000    0.397    0.466    0    0  (Gen:  0)
  1038208    571968 107652344  0.001  0.001    0.398    0.466    0    0  (Gen:  0)
  1038144    565280 107981576  0.001  0.001    0.399    0.467    0    0  (Gen:  0)
  1038840    558920 108311352  0.001  0.001    0.400    0.468    0    0  (Gen:  0)
  1038408    573624 108640136  0.001  0.001    0.401    0.469    0    0  (Gen:  0)
  1038232    565648 108968656  0.001  0.001    0.402    0.470    0    0  (Gen:  0)
  1038168    560272 109298888  0.001  0.001    0.403    0.471    0    0  (Gen:  0)
  1038392    573776 109626536  0.001  0.001    0.403    0.472    0    0  (Gen:  0)
  1038840    566240 109955040  0.001  0.001    0.404    0.473    0    0  (Gen:  0)
  1038168    560784 110285456  0.001  0.001    0.405    0.474    0    0  (Gen:  0)
  1038144    574888 110613992  0.001  0.001    0.406    0.475    0    0  (Gen:  0)
  1038152    566712 110941904  0.001  0.001    0.407    0.476    0    0  (Gen:  0)
  1038864    561264 111272424  0.001  0.001    0.408    0.477    0    0  (Gen:  0)
  1038480    574784 111599760  0.001  0.001    0.409    0.478    0    0  (Gen:  0)
  1038192    567232 111928392  0.001  0.001    0.410    0.479    0    0  (Gen:  0)
  1038104    560240 112257808  0.001  0.001    0.411    0.480    0    0  (Gen:  0)
  1038216 105087304 105251120  0.101  0.130    0.512    0.610    0    0  (Gen:  1)
  1039104    486576 105498328  0.000  0.001    0.513    0.611    0    0  (Gen:  0)
  1037728    480280 105746544  0.000  0.000    0.514    0.612    0    0  (Gen:  0)
  1038616    495256 105993680  0.000  0.000    0.515    0.612    0    0  (Gen:  0)
  1038056    486928 106240472  0.000  0.000    0.516    0.613    0    0  (Gen:  0)
  1038888    480640 106489184  0.000  0.000    0.516    0.614    0    0  (Gen:  0)
  1038440    496352 106737032  0.000  0.000    0.517    0.615    0    0  (Gen:  0)
  1037768    487488 106983216  0.000  0.000    0.518    0.616    0    0  (Gen:  0)
  1038552    480808 107231808  0.000  0.000    0.519    0.616    0    0  (Gen:  0)
  1038272    473944 107478936  0.000  0.000    0.519    0.617    0    0  (Gen:  0)
  1039064    488824 107726976  0.000  0.000    0.520    0.618    0    0  (Gen:  0)
  1037672    481136 107974376  0.000  0.000    0.521    0.619    0    0  (Gen:  0)
  1038688    474104 108222488  0.000  0.000    0.522    0.620    0    0  (Gen:  0)
  1037968    489392 108469712  0.000  0.000    0.523    0.620    0    0  (Gen:  0)
  1038720    481240 108716896  0.000  0.000    0.523    0.621    0    0  (Gen:  0)
  1038160    475568 108965824  0.000  0.000    0.524    0.622    0    0  (Gen:  0)
  1038208    489968 109212088  0.000  0.000    0.525    0.623    0    0  (Gen:  0)
  1038632    482880 109460280  0.000  0.000    0.526    0.624    0    0  (Gen:  0)
  1038312    475808 109708272  0.000  0.000    0.526    0.624    0    0  (Gen:  0)
  1038952    490560 109955072  0.000  0.000    0.527    0.625    0    0  (Gen:  0)
  1037720    482352 110202000  0.000  0.000    0.528    0.626    0    0  (Gen:  0)
  1038736    477200 110451784  0.000  0.000    0.529    0.627    0    0  (Gen:  0)
  1037880    490416 110697344  0.000  0.000    0.530    0.627    0    0  (Gen:  0)
  1038760    482736 110944920  0.000  0.000    0.530    0.628    0    0  (Gen:  0)
  1038168    477488 111193912  0.000  0.000    0.531    0.629    0    0  (Gen:  0)
  1038184    491648 111440576  0.000  0.000    0.532    0.630    0    0  (Gen:  0)
  1038152    483384 111688008  0.000  0.000    0.533    0.631    0    0  (Gen:  0)
  1038832    477528 111936368  0.000  0.000    0.534    0.631    0    0  (Gen:  0)
  1038944    492384 112183424  0.000  0.000    0.534    0.632    0    0  (Gen:  0)
  1037696    483472 112430296  0.000  0.000    0.535    0.633    0    0  (Gen:  0)
  1038160    477568 112678840  0.000  0.000    0.536    0.634    0    0  (Gen:  0)
  1038432    492240 112925824  0.000  0.000    0.537    0.635    0    0  (Gen:  0)
  1038800    484360 113173184  0.000  0.000    0.537    0.635    0    0  (Gen:  0)
  1038208    478672 113421736  0.000  0.000    0.538    0.636    0    0  (Gen:  0)
  1038136    493504 113669104  0.000  0.000    0.539    0.637    0    0  (Gen:  0)
  1038128    484872 113915512  0.000  0.000    0.540    0.638    0    0  (Gen:  0)
  1038872    479512 114164936  0.000  0.000    0.541    0.639    0    0  (Gen:  0)
  1038464    493952 114411720  0.000  0.000    0.541    0.639    0    0  (Gen:  0)
  1038200    485568 114658512  0.000  0.000    0.542    0.640    0    0  (Gen:  0)
  1038120    479344 114907176  0.000  0.000    0.543    0.641    0    0  (Gen:  0)
  1038416    494384 115154240  0.000  0.000    0.544    0.642    0    0  (Gen:  0)
  1038880    485928 115401144  0.000  0.000    0.545    0.643    0    0  (Gen:  0)
  1038064    479504 115649704  0.000  0.000    0.545    0.643    0    0  (Gen:  0)
  1038272    494760 115896968  0.000  0.000    0.546    0.644    0    0  (Gen:  0)
  1038088    486960 116144536  0.000  0.000    0.547    0.645    0    0  (Gen:  0)
  1038896    480392 116392456  0.000  0.000    0.548    0.646    0    0  (Gen:  0)
  1038416    495936 116640136  0.000  0.000    0.549    0.647    0    0  (Gen:  0)
  1333184    487080 116919272  0.000  0.000    0.549    0.648    0    0  (Gen:  0)
  1169136    480880 117168208  0.000  0.000    0.550    0.648    0    0  (Gen:  0)
  1038240    496216 117415504  0.000  0.000    0.551    0.649    0    0  (Gen:  0)
  1039064    495528 117743904  0.000  0.000    0.552    0.650    0    0  (Gen:  0)
  1037672    562392 118072920  0.000  0.000    0.553    0.651    0    0  (Gen:  0)
  1038688    554712 118402224  0.000  0.000    0.554    0.652    0    0  (Gen:  0)
  1037992    569576 118730432  0.000  0.000    0.554    0.652    0    0  (Gen:  0)
  1038696    563256 119060312  0.000  0.000    0.555    0.653    0    0  (Gen:  0)
  1038632    556448 119390112  0.000  0.000    0.556    0.654    0    0  (Gen:  0)
  1037760    570120 119717096  0.001  0.001    0.557    0.655    0    0  (Gen:  0)
  1038632    563664 120046896  0.000  0.000    0.558    0.656    0    0  (Gen:  0)
  1038296    556848 120376600  0.000  0.000    0.559    0.657    0    0  (Gen:  0)
  1038968    570680 120703856  0.000  0.001    0.559    0.658    0    0  (Gen:  0)
  1037696    564416 121033544  0.001  0.001    0.560    0.658    0    0  (Gen:  0)
  1038752    558216 121364040  0.000  0.000    0.561    0.659    0    0  (Gen:  0)
  1037864    570440 121690312  0.001  0.001    0.562    0.660    0    0  (Gen:  0)
  1038776    564704 122019968  0.000  0.000    0.563    0.661    0    0  (Gen:  0)
  1038152    559480 122351040  0.001  0.001    0.564    0.662    0    0  (Gen:  0)
  1038208    571808 122677872  0.000  0.000    0.564    0.663    0    0  (Gen:  0)
  1038136    564192 123006288  0.000  0.000    0.565    0.663    0    0  (Gen:  0)
  1038872    558720 123336600  0.001  0.001    0.566    0.664    0    0  (Gen:  0)
  1038920    572392 123664072  0.000  0.000    0.567    0.665    0    0  (Gen:  0)
  1037736    564936 123993072  0.000  0.000    0.568    0.666    0    0  (Gen:  0)
  1038104    558648 124322992  0.000  0.000    0.569    0.667    0    0  (Gen:  0)
  1038424    573560 124651512  0.000  0.000    0.569    0.668    0    0  (Gen:  0)
  1038824    565640 124980200  0.000  0.000    0.570    0.669    0    0  (Gen:  0)
  1038184    559936 125310296  0.001  0.001    0.571    0.669    0    0  (Gen:  0)
  1038152    573432 125637816  0.001  0.001    0.572    0.670    0    0  (Gen:  0)
  1038184    566056 125966632  0.001  0.001    0.573    0.671    0    0  (Gen:  0)
  1038832    560744 126296904  0.001  0.001    0.574    0.672    0    0  (Gen:  0)
  1038432    575008 126625568  0.001  0.001    0.575    0.673    0    0  (Gen:  0)
  1038216    566792 126953504  0.001  0.001    0.576    0.674    0    0  (Gen:  0)
  1038136    560816 127283672  0.001  0.001    0.576    0.675    0    0  (Gen:  0)
  1038400    574800 127611384  0.001  0.001    0.577    0.676    0    0  (Gen:  0)
  1038896    567424 127940112  0.000  0.000    0.578    0.676    0    0  (Gen:  0)
  1038072    560456 128269736  0.001  0.001    0.579    0.677    0    0  (Gen:  0)
  1038240    575984 128598584  0.001  0.001    0.580    0.678    0    0  (Gen:  0)
  1038104    567480 128926912  0.000  0.000    0.581    0.679    0    0  (Gen:  0)
  1038880    561440 129256888  0.000  0.000    0.582    0.680    0    0  (Gen:  0)
  1038440    576408 129585264  0.001  0.001    0.582    0.681    0    0  (Gen:  0)
  1038240    567856 129913264  0.001  0.001    0.583    0.682    0    0  (Gen:  0)
  1038080    561944 130243280  0.001  0.001    0.584    0.682    0    0  (Gen:  0)
  1038224    577488 130572600  0.001  0.001    0.585    0.683    0    0  (Gen:  0)
  1039104    568608 130900040  0.000  0.000    0.586    0.684    0    0  (Gen:  0)
  1037664    562624 131230264  0.001  0.001    0.587    0.686    0    0  (Gen:  0)
  1038656    577192 131558608  0.001  0.001    0.589    0.687    0    0  (Gen:  0)
  1038032    569824 131887272  0.001  0.001    0.590    0.689    0    0  (Gen:  0)
  1038952    562584 132216560  0.001  0.001    0.591    0.690    0    0  (Gen:  0)
  1038368    555384 132545944  0.001  0.001    0.592    0.691    0    0  (Gen:  0)
  1037768    569848 132874088  0.001  0.001    0.594    0.692    0    0  (Gen:  0)
  1038608    563176 133203104  0.001  0.001    0.595    0.693    0    0  (Gen:  0)
  1038296    556920 133533496  0.001  0.001    0.596    0.694    0    0  (Gen:  0)
  1039024    570744 133860824  0.001  0.001    0.597    0.696    0    0  (Gen:  0)
  1037640    564264 134190488  0.001  0.001    0.598    0.697    0    0  (Gen:  0)
  1038744    557168 134519976  0.001  0.001    0.599    0.698    0    0  (Gen:  0)
  1037856    570800 134847152  0.001  0.001    0.600    0.699    0    0  (Gen:  0)
  1038808    564312 135176336  0.001  0.001    0.601    0.700    0    0  (Gen:  0)
  1038168    558632 135507336  0.001  0.001    0.602    0.700    0    0  (Gen:  0)
  1038200    570608 135833680  0.001  0.001    0.603    0.701    0    0  (Gen:  0)
  1038112    564456 136163160  0.001  0.001    0.604    0.702    0    0  (Gen:  0)
  1038856    559256 136493896  0.001  0.001    0.604    0.703    0    0  (Gen:  0)
  1038920    572792 136821576  0.001  0.001    0.605    0.704    0    0  (Gen:  0)
  1037744    564832 137150192  0.001  0.001    0.606    0.705    0    0  (Gen:  0)
  1038120    558968 137480184  0.000  0.000    0.607    0.706    0    0  (Gen:  0)
  1038448    572336 137807408  0.000  0.000    0.608    0.706    0    0  (Gen:  0)
  1038824    564784 138136208  0.001  0.001    0.609    0.707    0    0  (Gen:  0)
  1038144    558968 138466344  0.001  0.001    0.610    0.708    0    0  (Gen:  0)
  1038184    572912 138794248  0.000  0.000    0.610    0.709    0    0  (Gen:  0)
  1038152    566176 139123888  0.001  0.001    0.611    0.710    0    0  (Gen:  0)
  1038872    560312 139453376  0.001  0.001    0.612    0.711    0    0  (Gen:  0)
  1038400    574504 139781720  0.001  0.001    0.613    0.712    0    0  (Gen:  0)
  1038224    565872 140109504  0.001  0.001    0.614    0.713    0    0  (Gen:  0)
  1038136    560856 140440392  0.001  0.001    0.615    0.713    0    0  (Gen:  0)
  1038408    575056 140768792  0.001  0.001    0.616    0.714    0    0  (Gen:  0)
  1038864    566720 141096480  0.001  0.001    0.616    0.715    0    0  (Gen:  0)
  1038160    561216 141427184  0.000  0.000    0.617    0.716    0    0  (Gen:  0)
  1136464    575128 141754640  0.001  0.001    0.618    0.717    0    0  (Gen:  0)
  1300248    567096 142115856  0.001  0.001    0.619    0.718    0    0  (Gen:  0)
  1104448    560744 142445792  0.001  0.001    0.620    0.719    0    0  (Gen:  0)
  1038448    575904 142774408  0.001  0.001    0.621    0.720    0    0  (Gen:  0)
  1038192    567944 143103264  0.000  0.000    0.622    0.720    0    0  (Gen:  0)
  1038128    561400 143432512  0.001  0.001    0.623    0.721    0    0  (Gen:  0)
  1038200    576696 143761368  0.001  0.001    0.623    0.722    0    0  (Gen:  0)
  1039120    568096 144089168  0.000  0.000    0.624    0.723    0    0  (Gen:  0)
  1037664    562288 144419560  0.001  0.001    0.625    0.724    0    0  (Gen:  0)
  1038656    577512 144748568  0.001  0.001    0.626    0.725    0    0  (Gen:  0)
  1038008    568224 145075536  0.001  0.001    0.627    0.726    0    0  (Gen:  0)
  1038952    562240 145405792  0.001  0.001    0.628    0.726    0    0  (Gen:  0)
  1038384    555672 145734808  0.000  0.000    0.628    0.727    0    0  (Gen:  0)
  1037784    569520 146063264  0.000  0.000    0.629    0.728    0    0  (Gen:  0)
  1038560    562800 146392792  0.000  0.000    0.630    0.729    0    0  (Gen:  0)
  1038312    555936 146722448  0.000  0.000    0.631    0.730    0    0  (Gen:  0)
  1039048    570224 147050184  0.000  0.000    0.632    0.731    0    0  (Gen:  0)
  1037672    563304 147379416  0.001  0.001    0.633    0.732    0    0  (Gen:  0)
  1038680    556544 147709280  0.000  0.000    0.633    0.732    0    0  (Gen:  0)
  1037896    570544 148036568  0.000  0.001    0.634    0.733    0    0  (Gen:  0)
  1038792    564408 148366304  0.000  0.001    0.635    0.734    0    0  (Gen:  0)
  1038168    557688 148696456  0.001  0.001    0.636    0.735    0    0  (Gen:  0)
  1038216    571136 149023752  0.001  0.001    0.637    0.736    0    0  (Gen:  0)
  1038616    564072 149352496  0.000  0.000    0.638    0.737    0    0  (Gen:  0)
  1038320    559408 149683952  0.001  0.001    0.639    0.738    0    0  (Gen:  0)
  1038912    571656 150010688  0.001  0.001    0.640    0.738    0    0  (Gen:  0)
  1037760    564096 150338976  0.001  0.001    0.640    0.739    0    0  (Gen:  0)
  1038104    558896 150669680  0.000  0.000    0.641    0.740    0    0  (Gen:  0)
  1038464    572328 150996976  0.000  0.001    0.642    0.741    0    0  (Gen:  0)
  1038816    565504 151326664  0.000  0.000    0.643    0.742    0    0  (Gen:  0)
  1038128    559192 151656248  0.001  0.001    0.644    0.743    0    0  (Gen:  0)
  1038200    573088 151984120  0.000  0.000    0.645    0.744    0    0  (Gen:  0)
  1038152    565144 152312544  0.001  0.001    0.645    0.744    0    0  (Gen:  0)
  1038856    559752 152642992  0.001  0.001    0.646    0.745    0    0  (Gen:  0)
  1038400    573296 152970600  0.000  0.000    0.647    0.746    0    0  (Gen:  0)
  1038248    566016 153299488  0.000  0.000    0.648    0.747    0    0  (Gen:  0)
  1038152    560088 153629280  0.001  0.001    0.649    0.748    0    0  (Gen:  0)
  1038384    574560 153957968  0.001  0.001    0.650    0.749    0    0  (Gen:  0)
  1038848    566784 154286216  0.000  0.000    0.651    0.750    0    0  (Gen:  0)
  1038176    561360 154616944  0.001  0.001    0.651    0.750    0    0  (Gen:  0)
  1038160    575000 154944728  0.001  0.001    0.652    0.751    0    0  (Gen:  0)
  1038104    567064 155272792  0.000  0.000    0.653    0.752    0    0  (Gen:  0)
  1038912    560944 155603144  0.001  0.001    0.654    0.753    0    0  (Gen:  0)
  1038472    575928 155931472  0.001  0.001    0.655    0.754    0    0  (Gen:  0)
  1038160    567168 156259536  0.001  0.001    0.656    0.755    0    0  (Gen:  0)
  1038120    561112 156589488  0.001  0.001    0.657    0.756    0    0  (Gen:  0)
  1038232    576160 156917936  0.001  0.001    0.657    0.757    0    0  (Gen:  0)
  1039088    568264 157246560  0.001  0.001    0.658    0.757    0    0  (Gen:  0)
  1037712    561608 157575840  0.001  0.001    0.659    0.758    0    0  (Gen:  0)
  1038608    577328 157905368  0.001  0.001    0.660    0.759    0    0  (Gen:  0)
  1038096    568328 158232656  0.001  0.001    0.661    0.760    0    0  (Gen:  0)
  1038880    562928 158563392  0.001  0.001    0.662    0.761    0    0  (Gen:  0)
  1038368    577264 158891600  0.001  0.001    0.663    0.762    0    0  (Gen:  0)
  1037824    569312 159220000  0.001  0.001    0.663    0.763    0    0  (Gen:  0)
  1038544    562272 159549032  0.001  0.001    0.664    0.763    0    0  (Gen:  0)
  1038288    555032 159878568  0.000  0.000    0.665    0.764    0    0  (Gen:  0)
  1039056    570216 160207272  0.001  0.001    0.666    0.765    0    0  (Gen:  0)
  1037704    562664 160535824  0.000  0.000    0.667    0.766    0    0  (Gen:  0)
  1038640    556720 160866432  0.001  0.001    0.668    0.767    0    0  (Gen:  0)
  1037968    570176 161193160  0.000  0.000    0.669    0.768    0    0  (Gen:  0)
  1038744    564128 161523336  0.001  0.001    0.669    0.769    0    0  (Gen:  0)
  1038168    557136 161853008  0.001  0.001    0.670    0.770    0    0  (Gen:  0)
  1038216    570624 162179984  0.000  0.000    0.671    0.770    0    0  (Gen:  0)
  1038632    564688 162509856  0.000  0.000    0.672    0.771    0    0  (Gen:  0)
  1038320    558472 162840480  0.001  0.001    0.673    0.772    0    0  (Gen:  0)
  1038872    570880 163167096  0.000  0.000    0.674    0.773    0    0  (Gen:  0)
  1037784    564440 163496312  0.000  0.000    0.675    0.774    0    0  (Gen:  0)
  1038752    559200 163827184  0.001  0.001    0.675    0.775    0    0  (Gen:  0)
  1037880    572072 164154272  0.001  0.001    0.676    0.776    0    0  (Gen:  0)
  1038760    564656 164482984  0.001  0.001    0.677    0.776    0    0  (Gen:  0)
  1038128    559016 164813048  0.001  0.001    0.678    0.777    0    0  (Gen:  0)
  1038208    571968 165140232  0.001  0.001    0.679    0.778    0    0  (Gen:  0)
  1038144    565280 165469464  0.001  0.001    0.680    0.779    0    0  (Gen:  0)
  1038840    558920 165799240  0.001  0.001    0.681    0.780    0    0  (Gen:  0)
  1038408    573624 166128024  0.001  0.001    0.682    0.781    0    0  (Gen:  0)
  1038232    565648 166456544  0.001  0.001    0.683    0.782    0    0  (Gen:  0)
  1038168    560272 166786776  0.001  0.001    0.683    0.783    0    0  (Gen:  0)
  1235000    573776 167114424  0.001  0.001    0.684    0.784    0    0  (Gen:  0)
  1235448    566248 167475696  0.001  0.001    0.685    0.785    0    0  (Gen:  0)
  1070936    560776 167806112  0.001  0.001    0.686    0.786    0    0  (Gen:  0)
  1038144    495704 168134680  0.000  0.000    0.687    0.786    0    0  (Gen:  0)
  1038152    495048 168462624  0.000  0.000    0.688    0.787    0    0  (Gen:  0)
  1038864    561264 168793144  0.001  0.001    0.689    0.788    0    0  (Gen:  0)
  1038480    574784 169120480  0.000  0.000    0.689    0.789    0    0  (Gen:  0)
  1038192    567232 169449112  0.001  0.001    0.690    0.790    0    0  (Gen:  0)
  1038104    560240 169778528  0.000  0.000    0.691    0.791    0    0  (Gen:  0)
  1038216    576128 170107800  0.001  0.001    0.692    0.792    0    0  (Gen:  0)
  1039200    568032 170436496  0.000  0.000    0.693    0.792    0    0  (Gen:  0)
  1037728    561736 170766200  0.000  0.000    0.694    0.793    0    0  (Gen:  0)
  1038616    576456 171094560  0.001  0.001    0.695    0.794    0    0  (Gen:  0)
  1038056    567976 171422400  0.001  0.001    0.696    0.795    0    0  (Gen:  0)
  1038888    562408 171752912  0.001  0.001    0.697    0.797    0    0  (Gen:  0)
  1038440    577520 172081960  0.001  0.001    0.699    0.798    0    0  (Gen:  0)
  1037768    568560 172409248  0.001  0.001    0.700    0.800    0    0  (Gen:  0)
  1038552    562336 172739400  0.001  0.001    0.701    0.801    0    0  (Gen:  0)
  1038272    555024 173067632  0.001  0.001    0.702    0.802    0    0  (Gen:  0)
  1039064    570016 173396864  0.001  0.001    0.703    0.803    0    0  (Gen:  0)
  1037672    562760 173725920  0.001  0.001    0.704    0.804    0    0  (Gen:  0)
  1038688    555592 174055544  0.001  0.001    0.706    0.805    0    0  (Gen:  0)
  1037968    570224 174383600  0.001  0.001    0.707    0.806    0    0  (Gen:  0)
  1038720    562960 174712536  0.001  0.001    0.707    0.807    0    0  (Gen:  0)
  1038160    557144 175043072  0.001  0.001    0.708    0.808    0    0  (Gen:  0)
  1038208    570584 175369984  0.001  0.001    0.709    0.809    0    0  (Gen:  0)
  1038632    564672 175700000  0.000  0.000    0.710    0.810    0    0  (Gen:  0)
  1038312    557368 176029576  0.000  0.000    0.711    0.811    0    0  (Gen:  0)
  1038952    571280 176357088  0.001  0.001    0.712    0.812    0    0  (Gen:  0)
  1037720    563760 176685424  0.000  0.000    0.713    0.813    0    0  (Gen:  0)
  1038736    559160 177017200  0.001  0.001    0.714    0.814    0    0  (Gen:  0)
  1037880    571008 177343384  0.000  0.000    0.715    0.814    0    0  (Gen:  0)
  1038760    564192 177672448  0.001  0.001    0.716    0.816    0    0  (Gen:  0)
  1038168    559144 178003120  0.001  0.001    0.717    0.817    0    0  (Gen:  0)
  1038184    572480 178330616  0.001  0.001    0.719    0.819    0    0  (Gen:  0)
  1038152    564888 178659584  0.001  0.001    0.720    0.820    0    0  (Gen:  0)
  1038832    559088 178989528  0.001  0.001    0.721    0.821    0    0  (Gen:  0)
  1038944    573312 179317512  0.001  0.001    0.722    0.822    0    0  (Gen:  0)
  1037696    564808 179645752  0.001  0.001    0.723    0.823    0    0  (Gen:  0)
  1038160    559168 179975928  0.001  0.001    0.725    0.825    0    0  (Gen:  0)
  1038432    573224 180303920  0.001  0.001    0.726    0.826    0    0  (Gen:  0)
  1038800    565824 180632736  0.001  0.001    0.727    0.827    0    0  (Gen:  0)
  1038208    560256 180962864  0.001  0.001    0.728    0.828    0    0  (Gen:  0)
  1038136    574576 181291304  0.001  0.001    0.729    0.829    0    0  (Gen:  0)
  1038128    566064 181618936  0.001  0.001    0.730    0.830    0    0  (Gen:  0)
  1038872    561304 181950184  0.001  0.001    0.730    0.830    0    0  (Gen:  0)
  1038464    574816 182277856  0.001  0.001    0.731    0.831    0    0  (Gen:  0)
  1038200    566952 182606032  0.001  0.001    0.732    0.832    0    0  (Gen:  0)
  1038120    560800 182936184  0.001  0.001    0.733    0.833    0    0  (Gen:  0)
  1038416    575416 183264304  0.001  0.001    0.734    0.834    0    0  (Gen:  0)
  1038880    567384 183592664  0.001  0.001    0.735    0.835    0    0  (Gen:  0)
  1038064    560888 183922640  0.001  0.001    0.736    0.836    0    0  (Gen:  0)
  1038272    575952 184251128  0.001  0.001    0.736    0.837    0    0  (Gen:  0)
  1038088    568304 184580064  0.000  0.000    0.737    0.837    0    0  (Gen:  0)
  1038896    561872 184909464  0.001  0.001    0.738    0.838    0    0  (Gen:  0)
  1038416    577224 185238464  0.001  0.001    0.739    0.839    0    0  (Gen:  0)
  1038272    568176 185565960  0.000  0.000    0.740    0.840    0    0  (Gen:  0)
  1038064    562448 185896472  0.001  0.001    0.741    0.841    0    0  (Gen:  0)
  1038240    577368 186224944  0.001  0.001    0.742    0.842    0    0  (Gen:  0)
  1039064    569472 186553312  0.001  0.001    0.743    0.843    0    0  (Gen:  0)
  1037672    562392 186882328  0.001  0.001    0.744    0.844    0    0  (Gen:  0)
  1038688    554712 187211632  0.001  0.001    0.744    0.845    0    0  (Gen:  0)
  1037992    569576 187539840  0.001  0.001    0.745    0.845    0    0  (Gen:  0)
  1038696    563256 187869720  0.001  0.001    0.746    0.846    0    0  (Gen:  0)
  1038632    556448 188199520  0.001  0.001    0.747    0.847    0    0  (Gen:  0)
  1037760    570120 188526504  0.001  0.001    0.748    0.848    0    0  (Gen:  0)
  1038632    563664 188856304  0.001  0.001    0.749    0.849    0    0  (Gen:  0)
  1038296    556848 189186008  0.000  0.000    0.750    0.850    0    0  (Gen:  0)
  1038968    570680 189513264  0.001  0.001    0.750    0.851    0    0  (Gen:  0)
  1037696    564416 189842952  0.000  0.000    0.751    0.851    0    0  (Gen:  0)
  1038752    558216 190173448  0.001  0.001    0.752    0.852    0    0  (Gen:  0)
  1037864    570440 190499720  0.001  0.001    0.753    0.853    0    0  (Gen:  0)
  1038776    564704 190829376  0.000  0.000    0.754    0.854    0    0  (Gen:  0)
  1038152    559480 191160448  0.001  0.001    0.755    0.855    0    0  (Gen:  0)
  1038208    571808 191487280  0.000  0.000    0.756    0.856    0    0  (Gen:  0)
  1038136    564192 191815696  0.000  0.000    0.756    0.857    0    0  (Gen:  0)
  1104408    558720 192146008  0.001  0.001    0.757    0.858    0    0  (Gen:  0)
  1301064    572392 192473480  0.001  0.001    0.758    0.858    0    0  (Gen:  0)
  1136040    564944 192835248  0.001  0.001    0.759    0.859    0    0  (Gen:  0)
  1038104    558648 193165168  0.001  0.001    0.760    0.860    0    0  (Gen:  0)
  1038424    573560 193493688  0.001  0.001    0.761    0.861    0    0  (Gen:  0)
  1038824    565640 193822376  0.001  0.001    0.762    0.862    0    0  (Gen:  0)
  1038184    559936 194152472  0.000  0.000    0.762    0.863    0    0  (Gen:  0)
  1038152    573432 194479992  0.000  0.000    0.763    0.864    0    0  (Gen:  0)
  1038184    566056 194808808  0.000  0.000    0.764    0.864    0    0  (Gen:  0)
  1038832    560744 195139080  0.001  0.001    0.765    0.865    0    0  (Gen:  0)
  1038432    575008 195467744  0.001  0.001    0.766    0.866    0    0  (Gen:  0)
  1038216    566792 195795680  0.000  0.000    0.767    0.867    0    0  (Gen:  0)
  1038136    560816 196125848  0.001  0.001    0.768    0.868    0    0  (Gen:  0)
  1038400    574800 196453560  0.000  0.000    0.768    0.869    0    0  (Gen:  0)
  1038896    567424 196782288  0.000  0.000    0.769    0.870    0    0  (Gen:  0)
  1038072    560456 197111912  0.000  0.001    0.770    0.870    0    0  (Gen:  0)
  1038240    575984 197440760  0.001  0.001    0.771    0.871    0    0  (Gen:  0)
  1038104    567480 197769088  0.001  0.001    0.772    0.872    0    0  (Gen:  0)
  1038880    561440 198099064  0.001  0.001    0.773    0.873    0    0  (Gen:  0)
  1038440    576408 198427440  0.001  0.001    0.773    0.874    0    0  (Gen:  0)
  1038240    567856 198755440  0.001  0.001    0.774    0.875    0    0  (Gen:  0)
  1038080    561944 199085456  0.001  0.001    0.775    0.876    0    0  (Gen:  0)
  1038224    577488 199414776  0.001  0.001    0.776    0.877    0    0  (Gen:  0)
  1039104    568608 199742216  0.000  0.000    0.777    0.877    0    0  (Gen:  0)
  1037664    562624 200072440  0.001  0.001    0.778    0.878    0    0  (Gen:  0)
  1038656    577192 200400784  0.001  0.001    0.779    0.879    0    0  (Gen:  0)
  1038032    569824 200729448  0.000  0.000    0.779    0.880    0    0  (Gen:  0)
  1038952    562584 201058736  0.000  0.000    0.780    0.881    0    0  (Gen:  0)
  1038368    555384 201388120  0.000  0.001    0.781    0.882    0    0  (Gen:  0)
  1037768    569848 201716264  0.000  0.001    0.782    0.883    0    0  (Gen:  0)
  1038608    563176 202045280  0.001  0.001    0.783    0.883    0    0  (Gen:  0)
  1038296    556920 202375672  0.000  0.000    0.784    0.884    0    0  (Gen:  0)
  1039024    570744 202703000  0.000  0.000    0.785    0.885    0    0  (Gen:  0)
  1037640    564264 203032664  0.001  0.001    0.785    0.886    0    0  (Gen:  0)
  1038744    557168 203362152  0.000  0.000    0.786    0.887    0    0  (Gen:  0)
  1037856    570800 203689328  0.001  0.001    0.787    0.888    0    0  (Gen:  0)
  1038808    564312 204018512  0.001  0.001    0.788    0.889    0    0  (Gen:  0)
  1038168    558632 204349512  0.001  0.001    0.789    0.889    0    0  (Gen:  0)
  1038200    570608 204675856  0.001  0.001    0.790    0.890    0    0  (Gen:  0)
  1038112    564456 205005336  0.001  0.001    0.791    0.891    0    0  (Gen:  0)
  1038856    559256 205336072  0.001  0.001    0.792    0.892    0    0  (Gen:  0)
  1038920    572792 205663752  0.001  0.001    0.792    0.893    0    0  (Gen:  0)
  1037744    564832 205992368  0.000  0.000    0.793    0.894    0    0  (Gen:  0)
  1038120    558968 206322360  0.001  0.001    0.794    0.895    0    0  (Gen:  0)
  1038448    572336 206649584  0.000  0.000    0.795    0.896    0    0  (Gen:  0)
  1038824    564784 206978384  0.001  0.001    0.796    0.896    0    0  (Gen:  0)
  1038144    558968 207308520  0.001  0.001    0.797    0.897    0    0  (Gen:  0)
  1038184    572912 207636424  0.000  0.000    0.797    0.898    0    0  (Gen:  0)
  1038152    566176 207966064  0.001  0.001    0.798    0.899    0    0  (Gen:  0)
  1038872    560312 208295552  0.001  0.001    0.799    0.900    0    0  (Gen:  0)
  1038400    574504 208623896  0.001  0.001    0.800    0.901    0    0  (Gen:  0)
  1038224    565872 208951680  0.001  0.001    0.801    0.902    0    0  (Gen:  0)
  1038136    560856 209282568  0.001  0.001    0.802    0.902    0    0  (Gen:  0)
  1038408 186542360 186837248  0.184  0.236    0.986    1.139    0    0  (Gen:  1)
  1038864    485376 187083568  0.000  0.000    0.987    1.140    0    0  (Gen:  0)
  1038160    479688 187332744  0.000  0.000    0.988    1.141    0    0  (Gen:  0)
  1038160    494176 187579216  0.000  0.000    0.988    1.141    0    0  (Gen:  0)
  1038104    485776 187826320  0.000  0.000    0.989    1.142    0    0  (Gen:  0)
  1038912    479208 188074696  0.000  0.000    0.990    1.143    0    0  (Gen:  0)
  1038448    494704 188322088  0.000  0.000    0.991    1.144    0    0  (Gen:  0)
  1038192    486624 188569632  0.000  0.000    0.992    1.145    0    0  (Gen:  0)
  1038128    479968 188817448  0.000  0.000    0.992    1.145    0    0  (Gen:  0)
  1038200    495408 189064984  0.000  0.000    0.993    1.146    0    0  (Gen:  0)
  1039120    486944 189311608  0.000  0.000    0.994    1.147    0    0  (Gen:  0)
  1037664    480680 189560400  0.000  0.000    0.995    1.148    0    0  (Gen:  0)
  1038656    496320 189808216  0.000  0.001    0.996    1.149    0    0  (Gen:  0)
  1038008    487200 190054128  0.000  0.001    0.996    1.150    0    0  (Gen:  0)
  1038952    480688 190302800  0.000  0.000    0.997    1.150    0    0  (Gen:  0)
  1038384    474408 190550520  0.000  0.000    0.998    1.151    0    0  (Gen:  0)
  1037784    488496 190797920  0.000  0.000    0.999    1.152    0    0  (Gen:  0)
  1038560    481056 191045672  0.000  0.000    1.000    1.153    0    0  (Gen:  0)
  1038312    474520 191293888  0.000  0.000    1.000    1.154    0    0  (Gen:  0)
  1039048    489416 191540816  0.000  0.000    1.001    1.154    0    0  (Gen:  0)
  1037672    481528 191788248  0.000  0.000    1.002    1.155    0    0  (Gen:  0)
  1038680    475088 192036656  0.000  0.000    1.003    1.156    0    0  (Gen:  0)
  1037896    489904 192283272  0.000  0.000    1.004    1.157    0    0  (Gen:  0)
  1038792    482592 192531160  0.000  0.000    1.004    1.158    0    0  (Gen:  0)
  1202008    476048 192812400  0.000  0.000    1.005    1.158    0    0  (Gen:  0)
  1234824    490448 193026208  0.000  0.000    1.006    1.159    0    0  (Gen:  0)
  1104152    482632 193306256  0.000  0.000    1.007    1.160    0    0  (Gen:  0)
  1038320    497880 193637744  0.000  0.000    1.008    1.161    0    0  (Gen:  0)
  1038912    494640 193964528  0.000  0.000    1.008    1.162    0    0  (Gen:  0)
  1037760    564096 194292816  0.000  0.000    1.009    1.163    0    0  (Gen:  0)
  1038104    558896 194623520  0.000  0.000    1.010    1.163    0    0  (Gen:  0)
  1038464    572328 194950816  0.000  0.000    1.011    1.164    0    0  (Gen:  0)
  1038816    565504 195280504  0.000  0.000    1.012    1.165    0    0  (Gen:  0)
  1038128    559192 195610088  0.001  0.001    1.013    1.166    0    0  (Gen:  0)
  1038200    573088 195937960  0.000  0.000    1.013    1.167    0    0  (Gen:  0)
  1038152    565144 196266384  0.000  0.000    1.014    1.168    0    0  (Gen:  0)
  1038856    559752 196596832  0.000  0.000    1.015    1.168    0    0  (Gen:  0)
  1038400    573296 196924440  0.001  0.001    1.016    1.169    0    0  (Gen:  0)
  1038248    566016 197253328  0.001  0.001    1.017    1.170    0    0  (Gen:  0)
  1038152    560088 197583120  0.000  0.000    1.018    1.171    0    0  (Gen:  0)
  1038384    574560 197911808  0.001  0.001    1.018    1.172    0    0  (Gen:  0)
  1038848    566784 198240056  0.000  0.000    1.019    1.173    0    0  (Gen:  0)
  1038176    561360 198570784  0.001  0.001    1.020    1.174    0    0  (Gen:  0)
  1038160    575000 198898568  0.001  0.001    1.021    1.174    0    0  (Gen:  0)
  1038104    567064 199226632  0.001  0.001    1.022    1.175    0    0  (Gen:  0)
  1038912    560944 199556984  0.000  0.000    1.023    1.176    0    0  (Gen:  0)
  1038472    575928 199885312  0.000  0.000    1.024    1.177    0    0  (Gen:  0)
  1038160    567168 200213376  0.001  0.001    1.024    1.178    0    0  (Gen:  0)
  1038120    561112 200543328  0.001  0.001    1.025    1.179    0    0  (Gen:  0)
  1038232    576160 200871776  0.001  0.001    1.026    1.180    0    0  (Gen:  0)
  1039088    568264 201200400  0.001  0.001    1.027    1.180    0    0  (Gen:  0)
  1037712    561608 201529680  0.001  0.001    1.028    1.181    0    0  (Gen:  0)
  1038608    577328 201859208  0.000  0.000    1.029    1.182    0    0  (Gen:  0)
  1038096    568328 202186496  0.001  0.001    1.030    1.183    0    0  (Gen:  0)
  1038880    562928 202517232  0.001  0.001    1.030    1.184    0    0  (Gen:  0)
  1038368    577264 202845440  0.001  0.001    1.031    1.185    0    0  (Gen:  0)
  1037824    569312 203173840  0.001  0.001    1.032    1.186    0    0  (Gen:  0)
  1038544    562272 203502872  0.001  0.001    1.033    1.187    0    0  (Gen:  0)
  1038288    555032 203832408  0.001  0.001    1.034    1.188    0    0  (Gen:  0)
  1039056    570216 204161112  0.001  0.001    1.035    1.188    0    0  (Gen:  0)
  1037704    562664 204489664  0.001  0.001    1.036    1.189    0    0  (Gen:  0)
  1038640    556720 204820272  0.000  0.000    1.037    1.190    0    0  (Gen:  0)
  1037968    570176 205147000  0.000  0.001    1.038    1.191    0    0  (Gen:  0)
  1038744    564128 205477176  0.000  0.000    1.038    1.192    0    0  (Gen:  0)
  1038168    557136 205806848  0.000  0.000    1.039    1.193    0    0  (Gen:  0)
  1038216    570624 206133824  0.001  0.001    1.040    1.194    0    0  (Gen:  0)
  1038632    564688 206463696  0.001  0.001    1.041    1.194    0    0  (Gen:  0)
  1038320    558472 206794320  0.001  0.001    1.042    1.195    0    0  (Gen:  0)
  1038872    570880 207120936  0.001  0.001    1.043    1.196    0    0  (Gen:  0)
  1037784    564440 207450152  0.001  0.001    1.044    1.197    0    0  (Gen:  0)
  1038752    559200 207781024  0.001  0.001    1.045    1.198    0    0  (Gen:  0)
  1037880    572072 208108112  0.001  0.001    1.045    1.199    0    0  (Gen:  0)
  1038760    564656 208436824  0.001  0.001    1.046    1.200    0    0  (Gen:  0)
  1038128    559016 208766888  0.001  0.001    1.047    1.201    0    0  (Gen:  0)
  1038208    571968 209094072  0.001  0.001    1.048    1.202    0    0  (Gen:  0)
  1038144    565280 209423304  0.001  0.001    1.049    1.203    0    0  (Gen:  0)
  1038840    558920 209753080  0.001  0.001    1.050    1.204    0    0  (Gen:  0)
  1038408    573624 210081864  0.001  0.001    1.051    1.204    0    0  (Gen:  0)
  1038232    565648 210410384  0.001  0.001    1.052    1.205    0    0  (Gen:  0)
  1038168    560272 210740616  0.001  0.001    1.053    1.206    0    0  (Gen:  0)
  1038392    573776 211068264  0.001  0.001    1.054    1.207    0    0  (Gen:  0)
  1038840    566240 211396768  0.001  0.001    1.054    1.208    0    0  (Gen:  0)
  1038168    560784 211727184  0.001  0.001    1.055    1.209    0    0  (Gen:  0)
  1038144    574888 212055720  0.001  0.001    1.056    1.210    0    0  (Gen:  0)
  1038152    566712 212383632  0.001  0.001    1.057    1.211    0    0  (Gen:  0)
  1038864    561264 212714152  0.001  0.001    1.058    1.212    0    0  (Gen:  0)
  1038480    574784 213041488  0.001  0.001    1.059    1.213    0    0  (Gen:  0)
  1038192    567232 213370120  0.001  0.001    1.060    1.214    0    0  (Gen:  0)
  1038104    560240 213699536  0.001  0.001    1.061    1.215    0    0  (Gen:  0)
  1038216    576128 214028808  0.001  0.001    1.062    1.215    0    0  (Gen:  0)
  1039104    567936 214357408  0.001  0.001    1.063    1.216    0    0  (Gen:  0)
  1037728    561736 214687112  0.001  0.001    1.063    1.217    0    0  (Gen:  0)
  1038616    576456 215015472  0.001  0.001    1.064    1.218    0    0  (Gen:  0)
  1038056    567976 215343312  0.001  0.001    1.065    1.219    0    0  (Gen:  0)
  1038888    562408 215673824  0.001  0.001    1.066    1.220    0    0  (Gen:  0)
  1038440    577520 216002872  0.001  0.001    1.067    1.221    0    0  (Gen:  0)
  1037768    568560 216330160  0.001  0.001    1.068    1.222    0    0  (Gen:  0)
  1038552    562336 216660312  0.001  0.001    1.069    1.222    0    0  (Gen:  0)
  1038272    555024 216988544  0.001  0.001    1.069    1.223    0    0  (Gen:  0)
  1039064    570016 217317776  0.001  0.001    1.070    1.224    0    0  (Gen:  0)
  1070440    562760 217646832  0.000  0.000    1.071    1.225    0    0  (Gen:  0)
  1333600    555592 218009224  0.001  0.001    1.072    1.226    0    0  (Gen:  0)
  1136272    570208 218337312  0.000  0.000    1.073    1.227    0    0  (Gen:  0)
  1038720    562952 218666248  0.001  0.001    1.074    1.228    0    0  (Gen:  0)
  1038160    496616 218996816  0.000  0.000    1.075    1.229    0    0  (Gen:  0)
  1038208    570584 219323728  0.001  0.001    1.075    1.229    0    0  (Gen:  0)
  1038632    564672 219653744  0.001  0.001    1.076    1.230    0    0  (Gen:  0)
  1038312    557368 219983320  0.000  0.000    1.077    1.231    0    0  (Gen:  0)
  1038952    571280 220310832  0.000  0.000    1.078    1.232    0    0  (Gen:  0)
  1037720    563760 220639168  0.000  0.000    1.079    1.233    0    0  (Gen:  0)
  1038736    559160 220970944  0.000  0.000    1.080    1.234    0    0  (Gen:  0)
  1037880    571008 221297128  0.000  0.000    1.081    1.234    0    0  (Gen:  0)
  1038760    564192 221626192  0.000  0.000    1.081    1.235    0    0  (Gen:  0)
  1038168    559144 221956864  0.001  0.001    1.082    1.236    0    0  (Gen:  0)
  1038184    572480 222284360  0.001  0.001    1.083    1.237    0    0  (Gen:  0)
  1038152    564888 222613328  0.001  0.001    1.084    1.238    0    0  (Gen:  0)
  1038832    559088 222943272  0.001  0.001    1.085    1.239    0    0  (Gen:  0)
  1038944    573312 223271256  0.001  0.001    1.086    1.240    0    0  (Gen:  0)
  1037696    564808 223599496  0.000  0.000    1.087    1.241    0    0  (Gen:  0)
  1038160    559168 223929672  0.001  0.001    1.088    1.242    0    0  (Gen:  0)
  1038432    573224 224257664  0.001  0.001    1.089    1.243    0    0  (Gen:  0)
  1038800    565824 224586480  0.001  0.001    1.089    1.243    0    0  (Gen:  0)
  1038208    560256 224916608  0.001  0.001    1.090    1.244    0    0  (Gen:  0)
  1038136    574576 225245048  0.001  0.001    1.091    1.245    0    0  (Gen:  0)
  1038128    566064 225572680  0.001  0.001    1.092    1.246    0    0  (Gen:  0)
  1038872    561304 225903928  0.001  0.001    1.093    1.247    0    0  (Gen:  0)
  1038464    574816 226231600  0.001  0.001    1.094    1.248    0    0  (Gen:  0)
  1038200    566952 226559776  0.001  0.001    1.095    1.249    0    0  (Gen:  0)
  1038120    560800 226889928  0.001  0.001    1.095    1.250    0    0  (Gen:  0)
  1038416    575416 227218048  0.001  0.001    1.096    1.250    0    0  (Gen:  0)
  1038880    567384 227546408  0.000  0.000    1.097    1.251    0    0  (Gen:  0)
  1038064    560888 227876384  0.000  0.000    1.098    1.252    0    0  (Gen:  0)
  1038272    575952 228204872  0.001  0.001    1.099    1.253    0    0  (Gen:  0)
  1038088    568304 228533808  0.000  0.000    1.100    1.254    0    0  (Gen:  0)
  1038896    561872 228863208  0.001  0.001    1.101    1.255    0    0  (Gen:  0)
  1038416    577224 229192208  0.001  0.001    1.101    1.256    0    0  (Gen:  0)
  1038272    568176 229519704  0.000  0.000    1.102    1.256    0    0  (Gen:  0)
  1038064    562448 229850216  0.000  0.000    1.103    1.257    0    0  (Gen:  0)
  1038240    577368 230178688  0.001  0.001    1.104    1.258    0    0  (Gen:  0)
  1039064    569472 230507056  0.001  0.001    1.105    1.259    0    0  (Gen:  0)
  1037672    562392 230836072  0.001  0.001    1.106    1.260    0    0  (Gen:  0)
  1038688    554712 231165376  0.000  0.000    1.107    1.261    0    0  (Gen:  0)
  1037992    569576 231493584  0.000  0.000    1.107    1.262    0    0  (Gen:  0)
  1038696    563256 231823464  0.000  0.001    1.108    1.262    0    0  (Gen:  0)
  1038632    556448 232153264  0.001  0.001    1.109    1.263    0    0  (Gen:  0)
  1037760    570120 232480248  0.001  0.001    1.110    1.264    0    0  (Gen:  0)
  1038632    563664 232810048  0.001  0.001    1.111    1.265    0    0  (Gen:  0)
  1038296    556848 233139752  0.000  0.000    1.112    1.266    0    0  (Gen:  0)
  1038968    570680 233467008  0.000  0.000    1.113    1.267    0    0  (Gen:  0)
  1037696    564416 233796696  0.000  0.000    1.113    1.268    0    0  (Gen:  0)
  1038752    558216 234127192  0.001  0.001    1.114    1.269    0    0  (Gen:  0)
  1037864    570440 234453464  0.001  0.001    1.115    1.269    0    0  (Gen:  0)
  1038776    564704 234783120  0.000  0.000    1.116    1.270    0    0  (Gen:  0)
  1038248    559576 235114288  0.001  0.001    1.117    1.271    0    0  (Gen:  0)
  1038208    571808 235441120  0.001  0.001    1.118    1.272    0    0  (Gen:  0)
  1038136    564192 235769536  0.001  0.001    1.119    1.273    0    0  (Gen:  0)
  1038872    558720 236099848  0.001  0.001    1.119    1.274    0    0  (Gen:  0)
  1038920    572392 236427320  0.001  0.001    1.120    1.275    0    0  (Gen:  0)
  1037736    564936 236756320  0.001  0.001    1.121    1.275    0    0  (Gen:  0)
  1038104    558648 237086240  0.001  0.001    1.122    1.276    0    0  (Gen:  0)
  1038424    573560 237414760  0.001  0.001    1.123    1.277    0    0  (Gen:  0)
  1038824    565640 237743448  0.001  0.001    1.124    1.278    0    0  (Gen:  0)
  1038184    559936 238073544  0.001  0.001    1.125    1.279    0    0  (Gen:  0)
  1038152    573432 238401064  0.001  0.001    1.125    1.280    0    0  (Gen:  0)
  1038184    566056 238729880  0.000  0.000    1.126    1.281    0    0  (Gen:  0)
  1038832    560744 239060152  0.001  0.001    1.127    1.281    0    0  (Gen:  0)
  1038432    575008 239388816  0.001  0.001    1.128    1.282    0    0  (Gen:  0)
  1038216    566792 239716752  0.001  0.001    1.129    1.283    0    0  (Gen:  0)
  1038136    560816 240046920  0.001  0.001    1.130    1.284    0    0  (Gen:  0)
  1038400    574800 240374632  0.001  0.001    1.131    1.285    0    0  (Gen:  0)
  1038896    567424 240703360  0.001  0.001    1.131    1.286    0    0  (Gen:  0)
  1038072    560456 241032984  0.001  0.001    1.132    1.287    0    0  (Gen:  0)
  1038240    575984 241361832  0.001  0.001    1.133    1.288    0    0  (Gen:  0)
  1038104    567480 241690160  0.001  0.001    1.134    1.289    0    0  (Gen:  0)
  1038880    561440 242020136  0.001  0.001    1.135    1.290    0    0  (Gen:  0)
  1038440    576408 242348512  0.001  0.001    1.136    1.291    0    0  (Gen:  0)
  1038240    567856 242676512  0.001  0.001    1.137    1.291    0    0  (Gen:  0)
  1136384    561944 243006528  0.001  0.001    1.138    1.292    0    0  (Gen:  0)
  1300368    577488 243368616  0.001  0.001    1.139    1.293    0    0  (Gen:  0)
  1104640    568584 243696088  0.001  0.001    1.140    1.294    0    0  (Gen:  0)
  1037664    562600 244026344  0.001  0.001    1.141    1.295    0    0  (Gen:  0)
  1038656    577192 244354688  0.001  0.001    1.141    1.296    0    0  (Gen:  0)
  1038032    569824 244683352  0.000  0.000    1.142    1.297    0    0  (Gen:  0)
  1038952    562584 245012640  0.000  0.000    1.143    1.298    0    0  (Gen:  0)
  1038368    555384 245342024  0.000  0.000    1.144    1.298    0    0  (Gen:  0)
  1037768    569848 245670168  0.000  0.001    1.145    1.299    0    0  (Gen:  0)
  1038608    563176 245999184  0.000  0.000    1.146    1.300    0    0  (Gen:  0)
  1038296    556920 246329576  0.000  0.000    1.146    1.301    0    0  (Gen:  0)
  1039024    570744 246656904  0.000  0.000    1.147    1.302    0    0  (Gen:  0)
  1037640    564264 246986568  0.000  0.001    1.148    1.303    0    0  (Gen:  0)
  1038744    557168 247316056  0.000  0.000    1.149    1.304    0    0  (Gen:  0)
  1037856    570800 247643232  0.001  0.001    1.150    1.304    0    0  (Gen:  0)
  1038808    564312 247972416  0.000  0.000    1.151    1.305    0    0  (Gen:  0)
  1038168    558632 248303416  0.000  0.000    1.151    1.306    0    0  (Gen:  0)
  1038200    570608 248629760  0.000  0.000    1.152    1.307    0    0  (Gen:  0)
  1038112    564456 248959240  0.000  0.000    1.153    1.308    0    0  (Gen:  0)
  1038856    559256 249289976  0.000  0.000    1.154    1.309    0    0  (Gen:  0)
  1038920    572792 249617656  0.001  0.001    1.155    1.309    0    0  (Gen:  0)
  1037744    564832 249946272  0.000  0.000    1.156    1.310    0    0  (Gen:  0)
  1038120    558968 250276264  0.001  0.001    1.157    1.311    0    0  (Gen:  0)
  1038448    572336 250603488  0.000  0.000    1.157    1.312    0    0  (Gen:  0)
  1038824    564784 250932288  0.000  0.000    1.158    1.313    0    0  (Gen:  0)
  1038144    558968 251262424  0.000  0.000    1.159    1.314    0    0  (Gen:  0)
  1038184    572912 251590328  0.001  0.001    1.160    1.315    0    0  (Gen:  0)
  1038152    566176 251919968  0.000  0.000    1.161    1.315    0    0  (Gen:  0)
  1038872    560312 252249456  0.001  0.001    1.162    1.316    0    0  (Gen:  0)
  1038400    574504 252577800  0.001  0.001    1.162    1.317    0    0  (Gen:  0)
  1038224    565872 252905584  0.000  0.000    1.163    1.318    0    0  (Gen:  0)
  1038136    560856 253236472  0.001  0.001    1.164    1.319    0    0  (Gen:  0)
  1038408    575056 253564872  0.001  0.001    1.165    1.320    0    0  (Gen:  0)
  1038864    566720 253892560  0.000  0.000    1.166    1.321    0    0  (Gen:  0)
  1038160    561216 254223264  0.001  0.001    1.167    1.321    0    0  (Gen:  0)
  1038160    575128 254550720  0.001  0.001    1.168    1.322    0    0  (Gen:  0)
  1038104    567088 254879168  0.000  0.000    1.168    1.323    0    0  (Gen:  0)
  1038912    560736 255209104  0.001  0.001    1.169    1.324    0    0  (Gen:  0)
  1038448    575904 255537720  0.001  0.001    1.170    1.325    0    0  (Gen:  0)
  1038192    567944 255866576  0.001  0.001    1.171    1.326    0    0  (Gen:  0)
  1038128    561400 256195824  0.001  0.001    1.172    1.327    0    0  (Gen:  0)
  1038200    576696 256524680  0.001  0.001    1.173    1.328    0    0  (Gen:  0)
  1039120    568096 256852480  0.000  0.000    1.174    1.328    0    0  (Gen:  0)
  1037664    562288 257182872  0.001  0.001    1.174    1.329    0    0  (Gen:  0)
  1038656    577512 257511880  0.001  0.001    1.175    1.330    0    0  (Gen:  0)
  1038008    568224 257838848  0.001  0.001    1.176    1.331    0    0  (Gen:  0)
  1038952    562240 258169104  0.001  0.001    1.177    1.332    0    0  (Gen:  0)
  1038384    555672 258498120  0.001  0.001    1.178    1.333    0    0  (Gen:  0)
  1037784    569520 258826576  0.001  0.001    1.179    1.334    0    0  (Gen:  0)
  1038560    562800 259156104  0.001  0.001    1.180    1.334    0    0  (Gen:  0)
  1038312    555936 259485760  0.000  0.000    1.180    1.335    0    0  (Gen:  0)
  1039048    570224 259813496  0.001  0.001    1.181    1.336    0    0  (Gen:  0)
  1037672    563304 260142728  0.001  0.001    1.182    1.337    0    0  (Gen:  0)
  1038680    556544 260472592  0.000  0.001    1.183    1.338    0    0  (Gen:  0)
  1037896    570544 260799880  0.001  0.001    1.184    1.339    0    0  (Gen:  0)
  1038792    564408 261129616  0.001  0.001    1.185    1.340    0    0  (Gen:  0)
  1038168    557688 261459768  0.001  0.001    1.186    1.341    0    0  (Gen:  0)
  1038216    571136 261787064  0.001  0.001    1.187    1.341    0    0  (Gen:  0)
  1038616    564072 262115808  0.000  0.000    1.187    1.342    0    0  (Gen:  0)
  1038320    559408 262447264  0.001  0.001    1.188    1.343    0    0  (Gen:  0)
  1038912    571656 262774000  0.001  0.001    1.189    1.344    0    0  (Gen:  0)
  1037760    564096 263102288  0.001  0.001    1.190    1.345    0    0  (Gen:  0)
  1038104    558896 263432992  0.001  0.001    1.191    1.346    0    0  (Gen:  0)
  1038464    572328 263760288  0.001  0.001    1.192    1.347    0    0  (Gen:  0)
  1038816    565504 264089976  0.000  0.000    1.193    1.348    0    0  (Gen:  0)
  1038128    559192 264419560  0.000  0.000    1.193    1.348    0    0  (Gen:  0)
  1038200    573088 264747432  0.001  0.001    1.194    1.349    0    0  (Gen:  0)
  1038152    565144 265075856  0.001  0.001    1.195    1.350    0    0  (Gen:  0)
  1038856    559752 265406304  0.001  0.001    1.196    1.351    0    0  (Gen:  0)
  1038400    573296 265733912  0.001  0.001    1.197    1.352    0    0  (Gen:  0)
  1038248    566016 266062800  0.001  0.001    1.198    1.353    0    0  (Gen:  0)
  1038152    560088 266392592  0.001  0.001    1.199    1.354    0    0  (Gen:  0)
  1038384    574560 266721280  0.001  0.001    1.199    1.355    0    0  (Gen:  0)
  1038848    566784 267049528  0.000  0.000    1.200    1.355    0    0  (Gen:  0)
  1038176    561360 267380256  0.001  0.001    1.201    1.356    0    0  (Gen:  0)
  1038160    575000 267708040  0.001  0.001    1.202    1.357    0    0  (Gen:  0)
  1038104    567064 268036104  0.001  0.001    1.203    1.358    0    0  (Gen:  0)
  1301056    560952 268399224  0.001  0.001    1.204    1.359    0    0  (Gen:  0)
  1202312    575928 268727552  0.001  0.001    1.205    1.360    0    0  (Gen:  0)
  1038160    567144 269055648  0.001  0.001    1.206    1.361    0    0  (Gen:  0)
  1038120    561112 269385600  0.001  0.001    1.206    1.362    0    0  (Gen:  0)
  1038232    576160 269714048  0.000  0.000    1.207    1.362    0    0  (Gen:  0)
  1039088    568264 270042672  0.000  0.000    1.208    1.363    0    0  (Gen:  0)
  1037712    561608 270371952  0.001  0.001    1.209    1.364    0    0  (Gen:  0)
  1038608    577328 270701480  0.001  0.001    1.210    1.365    0    0  (Gen:  0)
  1038096    568328 271028768  0.001  0.001    1.211    1.366    0    0  (Gen:  0)
  1038880    562928 271359504  0.001  0.001    1.212    1.367    0    0  (Gen:  0)
  1038368    577264 271687712  0.001  0.001    1.212    1.368    0    0  (Gen:  0)
  1037824    569312 272016112  0.000  0.000    1.213    1.368    0    0  (Gen:  0)
  1038544    562272 272345144  0.000  0.000    1.214    1.369    0    0  (Gen:  0)
  1038288    555032 272674680  0.000  0.000    1.215    1.370    0    0  (Gen:  0)
  1039056    570216 273003384  0.000  0.000    1.216    1.371    0    0  (Gen:  0)
  1037704    562664 273331936  0.000  0.000    1.217    1.372    0    0  (Gen:  0)
  1038640    556720 273662544  0.000  0.000    1.217    1.373    0    0  (Gen:  0)
  1037968    570176 273989272  0.000  0.000    1.218    1.374    0    0  (Gen:  0)
  1038744    564128 274319448  0.000  0.001    1.219    1.374    0    0  (Gen:  0)
  1038168    557136 274649120  0.000  0.000    1.220    1.375    0    0  (Gen:  0)
  1038216    570624 274976096  0.000  0.000    1.221    1.376    0    0  (Gen:  0)
  1038632    564688 275305968  0.000  0.000    1.222    1.377    0    0  (Gen:  0)
  1038320    558472 275636592  0.000  0.000    1.223    1.378    0    0  (Gen:  0)
  1038872    570880 275963208  0.001  0.001    1.223    1.379    0    0  (Gen:  0)
  1037784    564440 276292424  0.001  0.001    1.224    1.379    0    0  (Gen:  0)
  1038752    559200 276623296  0.000  0.001    1.225    1.380    0    0  (Gen:  0)
  1037880    572072 276950384  0.001  0.001    1.226    1.381    0    0  (Gen:  0)
  1038760    564656 277279096  0.001  0.001    1.227    1.382    0    0  (Gen:  0)
  1038128    559016 277609160  0.000  0.000    1.228    1.383    0    0  (Gen:  0)
  1038208    571968 277936344  0.000  0.000    1.228    1.384    0    0  (Gen:  0)
  1038144    565280 278265576  0.001  0.001    1.229    1.385    0    0  (Gen:  0)
  1038840    558920 278595352  0.001  0.001    1.230    1.385    0    0  (Gen:  0)
  1038408    573624 278924136  0.001  0.001    1.231    1.386    0    0  (Gen:  0)
  1038232    565648 279252656  0.001  0.001    1.232    1.387    0    0  (Gen:  0)
  1038168    560272 279582888  0.001  0.001    1.233    1.388    0    0  (Gen:  0)
  1038392    573776 279910536  0.000  0.001    1.234    1.389    0    0  (Gen:  0)
  1038840    566240 280239040  0.001  0.001    1.235    1.390    0    0  (Gen:  0)
  1038168    560784 280569456  0.001  0.001    1.236    1.391    0    0  (Gen:  0)
  1038144    574888 280897992  0.001  0.001    1.236    1.392    0    0  (Gen:  0)
  1038152    566712 281225904  0.001  0.001    1.237    1.393    0    0  (Gen:  0)
  1038864    561264 281556424  0.000  0.000    1.238    1.394    0    0  (Gen:  0)
  1038480    574784 281883760  0.000  0.000    1.239    1.394    0    0  (Gen:  0)
  1038192    567232 282212392  0.000  0.000    1.240    1.395    0    0  (Gen:  0)
  1038104    560240 282541808  0.000  0.000    1.241    1.396    0    0  (Gen:  0)
  1038216    576128 282871080  0.001  0.001    1.242    1.397    0    0  (Gen:  0)
  1039104    567936 283199680  0.001  0.001    1.242    1.398    0    0  (Gen:  0)
  1037728    561736 283529384  0.001  0.001    1.243    1.399    0    0  (Gen:  0)
  1038616    576456 283857744  0.001  0.001    1.244    1.400    0    0  (Gen:  0)
  1038056    567976 284185584  0.001  0.001    1.245    1.400    0    0  (Gen:  0)
  1038888    562408 284516096  0.001  0.001    1.246    1.401    0    0  (Gen:  0)
  1038440    577520 284845144  0.001  0.001    1.247    1.402    0    0  (Gen:  0)
  1037768    568560 285172432  0.001  0.001    1.248    1.403    0    0  (Gen:  0)
  1038552    562336 285502584  0.001  0.001    1.248    1.404    0    0  (Gen:  0)
  1038272    555024 285830816  0.001  0.001    1.249    1.405    0    0  (Gen:  0)
  1039064    570016 286160048  0.000  0.000    1.250    1.406    0    0  (Gen:  0)
  1037672    562760 286489104  0.000  0.000    1.251    1.406    0    0  (Gen:  0)
  1038688    555592 286818728  0.000  0.000    1.252    1.407    0    0  (Gen:  0)
  1037968    570224 287146784  0.001  0.001    1.253    1.408    0    0  (Gen:  0)
  1038720    562960 287475720  0.000  0.000    1.254    1.409    0    0  (Gen:  0)
  1038160    557144 287806256  0.001  0.001    1.254    1.410    0    0  (Gen:  0)
  1038208    570584 288133168  0.001  0.001    1.255    1.411    0    0  (Gen:  0)
  1038632    564672 288463184  0.000  0.000    1.256    1.412    0    0  (Gen:  0)
  1038312    557368 288792760  0.001  0.001    1.257    1.413    0    0  (Gen:  0)
  1038952    571280 289120272  0.001  0.001    1.258    1.413    0    0  (Gen:  0)
  1037720    563760 289448608  0.001  0.001    1.259    1.414    0    0  (Gen:  0)
  1038736    559160 289780384  0.001  0.001    1.260    1.415    0    0  (Gen:  0)
  1037880    571008 290106568  0.000  0.000    1.260    1.416    0    0  (Gen:  0)
  1038760    564192 290435632  0.000  0.000    1.261    1.417    0    0  (Gen:  0)
  1038168    559144 290766304  0.001  0.001    1.262    1.418    0    0  (Gen:  0)
  1038184    572480 291093800  0.000  0.000    1.263    1.419    0    0  (Gen:  0)
  1038152    564888 291422768  0.000  0.001    1.264    1.419    0    0  (Gen:  0)
  1038832    559088 291752712  0.001  0.001    1.265    1.420    0    0  (Gen:  0)
  1038944    573312 292080696  0.001  0.001    1.266    1.421    0    0  (Gen:  0)
  1037696    564808 292408936  0.000  0.000    1.266    1.422    0    0  (Gen:  0)
  1038160    559168 292739112  0.001  0.001    1.267    1.423    0    0  (Gen:  0)
  1038432    573224 293067104  0.001  0.001    1.268    1.424    0    0  (Gen:  0)
  1071568    565824 293395920  0.001  0.001    1.269    1.425    0    0  (Gen:  0)
  1333120    560256 293758816  0.001  0.001    1.270    1.426    0    0  (Gen:  0)
  1136440    574560 294087288  0.001  0.001    1.271    1.427    0    0  (Gen:  0)
  1038128    566064 294414920  0.001  0.001    1.272    1.427    0    0  (Gen:  0)
  1038872    561304 294746168  0.001  0.001    1.273    1.428    0    0  (Gen:  0)
  1038464    574816 295073840  0.001  0.001    1.273    1.429    0    0  (Gen:  0)
  1038200    566952 295402016  0.000  0.000    1.274    1.430    0    0  (Gen:  0)
  1038120    560800 295732168  0.001  0.001    1.275    1.431    0    0  (Gen:  0)
  1038416    575416 296060288  0.001  0.001    1.276    1.432    0    0  (Gen:  0)
  1038880    567384 296388648  0.000  0.000    1.277    1.433    0    0  (Gen:  0)
  1038064    560888 296718624  0.000  0.000    1.278    1.433    0    0  (Gen:  0)
  1038272    575952 297047112  0.001  0.001    1.278    1.434    0    0  (Gen:  0)
  1038088    568304 297376048  0.000  0.000    1.279    1.435    0    0  (Gen:  0)
  1038896    561872 297705448  0.001  0.001    1.280    1.436    0    0  (Gen:  0)
  1038416    577224 298034448  0.001  0.001    1.281    1.437    0    0  (Gen:  0)
  1038272    568176 298361944  0.000  0.000    1.282    1.438    0    0  (Gen:  0)
  1038064    562448 298692456  0.000  0.000    1.283    1.439    0    0  (Gen:  0)
  1038240    577368 299020928  0.001  0.001    1.284    1.440    0    0  (Gen:  0)
  1039064    569472 299349296  0.000  0.000    1.285    1.440    0    0  (Gen:  0)
  1037672    562392 299678312  0.000  0.000    1.285    1.441    0    0  (Gen:  0)
  1038688    554712 300007616  0.000  0.000    1.286    1.442    0    0  (Gen:  0)
  1037992    569576 300335824  0.000  0.000    1.287    1.443    0    0  (Gen:  0)
  1038696    563256 300665704  0.000  0.000    1.288    1.444    0    0  (Gen:  0)
  1038632    556448 300995504  0.001  0.001    1.289    1.445    0    0  (Gen:  0)
  1037760    570120 301322488  0.001  0.001    1.290    1.446    0    0  (Gen:  0)
  1038632    563664 301652288  0.000  0.000    1.290    1.446    0    0  (Gen:  0)
  1038296    556848 301981992  0.000  0.000    1.291    1.447    0    0  (Gen:  0)
  1038968    570680 302309248  0.000  0.000    1.292    1.448    0    0  (Gen:  0)
  1037696    564416 302638936  0.000  0.000    1.293    1.449    0    0  (Gen:  0)
  1038752    558216 302969432  0.001  0.001    1.294    1.450    0    0  (Gen:  0)
  1037864    570440 303295704  0.001  0.001    1.295    1.451    0    0  (Gen:  0)
  1038776    564704 303625360  0.000  0.000    1.296    1.451    0    0  (Gen:  0)
  1038152    559480 303956432  0.001  0.001    1.296    1.452    0    0  (Gen:  0)
  1038208    571808 304283264  0.000  0.000    1.297    1.453    0    0  (Gen:  0)
  1038136    564192 304611680  0.000  0.000    1.298    1.454    0    0  (Gen:  0)
  1038872    558720 304941992  0.001  0.001    1.299    1.455    0    0  (Gen:  0)
  1038920    572392 305269464  0.000  0.000    1.300    1.456    0    0  (Gen:  0)
  1037736    564936 305598464  0.001  0.001    1.301    1.457    0    0  (Gen:  0)
  1038104    558648 305928384  0.001  0.001    1.301    1.457    0    0  (Gen:  0)
  1038424    573560 306256904  0.001  0.001    1.302    1.458    0    0  (Gen:  0)
  1038824    565640 306585592  0.001  0.001    1.303    1.459    0    0  (Gen:  0)
  1038184    559936 306915688  0.001  0.001    1.304    1.460    0    0  (Gen:  0)
  1038152    573432 307243208  0.001  0.001    1.305    1.461    0    0  (Gen:  0)
  1038184    566056 307572024  0.001  0.001    1.306    1.462    0    0  (Gen:  0)
  1038832    560744 307902296  0.001  0.001    1.307    1.463    0    0  (Gen:  0)
  1038432    575008 308230960  0.000  0.000    1.307    1.464    0    0  (Gen:  0)
  1038216    566792 308558896  0.001  0.001    1.308    1.464    0    0  (Gen:  0)
  1038136    560816 308889064  0.001  0.001    1.309    1.465    0    0  (Gen:  0)
  1038400    574800 309216776  0.001  0.001    1.310    1.466    0    0  (Gen:  0)
  1038896    567424 309545504  0.000  0.000    1.311    1.467    0    0  (Gen:  0)
  1038072    560456 309875128  0.001  0.001    1.312    1.468    0    0  (Gen:  0)
  1038240    575984 310203976  0.001  0.001    1.313    1.469    0    0  (Gen:  0)
  1038104    567480 310532304  0.001  0.001    1.314    1.470    0    0  (Gen:  0)
  1038880    561440 310862280  0.001  0.001    1.314    1.471    0    0  (Gen:  0)
  1038440    576408 311190656  0.001  0.001    1.315    1.472    0    0  (Gen:  0)
  1038240    567856 311518656  0.001  0.001    1.316    1.472    0    0  (Gen:  0)
  1038080    561944 311848672  0.001  0.001    1.317    1.474    0    0  (Gen:  0)
  1038224    577488 312177992  0.001  0.001    1.318    1.475    0    0  (Gen:  0)
  1039104    568608 312505432  0.001  0.001    1.319    1.475    0    0  (Gen:  0)
  1037664    562624 312835656  0.001  0.001    1.320    1.476    0    0  (Gen:  0)
  1038656    577192 313164000  0.001  0.001    1.321    1.477    0    0  (Gen:  0)
  1038032    569824 313492664  0.001  0.001    1.322    1.478    0    0  (Gen:  0)
  1038952    562584 313821952  0.001  0.001    1.323    1.479    0    0  (Gen:  0)
  1038368    555384 314151336  0.001  0.001    1.324    1.480    0    0  (Gen:  0)
  1037768    569848 314479480  0.001  0.001    1.325    1.481    0    0  (Gen:  0)
  1038608    563176 314808496  0.001  0.001    1.326    1.482    0    0  (Gen:  0)
  1038296    556920 315138888  0.001  0.001    1.327    1.483    0    0  (Gen:  0)
  1039024    570744 315466216  0.001  0.001    1.328    1.484    0    0  (Gen:  0)
  1037640    564264 315795880  0.001  0.001    1.329    1.485    0    0  (Gen:  0)
  1038744    557168 316125368  0.001  0.001    1.330    1.486    0    0  (Gen:  0)
  1037856    570800 316452544  0.001  0.001    1.331    1.487    0    0  (Gen:  0)
  1038808    564312 316781728  0.001  0.001    1.331    1.488    0    0  (Gen:  0)
  1038168    558632 317112728  0.001  0.001    1.332    1.489    0    0  (Gen:  0)
  1038200    570608 317439072  0.001  0.001    1.333    1.490    0    0  (Gen:  0)
  1038112    564456 317768552  0.001  0.001    1.334    1.491    0    0  (Gen:  0)
  1038856    559256 318099288  0.001  0.001    1.335    1.491    0    0  (Gen:  0)
  1038920    572792 318426968  0.001  0.001    1.336    1.492    0    0  (Gen:  0)
  1234352    564840 318788352  0.001  0.001    1.337    1.493    0    0  (Gen:  0)
  1234728    558976 319118344  0.000  0.000    1.338    1.494    0    0  (Gen:  0)
  1071216    572336 319445568  0.001  0.001    1.339    1.495    0    0  (Gen:  0)
  1038824    564760 319774400  0.001  0.001    1.340    1.496    0    0  (Gen:  0)
  1038144    558968 320104536  0.001  0.001    1.341    1.497    0    0  (Gen:  0)
  1038184    572912 320432440  0.001  0.001    1.342    1.498    0    0  (Gen:  0)
  1038152    566176 320762080  0.000  0.000    1.342    1.499    0    0  (Gen:  0)
  1038872    560312 321091568  0.000  0.000    1.343    1.500    0    0  (Gen:  0)
  1038400    574504 321419912  0.001  0.001    1.344    1.501    0    0  (Gen:  0)
  1038224    565872 321747696  0.000  0.000    1.345    1.501    0    0  (Gen:  0)
  1038136    560856 322078584  0.001  0.001    1.346    1.502    0    0  (Gen:  0)
  1038408    575056 322406984  0.001  0.001    1.347    1.503    0    0  (Gen:  0)
  1038864    566720 322734672  0.000  0.000    1.347    1.504    0    0  (Gen:  0)
  1038160    561216 323065376  0.001  0.001    1.348    1.505    0    0  (Gen:  0)
  1038160    575128 323392832  0.001  0.001    1.349    1.506    0    0  (Gen:  0)
  1038104    567088 323721280  0.001  0.001    1.350    1.507    0    0  (Gen:  0)
  1038912    560736 324051216  0.000  0.000    1.351    1.507    0    0  (Gen:  0)
  1038448    575904 324379832  0.001  0.001    1.352    1.508    0    0  (Gen:  0)
  1038288    568040 324708784  0.000  0.000    1.353    1.509    0    0  (Gen:  0)
  1038128    561440 325038032  0.001  0.001    1.353    1.510    0    0  (Gen:  0)
  1038200    576696 325366888  0.001  0.001    1.354    1.511    0    0  (Gen:  0)
  1039120    568096 325694688  0.000  0.000    1.355    1.512    0    0  (Gen:  0)
  1037664    562288 326025080  0.001  0.001    1.356    1.513    0    0  (Gen:  0)
  1038656    577512 326354088  0.001  0.001    1.357    1.513    0    0  (Gen:  0)
  1038008    568224 326681056  0.001  0.001    1.358    1.514    0    0  (Gen:  0)
  1038952    562240 327011312  0.001  0.001    1.359    1.515    0    0  (Gen:  0)
  1038384    555672 327340328  0.001  0.001    1.359    1.516    0    0  (Gen:  0)
  1037784    569520 327668784  0.000  0.001    1.360    1.517    0    0  (Gen:  0)
  1038560    562800 327998312  0.001  0.001    1.361    1.518    0    0  (Gen:  0)
  1038312    555936 328327968  0.000  0.000    1.362    1.519    0    0  (Gen:  0)
  1039048    570224 328655704  0.000  0.000    1.363    1.519    0    0  (Gen:  0)
  1037672    563304 328984936  0.000  0.000    1.364    1.520    0    0  (Gen:  0)
  1038680    556544 329314800  0.000  0.000    1.364    1.521    0    0  (Gen:  0)
  1037896    570544 329642088  0.000  0.000    1.365    1.522    0    0  (Gen:  0)
  1038792    564408 329971824  0.001  0.001    1.366    1.523    0    0  (Gen:  0)
  1038168    557688 330301976  0.001  0.001    1.367    1.524    0    0  (Gen:  0)
  1038216    571136 330629272  0.001  0.001    1.368    1.525    0    0  (Gen:  0)
  1038616    564072 330958016  0.000  0.000    1.369    1.525    0    0  (Gen:  0)
  1038320    559408 331289472  0.001  0.001    1.370    1.526    0    0  (Gen:  0)
  1038912    571656 331616208  0.001  0.001    1.370    1.527    0    0  (Gen:  0)
  1037760    564096 331944496  0.001  0.001    1.371    1.528    0    0  (Gen:  0)
  1038104    558896 332275200  0.001  0.001    1.372    1.529    0    0  (Gen:  0)
  1038464    572328 332602496  0.001  0.001    1.373    1.530    0    0  (Gen:  0)
  1038816    565504 332932184  0.000  0.000    1.374    1.531    0    0  (Gen:  0)
  1038128    559192 333261768  0.000  0.000    1.375    1.531    0    0  (Gen:  0)
  1038200    573088 333589640  0.001  0.001    1.376    1.532    0    0  (Gen:  0)
  1038152    565144 333918064  0.001  0.001    1.376    1.533    0    0  (Gen:  0)
  1038856    559752 334248512  0.001  0.001    1.377    1.534    0    0  (Gen:  0)
  1038400    573296 334576120  0.001  0.001    1.378    1.535    0    0  (Gen:  0)
  1038248    566016 334905008  0.001  0.001    1.379    1.536    0    0  (Gen:  0)
  1038152    560088 335234800  0.001  0.001    1.380    1.537    0    0  (Gen:  0)
  1038384    574560 335563488  0.001  0.001    1.381    1.538    0    0  (Gen:  0)
  1038848    566784 335891736  0.001  0.001    1.382    1.538    0    0  (Gen:  0)
  1038176    561360 336222464  0.001  0.001    1.383    1.539    0    0  (Gen:  0)
  1038160    575000 336550248  0.001  0.001    1.383    1.540    0    0  (Gen:  0)
  1038104    567064 336878312  0.001  0.001    1.384    1.541    0    0  (Gen:  0)
  1038912    560944 337208664  0.001  0.001    1.385    1.542    0    0  (Gen:  0)
  1038472    575928 337536992  0.001  0.001    1.386    1.543    0    0  (Gen:  0)
  1038160    567168 337865056  0.001  0.001    1.387    1.544    0    0  (Gen:  0)
  1038120    561112 338195008  0.001  0.001    1.388    1.545    0    0  (Gen:  0)
  1038232    576160 338523456  0.001  0.001    1.389    1.545    0    0  (Gen:  0)
  1039088    568264 338852080  0.001  0.001    1.390    1.546    0    0  (Gen:  0)
  1037712    561608 339181360  0.001  0.001    1.390    1.547    0    0  (Gen:  0)
  1038608    577328 339510888  0.001  0.001    1.391    1.548    0    0  (Gen:  0)
  1038096    568328 339838176  0.001  0.001    1.392    1.549    0    0  (Gen:  0)
  1038880    562928 340168912  0.001  0.001    1.393    1.550    0    0  (Gen:  0)
  1038368    577264 340497120  0.001  0.001    1.394    1.551    0    0  (Gen:  0)
  1037824    569312 340825520  0.000  0.000    1.395    1.552    0    0  (Gen:  0)
  1038544    562272 341154552  0.000  0.000    1.396    1.553    0    0  (Gen:  0)
  1038288    555032 341484088  0.001  0.001    1.397    1.553    0    0  (Gen:  0)
  1039056    570216 341812792  0.001  0.001    1.397    1.554    0    0  (Gen:  0)
  1037704    562664 342141344  0.001  0.001    1.398    1.555    0    0  (Gen:  0)
  1038640    556720 342471952  0.001  0.001    1.399    1.556    0    0  (Gen:  0)
  1037968    570176 342798680  0.001  0.001    1.400    1.557    0    0  (Gen:  0)
  1038744    564128 343128856  0.000  0.000    1.401    1.558    0    0  (Gen:  0)
  1038168    557136 343458528  0.001  0.001    1.402    1.559    0    0  (Gen:  0)
  1038216    570624 343785504  0.001  0.001    1.403    1.560    0    0  (Gen:  0)
  1333544    564696 344148144  0.001  0.001    1.404    1.560    0    0  (Gen:  0)
  1169392    558480 344478768  0.001  0.001    1.404    1.561    0    0  (Gen:  0)
  1038872    570872 344805384  0.001  0.001    1.405    1.562    0    0  (Gen:  0)
  1037784    495632 345134632  0.000  0.000    1.406    1.563    0    0  (Gen:  0)
  1038752    559200 345465504  0.000  0.001    1.407    1.564    0    0  (Gen:  0)
  1037880    572072 345792592  0.001  0.001    1.408    1.565    0    0  (Gen:  0)
  1038760    564656 346121304  0.000  0.000    1.409    1.566    0    0  (Gen:  0)
  1038128    559016 346451368  0.000  0.000    1.410    1.567    0    0  (Gen:  0)
  1038208    571968 346778552  0.000  0.000    1.410    1.567    0    0  (Gen:  0)
  1038144    565280 347107784  0.000  0.000    1.411    1.568    0    0  (Gen:  0)
  1038840    558920 347437560  0.000  0.000    1.412    1.569    0    0  (Gen:  0)
  1038408    573624 347766344  0.000  0.001    1.413    1.570    0    0  (Gen:  0)
  1038232    565648 348094864  0.001  0.001    1.414    1.571    0    0  (Gen:  0)
  1038168    560272 348425096  0.001  0.001    1.415    1.572    0    0  (Gen:  0)
  1038392    573776 348752744  0.001  0.001    1.415    1.573    0    0  (Gen:  0)
  1038840    566240 349081248  0.000  0.000    1.416    1.573    0    0  (Gen:  0)
  1038168    560784 349411664  0.001  0.001    1.417    1.574    0    0  (Gen:  0)
  1038144    574888 349740200  0.001  0.001    1.418    1.575    0    0  (Gen:  0)
  1038152    566712 350068112  0.001  0.001    1.419    1.576    0    0  (Gen:  0)
  1038864    561264 350398632  0.001  0.001    1.420    1.577    0    0  (Gen:  0)
  1038480    574784 350725968  0.001  0.001    1.421    1.578    0    0  (Gen:  0)
  1038192    567232 351054600  0.000  0.000    1.421    1.579    0    0  (Gen:  0)
  1038104    560240 351384016  0.001  0.001    1.422    1.579    0    0  (Gen:  0)
  1038216    576128 351713288  0.001  0.001    1.423    1.580    0    0  (Gen:  0)
  1039104    567936 352041888  0.001  0.001    1.424    1.581    0    0  (Gen:  0)
  1037728    561736 352371592  0.001  0.001    1.425    1.582    0    0  (Gen:  0)
  1038616    576456 352699952  0.001  0.001    1.426    1.583    0    0  (Gen:  0)
  1038056    567976 353027792  0.001  0.001    1.427    1.584    0    0  (Gen:  0)
  1038888    562408 353358304  0.001  0.001    1.428    1.585    0    0  (Gen:  0)
  1038440    577520 353687352  0.001  0.001    1.429    1.586    0    0  (Gen:  0)
  1037768    568560 354014640  0.001  0.001    1.429    1.587    0    0  (Gen:  0)
  1038552    562336 354344792  0.001  0.001    1.430    1.588    0    0  (Gen:  0)
  1038272    555024 354673024  0.000  0.000    1.431    1.588    0    0  (Gen:  0)
  1039064    570016 355002256  0.001  0.001    1.432    1.589    0    0  (Gen:  0)
  1037672    562760 355331312  0.000  0.000    1.433    1.590    0    0  (Gen:  0)
  1038688    555592 355660936  0.000  0.000    1.434    1.591    0    0  (Gen:  0)
  1037968    570224 355988992  0.001  0.001    1.435    1.592    0    0  (Gen:  0)
  1038720    562960 356317928  0.001  0.001    1.435    1.593    0    0  (Gen:  0)
  1038160    557144 356648464  0.001  0.001    1.436    1.594    0    0  (Gen:  0)
  1038208    570584 356975376  0.000  0.000    1.437    1.594    0    0  (Gen:  0)
  1038632    564672 357305392  0.001  0.001    1.438    1.595    0    0  (Gen:  0)
  1038312    557368 357634968  0.001  0.001    1.439    1.596    0    0  (Gen:  0)
  1038952    571280 357962480  0.000  0.000    1.440    1.597    0    0  (Gen:  0)
  1037720    563760 358290816  0.000  0.000    1.441    1.598    0    0  (Gen:  0)
  1038736    559160 358622592  0.001  0.001    1.441    1.599    0    0  (Gen:  0)
  1037880    571008 358948776  0.000  0.001    1.442    1.600    0    0  (Gen:  0)
  1038760    564192 359277840  0.000  0.000    1.443    1.600    0    0  (Gen:  0)
  1038168    559144 359608512  0.001  0.001    1.444    1.601    0    0  (Gen:  0)
  1038184    572480 359936008  0.001  0.001    1.445    1.602    0    0  (Gen:  0)
  1038152    564888 360264976  0.000  0.000    1.446    1.603    0    0  (Gen:  0)
  1038832    559088 360594920  0.001  0.001    1.446    1.604    0    0  (Gen:  0)
  1038944    573312 360922904  0.001  0.001    1.447    1.605    0    0  (Gen:  0)
  1037696    564808 361251144  0.000  0.000    1.448    1.606    0    0  (Gen:  0)
  1038160    559168 361581320  0.000  0.000    1.449    1.606    0    0  (Gen:  0)
  1038432    573224 361909312  0.001  0.001    1.450    1.607    0    0  (Gen:  0)
  1038800    565824 362238128  0.001  0.001    1.451    1.608    0    0  (Gen:  0)
  1038208    560256 362568256  0.001  0.001    1.452    1.609    0    0  (Gen:  0)
  1038136    574576 362896696  0.001  0.001    1.453    1.610    0    0  (Gen:  0)
  1038128    566064 363224328  0.000  0.000    1.453    1.611    0    0  (Gen:  0)
  1038872    561304 363555576  0.001  0.001    1.454    1.612    0    0  (Gen:  0)
  1038464    574816 363883248  0.001  0.001    1.455    1.613    0    0  (Gen:  0)
  1038200    566952 364211424  0.001  0.001    1.456    1.613    0    0  (Gen:  0)
  1038120    560800 364541576  0.001  0.001    1.457    1.614    0    0  (Gen:  0)
  1038416    575416 364869696  0.001  0.001    1.458    1.615    0    0  (Gen:  0)
  1038880    567384 365198056  0.000  0.000    1.459    1.616    0    0  (Gen:  0)
  1038064    560888 365528032  0.000  0.000    1.459    1.617    0    0  (Gen:  0)
  1038272    575952 365856520  0.001  0.001    1.460    1.618    0    0  (Gen:  0)
  1038088    568304 366185456  0.001  0.001    1.461    1.619    0    0  (Gen:  0)
  1038896    561872 366514856  0.001  0.001    1.462    1.620    0    0  (Gen:  0)
  1038416    577224 366843856  0.001  0.001    1.463    1.620    0    0  (Gen:  0)
  1038272    568176 367171352  0.000  0.000    1.464    1.621    0    0  (Gen:  0)
  1038064    562448 367501864  0.000  0.000    1.465    1.622    0    0  (Gen:  0)
  1038240    577368 367830336  0.001  0.001    1.465    1.623    0    0  (Gen:  0)
  1039064    569472 368158704  0.001  0.001    1.466    1.624    0    0  (Gen:  0)
  1037672    562392 368487720  0.001  0.001    1.467    1.625    0    0  (Gen:  0)
  1038688    554712 368817024  0.001  0.001    1.468    1.626    0    0  (Gen:  0)
  1136296    569576 369145232  0.001  0.001    1.469    1.626    0    0  (Gen:  0)
  1300840    563264 369507880  0.001  0.001    1.470    1.627    0    0  (Gen:  0)
  1104168    556448 369837680  0.001  0.001    1.471    1.628    0    0  (Gen:  0)
  1037760    570096 370164696  0.001  0.001    1.472    1.629    0    0  (Gen:  0)
  1038632    563664 370494496  0.000  0.000    1.472    1.630    0    0  (Gen:  0)
  1038296    556848 370824200  0.000  0.000    1.473    1.631    0    0  (Gen:  0)
  1038968    570680 371151456  0.000  0.000    1.474    1.632    0    0  (Gen:  0)
  1037696    564416 371481144  0.000  0.000    1.475    1.633    0    0  (Gen:  0)
  1038752 327169848 327726880  0.320  0.401    1.795    2.034    0    0  (Gen:  1)
  1037864    490040 327972720  0.000  0.000    1.796    2.035    0    0  (Gen:  0)
  1038776    483080 328220720  0.000  0.000    1.797    2.036    0    0  (Gen:  0)
  1038152    477760 328470040  0.000  0.000    1.798    2.037    0    0  (Gen:  0)
  1038208    491040 328716080  0.000  0.000    1.798    2.038    0    0  (Gen:  0)
  1038136    482776 328963088  0.000  0.000    1.799    2.038    0    0  (Gen:  0)
  1038872    477136 329211824  0.000  0.000    1.800    2.039    0    0  (Gen:  0)
  1038920    491552 329458464  0.000  0.000    1.801    2.040    0    0  (Gen:  0)
  1037736    483456 329705984  0.000  0.000    1.801    2.041    0    0  (Gen:  0)
  1038104    477144 329954368  0.000  0.000    1.802    2.041    0    0  (Gen:  0)
  1038424    492464 330201760  0.000  0.000    1.803    2.042    0    0  (Gen:  0)
  1038824    484200 330448984  0.000  0.000    1.804    2.043    0    0  (Gen:  0)
  1038184    478352 330697504  0.000  0.000    1.805    2.044    0    0  (Gen:  0)
  1038152    492496 330944096  0.000  0.000    1.805    2.045    0    0  (Gen:  0)
  1038184    484720 331191576  0.000  0.000    1.806    2.045    0    0  (Gen:  0)
  1038832    479000 331440072  0.000  0.000    1.807    2.046    0    0  (Gen:  0)
  1038432    494008 331687704  0.000  0.000    1.808    2.047    0    0  (Gen:  0)
  1038216    485480 331934296  0.000  0.000    1.808    2.048    0    0  (Gen:  0)
  1038136    479312 332182928  0.000  0.000    1.809    2.049    0    0  (Gen:  0)
  1038400    493944 332429752  0.000  0.000    1.810    2.049    0    0  (Gen:  0)
  1038896    485888 332676920  0.000  0.000    1.811    2.050    0    0  (Gen:  0)
  1038072    479120 332925208  0.000  0.000    1.812    2.051    0    0  (Gen:  0)
  1038240    494720 333172760  0.000  0.001    1.812    2.052    0    0  (Gen:  0)
  1038104    486144 333419720  0.000  0.001    1.813    2.053    0    0  (Gen:  0)
  1038880    479952 333668184  0.000  0.001    1.814    2.054    0    0  (Gen:  0)
  1038440    495208 333915368  0.000  0.001    1.815    2.054    0    0  (Gen:  0)
  1038240    486736 334162248  0.000  0.000    1.816    2.055    0    0  (Gen:  0)
  1038080    480312 334410608  0.000  0.000    1.816    2.056    0    0  (Gen:  0)
  1038224    496216 334658664  0.000  0.000    1.817    2.057    0    0  (Gen:  0)
  1039104    487504 334905008  0.000  0.000    1.818    2.058    0    0  (Gen:  0)
  1037664    481096 335153704  0.000  0.000    1.819    2.058    0    0  (Gen:  0)
  1038656    496112 335400944  0.000  0.000    1.820    2.059    0    0  (Gen:  0)
  1038032    488680 335648464  0.000  0.000    1.820    2.060    0    0  (Gen:  0)
  1038952    480936 335896072  0.000  0.000    1.821    2.061    0    0  (Gen:  0)
  1038368    473848 336143896  0.000  0.000    1.822    2.062    0    0  (Gen:  0)
  1037768    489056 336391256  0.000  0.000    1.823    2.062    0    0  (Gen:  0)
  1038608    481504 336638600  0.000  0.000    1.823    2.063    0    0  (Gen:  0)
  1038296    475368 336887408  0.000  0.000    1.824    2.064    0    0  (Gen:  0)
  1039024    490000 337133968  0.000  0.000    1.825    2.065    0    0  (Gen:  0)
  1037640    482520 337381888  0.000  0.000    1.826    2.066    0    0  (Gen:  0)
  1038744    475608 337629792  0.000  0.000    1.827    2.066    0    0  (Gen:  0)
  1037856    490224 337876400  0.000  0.000    1.827    2.067    0    0  (Gen:  0)
  1038808    482752 338124032  0.000  0.000    1.828    2.068    0    0  (Gen:  0)
  1038168    476720 338373120  0.000  0.000    1.829    2.069    0    0  (Gen:  0)
  1038200    490088 338618912  0.000  0.000    1.830    2.070    0    0  (Gen:  0)
  1038112    482856 338866760  0.000  0.000    1.831    2.070    0    0  (Gen:  0)
  1038856    477584 339115792  0.000  0.000    1.831    2.071    0    0  (Gen:  0)
  1038920    491936 339362584  0.000  0.000    1.832    2.072    0    0  (Gen:  0)
  1037744    483376 339609712  0.000  0.000    1.833    2.073    0    0  (Gen:  0)
  1038120    477416 339858120  0.000  0.000    1.834    2.074    0    0  (Gen:  0)
  1038448    491544 340104528  0.000  0.000    1.834    2.074    0    0  (Gen:  0)
  1038824    483352 340351896  0.000  0.000    1.835    2.075    0    0  (Gen:  0)
  1038144    477344 340600376  0.000  0.000    1.836    2.076    0    0  (Gen:  0)
  1038184    491936 340847272  0.000  0.000    1.837    2.077    0    0  (Gen:  0)
  1038152    484816 341095520  0.000  0.000    1.838    2.078    0    0  (Gen:  0)
  1038872    478664 341343328  0.000  0.000    1.838    2.078    0    0  (Gen:  0)
  1038400    493432 341590568  0.000  0.000    1.839    2.079    0    0  (Gen:  0)
  1038224    484672 341837128  0.000  0.000    1.840    2.080    0    0  (Gen:  0)
  1038136    479056 342086224  0.000  0.000    1.841    2.081    0    0  (Gen:  0)
  1038408    494128 342333696  0.000  0.000    1.842    2.082    0    0  (Gen:  0)
  1038864    485376 342580016  0.000  0.000    1.842    2.082    0    0  (Gen:  0)
  1038160    479688 342829192  0.000  0.000    1.843    2.083    0    0  (Gen:  0)
  1038160    494176 343075664  0.000  0.000    1.844    2.084    0    0  (Gen:  0)
  1038104    485776 343322768  0.000  0.000    1.845    2.085    0    0  (Gen:  0)
  1038912    479208 343571144  0.000  0.000    1.846    2.086    0    0  (Gen:  0)
  1038448    494704 343818536  0.000  0.000    1.846    2.086    0    0  (Gen:  0)
  1038192    486624 344066080  0.000  0.000    1.847    2.087    0    0  (Gen:  0)
  1038128    479968 344313896  0.000  0.000    1.848    2.088    0    0  (Gen:  0)
  1038200    495408 344561432  0.000  0.000    1.849    2.089    0    0  (Gen:  0)
  1235728    486952 344840824  0.000  0.000    1.850    2.090    0    0  (Gen:  0)
  1234272    480688 345089616  0.000  0.000    1.851    2.091    0    0  (Gen:  0)
  1071424    496312 345337432  0.000  0.000    1.851    2.091    0    0  (Gen:  0)
  1038008    494320 345664432  0.000  0.000    1.852    2.092    0    0  (Gen:  0)
  1038952    495832 345994720  0.000  0.000    1.853    2.093    0    0  (Gen:  0)
  1038384    555672 346323736  0.000  0.000    1.854    2.094    0    0  (Gen:  0)
  1037784    569520 346652192  0.000  0.000    1.855    2.095    0    0  (Gen:  0)
  1038560    562800 346981720  0.001  0.001    1.855    2.096    0    0  (Gen:  0)
  1038312    555936 347311376  0.000  0.000    1.856    2.096    0    0  (Gen:  0)
  1039048    570224 347639112  0.000  0.000    1.857    2.097    0    0  (Gen:  0)
  1037672    563304 347968344  0.000  0.000    1.858    2.098    0    0  (Gen:  0)
  1038680    556544 348298208  0.000  0.000    1.859    2.099    0    0  (Gen:  0)
  1037896    570544 348625496  0.000  0.000    1.860    2.100    0    0  (Gen:  0)
  1038792    564408 348955232  0.000  0.000    1.860    2.101    0    0  (Gen:  0)
  1038168    557688 349285384  0.001  0.001    1.861    2.101    0    0  (Gen:  0)
  1038216    571136 349612680  0.001  0.001    1.862    2.102    0    0  (Gen:  0)
  1038616    564072 349941424  0.001  0.001    1.863    2.103    0    0  (Gen:  0)
  1038320    559408 350272880  0.000  0.000    1.864    2.104    0    0  (Gen:  0)
  1038912    571656 350599616  0.001  0.001    1.865    2.105    0    0  (Gen:  0)
  1037760    564096 350927904  0.000  0.000    1.866    2.106    0    0  (Gen:  0)
  1038104    558896 351258608  0.000  0.000    1.866    2.107    0    0  (Gen:  0)
  1038464    572328 351585904  0.000  0.001    1.867    2.107    0    0  (Gen:  0)
  1038816    565504 351915592  0.001  0.001    1.868    2.108    0    0  (Gen:  0)
  1038128    559192 352245176  0.000  0.000    1.869    2.109    0    0  (Gen:  0)
  1038200    573088 352573048  0.000  0.000    1.870    2.110    0    0  (Gen:  0)
  1038152    565144 352901472  0.001  0.001    1.871    2.111    0    0  (Gen:  0)
  1038856    559752 353231920  0.000  0.000    1.872    2.112    0    0  (Gen:  0)
  1038400    573296 353559528  0.000  0.000    1.872    2.113    0    0  (Gen:  0)
  1038248    566016 353888416  0.000  0.000    1.873    2.113    0    0  (Gen:  0)
  1038152    560088 354218208  0.001  0.001    1.874    2.114    0    0  (Gen:  0)
  1038384    574560 354546896  0.001  0.001    1.875    2.115    0    0  (Gen:  0)
  1038848    566784 354875144  0.000  0.000    1.876    2.116    0    0  (Gen:  0)
  1038176    561360 355205872  0.001  0.001    1.877    2.117    0    0  (Gen:  0)
  1038160    575000 355533656  0.001  0.001    1.878    2.118    0    0  (Gen:  0)
  1038104    567064 355861720  0.000  0.000    1.878    2.119    0    0  (Gen:  0)
  1038912    560944 356192072  0.001  0.001    1.879    2.119    0    0  (Gen:  0)
  1038472    575928 356520400  0.001  0.001    1.880    2.120    0    0  (Gen:  0)
  1038160    567168 356848464  0.001  0.001    1.881    2.121    0    0  (Gen:  0)
  1038120    561112 357178416  0.001  0.001    1.882    2.122    0    0  (Gen:  0)
  1038232    576160 357506864  0.001  0.001    1.883    2.123    0    0  (Gen:  0)
  1039088    568264 357835488  0.001  0.001    1.884    2.124    0    0  (Gen:  0)
  1037712    561608 358164768  0.001  0.001    1.884    2.125    0    0  (Gen:  0)
  1038608    577328 358494296  0.001  0.001    1.885    2.126    0    0  (Gen:  0)
  1038096    568328 358821584  0.000  0.001    1.886    2.126    0    0  (Gen:  0)
  1038880    562928 359152320  0.001  0.001    1.887    2.127    0    0  (Gen:  0)
  1038368    577264 359480528  0.001  0.001    1.888    2.128    0    0  (Gen:  0)
  1037824    569312 359808928  0.001  0.001    1.889    2.129    0    0  (Gen:  0)
  1038544    562272 360137960  0.000  0.001    1.890    2.130    0    0  (Gen:  0)
  1038288    555032 360467496  0.000  0.000    1.890    2.131    0    0  (Gen:  0)
  1039056    570216 360796200  0.001  0.001    1.891    2.132    0    0  (Gen:  0)
  1037704    562664 361124752  0.000  0.000    1.892    2.132    0    0  (Gen:  0)
  1038640    556720 361455360  0.001  0.001    1.893    2.133    0    0  (Gen:  0)
  1037968    570176 361782088  0.000  0.000    1.894    2.134    0    0  (Gen:  0)
  1038744    564128 362112264  0.001  0.001    1.895    2.135    0    0  (Gen:  0)
  1038168    557136 362441936  0.001  0.001    1.896    2.136    0    0  (Gen:  0)
  1038216    570624 362768912  0.000  0.000    1.896    2.137    0    0  (Gen:  0)
  1038632    564688 363098784  0.001  0.001    1.897    2.138    0    0  (Gen:  0)
  1038320    558472 363429408  0.001  0.001    1.898    2.139    0    0  (Gen:  0)
  1038872    570880 363756024  0.001  0.001    1.899    2.139    0    0  (Gen:  0)
  1037784    564440 364085240  0.001  0.001    1.900    2.140    0    0  (Gen:  0)
  1038848    559296 364416208  0.001  0.001    1.901    2.141    0    0  (Gen:  0)
  1037880    572072 364743296  0.001  0.001    1.902    2.142    0    0  (Gen:  0)
  1038760    564656 365072008  0.001  0.001    1.902    2.143    0    0  (Gen:  0)
  1038128    559016 365402072  0.001  0.001    1.903    2.144    0    0  (Gen:  0)
  1038208    571968 365729256  0.001  0.001    1.904    2.145    0    0  (Gen:  0)
  1038144    565280 366058488  0.001  0.001    1.905    2.146    0    0  (Gen:  0)
  1038840    558920 366388264  0.001  0.001    1.906    2.146    0    0  (Gen:  0)
  1038408    573624 366717048  0.001  0.001    1.907    2.147    0    0  (Gen:  0)
  1038232    565648 367045568  0.001  0.001    1.908    2.148    0    0  (Gen:  0)
  1038168    560272 367375800  0.001  0.001    1.909    2.149    0    0  (Gen:  0)
  1038392    573776 367703448  0.001  0.001    1.909    2.150    0    0  (Gen:  0)
  1038840    566240 368031952  0.000  0.000    1.910    2.151    0    0  (Gen:  0)
  1038168    560784 368362368  0.001  0.001    1.911    2.152    0    0  (Gen:  0)
  1038144    574888 368690904  0.001  0.001    1.912    2.152    0    0  (Gen:  0)
  1038152    566712 369018816  0.001  0.001    1.913    2.153    0    0  (Gen:  0)
  1038864    561264 369349336  0.001  0.001    1.914    2.154    0    0  (Gen:  0)
  1071248    574784 369676672  0.001  0.001    1.915    2.155    0    0  (Gen:  0)
  1333104    567240 370038072  0.001  0.001    1.916    2.156    0    0  (Gen:  0)
  1136408    560240 370367488  0.001  0.001    1.916    2.157    0    0  (Gen:  0)
  1038216    576104 370696792  0.001  0.001    1.917    2.158    0    0  (Gen:  0)
  1039104    567936 371025392  0.001  0.001    1.918    2.159    0    0  (Gen:  0)
  1037728    561736 371355096  0.001  0.001    1.919    2.160    0    0  (Gen:  0)
  1038616    576456 371683456  0.001  0.001    1.920    2.160    0    0  (Gen:  0)
  1038056    567976 372011296  0.000  0.000    1.921    2.161    0    0  (Gen:  0)
  1038888    562408 372341808  0.001  0.001    1.921    2.162    0    0  (Gen:  0)
  1038440    577520 372670856  0.000  0.000    1.922    2.163    0    0  (Gen:  0)
  1037768    568560 372998144  0.001  0.001    1.923    2.164    0    0  (Gen:  0)
  1038552    562336 373328296  0.000  0.000    1.924    2.165    0    0  (Gen:  0)
  1038272    555024 373656528  0.001  0.001    1.925    2.166    0    0  (Gen:  0)
  1039064    570016 373985760  0.000  0.000    1.926    2.166    0    0  (Gen:  0)
  1037672    562760 374314816  0.000  0.000    1.927    2.167    0    0  (Gen:  0)
  1038688    555592 374644440  0.000  0.000    1.927    2.168    0    0  (Gen:  0)
  1037968    570224 374972496  0.000  0.000    1.928    2.169    0    0  (Gen:  0)
  1038720    562960 375301432  0.000  0.000    1.929    2.170    0    0  (Gen:  0)
  1038160    557144 375631968  0.000  0.000    1.930    2.171    0    0  (Gen:  0)
  1038208    570584 375958880  0.000  0.000    1.931    2.171    0    0  (Gen:  0)
  1038632    564672 376288896  0.000  0.000    1.932    2.172    0    0  (Gen:  0)
  1038312    557368 376618472  0.000  0.000    1.932    2.173    0    0  (Gen:  0)
  1038952    571280 376945984  0.000  0.000    1.933    2.174    0    0  (Gen:  0)
  1037720    563760 377274320  0.000  0.000    1.934    2.175    0    0  (Gen:  0)
  1038736    559160 377606096  0.001  0.001    1.935    2.176    0    0  (Gen:  0)
  1037880    571008 377932280  0.001  0.001    1.936    2.177    0    0  (Gen:  0)
  1038760    564192 378261344  0.000  0.000    1.937    2.177    0    0  (Gen:  0)
  1038168    559144 378592016  0.000  0.000    1.937    2.178    0    0  (Gen:  0)
  1038184    572480 378919512  0.001  0.001    1.938    2.179    0    0  (Gen:  0)
  1038152    564888 379248480  0.001  0.001    1.939    2.180    0    0  (Gen:  0)
  1038832    559088 379578424  0.001  0.001    1.940    2.181    0    0  (Gen:  0)
  1038944    573312 379906408  0.001  0.001    1.941    2.182    0    0  (Gen:  0)
  1037696    564808 380234648  0.001  0.001    1.942    2.183    0    0  (Gen:  0)
  1038160    559168 380564824  0.001  0.001    1.943    2.183    0    0  (Gen:  0)
  1038432    573224 380892816  0.001  0.001    1.943    2.184    0    0  (Gen:  0)
  1038800    565824 381221632  0.001  0.001    1.944    2.185    0    0  (Gen:  0)
  1038208    560256 381551760  0.000  0.000    1.945    2.186    0    0  (Gen:  0)
  1038136    574576 381880200  0.001  0.001    1.946    2.187    0    0  (Gen:  0)
  1038128    566064 382207832  0.001  0.001    1.947    2.188    0    0  (Gen:  0)
  1038872    561304 382539080  0.001  0.001    1.948    2.189    0    0  (Gen:  0)
  1038464    574816 382866752  0.001  0.001    1.949    2.189    0    0  (Gen:  0)
  1038200    566952 383194928  0.001  0.001    1.949    2.190    0    0  (Gen:  0)
  1038120    560800 383525080  0.001  0.001    1.950    2.191    0    0  (Gen:  0)
  1038416    575416 383853200  0.001  0.001    1.951    2.192    0    0  (Gen:  0)
  1038880    567384 384181560  0.000  0.000    1.952    2.193    0    0  (Gen:  0)
  1038064    560888 384511536  0.000  0.000    1.953    2.194    0    0  (Gen:  0)
  1038272    575952 384840024  0.001  0.001    1.954    2.195    0    0  (Gen:  0)
  1038088    568304 385168960  0.001  0.001    1.955    2.196    0    0  (Gen:  0)
  1038896    561872 385498360  0.001  0.001    1.955    2.196    0    0  (Gen:  0)
  1038416    577224 385827360  0.001  0.001    1.956    2.197    0    0  (Gen:  0)
  1038272    568176 386154856  0.000  0.000    1.957    2.198    0    0  (Gen:  0)
  1038064    562448 386485368  0.001  0.001    1.958    2.199    0    0  (Gen:  0)
  1038240    577368 386813840  0.001  0.001    1.959    2.200    0    0  (Gen:  0)
  1039064    569472 387142208  0.001  0.001    1.960    2.201    0    0  (Gen:  0)
  1037672    562392 387471224  0.000  0.000    1.961    2.202    0    0  (Gen:  0)
  1038688    554712 387800528  0.000  0.000    1.961    2.202    0    0  (Gen:  0)
  1037992    569576 388128736  0.001  0.001    1.962    2.203    0    0  (Gen:  0)
  1038696    563256 388458616  0.000  0.000    1.963    2.204    0    0  (Gen:  0)
  1038632    556448 388788416  0.000  0.000    1.964    2.205    0    0  (Gen:  0)
  1037760    570120 389115400  0.000  0.000    1.965    2.206    0    0  (Gen:  0)
  1038632    563664 389445200  0.000  0.000    1.966    2.207    0    0  (Gen:  0)
  1038296    556848 389774904  0.000  0.000    1.967    2.208    0    0  (Gen:  0)
  1038968    570680 390102160  0.001  0.001    1.967    2.208    0    0  (Gen:  0)
  1037696    564416 390431848  0.000  0.000    1.968    2.209    0    0  (Gen:  0)
  1038752    558216 390762344  0.001  0.001    1.969    2.210    0    0  (Gen:  0)
  1037864    570440 391088616  0.000  0.000    1.970    2.211    0    0  (Gen:  0)
  1038776    564704 391418272  0.001  0.001    1.971    2.212    0    0  (Gen:  0)
  1038152    559480 391749344  0.000  0.000    1.972    2.213    0    0  (Gen:  0)
  1038208    571808 392076176  0.001  0.001    1.973    2.214    0    0  (Gen:  0)
  1038136    564192 392404592  0.001  0.001    1.973    2.214    0    0  (Gen:  0)
  1038872    558720 392734904  0.001  0.001    1.974    2.215    0    0  (Gen:  0)
  1038920    572392 393062376  0.001  0.001    1.975    2.216    0    0  (Gen:  0)
  1037736    564936 393391376  0.000  0.000    1.976    2.217    0    0  (Gen:  0)
  1038104    558648 393721296  0.001  0.001    1.977    2.218    0    0  (Gen:  0)
  1038424    573560 394049816  0.001  0.001    1.978    2.219    0    0  (Gen:  0)
  1038824    565640 394378504  0.001  0.001    1.979    2.220    0    0  (Gen:  0)
  1038184    559936 394708600  0.001  0.001    1.979    2.221    0    0  (Gen:  0)
  1169224    573432 395036120  0.001  0.001    1.980    2.221    0    0  (Gen:  0)
  1267560    566064 395397704  0.001  0.001    1.981    2.222    0    0  (Gen:  0)
  1104368    560752 395727976  0.001  0.001    1.982    2.223    0    0  (Gen:  0)
  1038432    575000 396056640  0.001  0.001    1.983    2.224    0    0  (Gen:  0)
  1038216    495224 396384608  0.000  0.000    1.984    2.225    0    0  (Gen:  0)
  1038136    560816 396714776  0.001  0.001    1.985    2.226    0    0  (Gen:  0)
  1038400    574800 397042488  0.001  0.001    1.986    2.227    0    0  (Gen:  0)
  1038896    567424 397371216  0.000  0.000    1.986    2.228    0    0  (Gen:  0)
  1038072    560456 397700840  0.001  0.001    1.987    2.228    0    0  (Gen:  0)
  1038240    575984 398029688  0.001  0.001    1.988    2.229    0    0  (Gen:  0)
  1038104    567480 398358016  0.000  0.000    1.989    2.230    0    0  (Gen:  0)
  1038880    561440 398687992  0.001  0.001    1.990    2.231    0    0  (Gen:  0)
  1038440    576408 399016368  0.000  0.000    1.991    2.232    0    0  (Gen:  0)
  1038240    567856 399344368  0.000  0.000    1.991    2.233    0    0  (Gen:  0)
  1038080    561944 399674384  0.001  0.001    1.992    2.233    0    0  (Gen:  0)
  1038224    577488 400003704  0.001  0.001    1.993    2.234    0    0  (Gen:  0)
  1039104    568608 400331144  0.001  0.001    1.994    2.235    0    0  (Gen:  0)
  1037664    562624 400661368  0.001  0.001    1.995    2.236    0    0  (Gen:  0)
  1038656    577192 400989712  0.001  0.001    1.996    2.237    0    0  (Gen:  0)
  1038032    569824 401318376  0.000  0.000    1.997    2.238    0    0  (Gen:  0)
  1038952    562584 401647664  0.000  0.000    1.997    2.239    0    0  (Gen:  0)
  1038368    555384 401977048  0.000  0.000    1.998    2.240    0    0  (Gen:  0)
  1037768    569848 402305192  0.000  0.000    1.999    2.240    0    0  (Gen:  0)
  1038608    563176 402634208  0.000  0.000    2.000    2.241    0    0  (Gen:  0)
  1038296    556920 402964600  0.001  0.001    2.001    2.242    0    0  (Gen:  0)
  1039024    570744 403291928  0.001  0.001    2.002    2.243    0    0  (Gen:  0)
  1037640    564264 403621592  0.000  0.000    2.003    2.244    0    0  (Gen:  0)
  1038744    557168 403951080  0.001  0.001    2.003    2.245    0    0  (Gen:  0)
  1037856    570800 404278256  0.001  0.001    2.004    2.246    0    0  (Gen:  0)
  1038808    564312 404607440  0.000  0.000    2.005    2.246    0    0  (Gen:  0)
  1038168    558632 404938440  0.001  0.001    2.006    2.247    0    0  (Gen:  0)
  1038200    570608 405264784  0.000  0.000    2.007    2.248    0    0  (Gen:  0)
  1038112    564456 405594264  0.001  0.001    2.008    2.249    0    0  (Gen:  0)
  1038856    559256 405925000  0.000  0.000    2.008    2.250    0    0  (Gen:  0)
  1038920    572792 406252680  0.001  0.001    2.009    2.251    0    0  (Gen:  0)
  1037744    564832 406581296  0.000  0.000    2.010    2.252    0    0  (Gen:  0)
  1038120    558968 406911288  0.001  0.001    2.011    2.252    0    0  (Gen:  0)
  1038448    572336 407238512  0.000  0.000    2.012    2.253    0    0  (Gen:  0)
  1038824    564784 407567312  0.000  0.000    2.013    2.254    0    0  (Gen:  0)
  1038144    558968 407897448  0.001  0.001    2.014    2.255    0    0  (Gen:  0)
  1038184    572912 408225352  0.000  0.000    2.014    2.256    0    0  (Gen:  0)
  1038152    566176 408554992  0.000  0.000    2.015    2.257    0    0  (Gen:  0)
  1038872    560312 408884480  0.001  0.001    2.016    2.258    0    0  (Gen:  0)
  1038400    574504 409212824  0.001  0.001    2.017    2.258    0    0  (Gen:  0)
  1038224    565872 409540608  0.000  0.000    2.018    2.259    0    0  (Gen:  0)
  1038136    560856 409871496  0.001  0.001    2.019    2.260    0    0  (Gen:  0)
  1038408    575056 410199896  0.001  0.001    2.019    2.261    0    0  (Gen:  0)
  1038864    566720 410527584  0.000  0.000    2.020    2.262    0    0  (Gen:  0)
  1038160    561216 410858288  0.001  0.001    2.021    2.263    0    0  (Gen:  0)
  1038160    575128 411185744  0.001  0.001    2.022    2.264    0    0  (Gen:  0)
  1038104    567088 411514192  0.000  0.000    2.023    2.264    0    0  (Gen:  0)
  1038912    560736 411844128  0.001  0.001    2.024    2.265    0    0  (Gen:  0)
  1038448    575904 412172744  0.001  0.001    2.025    2.266    0    0  (Gen:  0)
  1038192    567944 412501600  0.001  0.001    2.025    2.267    0    0  (Gen:  0)
  1038128    561400 412830848  0.001  0.001    2.026    2.268    0    0  (Gen:  0)
  1038200    576696 413159704  0.001  0.001    2.027    2.269    0    0  (Gen:  0)
  1039120    568096 413487504  0.000  0.000    2.028    2.270    0    0  (Gen:  0)
  1037664    562288 413817896  0.001  0.001    2.029    2.271    0    0  (Gen:  0)
  1038656    577512 414146904  0.001  0.001    2.030    2.271    0    0  (Gen:  0)
  1038008    568224 414473872  0.001  0.001    2.031    2.272    0    0  (Gen:  0)
  1038952    562240 414804128  0.001  0.001    2.032    2.273    0    0  (Gen:  0)
  1038384    555672 415133144  0.001  0.001    2.032    2.274    0    0  (Gen:  0)
  1037784    569520 415461600  0.001  0.001    2.033    2.275    0    0  (Gen:  0)
  1038560    562800 415791128  0.001  0.001    2.034    2.276    0    0  (Gen:  0)
  1038312    555936 416120784  0.001  0.001    2.035    2.277    0    0  (Gen:  0)
  1039048    570224 416448520  0.000  0.000    2.036    2.277    0    0  (Gen:  0)
  1037672    563304 416777752  0.000  0.000    2.037    2.278    0    0  (Gen:  0)
  1038680    556544 417107616  0.001  0.001    2.038    2.279    0    0  (Gen:  0)
  1037896    570544 417434904  0.001  0.001    2.038    2.280    0    0  (Gen:  0)
  1038792    564408 417764640  0.001  0.001    2.039    2.281    0    0  (Gen:  0)
  1038168    557688 418094792  0.001  0.001    2.040    2.282    0    0  (Gen:  0)
  1038216    571136 418422088  0.001  0.001    2.041    2.283    0    0  (Gen:  0)
  1038616    564072 418750832  0.000  0.000    2.042    2.283    0    0  (Gen:  0)
  1038320    559408 419082288  0.001  0.001    2.043    2.284    0    0  (Gen:  0)
  1038912    571656 419409024  0.001  0.001    2.044    2.285    0    0  (Gen:  0)
  1037760    564096 419737312  0.001  0.001    2.044    2.286    0    0  (Gen:  0)
  1070872    558896 420068016  0.001  0.001    2.045    2.287    0    0  (Gen:  0)
  1267840    572328 420395312  0.001  0.001    2.046    2.288    0    0  (Gen:  0)
  1202656    565512 420757768  0.000  0.000    2.047    2.289    0    0  (Gen:  0)
  1038128    559192 421087352  0.001  0.001    2.048    2.290    0    0  (Gen:  0)
  1038200    573088 421415224  0.001  0.001    2.049    2.291    0    0  (Gen:  0)
  1038152    565144 421743648  0.000  0.000    2.050    2.291    0    0  (Gen:  0)
  1038856    559752 422074096  0.000  0.000    2.050    2.292    0    0  (Gen:  0)
  1038400    573296 422401704  0.000  0.000    2.051    2.293    0    0  (Gen:  0)
  1038248    566016 422730592  0.000  0.000    2.052    2.294    0    0  (Gen:  0)
  1038152    560088 423060384  0.000  0.001    2.053    2.295    0    0  (Gen:  0)
  1038384    574560 423389072  0.001  0.001    2.054    2.296    0    0  (Gen:  0)
  1038848    566784 423717320  0.000  0.000    2.055    2.297    0    0  (Gen:  0)
  1038176    561360 424048048  0.001  0.001    2.056    2.297    0    0  (Gen:  0)
  1038160    575000 424375832  0.001  0.001    2.056    2.298    0    0  (Gen:  0)
  1038104    567064 424703896  0.000  0.000    2.057    2.299    0    0  (Gen:  0)
  1038912    560944 425034248  0.001  0.001    2.058    2.300    0    0  (Gen:  0)
  1038472    575928 425362576  0.001  0.001    2.059    2.301    0    0  (Gen:  0)
  1038160    567168 425690640  0.000  0.000    2.060    2.302    0    0  (Gen:  0)
  1038120    561112 426020592  0.001  0.001    2.061    2.302    0    0  (Gen:  0)
  1038232    576160 426349040  0.001  0.001    2.061    2.303    0    0  (Gen:  0)
  1039088    568264 426677664  0.001  0.001    2.062    2.304    0    0  (Gen:  0)
  1037712    561608 427006944  0.001  0.001    2.063    2.305    0    0  (Gen:  0)
  1038608    577328 427336472  0.001  0.001    2.064    2.306    0    0  (Gen:  0)
  1038096    568328 427663760  0.001  0.001    2.065    2.307    0    0  (Gen:  0)
  1038880    562928 427994496  0.001  0.001    2.066    2.308    0    0  (Gen:  0)
  1038368    577264 428322704  0.001  0.001    2.067    2.309    0    0  (Gen:  0)
  1037824    569312 428651104  0.001  0.001    2.067    2.309    0    0  (Gen:  0)
  1038544    562272 428980136  0.000  0.000    2.068    2.310    0    0  (Gen:  0)
  1038288    555032 429309672  0.000  0.000    2.069    2.311    0    0  (Gen:  0)
  1039056    570216 429638376  0.000  0.000    2.070    2.312    0    0  (Gen:  0)
  1037704    562664 429966928  0.001  0.001    2.071    2.313    0    0  (Gen:  0)
  1038640    556720 430297536  0.000  0.000    2.072    2.314    0    0  (Gen:  0)
  1037968    570176 430624264  0.000  0.000    2.073    2.315    0    0  (Gen:  0)
  1038744    564128 430954440  0.001  0.001    2.073    2.315    0    0  (Gen:  0)
  1038168    557136 431284112  0.000  0.000    2.074    2.316    0    0  (Gen:  0)
  1038216    570624 431611088  0.000  0.000    2.075    2.317    0    0  (Gen:  0)
  1038632    564688 431940960  0.000  0.000    2.076    2.318    0    0  (Gen:  0)
  1038320    558472 432271584  0.001  0.001    2.077    2.319    0    0  (Gen:  0)
  1038872    570880 432598200  0.001  0.001    2.078    2.320    0    0  (Gen:  0)
  1037784    564440 432927416  0.000  0.000    2.078    2.320    0    0  (Gen:  0)
  1038752    559200 433258288  0.001  0.001    2.079    2.321    0    0  (Gen:  0)
  1037880    572072 433585376  0.000  0.000    2.080    2.322    0    0  (Gen:  0)
  1038760    564656 433914088  0.000  0.000    2.081    2.323    0    0  (Gen:  0)
  1038128    559016 434244152  0.001  0.001    2.082    2.324    0    0  (Gen:  0)
  1038208    571968 434571336  0.000  0.000    2.083    2.325    0    0  (Gen:  0)
  1038144    565280 434900568  0.001  0.001    2.084    2.326    0    0  (Gen:  0)
  1038840    558920 435230344  0.000  0.000    2.084    2.326    0    0  (Gen:  0)
  1038408    573624 435559128  0.001  0.001    2.085    2.327    0    0  (Gen:  0)
  1038232    565648 435887648  0.001  0.001    2.086    2.328    0    0  (Gen:  0)
  1038168    560272 436217880  0.001  0.001    2.087    2.329    0    0  (Gen:  0)
  1038392    573776 436545528  0.001  0.001    2.088    2.330    0    0  (Gen:  0)
  1038840    566240 436874032  0.000  0.000    2.089    2.331    0    0  (Gen:  0)
  1038168    560784 437204448  0.001  0.001    2.090    2.332    0    0  (Gen:  0)
  1038144    574888 437532984  0.001  0.001    2.090    2.333    0    0  (Gen:  0)
  1038152    566712 437860896  0.001  0.001    2.091    2.333    0    0  (Gen:  0)
  1038864    561264 438191416  0.001  0.001    2.092    2.334    0    0  (Gen:  0)
  1038480    574784 438518752  0.001  0.001    2.093    2.335    0    0  (Gen:  0)
  1038192    567232 438847384  0.000  0.000    2.094    2.336    0    0  (Gen:  0)
  1038104    560240 439176800  0.001  0.001    2.095    2.337    0    0  (Gen:  0)
  1038216    576128 439506072  0.000  0.000    2.096    2.338    0    0  (Gen:  0)
  1039104    567936 439834672  0.001  0.001    2.096    2.339    0    0  (Gen:  0)
  1037728    561736 440164376  0.001  0.001    2.097    2.339    0    0  (Gen:  0)
  1038616    576456 440492736  0.001  0.001    2.098    2.340    0    0  (Gen:  0)
  1038056    567976 440820576  0.001  0.001    2.099    2.341    0    0  (Gen:  0)
  1038888    562408 441151088  0.001  0.001    2.100    2.342    0    0  (Gen:  0)
  1038440    577520 441480136  0.000  0.000    2.101    2.343    0    0  (Gen:  0)
  1037768    568560 441807424  0.001  0.001    2.102    2.344    0    0  (Gen:  0)
  1038552    562336 442137576  0.001  0.001    2.102    2.345    0    0  (Gen:  0)
  1038272    555024 442465808  0.001  0.001    2.103    2.346    0    0  (Gen:  0)
  1039064    570016 442795040  0.001  0.001    2.104    2.346    0    0  (Gen:  0)
  1037672    562760 443124096  0.000  0.000    2.105    2.347    0    0  (Gen:  0)
  1038688    555592 443453720  0.001  0.001    2.106    2.348    0    0  (Gen:  0)
  1037968    570224 443781776  0.001  0.001    2.107    2.349    0    0  (Gen:  0)
  1038720    562960 444110712  0.001  0.001    2.108    2.350    0    0  (Gen:  0)
  1038160    557144 444441248  0.001  0.001    2.108    2.351    0    0  (Gen:  0)
  1038208    570584 444768160  0.001  0.001    2.109    2.352    0    0  (Gen:  0)
  1038632    564672 445098176  0.001  0.001    2.110    2.352    0    0  (Gen:  0)
  1071080    557368 445427752  0.001  0.001    2.111    2.353    0    0  (Gen:  0)
  1333864    571280 445755264  0.001  0.001    2.112    2.354    0    0  (Gen:  0)
  1136024    563768 446116368  0.000  0.000    2.113    2.355    0    0  (Gen:  0)
  1038736    559160 446448144  0.001  0.001    2.114    2.356    0    0  (Gen:  0)
  1037880    571008 446774328  0.000  0.000    2.115    2.357    0    0  (Gen:  0)
  1038760    564192 447103392  0.000  0.000    2.115    2.358    0    0  (Gen:  0)
  1038168    559144 447434064  0.000  0.000    2.116    2.359    0    0  (Gen:  0)
  1038184    572480 447761560  0.000  0.000    2.117    2.359    0    0  (Gen:  0)
  1038152    564888 448090528  0.001  0.001    2.118    2.360    0    0  (Gen:  0)
  1038832    559088 448420472  0.000  0.000    2.119    2.361    0    0  (Gen:  0)
  1038944    573312 448748456  0.001  0.001    2.120    2.362    0    0  (Gen:  0)
  1037696    564808 449076696  0.000  0.000    2.120    2.363    0    0  (Gen:  0)
  1038160    559168 449406872  0.000  0.000    2.121    2.364    0    0  (Gen:  0)
  1038432    573224 449734864  0.001  0.001    2.122    2.365    0    0  (Gen:  0)
  1038800    565824 450063680  0.001  0.001    2.123    2.365    0    0  (Gen:  0)
  1038208    560256 450393808  0.000  0.000    2.124    2.366    0    0  (Gen:  0)
  1038136    574576 450722248  0.001  0.001    2.125    2.367    0    0  (Gen:  0)
  1038128    566064 451049880  0.001  0.001    2.126    2.368    0    0  (Gen:  0)
  1038872    561304 451381128  0.001  0.001    2.126    2.369    0    0  (Gen:  0)
  1038464    574816 451708800  0.001  0.001    2.127    2.370    0    0  (Gen:  0)
  1038200    566952 452036976  0.001  0.001    2.128    2.371    0    0  (Gen:  0)
  1038120    560800 452367128  0.001  0.001    2.129    2.371    0    0  (Gen:  0)
  1038416    575416 452695248  0.001  0.001    2.130    2.372    0    0  (Gen:  0)
  1038880    567384 453023608  0.000  0.000    2.131    2.373    0    0  (Gen:  0)
  1038064    560888 453353584  0.000  0.000    2.131    2.374    0    0  (Gen:  0)
  1038272    575952 453682072  0.000  0.000    2.132    2.375    0    0  (Gen:  0)
  1038184    568400 454011104  0.001  0.001    2.133    2.376    0    0  (Gen:  0)
  1038896    561912 454340504  0.001  0.001    2.134    2.377    0    0  (Gen:  0)
  1038416    577224 454669504  0.001  0.001    2.135    2.377    0    0  (Gen:  0)
  1038272    568176 454997000  0.000  0.000    2.136    2.378    0    0  (Gen:  0)
  1038064    562448 455327512  0.001  0.001    2.137    2.379    0    0  (Gen:  0)
  1038240    577368 455655984  0.001  0.001    2.137    2.380    0    0  (Gen:  0)
  1039064    569472 455984352  0.000  0.000    2.138    2.381    0    0  (Gen:  0)
  1037672    562392 456313368  0.000  0.000    2.139    2.382    0    0  (Gen:  0)
  1038688    554712 456642672  0.000  0.000    2.140    2.383    0    0  (Gen:  0)
  1037992    569576 456970880  0.000  0.000    2.141    2.383    0    0  (Gen:  0)
  1038696    563256 457300760  0.000  0.000    2.142    2.384    0    0  (Gen:  0)
  1038632    556448 457630560  0.000  0.000    2.142    2.385    0    0  (Gen:  0)
  1037760    570120 457957544  0.000  0.001    2.143    2.386    0    0  (Gen:  0)
  1038632    563664 458287344  0.000  0.000    2.144    2.387    0    0  (Gen:  0)
  1038296    556848 458617048  0.000  0.000    2.145    2.388    0    0  (Gen:  0)
  1038968    570680 458944304  0.001  0.001    2.146    2.389    0    0  (Gen:  0)
  1037696    564416 459273992  0.000  0.000    2.147    2.389    0    0  (Gen:  0)
  1038752    558216 459604488  0.001  0.001    2.148    2.390    0    0  (Gen:  0)
  1037864    570440 459930760  0.001  0.001    2.148    2.391    0    0  (Gen:  0)
  1038776    564704 460260416  0.000  0.000    2.149    2.392    0    0  (Gen:  0)
  1038152    559480 460591488  0.000  0.000    2.150    2.393    0    0  (Gen:  0)
  1038208    571808 460918320  0.001  0.001    2.151    2.394    0    0  (Gen:  0)
  1038136    564192 461246736  0.001  0.001    2.152    2.394    0    0  (Gen:  0)
  1038872    558720 461577048  0.001  0.001    2.153    2.395    0    0  (Gen:  0)
  1038920    572392 461904520  0.001  0.001    2.154    2.396    0    0  (Gen:  0)
  1037736    564936 462233520  0.000  0.000    2.154    2.397    0    0  (Gen:  0)
  1038104    558648 462563440  0.001  0.001    2.155    2.398    0    0  (Gen:  0)
  1038424    573560 462891960  0.001  0.001    2.156    2.399    0    0  (Gen:  0)
  1038824    565640 463220648  0.001  0.001    2.157    2.400    0    0  (Gen:  0)
  1038184    559936 463550744  0.001  0.001    2.158    2.401    0    0  (Gen:  0)
  1038152    573432 463878264  0.001  0.001    2.159    2.401    0    0  (Gen:  0)
  1038184    566056 464207080  0.001  0.001    2.160    2.402    0    0  (Gen:  0)
  1038832    560744 464537352  0.001  0.001    2.160    2.403    0    0  (Gen:  0)
  1038432    575008 464866016  0.000  0.000    2.161    2.404    0    0  (Gen:  0)
  1038216    566792 465193952  0.001  0.001    2.162    2.405    0    0  (Gen:  0)
  1038136    560816 465524120  0.001  0.001    2.163    2.406    0    0  (Gen:  0)
  1038400    574800 465851832  0.001  0.001    2.164    2.407    0    0  (Gen:  0)
  1038896    567424 466180560  0.000  0.000    2.165    2.408    0    0  (Gen:  0)
  1038072    560456 466510184  0.001  0.001    2.166    2.408    0    0  (Gen:  0)
  1038240    575984 466839032  0.001  0.001    2.166    2.409    0    0  (Gen:  0)
  1038104    567480 467167360  0.000  0.000    2.167    2.410    0    0  (Gen:  0)
  1038880    561440 467497336  0.000  0.000    2.168    2.411    0    0  (Gen:  0)
  1038440    576408 467825712  0.001  0.001    2.169    2.412    0    0  (Gen:  0)
  1038240    567856 468153712  0.001  0.001    2.170    2.413    0    0  (Gen:  0)
  1038080    561944 468483728  0.001  0.001    2.171    2.414    0    0  (Gen:  0)
  1038224    577488 468813048  0.001  0.001    2.172    2.414    0    0  (Gen:  0)
  1039104    568608 469140488  0.001  0.001    2.173    2.415    0    0  (Gen:  0)
  1037664    562624 469470712  0.001  0.001    2.173    2.416    0    0  (Gen:  0)
  1038656    577192 469799056  0.001  0.001    2.174    2.417    0    0  (Gen:  0)
  1038032    569824 470127720  0.001  0.001    2.175    2.418    0    0  (Gen:  0)
  1038952    562584 470457008  0.000  0.000    2.176    2.419    0    0  (Gen:  0)
  1267744    555384 470786392  0.001  0.001    2.177    2.420    0    0  (Gen:  0)
  1201608    569848 471114536  0.001  0.001    2.178    2.421    0    0  (Gen:  0)
  1071376    563168 471476320  0.001  0.001    2.179    2.422    0    0  (Gen:  0)
  1038296    496528 471806744  0.000  0.000    2.179    2.422    0    0  (Gen:  0)
  1039024    495192 472134104  0.000  0.000    2.180    2.423    0    0  (Gen:  0)
  1037640    564264 472463768  0.000  0.001    2.181    2.424    0    0  (Gen:  0)
  1038744    557168 472793256  0.000  0.000    2.182    2.425    0    0  (Gen:  0)
  1037856    570800 473120432  0.001  0.001    2.183    2.426    0    0  (Gen:  0)
  1038808    564312 473449616  0.000  0.000    2.184    2.427    0    0  (Gen:  0)
  1038168    558632 473780616  0.000  0.000    2.184    2.427    0    0  (Gen:  0)
  1038200    570608 474106960  0.000  0.000    2.185    2.428    0    0  (Gen:  0)
  1038112    564456 474436440  0.000  0.000    2.186    2.429    0    0  (Gen:  0)
  1038856    559256 474767176  0.000  0.000    2.187    2.430    0    0  (Gen:  0)
  1038920    572792 475094856  0.001  0.001    2.188    2.431    0    0  (Gen:  0)
  1037744    564832 475423472  0.001  0.001    2.189    2.432    0    0  (Gen:  0)
  1038120    558968 475753464  0.001  0.001    2.189    2.432    0    0  (Gen:  0)
  1038448    572336 476080688  0.000  0.000    2.190    2.433    0    0  (Gen:  0)
  1038824    564784 476409488  0.000  0.000    2.191    2.434    0    0  (Gen:  0)
  1038144    558968 476739624  0.000  0.000    2.192    2.435    0    0  (Gen:  0)
  1038184    572912 477067528  0.000  0.000    2.193    2.436    0    0  (Gen:  0)
  1038152    566176 477397168  0.000  0.000    2.194    2.437    0    0  (Gen:  0)
  1038872    560312 477726656  0.000  0.000    2.194    2.438    0    0  (Gen:  0)
  1038400    574504 478055000  0.000  0.000    2.195    2.438    0    0  (Gen:  0)
  1038224    565872 478382784  0.001  0.001    2.196    2.439    0    0  (Gen:  0)
  1038136    560856 478713672  0.001  0.001    2.197    2.440    0    0  (Gen:  0)
  1038408    575056 479042072  0.000  0.000    2.198    2.441    0    0  (Gen:  0)
  1038864    566720 479369760  0.000  0.000    2.199    2.442    0    0  (Gen:  0)
  1038160    561216 479700464  0.001  0.001    2.200    2.443    0    0  (Gen:  0)
  1038160    575128 480027920  0.001  0.001    2.200    2.444    0    0  (Gen:  0)
  1038104    567088 480356368  0.001  0.001    2.201    2.444    0    0  (Gen:  0)
  1038912    560736 480686304  0.001  0.001    2.202    2.445    0    0  (Gen:  0)
  1038448    575904 481014920  0.001  0.001    2.203    2.446    0    0  (Gen:  0)
  1038192    567944 481343776  0.001  0.001    2.204    2.447    0    0  (Gen:  0)
  1038128    561400 481673024  0.001  0.001    2.205    2.448    0    0  (Gen:  0)
  1038200    576696 482001880  0.001  0.001    2.206    2.449    0    0  (Gen:  0)
  1039120    568096 482329680  0.000  0.000    2.206    2.450    0    0  (Gen:  0)
  1037664    562288 482660072  0.001  0.001    2.207    2.450    0    0  (Gen:  0)
  1038656    577512 482989080  0.001  0.001    2.208    2.451    0    0  (Gen:  0)
  1038008    568224 483316048  0.001  0.001    2.209    2.452    0    0  (Gen:  0)
  1038952    562240 483646304  0.001  0.001    2.210    2.453    0    0  (Gen:  0)
  1038384    555672 483975320  0.001  0.001    2.211    2.454    0    0  (Gen:  0)
  1037784    569520 484303776  0.000  0.001    2.212    2.455    0    0  (Gen:  0)
  1038560    562800 484633304  0.001  0.001    2.212    2.456    0    0  (Gen:  0)
  1038312    555936 484962960  0.000  0.000    2.213    2.457    0    0  (Gen:  0)
  1039048    570224 485290696  0.000  0.000    2.214    2.457    0    0  (Gen:  0)
  1037672    563304 485619928  0.000  0.000    2.215    2.458    0    0  (Gen:  0)
  1038680    556544 485949792  0.001  0.000    2.216    2.459    0    0  (Gen:  0)
  1037896    570544 486277080  0.000  0.000    2.217    2.460    0    0  (Gen:  0)
  1038792    564408 486606816  0.001  0.001    2.217    2.461    0    0  (Gen:  0)
  1038168    557688 486936968  0.001  0.001    2.218    2.462    0    0  (Gen:  0)
  1038216    571136 487264264  0.000  0.000    2.219    2.462    0    0  (Gen:  0)
  1038616    564072 487593008  0.000  0.000    2.220    2.463    0    0  (Gen:  0)
  1038320    559408 487924464  0.001  0.001    2.221    2.464    0    0  (Gen:  0)
  1038912    571656 488251200  0.001  0.001    2.222    2.465    0    0  (Gen:  0)
  1037760    564096 488579488  0.001  0.001    2.223    2.466    0    0  (Gen:  0)
  1038104    558896 488910192  0.001  0.001    2.223    2.467    0    0  (Gen:  0)
  1038464    572328 489237488  0.001  0.001    2.224    2.468    0    0  (Gen:  0)
  1038816    565504 489567176  0.001  0.001    2.225    2.469    0    0  (Gen:  0)
  1038128    559192 489896760  0.001  0.001    2.226    2.469    0    0  (Gen:  0)
  1038200    573088 490224632  0.001  0.001    2.227    2.470    0    0  (Gen:  0)
  1038152    565144 490553056  0.001  0.001    2.228    2.471    0    0  (Gen:  0)
  1038856    559752 490883504  0.001  0.001    2.229    2.472    0    0  (Gen:  0)
  1038400    573296 491211112  0.001  0.001    2.230    2.473    0    0  (Gen:  0)
  1038248    566016 491540000  0.001  0.001    2.231    2.474    0    0  (Gen:  0)
  1038152    560088 491869792  0.001  0.001    2.232    2.475    0    0  (Gen:  0)
  1038384    574560 492198480  0.001  0.001    2.233    2.476    0    0  (Gen:  0)
  1038848    566784 492526728  0.001  0.001    2.234    2.477    0    0  (Gen:  0)
  1038176    561360 492857456  0.001  0.001    2.235    2.478    0    0  (Gen:  0)
  1038160    575000 493185240  0.001  0.001    2.236    2.479    0    0  (Gen:  0)
  1038104    567064 493513304  0.001  0.001    2.237    2.480    0    0  (Gen:  0)
  1038912    560944 493843656  0.001  0.001    2.237    2.481    0    0  (Gen:  0)
  1038472    575928 494171984  0.001  0.001    2.239    2.482    0    0  (Gen:  0)
  1038160    567168 494500048  0.001  0.001    2.239    2.483    0    0  (Gen:  0)
  1038120    561112 494830000  0.001  0.001    2.240    2.484    0    0  (Gen:  0)
  1038232    576160 495158448  0.001  0.001    2.241    2.485    0    0  (Gen:  0)
  1039088    568264 495487072  0.001  0.001    2.242    2.486    0    0  (Gen:  0)
  1070480    561608 495816352  0.001  0.001    2.243    2.487    0    0  (Gen:  0)
  1333520    577328 496178648  0.001  0.001    2.244    2.488    0    0  (Gen:  0)
  1136400    568336 496505952  0.001  0.001    2.245    2.489    0    0  (Gen:  0)
  1038880    562920 496836688  0.001  0.001    2.246    2.490    0    0  (Gen:  0)
  1038368    495808 497164928  0.000  0.000    2.247    2.490    0    0  (Gen:  0)
  1037824    569312 497493328  0.000  0.000    2.248    2.491    0    0  (Gen:  0)
  1038544    562272 497822360  0.000  0.000    2.249    2.492    0    0  (Gen:  0)
  1038288    555032 498151896  0.000  0.000    2.249    2.493    0    0  (Gen:  0)
  1039056    570216 498480600  0.001  0.001    2.250    2.494    0    0  (Gen:  0)
  1037704    562664 498809152  0.001  0.001    2.251    2.495    0    0  (Gen:  0)
  1038640    556720 499139760  0.000  0.000    2.252    2.496    0    0  (Gen:  0)
  1037968    570176 499466488  0.000  0.000    2.253    2.496    0    0  (Gen:  0)
  1038744    564128 499796664  0.000  0.000    2.254    2.497    0    0  (Gen:  0)
  1038168    557136 500126336  0.000  0.000    2.254    2.498    0    0  (Gen:  0)
  1038216    570624 500453312  0.000  0.000    2.255    2.499    0    0  (Gen:  0)
  1038632    564688 500783184  0.000  0.000    2.256    2.500    0    0  (Gen:  0)
  1038320    558472 501113808  0.000  0.000    2.257    2.501    0    0  (Gen:  0)
  1038872    570880 501440424  0.000  0.000    2.258    2.502    0    0  (Gen:  0)
  1037784    564440 501769640  0.000  0.000    2.259    2.502    0    0  (Gen:  0)
  1038752    559200 502100512  0.001  0.001    2.259    2.503    0    0  (Gen:  0)
  1037880    572072 502427600  0.000  0.000    2.260    2.504    0    0  (Gen:  0)
  1038760    564656 502756312  0.001  0.001    2.261    2.505    0    0  (Gen:  0)
  1038128    559016 503086376  0.001  0.001    2.262    2.506    0    0  (Gen:  0)
  1038208    571968 503413560  0.000  0.000    2.263    2.507    0    0  (Gen:  0)
  1038144    565280 503742792  0.001  0.001    2.264    2.507    0    0  (Gen:  0)
  1038840    558920 504072568  0.000  0.000    2.265    2.508    0    0  (Gen:  0)
  1038408    573624 504401352  0.001  0.001    2.265    2.509    0    0  (Gen:  0)
  1038232    565648 504729872  0.000  0.001    2.266    2.510    0    0  (Gen:  0)
  1038168    560272 505060104  0.000  0.000    2.267    2.511    0    0  (Gen:  0)
  1038392    573776 505387752  0.001  0.001    2.268    2.512    0    0  (Gen:  0)
  1038840    566240 505716256  0.001  0.001    2.269    2.513    0    0  (Gen:  0)
  1038168    560784 506046672  0.001  0.001    2.270    2.513    0    0  (Gen:  0)
  1038144    574888 506375208  0.001  0.001    2.271    2.514    0    0  (Gen:  0)
  1038152    566712 506703120  0.001  0.001    2.271    2.515    0    0  (Gen:  0)
  1038864    561264 507033640  0.001  0.001    2.272    2.516    0    0  (Gen:  0)
  1038480    574784 507360976  0.001  0.001    2.273    2.517    0    0  (Gen:  0)
  1038192    567232 507689608  0.001  0.001    2.274    2.518    0    0  (Gen:  0)
  1038104    560240 508019024  0.001  0.001    2.275    2.519    0    0  (Gen:  0)
  1038216    576128 508348296  0.000  0.000    2.276    2.520    0    0  (Gen:  0)
  1039104    567936 508676896  0.001  0.001    2.277    2.520    0    0  (Gen:  0)
  1037728    561736 509006600  0.001  0.001    2.277    2.521    0    0  (Gen:  0)
  1038616    576456 509334960  0.001  0.001    2.278    2.522    0    0  (Gen:  0)
  1038056    567976 509662800  0.000  0.000    2.279    2.523    0    0  (Gen:  0)
  1038888    562408 509993312  0.001  0.001    2.280    2.524    0    0  (Gen:  0)
  1038440    577520 510322360  0.001  0.001    2.281    2.525    0    0  (Gen:  0)
  1037768    568560 510649648  0.001  0.001    2.282    2.526    0    0  (Gen:  0)
  1038552    562336 510979800  0.001  0.001    2.283    2.526    0    0  (Gen:  0)
  1038272    555024 511308032  0.000  0.000    2.283    2.527    0    0  (Gen:  0)
  1039064    570016 511637264  0.001  0.001    2.284    2.528    0    0  (Gen:  0)
  1037672    562760 511966320  0.000  0.000    2.285    2.529    0    0  (Gen:  0)
  1038688    555592 512295944  0.000  0.000    2.286    2.530    0    0  (Gen:  0)
  1037968    570224 512624000  0.001  0.001    2.287    2.531    0    0  (Gen:  0)
  1038720    562960 512952936  0.000  0.000    2.288    2.532    0    0  (Gen:  0)
  1038160    557144 513283472  0.001  0.001    2.288    2.532    0    0  (Gen:  0)
  1038208    570584 513610384  0.000  0.001    2.289    2.533    0    0  (Gen:  0)
  1038632    564672 513940400  0.000  0.000    2.290    2.534    0    0  (Gen:  0)
  1038312    557368 514269976  0.001  0.001    2.291    2.535    0    0  (Gen:  0)
  1038952    571280 514597488  0.001  0.001    2.292    2.536    0    0  (Gen:  0)
  1037720    563760 514925824  0.000  0.000    2.293    2.537    0    0  (Gen:  0)
  1038736    559160 515257600  0.001  0.001    2.294    2.538    0    0  (Gen:  0)
  1037880    571008 515583784  0.001  0.001    2.295    2.539    0    0  (Gen:  0)
  1038760    564192 515912848  0.001  0.001    2.296    2.540    0    0  (Gen:  0)
  1038168    559144 516243520  0.001  0.001    2.296    2.541    0    0  (Gen:  0)
  1038184    572480 516571016  0.001  0.001    2.297    2.541    0    0  (Gen:  0)
  1038152    564888 516899984  0.001  0.001    2.298    2.542    0    0  (Gen:  0)
  1038832    559088 517229928  0.001  0.001    2.299    2.543    0    0  (Gen:  0)
  1038944    573312 517557912  0.000  0.000    2.300    2.544    0    0  (Gen:  0)
  1037696    564808 517886152  0.001  0.001    2.301    2.545    0    0  (Gen:  0)
  1038160    559168 518216328  0.001  0.001    2.302    2.546    0    0  (Gen:  0)
  1038432    573224 518544320  0.001  0.001    2.302    2.547    0    0  (Gen:  0)
  1038800    565824 518873136  0.001  0.001    2.303    2.547    0    0  (Gen:  0)
  1038208    560256 519203264  0.001  0.001    2.304    2.548    0    0  (Gen:  0)
  1038136    574576 519531704  0.001  0.001    2.305    2.549    0    0  (Gen:  0)
  1038128    566064 519859336  0.000  0.000    2.306    2.550    0    0  (Gen:  0)
  1038872    561304 520190584  0.001  0.001    2.307    2.551    0    0  (Gen:  0)
  1038464    574816 520518256  0.001  0.001    2.308    2.552    0    0  (Gen:  0)
  1038200    566952 520846432  0.000  0.000    2.308    2.553    0    0  (Gen:  0)
  1166656    560328 521176104  0.001  0.001    2.309    2.554    0    0  (Gen:  0)
  1300784    574376 521536304  0.001  0.001    2.310    2.554    0    0  (Gen:  0)
  1070960    567240 521864968  0.001  0.001    2.311    2.555    0    0  (Gen:  0)
  1038104    560240 522194384  0.001  0.001    2.312    2.556    0    0  (Gen:  0)
  1038216    576128 522523656  0.000  0.000    2.313    2.557    0    0  (Gen:  0)
  1039104    567936 522852256  0.001  0.001    2.314    2.558    0    0  (Gen:  0)
  1037728    561736 523181960  0.000  0.000    2.315    2.559    0    0  (Gen:  0)
  1038616    576456 523510320  0.001  0.001    2.315    2.560    0    0  (Gen:  0)
  1038056    567976 523838160  0.000  0.000    2.316    2.561    0    0  (Gen:  0)
  1038888    562408 524168672  0.001  0.001    2.317    2.561    0    0  (Gen:  0)
  1038440    577520 524497720  0.000  0.000    2.318    2.562    0    0  (Gen:  0)
  1037768    568560 524825008  0.001  0.001    2.319    2.563    0    0  (Gen:  0)
  1038552    562336 525155160  0.000  0.000    2.320    2.564    0    0  (Gen:  0)
  1038272    555024 525483392  0.000  0.000    2.320    2.565    0    0  (Gen:  0)
  1039064    570016 525812624  0.001  0.001    2.322    2.566    0    0  (Gen:  0)
  1037672    562760 526141680  0.001  0.001    2.323    2.567    0    0  (Gen:  0)
  1038688    555592 526471304  0.001  0.001    2.324    2.569    0    0  (Gen:  0)
  1037968    570224 526799360  0.001  0.001    2.326    2.570    0    0  (Gen:  0)
  1038720    562960 527128296  0.001  0.001    2.327    2.571    0    0  (Gen:  0)
  1038160    557144 527458832  0.001  0.001    2.328    2.572    0    0  (Gen:  0)
  1038208    570584 527785744  0.001  0.001    2.329    2.574    0    0  (Gen:  0)
  1038632    564672 528115760  0.001  0.001    2.330    2.575    0    0  (Gen:  0)
  1038312    557368 528445336  0.001  0.001    2.331    2.576    0    0  (Gen:  0)
  1038952    571280 528772848  0.001  0.001    2.332    2.577    0    0  (Gen:  0)
  1037720    563760 529101184  0.001  0.001    2.333    2.578    0    0  (Gen:  0)
  1038736    559160 529432960  0.001  0.001    2.334    2.579    0    0  (Gen:  0)
  1037880    571008 529759144  0.001  0.001    2.335    2.580    0    0  (Gen:  0)
  1038760    564192 530088208  0.000  0.000    2.336    2.581    0    0  (Gen:  0)
  1038168    559144 530418880  0.000  0.000    2.337    2.582    0    0  (Gen:  0)
  1038184    572480 530746376  0.001  0.001    2.338    2.582    0    0  (Gen:  0)
  1038152    564888 531075344  0.001  0.001    2.339    2.583    0    0  (Gen:  0)
  1038832    559088 531405288  0.001  0.001    2.340    2.584    0    0  (Gen:  0)
  1038944    573312 531733272  0.001  0.001    2.341    2.585    0    0  (Gen:  0)
  1037696    564808 532061512  0.001  0.001    2.342    2.586    0    0  (Gen:  0)
  1038160    559168 532391688  0.001  0.001    2.342    2.587    0    0  (Gen:  0)
  1038432    573224 532719680  0.001  0.001    2.343    2.588    0    0  (Gen:  0)
  1038800    565824 533048496  0.001  0.001    2.344    2.589    0    0  (Gen:  0)
  1038208    560256 533378624  0.000  0.000    2.345    2.590    0    0  (Gen:  0)
  1038136    574576 533707064  0.001  0.001    2.346    2.590    0    0  (Gen:  0)
  1038128    566064 534034696  0.001  0.001    2.347    2.591    0    0  (Gen:  0)
  1038872    561304 534365944  0.001  0.001    2.348    2.592    0    0  (Gen:  0)
  1038464    574816 534693616  0.001  0.001    2.348    2.593    0    0  (Gen:  0)
  1038200    566952 535021792  0.001  0.001    2.349    2.594    0    0  (Gen:  0)
  1038120    560800 535351944  0.001  0.001    2.350    2.595    0    0  (Gen:  0)
  1038416    575416 535680064  0.001  0.001    2.351    2.596    0    0  (Gen:  0)
  1038880    567384 536008424  0.000  0.000    2.352    2.597    0    0  (Gen:  0)
  1038064    560888 536338400  0.000  0.000    2.353    2.597    0    0  (Gen:  0)
  1038272    575952 536666888  0.001  0.001    2.354    2.598    0    0  (Gen:  0)
  1038088    568304 536995824  0.001  0.001    2.354    2.599    0    0  (Gen:  0)
  1038896    561872 537325224  0.001  0.001    2.355    2.600    0    0  (Gen:  0)
  1038416    577224 537654224  0.001  0.001    2.356    2.601    0    0  (Gen:  0)
  1038272    568176 537981720  0.000  0.000    2.357    2.602    0    0  (Gen:  0)
  1038064    562448 538312232  0.001  0.001    2.358    2.603    0    0  (Gen:  0)
  1038240    577368 538640704  0.001  0.001    2.359    2.604    0    0  (Gen:  0)
  1039064    569472 538969072  0.001  0.001    2.360    2.604    0    0  (Gen:  0)
  1037672    562392 539298088  0.001  0.001    2.361    2.605    0    0  (Gen:  0)
  1038688    554712 539627392  0.000  0.000    2.361    2.606    0    0  (Gen:  0)
  1037992    569576 539955600  0.001  0.001    2.362    2.607    0    0  (Gen:  0)
  1038696    563256 540285480  0.000  0.000    2.363    2.608    0    0  (Gen:  0)
  1038632    556448 540615280  0.000  0.001    2.364    2.609    0    0  (Gen:  0)
  1037760    570120 540942264  0.000  0.000    2.365    2.610    0    0  (Gen:  0)
  1038632    563664 541272064  0.000  0.000    2.366    2.610    0    0  (Gen:  0)
  1038296    556848 541601768  0.000  0.000    2.366    2.611    0    0  (Gen:  0)
  1038968    570680 541929024  0.001  0.001    2.367    2.612    0    0  (Gen:  0)
  1037696    564416 542258712  0.000  0.000    2.368    2.613    0    0  (Gen:  0)
  1038752    558216 542589208  0.001  0.001    2.369    2.614    0    0  (Gen:  0)
  1037864    570440 542915480  0.001  0.001    2.370    2.615    0    0  (Gen:  0)
  1038776    564704 543245136  0.001  0.001    2.371    2.616    0    0  (Gen:  0)
  1038248    559576 543576304  0.001  0.001    2.373    2.617    0    0  (Gen:  0)
  1038208    571808 543903136  0.001  0.001    2.374    2.619    0    0  (Gen:  0)
  1038136    564192 544231552  0.001  0.001    2.375    2.620    0    0  (Gen:  0)
  1038872    558720 544561864  0.001  0.001    2.376    2.621    0    0  (Gen:  0)
  1038920    572392 544889336  0.001  0.001    2.378    2.623    0    0  (Gen:  0)
  1037736    564936 545218336  0.001  0.001    2.379    2.624    0    0  (Gen:  0)
  1038104    558648 545548256  0.001  0.001    2.380    2.625    0    0  (Gen:  0)
  1038424    573560 545876776  0.001  0.001    2.381    2.626    0    0  (Gen:  0)
  1038824    565640 546205464  0.001  0.001    2.382    2.627    0    0  (Gen:  0)
  1333096    559936 546568328  0.001  0.001    2.383    2.628    0    0  (Gen:  0)
  1169224    573432 546895864  0.001  0.001    2.384    2.629    0    0  (Gen:  0)
  1038184    566032 547224712  0.001  0.001    2.385    2.630    0    0  (Gen:  0)
  1038832    560744 547554984  0.000  0.001    2.386    2.631    0    0  (Gen:  0)
  1038432    575008 547883648  0.001  0.001    2.387    2.632    0    0  (Gen:  0)
  1038216    566792 548211584  0.001  0.001    2.388    2.633    0    0  (Gen:  0)
  1038136    560816 548541752  0.001  0.001    2.389    2.634    0    0  (Gen:  0)
  1038400    574800 548869464  0.001  0.001    2.389    2.634    0    0  (Gen:  0)
  1038896    567424 549198192  0.001  0.001    2.390    2.635    0    0  (Gen:  0)
  1038072    560456 549527816  0.001  0.001    2.391    2.636    0    0  (Gen:  0)
  1038240    575984 549856664  0.001  0.001    2.392    2.637    0    0  (Gen:  0)
  1038104    567480 550184992  0.001  0.001    2.393    2.638    0    0  (Gen:  0)
  1038880    561440 550514968  0.001  0.001    2.394    2.639    0    0  (Gen:  0)
  1038440    576408 550843344  0.001  0.001    2.395    2.640    0    0  (Gen:  0)
  1038240    567856 551171344  0.001  0.001    2.396    2.641    0    0  (Gen:  0)
  1038080    561944 551501360  0.000  0.000    2.396    2.641    0    0  (Gen:  0)
  1038224    577488 551830680  0.001  0.001    2.397    2.642    0    0  (Gen:  0)
  1039104    568608 552158120  0.000  0.000    2.398    2.643    0    0  (Gen:  0)
  1037664    562624 552488344  0.001  0.001    2.399    2.644    0    0  (Gen:  0)
  1038656    577192 552816688  0.001  0.001    2.400    2.645    0    0  (Gen:  0)
  1038032    569824 553145352  0.000  0.000    2.401    2.646    0    0  (Gen:  0)
  1038952    562584 553474640  0.001  0.001    2.402    2.647    0    0  (Gen:  0)
  1038368    555384 553804024  0.000  0.000    2.402    2.648    0    0  (Gen:  0)
  1037768    569848 554132168  0.000  0.000    2.403    2.648    0    0  (Gen:  0)
  1038608    563176 554461184  0.001  0.001    2.404    2.649    0    0  (Gen:  0)
  1038296    556920 554791576  0.000  0.000    2.405    2.650    0    0  (Gen:  0)
  1039024    570744 555118904  0.001  0.001    2.406    2.651    0    0  (Gen:  0)
  1037640    564264 555448568  0.000  0.000    2.407    2.652    0    0  (Gen:  0)
  1038744    557168 555778056  0.000  0.000    2.407    2.653    0    0  (Gen:  0)
  1037856    570800 556105232  0.000  0.000    2.408    2.653    0    0  (Gen:  0)
  1038808    564312 556434416  0.001  0.001    2.409    2.654    0    0  (Gen:  0)
  1038168    558632 556765416  0.001  0.001    2.410    2.655    0    0  (Gen:  0)
  1038200    570608 557091760  0.000  0.000    2.411    2.656    0    0  (Gen:  0)
  1038112    564456 557421240  0.000  0.001    2.412    2.657    0    0  (Gen:  0)
  1038856    559256 557751976  0.000  0.000    2.412    2.658    0    0  (Gen:  0)
  1038920    572792 558079656  0.000  0.000    2.413    2.659    0    0  (Gen:  0)
  1037744    564832 558408272  0.000  0.000    2.414    2.659    0    0  (Gen:  0)
  1038120    558968 558738264  0.001  0.001    2.415    2.660    0    0  (Gen:  0)
  1038448    572336 559065488  0.001  0.001    2.416    2.661    0    0  (Gen:  0)
  1038824    564784 559394288  0.000  0.000    2.417    2.662    0    0  (Gen:  0)
  1038144    558968 559724424  0.001  0.001    2.418    2.663    0    0  (Gen:  0)
  1038184    572912 560052328  0.001  0.001    2.418    2.664    0    0  (Gen:  0)
  1038152    566176 560381968  0.001  0.001    2.419    2.665    0    0  (Gen:  0)
  1038872    560312 560711456  0.001  0.001    2.420    2.665    0    0  (Gen:  0)
  1038400    574504 561039800  0.001  0.001    2.421    2.666    0    0  (Gen:  0)
  1038224    565872 561367584  0.001  0.001    2.422    2.667    0    0  (Gen:  0)
  1038136    560856 561698472  0.000  0.000    2.423    2.668    0    0  (Gen:  0)
  1038408    575056 562026872  0.001  0.001    2.424    2.669    0    0  (Gen:  0)
  1038864    566720 562354560  0.000  0.000    2.424    2.670    0    0  (Gen:  0)
  1038160    561216 562685264  0.001  0.001    2.425    2.671    0    0  (Gen:  0)
  1038160    575128 563012720  0.001  0.001    2.426    2.671    0    0  (Gen:  0)
  1038104    567088 563341168  0.000  0.000    2.427    2.672    0    0  (Gen:  0)
  1038912    560736 563671104  0.001  0.001    2.428    2.673    0    0  (Gen:  0)
  1038448    575904 563999720  0.001  0.001    2.429    2.674    0    0  (Gen:  0)
  1038192    567944 564328576  0.000  0.000    2.430    2.675    0    0  (Gen:  0)
  1038128    561400 564657824  0.001  0.001    2.430    2.676    0    0  (Gen:  0)
  1038200    576696 564986680  0.000  0.000    2.431    2.677    0    0  (Gen:  0)
  1039120    568096 565314480  0.001  0.001    2.432    2.678    0    0  (Gen:  0)
  1037664    562288 565644872  0.001  0.001    2.433    2.678    0    0  (Gen:  0)
  1038656    577512 565973880  0.001  0.001    2.434    2.679    0    0  (Gen:  0)
  1038008    568224 566300848  0.001  0.001    2.435    2.680    0    0  (Gen:  0)
  1038952    562240 566631104  0.001  0.001    2.436    2.681    0    0  (Gen:  0)
  1038384    555672 566960120  0.000  0.000    2.436    2.682    0    0  (Gen:  0)
  1037784    569520 567288576  0.000  0.000    2.437    2.683    0    0  (Gen:  0)
  1038560    562800 567618104  0.001  0.001    2.438    2.684    0    0  (Gen:  0)
  1038312    555936 567947760  0.000  0.000    2.439    2.684    0    0  (Gen:  0)
  1039048    570224 568275496  0.001  0.001    2.440    2.685    0    0  (Gen:  0)
  1037672    563304 568604728  0.001  0.001    2.441    2.686    0    0  (Gen:  0)
  1038680    556544 568934592  0.000  0.000    2.442    2.687    0    0  (Gen:  0)
  1037896    570544 569261880  0.000  0.000    2.442    2.688    0    0  (Gen:  0)
  1038792    564408 569591616  0.000  0.000    2.443    2.689    0    0  (Gen:  0)
  1038168    557688 569921768  0.001  0.001    2.444    2.690    0    0  (Gen:  0)
  1038216    571136 570249064  0.001  0.001    2.445    2.691    0    0  (Gen:  0)
  1038616    564072 570577808  0.001  0.001    2.446    2.691    0    0  (Gen:  0)
  1038320    559408 570909264  0.001  0.001    2.447    2.692    0    0  (Gen:  0)
  1038912    571656 571236000  0.001  0.001    2.448    2.693    0    0  (Gen:  0)
  1136064    564104 571597056  0.001  0.001    2.448    2.694    0    0  (Gen:  0)
  1300248    558904 571927760  0.001  0.001    2.449    2.695    0    0  (Gen:  0)
  1104000    572336 572255056  0.001  0.001    2.450    2.696    0    0  (Gen:  0)
  1038816    565504 572584744  0.000  0.000    2.451    2.697    0    0  (Gen:  0)
  1038128    559192 572914328  0.000  0.000    2.452    2.698    0    0  (Gen:  0)
  1038200    573088 573242200  0.000  0.000    2.453    2.698    0    0  (Gen:  0)
  1038152    565144 573570624  0.000  0.000    2.454    2.699    0    0  (Gen:  0)
  1038856    559752 573901072  0.000  0.000    2.454    2.700    0    0  (Gen:  0)
  1038400    573296 574228680  0.001  0.001    2.455    2.701    0    0  (Gen:  0)
  1038248    566016 574557568  0.000  0.000    2.456    2.702    0    0  (Gen:  0)
  1038152    560088 574887360  0.001  0.001    2.457    2.703    0    0  (Gen:  0)
  1038384    574560 575216048  0.000  0.000    2.458    2.703    0    0  (Gen:  0)
  1038848    566784 575544296  0.001  0.001    2.459    2.704    0    0  (Gen:  0)
  1038176    561360 575875024  0.001  0.001    2.460    2.705    0    0  (Gen:  0)
  1038160    575000 576202808  0.000  0.000    2.460    2.706    0    0  (Gen:  0)
  1038104    567064 576530872  0.000  0.000    2.461    2.707    0    0  (Gen:  0)
  1038912    560944 576861224  0.001  0.001    2.462    2.708    0    0  (Gen:  0)
  1038472    575928 577189552  0.001  0.001    2.463    2.709    0    0  (Gen:  0)
  1038160    567168 577517616  0.000  0.000    2.464    2.709    0    0  (Gen:  0)
  1038120    561112 577847568  0.001  0.001    2.465    2.710    0    0  (Gen:  0)
  1038232    576160 578176016  0.001  0.001    2.465    2.711    0    0  (Gen:  0)
  1039088    568264 578504640  0.000  0.000    2.466    2.712    0    0  (Gen:  0)
  1037712    561608 578833920  0.001  0.001    2.467    2.713    0    0  (Gen:  0)
  1038608    577328 579163448  0.001  0.001    2.468    2.714    0    0  (Gen:  0)
  1038096    568328 579490736  0.001  0.001    2.469    2.715    0    0  (Gen:  0)
  1038880    562928 579821472  0.001  0.001    2.470    2.715    0    0  (Gen:  0)
  1038368    577264 580149680  0.001  0.001    2.471    2.716    0    0  (Gen:  0)
  1037824    569312 580478080  0.000  0.000    2.471    2.717    0    0  (Gen:  0)
  1038544    562272 580807112  0.000  0.000    2.472    2.718    0    0  (Gen:  0)
  1038288    555032 581136648  0.000  0.000    2.473    2.719    0    0  (Gen:  0)
  1039056    570216 581465352  0.000  0.000    2.474    2.720    0    0  (Gen:  0)
  1037704    562664 581793904  0.000  0.000    2.475    2.721    0    0  (Gen:  0)
  1038640    556720 582124512  0.001  0.001    2.476    2.721    0    0  (Gen:  0)
  1037968    570176 582451240  0.001  0.001    2.476    2.722    0    0  (Gen:  0)
  1038744    564128 582781416  0.001  0.001    2.477    2.723    0    0  (Gen:  0)
  1038168    557136 583111088  0.001  0.001    2.478    2.724    0    0  (Gen:  0)
  1038216    570624 583438064  0.000  0.000    2.479    2.725    0    0  (Gen:  0)
  1038632    564688 583767936  0.000  0.001    2.480    2.726    0    0  (Gen:  0)
  1038320    558472 584098560  0.001  0.001    2.481    2.727    0    0  (Gen:  0)
  1038872    570880 584425176  0.001  0.001    2.482    2.727    0    0  (Gen:  0)
  1037784    564440 584754392  0.000  0.000    2.482    2.728    0    0  (Gen:  0)
  1038752    559200 585085264  0.000  0.001    2.483    2.729    0    0  (Gen:  0)
  1037880    572072 585412352  0.000  0.000    2.484    2.730    0    0  (Gen:  0)
  1038760    564656 585741064  0.000  0.000    2.485    2.731    0    0  (Gen:  0)
  1038128    559016 586071128  0.001  0.001    2.486    2.732    0    0  (Gen:  0)
  1038208    571968 586398312  0.000  0.000    2.487    2.733    0    0  (Gen:  0)
  1038144    565280 586727544  0.000  0.000    2.487    2.733    0    0  (Gen:  0)
  1038840    558920 587057320  0.001  0.001    2.488    2.734    0    0  (Gen:  0)
  1038408    573624 587386104  0.001  0.001    2.489    2.735    0    0  (Gen:  0)
  1038232    565648 587714624  0.001  0.001    2.490    2.736    0    0  (Gen:  0)
  1038168    560272 588044856  0.001  0.001    2.491    2.737    0    0  (Gen:  0)
  1038392    573776 588372504  0.001  0.001    2.492    2.738    0    0  (Gen:  0)
  1038840    566240 588701008  0.000  0.000    2.493    2.739    0    0  (Gen:  0)
  1038168    560784 589031424  0.001  0.001    2.494    2.739    0    0  (Gen:  0)
  1038144    574888 589359960  0.001  0.001    2.494    2.740    0    0  (Gen:  0)
  1038152    566712 589687872  0.001  0.001    2.495    2.741    0    0  (Gen:  0)
  1038864    561264 590018392  0.001  0.001    2.496    2.742    0    0  (Gen:  0)
  1038480    574784 590345728  0.001  0.001    2.497    2.743    0    0  (Gen:  0)
  1038192    567232 590674360  0.000  0.000    2.498    2.744    0    0  (Gen:  0)
  1038104    560240 591003776  0.001  0.001    2.499    2.745    0    0  (Gen:  0)
  1038216    576128 591333048  0.001  0.001    2.500    2.746    0    0  (Gen:  0)
  1039104    567936 591661648  0.001  0.001    2.500    2.746    0    0  (Gen:  0)
  1037728    561736 591991352  0.001  0.001    2.501    2.747    0    0  (Gen:  0)
  1038616    576456 592319712  0.001  0.001    2.502    2.748    0    0  (Gen:  0)
  1038056    567976 592647552  0.001  0.001    2.503    2.749    0    0  (Gen:  0)
  1038888    562408 592978064  0.001  0.001    2.504    2.750    0    0  (Gen:  0)
  1038440    577520 593307112  0.000  0.000    2.505    2.751    0    0  (Gen:  0)
  1037768    568560 593634400  0.001  0.001    2.506    2.752    0    0  (Gen:  0)
  1038552    562336 593964552  0.001  0.001    2.506    2.753    0    0  (Gen:  0)
  1038272    555024 594292784  0.000  0.001    2.507    2.753    0    0  (Gen:  0)
  1039064    570016 594622016  0.001  0.001    2.508    2.754    0    0  (Gen:  0)
  1037672    562760 594951072  0.000  0.000    2.509    2.755    0    0  (Gen:  0)
  1038688    555592 595280696  0.001  0.001    2.510    2.756    0    0  (Gen:  0)
  1037968    570224 595608752  0.001  0.001    2.511    2.757    0    0  (Gen:  0)
  1038720    562960 595937688  0.001  0.001    2.512    2.758    0    0  (Gen:  0)
  1038160    557144 596268224  0.001  0.001    2.513    2.759    0    0  (Gen:  0)
  1038208    570584 596595136  0.000  0.001    2.513    2.760    0    0  (Gen:  0)
  1235240    564680 596957920  0.001  0.001    2.514    2.760    0    0  (Gen:  0)
  1234920    557368 597287496  0.001  0.001    2.515    2.761    0    0  (Gen:  0)
  1071720    571264 597615024  0.000  0.000    2.516    2.762    0    0  (Gen:  0)
  1037720    495256 597943408  0.000  0.000    2.517    2.763    0    0  (Gen:  0)
  1038736    497792 598275216  0.000  0.000    2.518    2.764    0    0  (Gen:  0)
  1037880    571008 598601400  0.001  0.001    2.518    2.765    0    0  (Gen:  0)
  1038760    564192 598930464  0.000  0.001    2.519    2.765    0    0  (Gen:  0)
  1038168    559144 599261136  0.000  0.000    2.520    2.766    0    0  (Gen:  0)
  1038184    572480 599588632  0.000  0.001    2.521    2.767    0    0  (Gen:  0)
  1038152    564888 599917600  0.000  0.001    2.522    2.768    0    0  (Gen:  0)
  1038832    559088 600247544  0.000  0.000    2.523    2.769    0    0  (Gen:  0)
  1038944    573312 600575528  0.001  0.001    2.523    2.770    0    0  (Gen:  0)
  1037696    564808 600903768  0.000  0.000    2.524    2.771    0    0  (Gen:  0)
  1038160    559168 601233944  0.000  0.000    2.525    2.771    0    0  (Gen:  0)
  1038432    573224 601561936  0.001  0.001    2.526    2.772    0    0  (Gen:  0)
  1038800    565824 601890752  0.001  0.001    2.527    2.773    0    0  (Gen:  0)
  1038208    560256 602220880  0.000  0.000    2.528    2.774    0    0  (Gen:  0)
  1038136    574576 602549320  0.001  0.001    2.529    2.775    0    0  (Gen:  0)
  1038128    566064 602876952  0.001  0.001    2.529    2.776    0    0  (Gen:  0)
  1038872    561304 603208200  0.001  0.001    2.530    2.777    0    0  (Gen:  0)
  1038464    574816 603535872  0.001  0.001    2.531    2.777    0    0  (Gen:  0)
  1038200    566952 603864048  0.001  0.001    2.532    2.778    0    0  (Gen:  0)
  1038120    560800 604194200  0.001  0.001    2.533    2.779    0    0  (Gen:  0)
  1038416    575416 604522320  0.001  0.001    2.534    2.780    0    0  (Gen:  0)
  1038880    567384 604850680  0.001  0.001    2.535    2.781    0    0  (Gen:  0)
  1038064    560888 605180656  0.001  0.001    2.535    2.782    0    0  (Gen:  0)
  1038272    575952 605509144  0.000  0.000    2.536    2.783    0    0  (Gen:  0)
  1038088    568304 605838080  0.001  0.001    2.537    2.784    0    0  (Gen:  0)
  1038896    561872 606167480  0.001  0.001    2.538    2.784    0    0  (Gen:  0)
  1038416    577224 606496480  0.001  0.001    2.539    2.785    0    0  (Gen:  0)
  1038272    568176 606823976  0.001  0.001    2.540    2.786    0    0  (Gen:  0)
  1038064    562448 607154488  0.001  0.001    2.541    2.788    0    0  (Gen:  0)
  1038240    577368 607482960  0.001  0.001    2.543    2.789    0    0  (Gen:  0)
  1039064    569472 607811328  0.001  0.001    2.544    2.791    0    0  (Gen:  0)
  1037672    562392 608140344  0.001  0.001    2.545    2.792    0    0  (Gen:  0)
  1038688    554712 608469648  0.001  0.001    2.546    2.793    0    0  (Gen:  0)
  1037992    569576 608797856  0.001  0.001    2.547    2.794    0    0  (Gen:  0)
  1038696    563256 609127736  0.001  0.001    2.549    2.795    0    0  (Gen:  0)
  1038632    556448 609457536  0.001  0.001    2.550    2.796    0    0  (Gen:  0)
  1037760    570120 609784520  0.001  0.001    2.551    2.797    0    0  (Gen:  0)
  1038632    563664 610114320  0.001  0.001    2.552    2.798    0    0  (Gen:  0)
  1038296    556848 610444024  0.001  0.001    2.553    2.799    0    0  (Gen:  0)
  1038968    570680 610771280  0.001  0.001    2.554    2.800    0    0  (Gen:  0)
  1037696    564416 611100968  0.000  0.000    2.554    2.801    0    0  (Gen:  0)
  1038752    558216 611431464  0.001  0.001    2.555    2.802    0    0  (Gen:  0)
  1037864    570440 611757736  0.000  0.000    2.556    2.803    0    0  (Gen:  0)
  1038776    564704 612087392  0.001  0.001    2.557    2.804    0    0  (Gen:  0)
  1038152    559480 612418464  0.000  0.000    2.558    2.804    0    0  (Gen:  0)
  1038208    571808 612745296  0.001  0.001    2.559    2.805    0    0  (Gen:  0)
  1038136    564192 613073712  0.001  0.001    2.560    2.806    0    0  (Gen:  0)
  1038872    558720 613404024  0.001  0.001    2.560    2.807    0    0  (Gen:  0)
  1038920    572392 613731496  0.001  0.001    2.561    2.808    0    0  (Gen:  0)
  1037736    564936 614060496  0.000  0.000    2.562    2.809    0    0  (Gen:  0)
  1038104    558648 614390416  0.001  0.001    2.563    2.810    0    0  (Gen:  0)
  1038424    573560 614718936  0.001  0.001    2.564    2.811    0    0  (Gen:  0)
  1038824    565640 615047624  0.001  0.001    2.565    2.811    0    0  (Gen:  0)
  1038184    559936 615377720  0.001  0.001    2.566    2.812    0    0  (Gen:  0)
  1038152    573432 615705240  0.001  0.001    2.566    2.813    0    0  (Gen:  0)
  1038184    566056 616034056  0.000  0.000    2.567    2.814    0    0  (Gen:  0)
  1038832    560744 616364328  0.001  0.001    2.568    2.815    0    0  (Gen:  0)
  1038432    575008 616692992  0.001  0.001    2.569    2.816    0    0  (Gen:  0)
  1038216    566792 617020928  0.001  0.001    2.570    2.817    0    0  (Gen:  0)
  1038136    560816 617351096  0.001  0.001    2.571    2.818    0    0  (Gen:  0)
  1038400    574800 617678808  0.001  0.001    2.572    2.819    0    0  (Gen:  0)
  1038896    567424 618007536  0.000  0.000    2.573    2.819    0    0  (Gen:  0)
  1038072    560456 618337160  0.001  0.001    2.573    2.820    0    0  (Gen:  0)
  1038240    575984 618666008  0.001  0.001    2.574    2.821    0    0  (Gen:  0)
  1038104    567480 618994336  0.001  0.001    2.575    2.822    0    0  (Gen:  0)
  1038880    561440 619324312  0.001  0.001    2.576    2.823    0    0  (Gen:  0)
  1038440    576408 619652688  0.001  0.001    2.577    2.824    0    0  (Gen:  0)
  1038240    567856 619980688  0.001  0.001    2.578    2.825    0    0  (Gen:  0)
  1038080    561944 620310704  0.001  0.001    2.579    2.826    0    0  (Gen:  0)
  1038224    577488 620640024  0.001  0.001    2.580    2.827    0    0  (Gen:  0)
  1039104    568608 620967464  0.001  0.001    2.581    2.828    0    0  (Gen:  0)
  1037664    562624 621297688  0.001  0.001    2.581    2.828    0    0  (Gen:  0)
  1038656    577192 621626032  0.001  0.001    2.582    2.829    0    0  (Gen:  0)
  1070800    569824 621954696  0.001  0.001    2.583    2.830    0    0  (Gen:  0)
  1333864    562592 622316752  0.000  0.000    2.584    2.831    0    0  (Gen:  0)
  1136672    555384 622646136  0.001  0.001    2.585    2.832    0    0  (Gen:  0)
  1037768    569824 622974312  0.000  0.000    2.586    2.833    0    0  (Gen:  0)
  1038608    563176 623303328  0.000  0.000    2.587    2.834    0    0  (Gen:  0)
  1038296    556920 623633720  0.000  0.000    2.588    2.834    0    0  (Gen:  0)
  1039024    570744 623961048  0.001  0.001    2.588    2.835    0    0  (Gen:  0)
  1037640    564264 624290712  0.001  0.001    2.589    2.836    0    0  (Gen:  0)
  1038744    557168 624620200  0.000  0.000    2.590    2.837    0    0  (Gen:  0)
  1037856    570800 624947376  0.001  0.001    2.591    2.838    0    0  (Gen:  0)
  1038808    564312 625276560  0.001  0.001    2.592    2.839    0    0  (Gen:  0)
  1038168    558632 625607560  0.001  0.001    2.593    2.840    0    0  (Gen:  0)
  1038200    570608 625933904  0.001  0.001    2.594    2.841    0    0  (Gen:  0)
  1038112    564456 626263384  0.000  0.000    2.595    2.842    0    0  (Gen:  0)
  1038856    559256 626594120  0.000  0.000    2.595    2.842    0    0  (Gen:  0)
  1038920    572792 626921800  0.001  0.001    2.596    2.843    0    0  (Gen:  0)
  1037744    564832 627250416  0.000  0.000    2.597    2.844    0    0  (Gen:  0)
  1038120    558968 627580408  0.000  0.000    2.598    2.845    0    0  (Gen:  0)
  1038448    572336 627907632  0.000  0.000    2.599    2.846    0    0  (Gen:  0)
  1038824    564784 628236432  0.000  0.000    2.600    2.847    0    0  (Gen:  0)
  1038144    558968 628566568  0.000  0.000    2.600    2.848    0    0  (Gen:  0)
  1038184    572912 628894472  0.000  0.000    2.601    2.848    0    0  (Gen:  0)
  1038152    566176 629224112  0.001  0.001    2.602    2.849    0    0  (Gen:  0)
  1038872    560312 629553600  0.001  0.001    2.603    2.850    0    0  (Gen:  0)
  1038400    574504 629881944  0.001  0.001    2.604    2.851    0    0  (Gen:  0)
  1038224    565872 630209728  0.000  0.000    2.605    2.852    0    0  (Gen:  0)
  1038136    560856 630540616  0.001  0.001    2.606    2.853    0    0  (Gen:  0)
  1038408    575056 630869016  0.001  0.001    2.606    2.854    0    0  (Gen:  0)
  1038864    566720 631196704  0.000  0.000    2.607    2.854    0    0  (Gen:  0)
  1038160    561216 631527408  0.001  0.001    2.608    2.855    0    0  (Gen:  0)
  1038160    575128 631854864  0.000  0.000    2.609    2.856    0    0  (Gen:  0)
  1038104    567088 632183312  0.001  0.001    2.610    2.857    0    0  (Gen:  0)
  1038912    560736 632513248  0.001  0.001    2.611    2.858    0    0  (Gen:  0)
  1038448    575904 632841864  0.000  0.000    2.612    2.859    0    0  (Gen:  0)
  1038192    567944 633170720  0.000  0.000    2.612    2.860    0    0  (Gen:  0)
  1038224    561496 633500064  0.000  0.000    2.613    2.860    0    0  (Gen:  0)
  1038200    576696 633828920  0.001  0.001    2.614    2.861    0    0  (Gen:  0)
  1039120    568096 634156720  0.000  0.000    2.615    2.862    0    0  (Gen:  0)
  1037664    562288 634487112  0.001  0.001    2.616    2.863    0    0  (Gen:  0)
  1038656    577512 634816120  0.001  0.001    2.617    2.864    0    0  (Gen:  0)
  1038008    568224 635143088  0.001  0.001    2.617    2.865    0    0  (Gen:  0)
  1038952    562240 635473344  0.001  0.001    2.618    2.866    0    0  (Gen:  0)
  1038384    555672 635802360  0.000  0.000    2.619    2.866    0    0  (Gen:  0)
  1037784    569520 636130816  0.000  0.000    2.620    2.867    0    0  (Gen:  0)
  1038560    562800 636460344  0.001  0.001    2.621    2.868    0    0  (Gen:  0)
  1038312    555936 636790000  0.000  0.000    2.622    2.869    0    0  (Gen:  0)
  1039048    570224 637117736  0.000  0.000    2.623    2.870    0    0  (Gen:  0)
  1037672    563304 637446968  0.000  0.000    2.623    2.871    0    0  (Gen:  0)
  1038680    556544 637776832  0.001  0.001    2.624    2.872    0    0  (Gen:  0)
  1037896    570544 638104120  0.000  0.000    2.625    2.872    0    0  (Gen:  0)
  1038792    564408 638433856  0.000  0.000    2.626    2.873    0    0  (Gen:  0)
  1038168    557688 638764008  0.001  0.001    2.627    2.874    0    0  (Gen:  0)
  1038216    571136 639091304  0.000  0.000    2.628    2.875    0    0  (Gen:  0)
  1038616    564072 639420048  0.000  0.000    2.628    2.876    0    0  (Gen:  0)
  1038320    559408 639751504  0.001  0.001    2.629    2.877    0    0  (Gen:  0)
  1038912    571656 640078240  0.000  0.000    2.630    2.878    0    0  (Gen:  0)
  1037760    564096 640406528  0.001  0.001    2.631    2.878    0    0  (Gen:  0)
  1038104    558896 640737232  0.001  0.001    2.632    2.879    0    0  (Gen:  0)
  1038464    572328 641064528  0.001  0.001    2.633    2.880    0    0  (Gen:  0)
  1038816    565504 641394216  0.000  0.000    2.634    2.881    0    0  (Gen:  0)
  1038128    559192 641723800  0.001  0.001    2.634    2.882    0    0  (Gen:  0)
  1038200    573088 642051672  0.001  0.001    2.635    2.883    0    0  (Gen:  0)
  1038152    565144 642380096  0.001  0.001    2.636    2.884    0    0  (Gen:  0)
  1038856    559752 642710544  0.001  0.001    2.637    2.885    0    0  (Gen:  0)
  1038400    573296 643038152  0.001  0.001    2.638    2.885    0    0  (Gen:  0)
  1038248    566016 643367040  0.000  0.000    2.639    2.886    0    0  (Gen:  0)
  1038152    560088 643696832  0.001  0.001    2.640    2.887    0    0  (Gen:  0)
  1038384    574560 644025520  0.001  0.001    2.641    2.888    0    0  (Gen:  0)
  1038848    566784 644353768  0.000  0.000    2.641    2.889    0    0  (Gen:  0)
  1038176    561360 644684496  0.001  0.001    2.642    2.890    0    0  (Gen:  0)
  1038160    575000 645012280  0.001  0.001    2.643    2.891    0    0  (Gen:  0)
  1038104    567064 645340344  0.000  0.000    2.644    2.891    0    0  (Gen:  0)
  1038912    560944 645670696  0.001  0.001    2.645    2.892    0    0  (Gen:  0)
  1038472    575928 645999024  0.001  0.001    2.646    2.893    0    0  (Gen:  0)
  1038160    567168 646327088  0.001  0.001    2.647    2.894    0    0  (Gen:  0)
  1038120    561112 646657040  0.001  0.001    2.647    2.895    0    0  (Gen:  0)
  1038232    576160 646985488  0.001  0.001    2.648    2.896    0    0  (Gen:  0)
  1170160    568272 647346880  0.001  0.001    2.649    2.897    0    0  (Gen:  0)
  1267088    561608 647676160  0.000  0.000    2.650    2.898    0    0  (Gen:  0)
  1104144    577328 648005704  0.001  0.001    2.651    2.899    0    0  (Gen:  0)
  1038096    568328 648333008  0.001  0.001    2.652    2.899    0    0  (Gen:  0)
  1038880    562928 648663744  0.001  0.001    2.653    2.900    0    0  (Gen:  0)
  1038368    577264 648991952  0.001  0.001    2.654    2.901    0    0  (Gen:  0)
  1037824    569312 649320352  0.000  0.000    2.654    2.902    0    0  (Gen:  0)
  1038544    562272 649649384  0.000  0.000    2.655    2.903    0    0  (Gen:  0)
  1038288    555032 649978920  0.000  0.000    2.656    2.904    0    0  (Gen:  0)
  1039056    570216 650307624  0.000  0.000    2.657    2.905    0    0  (Gen:  0)
  1037704    562664 650636176  0.001  0.001    2.658    2.905    0    0  (Gen:  0)
  1038640    556720 650966784  0.000  0.000    2.659    2.906    0    0  (Gen:  0)
  1037968    570176 651293512  0.000  0.000    2.659    2.907    0    0  (Gen:  0)
  1038744    564128 651623688  0.001  0.001    2.660    2.908    0    0  (Gen:  0)
  1038168    557136 651953360  0.000  0.001    2.661    2.909    0    0  (Gen:  0)
  1038216 575493072 576476088  0.566  0.707    3.227    3.617    0    0  (Gen:  1)
  1038632    483040 576724280  0.000  0.001    3.228    3.618    0    0  (Gen:  0)
  1038320    476608 576973008  0.000  0.000    3.229    3.618    0    0  (Gen:  0)
  1038872    490288 577219000  0.000  0.000    3.230    3.619    0    0  (Gen:  0)
  1037784    482912 577466656  0.000  0.000    3.230    3.620    0    0  (Gen:  0)
  1038752    477456 577715752  0.000  0.000    3.231    3.621    0    0  (Gen:  0)
  1037880    491328 577962072  0.000  0.000    3.232    3.621    0    0  (Gen:  0)
  1038760    483200 578209328  0.000  0.000    3.233    3.622    0    0  (Gen:  0)
  1038128    477368 578457712  0.000  0.000    3.234    3.623    0    0  (Gen:  0)
  1038208    491272 578704176  0.000  0.000    3.234    3.624    0    0  (Gen:  0)
  1038144    483872 578952000  0.000  0.000    3.235    3.625    0    0  (Gen:  0)
  1038840    477296 579200120  0.000  0.000    3.236    3.625    0    0  (Gen:  0)
  1038408    492504 579447752  0.000  0.000    3.237    3.626    0    0  (Gen:  0)
  1038232    484288 579694880  0.000  0.000    3.237    3.627    0    0  (Gen:  0)
  1038168    478624 579943432  0.000  0.000    3.238    3.628    0    0  (Gen:  0)
  1038392    492864 580190144  0.000  0.000    3.239    3.629    0    0  (Gen:  0)
  1038840    484952 580437360  0.000  0.000    3.240    3.629    0    0  (Gen:  0)
  1038168    479040 580686000  0.000  0.000    3.241    3.630    0    0  (Gen:  0)
  1038144    493888 580933504  0.000  0.000    3.241    3.631    0    0  (Gen:  0)
  1038152    485424 581180096  0.000  0.000    3.242    3.632    0    0  (Gen:  0)
  1038864    479688 581429008  0.000  0.000    3.243    3.633    0    0  (Gen:  0)
  1038480    493896 581675432  0.000  0.000    3.244    3.633    0    0  (Gen:  0)
  1038192    485848 581922680  0.000  0.000    3.245    3.634    0    0  (Gen:  0)
  1038104    478872 582170704  0.000  0.000    3.245    3.635    0    0  (Gen:  0)
  1038216    494792 582418640  0.000  0.000    3.246    3.636    0    0  (Gen:  0)
  1039104    486576 582665848  0.000  0.000    3.247    3.637    0    0  (Gen:  0)
  1037728    480280 582914064  0.000  0.000    3.248    3.637    0    0  (Gen:  0)
  1038616    495256 583161200  0.000  0.000    3.249    3.638    0    0  (Gen:  0)
  1038056    486928 583407992  0.000  0.000    3.249    3.639    0    0  (Gen:  0)
  1038888    480640 583656704  0.000  0.000    3.250    3.640    0    0  (Gen:  0)
  1038440    496352 583904552  0.000  0.000    3.251    3.641    0    0  (Gen:  0)
  1037768    487488 584150736  0.000  0.000    3.252    3.642    0    0  (Gen:  0)
  1038552    480808 584399328  0.000  0.000    3.253    3.642    0    0  (Gen:  0)
  1038272    473944 584646456  0.000  0.000    3.253    3.643    0    0  (Gen:  0)
  1039064    488824 584894496  0.000  0.000    3.254    3.644    0    0  (Gen:  0)
  1037672    481136 585141896  0.000  0.000    3.255    3.645    0    0  (Gen:  0)
  1038688    474104 585390008  0.000  0.000    3.256    3.646    0    0  (Gen:  0)
  1037968    489392 585637232  0.000  0.000    3.257    3.646    0    0  (Gen:  0)
  1038720    481240 585884416  0.000  0.000    3.257    3.647    0    0  (Gen:  0)
  1038160    475568 586133344  0.000  0.000    3.258    3.648    0    0  (Gen:  0)
  1038208    489968 586379608  0.000  0.000    3.259    3.649    0    0  (Gen:  0)
  1038632    482880 586627800  0.000  0.000    3.260    3.650    0    0  (Gen:  0)
  1038312    475808 586875792  0.000  0.000    3.261    3.650    0    0  (Gen:  0)
  1038952    490560 587122592  0.000  0.000    3.261    3.651    0    0  (Gen:  0)
  1037720    482352 587369520  0.000  0.000    3.262    3.652    0    0  (Gen:  0)
  1038736    477200 587619304  0.000  0.000    3.263    3.653    0    0  (Gen:  0)
  1037880    490416 587864864  0.000  0.000    3.264    3.653    0    0  (Gen:  0)
  1038760    482736 588112440  0.000  0.000    3.264    3.654    0    0  (Gen:  0)
  1038168    477488 588361432  0.000  0.000    3.265    3.655    0    0  (Gen:  0)
  1038184    491648 588608096  0.000  0.000    3.266    3.656    0    0  (Gen:  0)
  1038152    483384 588855528  0.000  0.000    3.267    3.657    0    0  (Gen:  0)
  1038832    477528 589103888  0.000  0.000    3.268    3.657    0    0  (Gen:  0)
  1038944    492384 589350944  0.000  0.000    3.268    3.658    0    0  (Gen:  0)
  1037696    483472 589597816  0.000  0.000    3.269    3.659    0    0  (Gen:  0)
  1038160    477568 589846360  0.000  0.000    3.270    3.660    0    0  (Gen:  0)
  1038432    492240 590093344  0.000  0.000    3.271    3.661    0    0  (Gen:  0)
  1038800    484360 590340704  0.000  0.000    3.272    3.662    0    0  (Gen:  0)
  1038208    478672 590589256  0.000  0.000    3.272    3.662    0    0  (Gen:  0)
  1038136    493504 590836624  0.000  0.000    3.273    3.663    0    0  (Gen:  0)
  1038128    484872 591083032  0.000  0.000    3.274    3.664    0    0  (Gen:  0)
  1038872    479512 591332456  0.000  0.000    3.275    3.665    0    0  (Gen:  0)
  1038464    493952 591579240  0.000  0.000    3.276    3.665    0    0  (Gen:  0)
  1300344    485576 591858800  0.000  0.000    3.276    3.666    0    0  (Gen:  0)
  1201960    479352 592107464  0.000  0.000    3.277    3.667    0    0  (Gen:  0)
  1038416    494384 592354528  0.000  0.000    3.278    3.668    0    0  (Gen:  0)
  1038880    485928 592601432  0.000  0.000    3.279    3.669    0    0  (Gen:  0)
  1038064    479504 592849992  0.000  0.000    3.280    3.670    0    0  (Gen:  0)
  1038272    494760 593097256  0.000  0.000    3.280    3.670    0    0  (Gen:  0)
  1038088    486960 593344824  0.000  0.000    3.281    3.671    0    0  (Gen:  0)
  1038896    480392 593592744  0.000  0.000    3.282    3.672    0    0  (Gen:  0)
  1038416    495936 593840424  0.000  0.000    3.283    3.673    0    0  (Gen:  0)
  1038272    487072 594086792  0.000  0.000    3.283    3.674    0    0  (Gen:  0)
  1038064    480872 594335728  0.000  0.000    3.284    3.674    0    0  (Gen:  0)
  1038240    496224 594583024  0.000  0.000    3.285    3.675    0    0  (Gen:  0)
  1039064    488464 594830360  0.000  0.000    3.286    3.676    0    0  (Gen:  0)
  1037672    480840 595077824  0.000  0.000    3.287    3.677    0    0  (Gen:  0)
  1038688    473352 595325736  0.000  0.000    3.287    3.677    0    0  (Gen:  0)
  1037992    488528 595572864  0.000  0.000    3.288    3.678    0    0  (Gen:  0)
  1038696    481488 595820944  0.000  0.000    3.289    3.679    0    0  (Gen:  0)
  1038632    475032 596069304  0.000  0.000    3.290    3.680    0    0  (Gen:  0)
  1037760    489480 596315648  0.000  0.000    3.290    3.681    0    0  (Gen:  0)
  1038632    481744 596563504  0.000  0.000    3.291    3.681    0    0  (Gen:  0)
  1038296    475384 596811752  0.000  0.000    3.292    3.682    0    0  (Gen:  0)
  1038968    489944 597058272  0.000  0.000    3.293    3.683    0    0  (Gen:  0)
  1037696    482816 597306328  0.000  0.000    3.294    3.684    0    0  (Gen:  0)
  1038752    476304 597554880  0.000  0.000    3.294    3.685    0    0  (Gen:  0)
  1037864    490040 597800720  0.000  0.000    3.295    3.685    0    0  (Gen:  0)
  1038776    483080 598048720  0.000  0.000    3.296    3.686    0    0  (Gen:  0)
  1038152    477760 598298040  0.000  0.000    3.297    3.687    0    0  (Gen:  0)
  1038208    491040 598544080  0.000  0.000    3.298    3.688    0    0  (Gen:  0)
  1038136    482776 598791088  0.000  0.000    3.298    3.689    0    0  (Gen:  0)
  1038872    477136 599039824  0.000  0.000    3.299    3.689    0    0  (Gen:  0)
  1038920    491552 599286464  0.000  0.000    3.300    3.690    0    0  (Gen:  0)
  1037736    483456 599533984  0.000  0.000    3.301    3.691    0    0  (Gen:  0)
  1038104    477144 599782368  0.000  0.000    3.301    3.692    0    0  (Gen:  0)
  1038424    492464 600029760  0.000  0.000    3.302    3.692    0    0  (Gen:  0)
  1038824    484200 600276984  0.000  0.000    3.303    3.693    0    0  (Gen:  0)
  1038184    478352 600525504  0.000  0.000    3.304    3.694    0    0  (Gen:  0)
  1038152    492496 600772096  0.000  0.000    3.305    3.695    0    0  (Gen:  0)
  1038184    484720 601019576  0.000  0.000    3.305    3.696    0    0  (Gen:  0)
  1038832    479000 601268072  0.000  0.000    3.306    3.696    0    0  (Gen:  0)
  1038432    494008 601515704  0.000  0.000    3.307    3.697    0    0  (Gen:  0)
  1038216    485480 601762296  0.000  0.000    3.308    3.698    0    0  (Gen:  0)
  1038136    479312 602010928  0.000  0.000    3.309    3.699    0    0  (Gen:  0)
  1038400    493944 602257752  0.000  0.000    3.309    3.700    0    0  (Gen:  0)
  1038896    485888 602504920  0.000  0.000    3.310    3.700    0    0  (Gen:  0)
  1038072    479120 602753208  0.000  0.000    3.311    3.701    0    0  (Gen:  0)
  1038240    494720 603000760  0.000  0.000    3.312    3.702    0    0  (Gen:  0)
  1038104    486144 603247720  0.000  0.000    3.312    3.703    0    0  (Gen:  0)
  1038880    479952 603496184  0.000  0.000    3.313    3.704    0    0  (Gen:  0)
  1038440    495208 603743368  0.000  0.000    3.314    3.704    0    0  (Gen:  0)
  1038240    486736 603990248  0.000  0.000    3.315    3.705    0    0  (Gen:  0)
  1038080    480312 604238608  0.000  0.000    3.316    3.706    0    0  (Gen:  0)
  1038224    496216 604486664  0.000  0.000    3.316    3.707    0    0  (Gen:  0)
  1039104    487504 604733008  0.000  0.000    3.317    3.708    0    0  (Gen:  0)
  1037664    481096 604981704  0.000  0.000    3.318    3.708    0    0  (Gen:  0)
  1038656    496112 605228944  0.000  0.001    3.319    3.709    0    0  (Gen:  0)
  1038032    488680 605476464  0.000  0.001    3.320    3.710    0    0  (Gen:  0)
  1038952    480936 605724072  0.000  0.000    3.320    3.711    0    0  (Gen:  0)
  1038368    473848 605971896  0.000  0.000    3.321    3.712    0    0  (Gen:  0)
  1037768    489056 606219256  0.000  0.000    3.322    3.713    0    0  (Gen:  0)
  1038608    481504 606466600  0.000  0.000    3.323    3.713    0    0  (Gen:  0)
  1038296    475368 606715408  0.000  0.000    3.324    3.714    0    0  (Gen:  0)
  1039024    490000 606961968  0.000  0.000    3.324    3.715    0    0  (Gen:  0)
  1037640    482520 607209888  0.000  0.000    3.325    3.716    0    0  (Gen:  0)
  1038744    475608 607457792  0.000  0.000    3.326    3.717    0    0  (Gen:  0)
  1037856    490224 607704400  0.000  0.000    3.327    3.717    0    0  (Gen:  0)
  1038808    482752 607952032  0.000  0.000    3.328    3.718    0    0  (Gen:  0)
  1038168    476720 608201120  0.000  0.000    3.328    3.719    0    0  (Gen:  0)
  1038200    490088 608446912  0.000  0.000    3.329    3.720    0    0  (Gen:  0)
  1038112    482856 608694760  0.000  0.000    3.330    3.721    0    0  (Gen:  0)
  1038856    477584 608943792  0.000  0.000    3.331    3.721    0    0  (Gen:  0)
  1038920    491936 609190584  0.000  0.000    3.332    3.722    0    0  (Gen:  0)
  1037744    483376 609437712  0.000  0.000    3.332    3.723    0    0  (Gen:  0)
  1038120    477416 609686120  0.000  0.000    3.333    3.724    0    0  (Gen:  0)
  1038448    491544 609932528  0.000  0.000    3.334    3.725    0    0  (Gen:  0)
  1038824    483352 610179896  0.000  0.000    3.335    3.725    0    0  (Gen:  0)
  1038144    477344 610428376  0.000  0.000    3.335    3.726    0    0  (Gen:  0)
  1070952    491936 610675272  0.000  0.000    3.336    3.727    0    0  (Gen:  0)
  1333064    484824 610956288  0.000  0.000    3.337    3.728    0    0  (Gen:  0)
  1137176    478672 611204096  0.000  0.000    3.338    3.729    0    0  (Gen:  0)
  1038400    493432 611451336  0.000  0.000    3.339    3.730    0    0  (Gen:  0)
  1038224    484672 611697896  0.000  0.000    3.340    3.730    0    0  (Gen:  0)
  1038136    479056 611946992  0.000  0.000    3.340    3.731    0    0  (Gen:  0)
  1038408    494128 612194464  0.000  0.000    3.341    3.732    0    0  (Gen:  0)
  1038864    485376 612440784  0.000  0.000    3.342    3.733    0    0  (Gen:  0)
  1038160    479688 612689960  0.000  0.000    3.343    3.733    0    0  (Gen:  0)
  1038160    494176 612936432  0.000  0.000    3.343    3.734    0    0  (Gen:  0)
  1038104    485776 613183536  0.000  0.000    3.344    3.735    0    0  (Gen:  0)
  1038912    479208 613431912  0.000  0.000    3.345    3.736    0    0  (Gen:  0)
  1038448    494704 613679304  0.000  0.000    3.346    3.737    0    0  (Gen:  0)
  1038192    486624 613926848  0.000  0.000    3.347    3.737    0    0  (Gen:  0)
  1038128    479968 614174664  0.000  0.000    3.347    3.738    0    0  (Gen:  0)
  1038200    495408 614422200  0.000  0.000    3.348    3.739    0    0  (Gen:  0)
  1039120    486944 614668824  0.000  0.000    3.349    3.740    0    0  (Gen:  0)
  1037664    480680 614917616  0.000  0.000    3.350    3.741    0    0  (Gen:  0)
  1038656    496320 615165432  0.000  0.000    3.350    3.741    0    0  (Gen:  0)
  1038008    487200 615411344  0.000  0.000    3.351    3.742    0    0  (Gen:  0)
  1038952    480688 615660016  0.000  0.000    3.352    3.743    0    0  (Gen:  0)
  1038384    474408 615907736  0.000  0.000    3.353    3.744    0    0  (Gen:  0)
  1037784    488496 616155136  0.000  0.000    3.354    3.745    0    0  (Gen:  0)
  1038560    481056 616402888  0.000  0.000    3.354    3.745    0    0  (Gen:  0)
  1038312    474520 616651104  0.000  0.000    3.355    3.746    0    0  (Gen:  0)
  1039048    489416 616898032  0.000  0.000    3.356    3.747    0    0  (Gen:  0)
  1037672    481528 617145464  0.000  0.000    3.357    3.748    0    0  (Gen:  0)
  1038680    475088 617393872  0.000  0.000    3.358    3.748    0    0  (Gen:  0)
  1037896    489904 617640488  0.000  0.000    3.358    3.749    0    0  (Gen:  0)
  1038792    482592 617888376  0.000  0.000    3.359    3.750    0    0  (Gen:  0)
  1038168    476040 618136848  0.000  0.000    3.360    3.751    0    0  (Gen:  0)
  1038216    490448 618383424  0.000  0.000    3.361    3.752    0    0  (Gen:  0)
  1038616    482640 618630704  0.000  0.000    3.361    3.752    0    0  (Gen:  0)
  1038320    477536 618880264  0.000  0.000    3.362    3.753    0    0  (Gen:  0)
  1038912    490936 619126288  0.000  0.000    3.363    3.754    0    0  (Gen:  0)
  1037760    482736 619373216  0.000  0.000    3.364    3.755    0    0  (Gen:  0)
  1038104    477224 619622216  0.000  0.000    3.365    3.756    0    0  (Gen:  0)
  1038464    491520 619868672  0.000  0.000    3.365    3.756    0    0  (Gen:  0)
  1038816    483976 620116800  0.000  0.000    3.366    3.757    0    0  (Gen:  0)
  1038128    477664 620364824  0.000  0.000    3.367    3.758    0    0  (Gen:  0)
  1038200    492176 620611760  0.000  0.000    3.368    3.759    0    0  (Gen:  0)
  1038152    483752 620858800  0.000  0.000    3.369    3.760    0    0  (Gen:  0)
  1038856    478024 621107528  0.000  0.000    3.369    3.760    0    0  (Gen:  0)
  1038400    492416 621354256  0.000  0.000    3.370    3.761    0    0  (Gen:  0)
  1038248    484576 621601680  0.000  0.000    3.371    3.762    0    0  (Gen:  0)
  1038152    478536 621849920  0.000  0.000    3.372    3.763    0    0  (Gen:  0)
  1038384    493512 622097528  0.000  0.000    3.372    3.764    0    0  (Gen:  0)
  1038848    485448 622344408  0.000  0.000    3.373    3.764    0    0  (Gen:  0)
  1038176    479736 622593480  0.000  0.000    3.374    3.765    0    0  (Gen:  0)
  1038160    494120 622840352  0.000  0.000    3.375    3.766    0    0  (Gen:  0)
  1038104    485656 623086976  0.000  0.000    3.376    3.767    0    0  (Gen:  0)
  1038912    479488 623335840  0.000  0.000    3.376    3.768    0    0  (Gen:  0)
  1038472    494728 623582944  0.000  0.000    3.377    3.768    0    0  (Gen:  0)
  1038160    485856 623829696  0.000  0.000    3.378    3.769    0    0  (Gen:  0)
  1038120    479680 624078184  0.000  0.000    3.379    3.770    0    0  (Gen:  0)
  1038232    495040 624325480  0.000  0.000    3.380    3.771    0    0  (Gen:  0)
  1039088    486928 624572736  0.000  0.000    3.380    3.772    0    0  (Gen:  0)
  1037712    480144 624820528  0.000  0.000    3.381    3.772    0    0  (Gen:  0)
  1038608    495936 625068672  0.000  0.000    3.382    3.773    0    0  (Gen:  0)
  1038096    487304 625314936  0.000  0.000    3.383    3.774    0    0  (Gen:  0)
  1038880    481280 625563992  0.000  0.000    3.384    3.775    0    0  (Gen:  0)
  1038368    496168 625811072  0.000  0.000    3.384    3.776    0    0  (Gen:  0)
  1037824    488288 626058416  0.000  0.000    3.385    3.776    0    0  (Gen:  0)
  1038544    480648 626305792  0.000  0.000    3.386    3.777    0    0  (Gen:  0)
  1038288    473696 626553960  0.000  0.000    3.387    3.778    0    0  (Gen:  0)
  1039056    489160 626801584  0.000  0.000    3.388    3.779    0    0  (Gen:  0)
  1037704    481064 627048536  0.000  0.000    3.388    3.780    0    0  (Gen:  0)
  1038640    475112 627297512  0.000  0.000    3.389    3.780    0    0  (Gen:  0)
  1037968    489560 627543624  0.000  0.000    3.390    3.781    0    0  (Gen:  0)
  1038744    482288 627791928  0.000  0.000    3.391    3.782    0    0  (Gen:  0)
  1038168    475704 628040136  0.000  0.000    3.392    3.783    0    0  (Gen:  0)
  1038216    489936 628286392  0.000  0.000    3.392    3.784    0    0  (Gen:  0)
  1038632    483040 628534584  0.000  0.000    3.393    3.785    0    0  (Gen:  0)
  1038320    476608 628783312  0.000  0.000    3.394    3.785    0    0  (Gen:  0)
  1038872    490288 629029304  0.000  0.000    3.395    3.786    0    0  (Gen:  0)
  1037784    482912 629276960  0.000  0.000    3.396    3.787    0    0  (Gen:  0)
  1038752    477456 629526056  0.000  0.001    3.396    3.788    0    0  (Gen:  0)
  1234584    560840 629841880  0.001  0.001    3.398    3.789    0    0  (Gen:  0)
  1235368    564704 630203360  0.001  0.001    3.399    3.791    0    0  (Gen:  0)
  1070896    559024 630533424  0.001  0.001    3.401    3.792    0    0  (Gen:  0)
  1038208    571968 630860608  0.001  0.001    3.402    3.793    0    0  (Gen:  0)
  1038144    565280 631189840  0.001  0.001    3.403    3.795    0    0  (Gen:  0)
  1038840    558920 631519616  0.001  0.001    3.404    3.796    0    0  (Gen:  0)
  1038408    573624 631848400  0.001  0.001    3.405    3.797    0    0  (Gen:  0)
  1038232    565648 632176920  0.001  0.001    3.406    3.798    0    0  (Gen:  0)
  1038168    560272 632507152  0.001  0.001    3.407    3.799    0    0  (Gen:  0)
  1038392    573776 632834800  0.001  0.001    3.408    3.800    0    0  (Gen:  0)
  1038840    566240 633163304  0.001  0.001    3.409    3.801    0    0  (Gen:  0)
  1038168    560784 633493720  0.001  0.001    3.410    3.802    0    0  (Gen:  0)
  1038144    574888 633822256  0.001  0.001    3.411    3.803    0    0  (Gen:  0)
  1038152    566712 634150168  0.000  0.000    3.412    3.804    0    0  (Gen:  0)
  1038864    561264 634480688  0.001  0.001    3.413    3.805    0    0  (Gen:  0)
  1038480    574784 634808024  0.000  0.000    3.414    3.806    0    0  (Gen:  0)
  1038192    567232 635136656  0.000  0.000    3.415    3.806    0    0  (Gen:  0)
  1038104    560240 635466072  0.000  0.000    3.416    3.807    0    0  (Gen:  0)
  1038216    576128 635795344  0.001  0.001    3.416    3.808    0    0  (Gen:  0)
  1039104    567936 636123944  0.000  0.000    3.417    3.809    0    0  (Gen:  0)
  1037728    561736 636453648  0.001  0.001    3.418    3.810    0    0  (Gen:  0)
  1038616    576456 636782008  0.001  0.001    3.419    3.811    0    0  (Gen:  0)
  1038056    567976 637109848  0.001  0.001    3.420    3.812    0    0  (Gen:  0)
  1038888    562408 637440360  0.001  0.001    3.421    3.812    0    0  (Gen:  0)
  1038440    577520 637769408  0.001  0.001    3.421    3.813    0    0  (Gen:  0)
  1037768    568560 638096696  0.000  0.000    3.422    3.814    0    0  (Gen:  0)
  1038552    562336 638426848  0.001  0.001    3.423    3.815    0    0  (Gen:  0)
  1038272    555024 638755080  0.000  0.000    3.424    3.816    0    0  (Gen:  0)
  1039064    570016 639084312  0.000  0.000    3.425    3.817    0    0  (Gen:  0)
  1037672    562760 639413368  0.000  0.000    3.426    3.817    0    0  (Gen:  0)
  1038688    555592 639742992  0.000  0.000    3.427    3.818    0    0  (Gen:  0)
  1037968    570224 640071048  0.001  0.001    3.427    3.819    0    0  (Gen:  0)
  1038720    562960 640399984  0.000  0.000    3.428    3.820    0    0  (Gen:  0)
  1038160    557144 640730520  0.000  0.001    3.429    3.821    0    0  (Gen:  0)
  1038208    570584 641057432  0.001  0.001    3.430    3.822    0    0  (Gen:  0)
  1038632    564672 641387448  0.001  0.001    3.431    3.823    0    0  (Gen:  0)
  1038312    557368 641717024  0.001  0.001    3.432    3.823    0    0  (Gen:  0)
  1038952    571280 642044536  0.001  0.001    3.433    3.824    0    0  (Gen:  0)
  1037720    563760 642372872  0.000  0.001    3.433    3.825    0    0  (Gen:  0)
  1038736    559160 642704648  0.000  0.000    3.434    3.826    0    0  (Gen:  0)
  1037880    571008 643030832  0.001  0.001    3.435    3.827    0    0  (Gen:  0)
  1038760    564192 643359896  0.001  0.001    3.436    3.828    0    0  (Gen:  0)
  1038168    559144 643690568  0.001  0.001    3.437    3.829    0    0  (Gen:  0)
  1038184    572480 644018064  0.001  0.001    3.438    3.830    0    0  (Gen:  0)
  1038152    564888 644347032  0.001  0.001    3.438    3.830    0    0  (Gen:  0)
  1038832    559088 644676976  0.001  0.001    3.439    3.831    0    0  (Gen:  0)
  1038944    573312 645004960  0.001  0.001    3.440    3.832    0    0  (Gen:  0)
  1037696    564808 645333200  0.001  0.001    3.441    3.833    0    0  (Gen:  0)
  1038160    559168 645663376  0.001  0.001    3.442    3.834    0    0  (Gen:  0)
  1038432    573224 645991368  0.001  0.001    3.443    3.835    0    0  (Gen:  0)
  1038800    565824 646320184  0.001  0.001    3.444    3.836    0    0  (Gen:  0)
  1038208    560256 646650312  0.001  0.001    3.444    3.836    0    0  (Gen:  0)
  1038136    574576 646978752  0.001  0.001    3.445    3.837    0    0  (Gen:  0)
  1038128    566064 647306384  0.001  0.001    3.446    3.838    0    0  (Gen:  0)
  1038872    561304 647637632  0.001  0.001    3.447    3.839    0    0  (Gen:  0)
  1038464    574816 647965304  0.001  0.001    3.448    3.840    0    0  (Gen:  0)
  1038200    566952 648293480  0.001  0.001    3.449    3.841    0    0  (Gen:  0)
  1038120    560800 648623632  0.001  0.001    3.450    3.842    0    0  (Gen:  0)
  1038416    575416 648951752  0.001  0.001    3.451    3.843    0    0  (Gen:  0)
  1038880    567384 649280112  0.000  0.000    3.452    3.844    0    0  (Gen:  0)
  1038064    560888 649610088  0.001  0.001    3.452    3.844    0    0  (Gen:  0)
  1038272    575952 649938576  0.001  0.001    3.453    3.845    0    0  (Gen:  0)
  1038088    568304 650267512  0.001  0.001    3.454    3.846    0    0  (Gen:  0)
  1038896    561872 650596912  0.001  0.001    3.455    3.847    0    0  (Gen:  0)
  1038416    577224 650925912  0.001  0.001    3.456    3.848    0    0  (Gen:  0)
  1038272    568176 651253408  0.000  0.000    3.457    3.849    0    0  (Gen:  0)
  1038064    562448 651583920  0.000  0.000    3.458    3.850    0    0  (Gen:  0)
  1038240    577368 651912392  0.001  0.001    3.459    3.851    0    0  (Gen:  0)
  1039064    569472 652240760  0.000  0.000    3.459    3.852    0    0  (Gen:  0)
  1037672    562392 652569776  0.001  0.001    3.460    3.852    0    0  (Gen:  0)
  1038688    554712 652899080  0.001  0.001    3.461    3.853    0    0  (Gen:  0)
  1037992    569576 653227288  0.001  0.001    3.462    3.854    0    0  (Gen:  0)
  1038696    563256 653557168  0.001  0.001    3.463    3.855    0    0  (Gen:  0)
  1038632    556448 653886968  0.001  0.001    3.464    3.856    0    0  (Gen:  0)
  1037760    570120 654213952  0.001  0.001    3.465    3.857    0    0  (Gen:  0)
  1038632    563664 654543752  0.001  0.001    3.466    3.858    0    0  (Gen:  0)
  1038296    556848 654873456  0.001  0.001    3.466    3.859    0    0  (Gen:  0)
  1333880    570680 655200712  0.001  0.001    3.467    3.859    0    0  (Gen:  0)
  1168768    564424 655563168  0.000  0.000    3.468    3.860    0    0  (Gen:  0)
  1038752    558216 655893664  0.001  0.001    3.469    3.861    0    0  (Gen:  0)
  1037864    570440 656219936  0.001  0.001    3.470    3.862    0    0  (Gen:  0)
  1038776    564704 656549592  0.000  0.000    3.471    3.863    0    0  (Gen:  0)
  1038152    559480 656880664  0.000  0.001    3.472    3.864    0    0  (Gen:  0)
  1038208    571808 657207496  0.000  0.000    3.473    3.865    0    0  (Gen:  0)
  1038136    564192 657535912  0.001  0.001    3.473    3.866    0    0  (Gen:  0)
  1038872    558720 657866224  0.000  0.000    3.474    3.866    0    0  (Gen:  0)
  1038920    572392 658193696  0.000  0.000    3.475    3.867    0    0  (Gen:  0)
  1037736    564936 658522696  0.001  0.001    3.476    3.868    0    0  (Gen:  0)
  1038104    558648 658852616  0.000  0.000    3.477    3.869    0    0  (Gen:  0)
  1038424    573560 659181136  0.000  0.000    3.478    3.870    0    0  (Gen:  0)
  1038824    565640 659509824  0.001  0.001    3.478    3.871    0    0  (Gen:  0)
  1038184    559936 659839920  0.001  0.001    3.479    3.872    0    0  (Gen:  0)
  1038152    573432 660167440  0.001  0.001    3.480    3.872    0    0  (Gen:  0)
  1038184    566056 660496256  0.000  0.000    3.481    3.873    0    0  (Gen:  0)
  1038832    560744 660826528  0.001  0.001    3.482    3.874    0    0  (Gen:  0)
  1038432    575008 661155192  0.001  0.001    3.483    3.875    0    0  (Gen:  0)
  1038216    566792 661483128  0.000  0.000    3.484    3.876    0    0  (Gen:  0)
  1038136    560816 661813296  0.001  0.001    3.484    3.877    0    0  (Gen:  0)
  1038400    574800 662141008  0.000  0.000    3.485    3.878    0    0  (Gen:  0)
  1038896    567424 662469736  0.001  0.001    3.486    3.878    0    0  (Gen:  0)
  1038072    560456 662799360  0.001  0.001    3.487    3.879    0    0  (Gen:  0)
  1038240    575984 663128208  0.000  0.000    3.488    3.880    0    0  (Gen:  0)
  1038104    567480 663456536  0.000  0.000    3.489    3.881    0    0  (Gen:  0)
  1038880    561440 663786512  0.001  0.001    3.490    3.882    0    0  (Gen:  0)
  1038440    576408 664114888  0.001  0.001    3.490    3.883    0    0  (Gen:  0)
  1038240    567856 664442888  0.001  0.001    3.491    3.884    0    0  (Gen:  0)
  1038080    561944 664772904  0.001  0.001    3.492    3.884    0    0  (Gen:  0)
  1038224    577488 665102224  0.001  0.001    3.493    3.885    0    0  (Gen:  0)
  1039104    568608 665429664  0.000  0.000    3.494    3.886    0    0  (Gen:  0)
  1037664    562624 665759888  0.001  0.001    3.495    3.887    0    0  (Gen:  0)
  1038656    577192 666088232  0.001  0.001    3.496    3.888    0    0  (Gen:  0)
  1038032    569824 666416896  0.000  0.000    3.496    3.889    0    0  (Gen:  0)
  1038952    562584 666746184  0.000  0.001    3.497    3.890    0    0  (Gen:  0)
  1038368    555384 667075568  0.000  0.000    3.498    3.891    0    0  (Gen:  0)
  1037768    569848 667403712  0.001  0.001    3.499    3.891    0    0  (Gen:  0)
  1038608    563176 667732728  0.000  0.000    3.500    3.892    0    0  (Gen:  0)
  1038296    556920 668063120  0.000  0.000    3.501    3.893    0    0  (Gen:  0)
  1039024    570744 668390448  0.000  0.000    3.501    3.894    0    0  (Gen:  0)
  1037640    564264 668720112  0.001  0.001    3.502    3.895    0    0  (Gen:  0)
  1038744    557168 669049600  0.001  0.001    3.503    3.896    0    0  (Gen:  0)
  1037856    570800 669376776  0.000  0.000    3.504    3.896    0    0  (Gen:  0)
  1038808    564312 669705960  0.001  0.001    3.505    3.897    0    0  (Gen:  0)
  1038168    558632 670036960  0.001  0.001    3.506    3.898    0    0  (Gen:  0)
  1038200    570608 670363304  0.000  0.000    3.507    3.899    0    0  (Gen:  0)
  1038112    564456 670692784  0.001  0.001    3.507    3.900    0    0  (Gen:  0)
  1038856    559256 671023520  0.001  0.001    3.508    3.901    0    0  (Gen:  0)
  1038920    572792 671351200  0.001  0.001    3.509    3.902    0    0  (Gen:  0)
  1037744    564832 671679816  0.000  0.000    3.510    3.903    0    0  (Gen:  0)
  1038120    558968 672009808  0.000  0.000    3.511    3.903    0    0  (Gen:  0)
  1038448    572336 672337032  0.000  0.000    3.512    3.904    0    0  (Gen:  0)
  1038824    564784 672665832  0.001  0.001    3.513    3.905    0    0  (Gen:  0)
  1038144    558968 672995968  0.001  0.001    3.513    3.906    0    0  (Gen:  0)
  1038184    572912 673323872  0.000  0.000    3.514    3.907    0    0  (Gen:  0)
  1038152    566176 673653512  0.001  0.001    3.515    3.908    0    0  (Gen:  0)
  1038872    560312 673983000  0.001  0.001    3.516    3.909    0    0  (Gen:  0)
  1038400    574504 674311344  0.001  0.001    3.517    3.910    0    0  (Gen:  0)
  1038224    565872 674639128  0.001  0.001    3.518    3.910    0    0  (Gen:  0)
  1038136    560856 674970016  0.001  0.001    3.519    3.911    0    0  (Gen:  0)
  1038408    575056 675298416  0.001  0.001    3.520    3.912    0    0  (Gen:  0)
  1038864    566720 675626104  0.000  0.001    3.520    3.913    0    0  (Gen:  0)
  1038160    561216 675956808  0.000  0.000    3.521    3.914    0    0  (Gen:  0)
  1038160    575128 676284264  0.001  0.001    3.522    3.915    0    0  (Gen:  0)
  1038104    567088 676612712  0.001  0.001    3.523    3.916    0    0  (Gen:  0)
  1038912    560736 676942648  0.001  0.001    3.524    3.917    0    0  (Gen:  0)
  1038448    575904 677271264  0.001  0.001    3.525    3.917    0    0  (Gen:  0)
  1038192    567944 677600120  0.001  0.001    3.526    3.918    0    0  (Gen:  0)
  1038128    561400 677929368  0.000  0.000    3.526    3.919    0    0  (Gen:  0)
  1038200    576696 678258224  0.001  0.001    3.527    3.920    0    0  (Gen:  0)
  1039120    568096 678586024  0.001  0.001    3.528    3.921    0    0  (Gen:  0)
  1037664    562288 678916416  0.001  0.001    3.529    3.922    0    0  (Gen:  0)
  1038656    577512 679245424  0.001  0.001    3.530    3.923    0    0  (Gen:  0)
  1038008    568224 679572392  0.001  0.001    3.531    3.923    0    0  (Gen:  0)
  1038952    562240 679902648  0.001  0.001    3.532    3.924    0    0  (Gen:  0)
  1136688    555672 680231664  0.001  0.001    3.533    3.925    0    0  (Gen:  0)
  1299928    569520 680560120  0.001  0.001    3.533    3.926    0    0  (Gen:  0)
  1104096    562808 680922416  0.001  0.001    3.534    3.927    0    0  (Gen:  0)
  1038312    555936 681252072  0.001  0.001    3.535    3.928    0    0  (Gen:  0)
  1039048    570224 681579808  0.000  0.000    3.536    3.929    0    0  (Gen:  0)
  1037672    563304 681909040  0.000  0.000    3.537    3.930    0    0  (Gen:  0)
  1038680    556544 682238904  0.000  0.001    3.538    3.930    0    0  (Gen:  0)
  1037896    570544 682566192  0.000  0.000    3.539    3.931    0    0  (Gen:  0)
  1038792    564408 682895928  0.000  0.000    3.539    3.932    0    0  (Gen:  0)
  1038168    557688 683226080  0.000  0.000    3.540    3.933    0    0  (Gen:  0)
  1038216    571136 683553376  0.000  0.000    3.541    3.934    0    0  (Gen:  0)
  1038616    564072 683882120  0.000  0.000    3.542    3.935    0    0  (Gen:  0)
  1038320    559408 684213576  0.001  0.001    3.543    3.936    0    0  (Gen:  0)
  1038912    571656 684540312  0.000  0.000    3.544    3.936    0    0  (Gen:  0)
  1037760    564096 684868600  0.000  0.000    3.544    3.937    0    0  (Gen:  0)
  1038104    558896 685199304  0.000  0.001    3.545    3.938    0    0  (Gen:  0)
  1038464    572328 685526600  0.001  0.001    3.546    3.939    0    0  (Gen:  0)
  1038816    565504 685856288  0.000  0.000    3.547    3.940    0    0  (Gen:  0)
  1038128    559192 686185872  0.000  0.000    3.548    3.941    0    0  (Gen:  0)
  1038200    573088 686513744  0.001  0.001    3.549    3.942    0    0  (Gen:  0)
  1038152    565144 686842168  0.000  0.001    3.549    3.942    0    0  (Gen:  0)
  1038856    559752 687172616  0.001  0.001    3.550    3.943    0    0  (Gen:  0)
  1038400    573296 687500224  0.000  0.000    3.551    3.944    0    0  (Gen:  0)
  1038248    566016 687829112  0.000  0.000    3.552    3.945    0    0  (Gen:  0)
  1038152    560088 688158904  0.001  0.001    3.553    3.946    0    0  (Gen:  0)
  1038384    574560 688487592  0.000  0.000    3.554    3.947    0    0  (Gen:  0)
  1038848    566784 688815840  0.001  0.001    3.555    3.948    0    0  (Gen:  0)
  1038176    561360 689146568  0.001  0.001    3.555    3.948    0    0  (Gen:  0)
  1038160    575000 689474352  0.001  0.001    3.556    3.949    0    0  (Gen:  0)
  1038104    567064 689802416  0.001  0.001    3.557    3.950    0    0  (Gen:  0)
  1038912    560944 690132768  0.001  0.001    3.558    3.951    0    0  (Gen:  0)
  1038472    575928 690461096  0.001  0.001    3.559    3.952    0    0  (Gen:  0)
  1038160    567168 690789160  0.001  0.001    3.560    3.953    0    0  (Gen:  0)
  1038120    561112 691119112  0.001  0.001    3.561    3.954    0    0  (Gen:  0)
  1038232    576160 691447560  0.001  0.001    3.562    3.955    0    0  (Gen:  0)
  1039088    568264 691776184  0.001  0.001    3.562    3.955    0    0  (Gen:  0)
  1037712    561608 692105464  0.001  0.001    3.563    3.956    0    0  (Gen:  0)
  1038608    577328 692434992  0.001  0.001    3.564    3.957    0    0  (Gen:  0)
  1038096    568328 692762280  0.001  0.001    3.565    3.958    0    0  (Gen:  0)
  1038880    562928 693093016  0.001  0.001    3.566    3.959    0    0  (Gen:  0)
  1038368    577264 693421224  0.001  0.001    3.567    3.960    0    0  (Gen:  0)
  1037824    569312 693749624  0.001  0.001    3.568    3.961    0    0  (Gen:  0)
  1038544    562272 694078656  0.000  0.000    3.568    3.961    0    0  (Gen:  0)
  1038288    555032 694408192  0.000  0.000    3.569    3.962    0    0  (Gen:  0)
  1039056    570216 694736896  0.001  0.001    3.570    3.963    0    0  (Gen:  0)
  1037704    562664 695065448  0.001  0.001    3.571    3.964    0    0  (Gen:  0)
  1038640    556720 695396056  0.000  0.000    3.572    3.965    0    0  (Gen:  0)
  1037968    570176 695722784  0.001  0.001    3.573    3.966    0    0  (Gen:  0)
  1038744    564128 696052960  0.000  0.000    3.574    3.967    0    0  (Gen:  0)
  1038168    557136 696382632  0.000  0.000    3.574    3.967    0    0  (Gen:  0)
  1038216    570624 696709608  0.000  0.000    3.575    3.968    0    0  (Gen:  0)
  1038632    564688 697039480  0.000  0.000    3.576    3.969    0    0  (Gen:  0)
  1038320    558472 697370104  0.001  0.001    3.577    3.970    0    0  (Gen:  0)
  1038872    570880 697696720  0.001  0.001    3.578    3.971    0    0  (Gen:  0)
  1037784    564440 698025936  0.000  0.000    3.579    3.972    0    0  (Gen:  0)
  1038752    559200 698356808  0.001  0.001    3.580    3.973    0    0  (Gen:  0)
  1037880    572072 698683896  0.000  0.000    3.580    3.974    0    0  (Gen:  0)
  1038760    564656 699012608  0.000  0.000    3.581    3.974    0    0  (Gen:  0)
  1038128    559016 699342672  0.001  0.001    3.582    3.975    0    0  (Gen:  0)
  1038208    571968 699669856  0.000  0.001    3.583    3.976    0    0  (Gen:  0)
  1038144    565280 699999088  0.000  0.000    3.584    3.977    0    0  (Gen:  0)
  1038840    558920 700328864  0.001  0.001    3.585    3.978    0    0  (Gen:  0)
  1038408    573624 700657648  0.001  0.001    3.585    3.979    0    0  (Gen:  0)
  1038232    565648 700986168  0.001  0.001    3.586    3.980    0    0  (Gen:  0)
  1038168    560272 701316400  0.001  0.001    3.587    3.980    0    0  (Gen:  0)
  1038392    573776 701644048  0.001  0.001    3.588    3.981    0    0  (Gen:  0)
  1038840    566240 701972552  0.000  0.000    3.589    3.982    0    0  (Gen:  0)
  1038168    560784 702302968  0.001  0.001    3.590    3.983    0    0  (Gen:  0)
  1038144    574888 702631504  0.001  0.001    3.591    3.984    0    0  (Gen:  0)
  1038152    566712 702959416  0.001  0.001    3.592    3.985    0    0  (Gen:  0)
  1038864    561264 703289936  0.001  0.001    3.592    3.986    0    0  (Gen:  0)
  1038480    574784 703617272  0.001  0.001    3.593    3.987    0    0  (Gen:  0)
  1038192    567232 703945904  0.001  0.001    3.594    3.988    0    0  (Gen:  0)
  1038104    560240 704275320  0.001  0.001    3.595    3.988    0    0  (Gen:  0)
  1038216    576128 704604592  0.000  0.001    3.596    3.989    0    0  (Gen:  0)
  1039104    567936 704933192  0.001  0.001    3.597    3.990    0    0  (Gen:  0)
  1037728    561736 705262896  0.001  0.001    3.598    3.991    0    0  (Gen:  0)
  1267992    576456 705591256  0.001  0.001    3.599    3.992    0    0  (Gen:  0)
  1201896    567984 705951864  0.001  0.001    3.600    3.993    0    0  (Gen:  0)
  1071656    562400 706282376  0.001  0.001    3.600    3.994    0    0  (Gen:  0)
  1038440    496320 706611456  0.000  0.000    3.601    3.995    0    0  (Gen:  0)
  1037768    494712 706938776  0.000  0.000    3.602    3.995    0    0  (Gen:  0)
  1038552    562336 707268928  0.001  0.001    3.603    3.996    0    0  (Gen:  0)
  1038272    555024 707597160  0.000  0.000    3.604    3.997    0    0  (Gen:  0)
  1039064    570016 707926392  0.001  0.001    3.605    3.998    0    0  (Gen:  0)
  1037672    562760 708255448  0.000  0.000    3.605    3.999    0    0  (Gen:  0)
  1038688    555592 708585072  0.000  0.000    3.606    4.000    0    0  (Gen:  0)
  1037968    570224 708913128  0.000  0.000    3.607    4.000    0    0  (Gen:  0)
  1038720    562960 709242064  0.000  0.000    3.608    4.001    0    0  (Gen:  0)
  1038160    557144 709572600  0.000  0.000    3.609    4.002    0    0  (Gen:  0)
  1038208    570584 709899512  0.000  0.000    3.609    4.003    0    0  (Gen:  0)
  1038632    564672 710229528  0.001  0.001    3.610    4.004    0    0  (Gen:  0)
  1038312    557368 710559104  0.001  0.001    3.611    4.005    0    0  (Gen:  0)
  1038952    571280 710886616  0.001  0.001    3.612    4.006    0    0  (Gen:  0)
  1037720    563760 711214952  0.000  0.000    3.613    4.007    0    0  (Gen:  0)
  1038736    559160 711546728  0.001  0.001    3.614    4.008    0    0  (Gen:  0)
  1037880    571008 711872912  0.000  0.000    3.615    4.009    0    0  (Gen:  0)
  1038760    564192 712201976  0.000  0.000    3.616    4.009    0    0  (Gen:  0)
  1038168    559144 712532648  0.001  0.001    3.617    4.010    0    0  (Gen:  0)
  1038184    572480 712860144  0.001  0.001    3.618    4.011    0    0  (Gen:  0)
  1038152    564888 713189112  0.000  0.000    3.618    4.012    0    0  (Gen:  0)
  1038832    559088 713519056  0.001  0.001    3.619    4.013    0    0  (Gen:  0)
  1038944    573312 713847040  0.001  0.001    3.620    4.014    0    0  (Gen:  0)
  1037696    564808 714175280  0.000  0.000    3.621    4.015    0    0  (Gen:  0)
  1038160    559168 714505456  0.000  0.000    3.622    4.015    0    0  (Gen:  0)
  1038432    573224 714833448  0.001  0.001    3.623    4.016    0    0  (Gen:  0)
  1038800    565824 715162264  0.001  0.001    3.624    4.017    0    0  (Gen:  0)
  1038208    560256 715492392  0.001  0.001    3.624    4.018    0    0  (Gen:  0)
  1038136    574576 715820832  0.001  0.001    3.625    4.019    0    0  (Gen:  0)
  1038128    566064 716148464  0.000  0.000    3.626    4.020    0    0  (Gen:  0)
  1038872    561304 716479712  0.001  0.001    3.627    4.021    0    0  (Gen:  0)
  1038464    574816 716807384  0.001  0.001    3.628    4.021    0    0  (Gen:  0)
  1038200    566952 717135560  0.001  0.001    3.629    4.022    0    0  (Gen:  0)
  1038120    560800 717465712  0.001  0.001    3.630    4.023    0    0  (Gen:  0)
  1038416    575416 717793832  0.001  0.001    3.630    4.024    0    0  (Gen:  0)
  1038880    567384 718122192  0.000  0.000    3.631    4.025    0    0  (Gen:  0)
  1038064    560888 718452168  0.000  0.000    3.632    4.026    0    0  (Gen:  0)
  1038272    575952 718780656  0.001  0.001    3.633    4.027    0    0  (Gen:  0)
  1038088    568304 719109592  0.000  0.000    3.634    4.027    0    0  (Gen:  0)
  1037640    551200 719428328  0.000  0.000    3.635    4.028    0    0  (Gen:  0)
  1036288    589552 719743720  0.000  0.000    3.635    4.029    0    0  (Gen:  0)
  1036288    630800 720059112  0.000  0.000    3.636    4.029    0    0  (Gen:  0)
   973192      3408     44312  0.007  0.114    3.643    4.144    1   25  (Gen:  1)
        0                      0.000  0.000

   2,901,904,928 bytes allocated in the heap
   2,813,414,592 bytes copied during GC
     576,476,088 bytes maximum residency (12 sample(s))
       1,981,512 bytes maximum slop
            1196 MB total memory in use (0 MB lost due to fragmentation)

                                     Tot time (elapsed)  Avg pause  Max pause
  Gen  0      2768 colls,     0 par    1.372s   1.380s     0.0005s    0.0024s
  Gen  1        12 colls,     0 par    1.286s   1.747s     0.1455s    0.7075s

  INIT    time    0.000s  (  0.004s elapsed)
  MUT     time    0.985s  (  1.014s elapsed)
  GC      time    2.658s  (  3.126s elapsed)
  EXIT    time    0.000s  (  0.000s elapsed)
  Total   time    3.643s  (  4.144s elapsed)

  %GC     time      73.0%  (75.4% elapsed)

  Alloc rate    2,947,592,613 bytes per MUT second

  Productivity  27.0% of total user, 24.5% of total elapsed

