/var/folders/89/2ksgj1s104qg4kzrf9np5h2m0000gn/T/PC100k-GHC16807282475249 +RTS -Sexamples/luigi/PC100k-GHC.stats 
    Alloc    Copied     Live     GC     GC      TOT      TOT  Page Flts
    bytes     bytes     bytes   user   elap     user     elap
  1069032    292136    324880  0.001  0.002    0.002    0.012   15  232  (Gen:  0)
  1041592    480032    512768  0.001  0.018    0.003    0.031  199    0  (Gen:  1)
  1041352    412760    752168  0.000  0.000    0.004    0.032    0    0  (Gen:  0)
  1041264    423456    993480  0.000  0.000    0.005    0.033    0    0  (Gen:  0)
  1042288    430952   1256040  0.000  0.001    0.006    0.034    0    0  (Gen:  0)
  1042448   1389184   1421928  0.001  0.002    0.007    0.036    0    0  (Gen:  1)
  1042616    405856   1636144  0.000  0.000    0.008    0.037    0    0  (Gen:  0)
  1042928    423832   1850688  0.000  0.000    0.009    0.038    0    0  (Gen:  0)
  1042320    472064   2122000  0.000  0.001    0.010    0.038    0    0  (Gen:  0)
  1042896    466896   2395808  0.000  0.000    0.010    0.039    0    0  (Gen:  0)
  1042296    481464   2666784  0.000  0.000    0.011    0.040    0    0  (Gen:  0)
  1042808   2663552   2696296  0.003  0.004    0.015    0.044    0    0  (Gen:  1)
  1042696    408312   2909344  0.000  0.000    0.015    0.045    0    0  (Gen:  0)
  1042712    423992   3121688  0.001  0.001    0.016    0.046    0    0  (Gen:  0)
  1042664    415176   3332912  0.000  0.001    0.017    0.047    0    0  (Gen:  0)
  1042680    447208   3583864  0.001  0.001    0.018    0.048    0    0  (Gen:  0)
  1042664    485072   3855616  0.001  0.001    0.019    0.049    0    0  (Gen:  0)
  1042536    477856   4127536  0.000  0.001    0.020    0.050    0    0  (Gen:  0)
  1042800    471200   4399824  0.000  0.001    0.021    0.051    0    0  (Gen:  0)
  1042352    464504   4672584  0.000  0.001    0.022    0.052    0    0  (Gen:  0)
  1042968    478944   4943040  0.000  0.001    0.023    0.053    0    0  (Gen:  0)
  1042456    472088   5215008  0.000  0.001    0.024    0.054    0    0  (Gen:  0)
  1042544   5000944   5033688  0.006  0.009    0.030    0.064    0    0  (Gen:  1)
  1042944    421504   5245432  0.000  0.000    0.031    0.065    0    0  (Gen:  0)
  1042568    413368   5457360  0.000  0.000    0.032    0.066    0    0  (Gen:  0)
  1042776    408568   5671256  0.000  0.000    0.032    0.067    0    0  (Gen:  0)
  1042672    450792   5910392  0.000  0.000    0.033    0.067    0    0  (Gen:  0)
  1042728    475112   6182296  0.000  0.000    0.034    0.068    0    0  (Gen:  0)
  1042288    468216   6454576  0.000  0.000    0.035    0.069    0    0  (Gen:  0)
  1042904    484552   6726808  0.000  0.000    0.035    0.070    0    0  (Gen:  0)
  1042448    477624   6998888  0.000  0.000    0.036    0.070    0    0  (Gen:  0)
  1042760    470248   7270704  0.000  0.000    0.037    0.071    0    0  (Gen:  0)
  1042688    463712   7543752  0.000  0.000    0.038    0.072    0    0  (Gen:  0)
  1042504    478192   7814008  0.000  0.000    0.038    0.073    0    0  (Gen:  0)
  1042808    471472   8086024  0.000  0.000    0.039    0.074    0    0  (Gen:  0)
  1042632    465608   8359448  0.000  0.000    0.040    0.074    0    0  (Gen:  0)
  1042816    479472   8629800  0.000  0.000    0.041    0.075    0    0  (Gen:  0)
   863304      3408     44312  0.000  0.001    0.041    0.076    1   27  (Gen:  1)
        0                      0.000  0.000

      39,463,752 bytes allocated in the heap
      24,319,328 bytes copied during GC
       5,033,688 bytes maximum residency (5 sample(s))
          28,968 bytes maximum slop
              11 MB total memory in use (0 MB lost due to fragmentation)

                                     Tot time (elapsed)  Avg pause  Max pause
  Gen  0        33 colls,     0 par    0.015s   0.017s     0.0005s    0.0023s
  Gen  1         5 colls,     0 par    0.012s   0.034s     0.0067s    0.0183s

  INIT    time    0.000s  (  0.002s elapsed)
  MUT     time    0.015s  (  0.023s elapsed)
  GC      time    0.026s  (  0.051s elapsed)
  EXIT    time    0.000s  (  0.000s elapsed)
  Total   time    0.041s  (  0.076s elapsed)

  %GC     time      63.8%  (66.7% elapsed)

  Alloc rate    2,664,129,615 bytes per MUT second

  Productivity  35.8% of total user, 30.6% of total elapsed

