/var/folders/89/2ksgj1s104qg4kzrf9np5h2m0000gn/T/PC100k-SCP1144108930470211272 +RTS -Sexamples/luigi/PC100k-SCP.stats 
    Alloc    Copied     Live     GC     GC      TOT      TOT  Page Flts
    bytes     bytes     bytes   user   elap     user     elap
  1065640    345624    378360  0.000  0.002    0.001    0.012   15  239  (Gen:  0)
  1039560    555496    588232  0.001  0.020    0.003    0.032  199    0  (Gen:  1)
  1039544    468480    867072  0.000  0.001    0.004    0.033    0    0  (Gen:  0)
  1038664    510784   1185008  0.001  0.001    0.005    0.034    0    0  (Gen:  0)
  1038872    554488   1514496  0.001  0.001    0.006    0.035    0    0  (Gen:  0)
  1038496   1583728   1616472  0.002  0.002    0.008    0.037    0    0  (Gen:  1)
  1038224    484744   1863032  0.000  0.000    0.009    0.038    0    0  (Gen:  0)
  1038136    479056   2112128  0.000  0.000    0.009    0.039    0    0  (Gen:  0)
  1038504    521680   2387152  0.000  0.000    0.010    0.040    0    0  (Gen:  0)
  1038864    566720   2714840  0.001  0.001    0.011    0.041    0    0  (Gen:  0)
  1038160    561216   3045544  0.001  0.001    0.012    0.042    0    0  (Gen:  0)
  1038256   3068824   3101568  0.003  0.004    0.015    0.046    0    0  (Gen:  1)
  1038104    485848   3348672  0.000  0.000    0.016    0.047    0    0  (Gen:  0)
  1038912    479208   3597048  0.000  0.000    0.017    0.048    0    0  (Gen:  0)
  1038544    567552   3917280  0.001  0.001    0.018    0.048    0    0  (Gen:  0)
  1038192    567984   4246136  0.001  0.001    0.019    0.049    0    0  (Gen:  0)
  1038224    561496   4575480  0.001  0.001    0.020    0.050    0    0  (Gen:  0)
  1038200    576696   4904336  0.001  0.001    0.021    0.051    0    0  (Gen:  0)
  1039120    568096   5232136  0.001  0.001    0.021    0.052    0    0  (Gen:  0)
  1037760    562384   5562624  0.001  0.001    0.022    0.053    0    0  (Gen:  0)
  1038656    577552   5891632  0.001  0.001    0.023    0.054    0    0  (Gen:  0)
  1038008    568224   6218600  0.001  0.001    0.024    0.055    0    0  (Gen:  0)
  1039048   5792408   5825152  0.006  0.008    0.031    0.063    0    0  (Gen:  1)
  1038384    474480   6072872  0.000  0.001    0.032    0.064    0    0  (Gen:  0)
  1037880    489048   6320824  0.000  0.001    0.032    0.065    0    0  (Gen:  0)
  1038560    562800   6650352  0.000  0.000    0.033    0.066    0    0  (Gen:  0)
  1038312    555936   6980008  0.001  0.001    0.034    0.066    0    0  (Gen:  0)
   888824      3408     44312  0.000  0.001    0.035    0.068    1   27  (Gen:  1)
        0                      0.000  0.000

      28,955,648 bytes allocated in the heap
      23,093,960 bytes copied during GC
       5,825,152 bytes maximum residency (5 sample(s))
          28,032 bytes maximum slop
              13 MB total memory in use (0 MB lost due to fragmentation)

                                     Tot time (elapsed)  Avg pause  Max pause
  Gen  0        23 colls,     0 par    0.011s   0.013s     0.0006s    0.0017s
  Gen  1         5 colls,     0 par    0.013s   0.034s     0.0068s    0.0196s

  INIT    time    0.000s  (  0.002s elapsed)
  MUT     time    0.010s  (  0.018s elapsed)
  GC      time    0.024s  (  0.047s elapsed)
  EXIT    time    0.000s  (  0.000s elapsed)
  Total   time    0.035s  (  0.068s elapsed)

  %GC     time      69.4%  (69.7% elapsed)

  Alloc rate    2,776,188,686 bytes per MUT second

  Productivity  30.2% of total user, 27.3% of total elapsed

