/var/folders/89/2ksgj1s104qg4kzrf9np5h2m0000gn/T/PC10m-GHC16807282475249 +RTS -Sexamples/luigi/PC10m-GHC.stats 
    Alloc    Copied     Live     GC     GC      TOT      TOT  Page Flts
    bytes     bytes     bytes   user   elap     user     elap
  1069376    321720    354472  0.001  0.002    0.002    0.013   15  232  (Gen:  0)
  1042496    558848    591568  0.001  0.019    0.003    0.033  199    0  (Gen:  1)
  1042928    430528    871448  0.000  0.001    0.004    0.033    0    0  (Gen:  0)
  1042400    428792   1151320  0.000  0.001    0.005    0.034    0    0  (Gen:  0)
  1042928    427088   1430888  0.001  0.001    0.006    0.036    0    0  (Gen:  0)
  1043216   1662520   1695248  0.002  0.002    0.008    0.039    0    0  (Gen:  1)
  1042848    417272   1956256  0.000  0.000    0.009    0.040    0    0  (Gen:  0)
  1042800    422736   2218136  0.000  0.000    0.010    0.040    0    0  (Gen:  0)
  1042800    426136   2480504  0.000  0.000    0.010    0.041    0    0  (Gen:  0)
  1042920    429440   2742224  0.000  0.000    0.011    0.042    0    0  (Gen:  0)
  1042872    408448   3003784  0.000  0.000    0.012    0.043    0    0  (Gen:  0)
  1042856    412296   3266632  0.001  0.001    0.013    0.044    0    0  (Gen:  0)
  1042912   3495408   3528136  0.005  0.006    0.018    0.051    0    0  (Gen:  1)
  1042896    417768   3789736  0.001  0.001    0.019    0.052    0    0  (Gen:  0)
  1042888    419472   4050472  0.000  0.000    0.020    0.053    0    0  (Gen:  0)
  1042744    422760   4312320  0.000  0.000    0.021    0.053    0    0  (Gen:  0)
  1042808    426264   4574944  0.000  0.000    0.021    0.054    0    0  (Gen:  0)
  1042824    428928   4836144  0.000  0.000    0.022    0.055    0    0  (Gen:  0)
  1042704    408664   5098200  0.000  0.000    0.023    0.056    0    0  (Gen:  0)
  1042800    412448   5361080  0.000  0.000    0.023    0.056    0    0  (Gen:  0)
  1042760    414840   5622680  0.000  0.000    0.024    0.057    0    0  (Gen:  0)
  1042896    417616   5884344  0.000  0.000    0.025    0.058    0    0  (Gen:  0)
  1042832    419512   6145160  0.000  0.000    0.026    0.058    0    0  (Gen:  0)
  1042816    422528   6406672  0.000  0.000    0.026    0.059    0    0  (Gen:  0)
  1042872    425960   6669336  0.000  0.000    0.027    0.060    0    0  (Gen:  0)
  1042816    428856   6930480  0.000  0.000    0.028    0.061    0    0  (Gen:  0)
  1042912   7158912   7191640  0.007  0.010    0.035    0.071    0    0  (Gen:  1)
  1042824    412256   7454544  0.000  0.000    0.036    0.071    0    0  (Gen:  0)
  1043000    415096   7716536  0.000  0.000    0.037    0.072    0    0  (Gen:  0)
  1042920    417144   7977832  0.000  0.000    0.037    0.073    0    0  (Gen:  0)
  1042776    419376   8238888  0.000  0.000    0.038    0.074    0    0  (Gen:  0)
  1042760    422264   8500304  0.000  0.000    0.039    0.074    0    0  (Gen:  0)
  1042808    425664   8762784  0.000  0.000    0.040    0.075    0    0  (Gen:  0)
  1042912    428600   9023976  0.000  0.000    0.040    0.076    0    0  (Gen:  0)
  1042792    408056   9286104  0.000  0.000    0.041    0.077    0    0  (Gen:  0)
  1042624    412272   9548976  0.000  0.000    0.042    0.077    0    0  (Gen:  0)
  1042768    414728   9810888  0.000  0.000    0.042    0.078    0    0  (Gen:  0)
  1042888    417168  10072136  0.000  0.000    0.043    0.079    0    0  (Gen:  0)
  1042904    418920  10333208  0.000  0.000    0.044    0.079    0    0  (Gen:  0)
  1042840    422664  10595032  0.000  0.000    0.045    0.080    0    0  (Gen:  0)
  1042784    425200  10857008  0.000  0.000    0.045    0.081    0    0  (Gen:  0)
  1042808    428160  11118272  0.000  0.000    0.046    0.082    0    0  (Gen:  0)
  1043032    408520  11380880  0.000  0.000    0.047    0.082    0    0  (Gen:  0)
  1042816    412336  11643800  0.000  0.000    0.047    0.083    0    0  (Gen:  0)
  1042864    414680  11905376  0.000  0.000    0.048    0.084    0    0  (Gen:  0)
  1042928    416872  12166552  0.000  0.000    0.049    0.084    0    0  (Gen:  0)
  1042776    418848  12427536  0.000  0.000    0.050    0.085    0    0  (Gen:  0)
  1042424    413520  12680536  0.000  0.000    0.050    0.086    0    0  (Gen:  0)
  1042648    412648  12921024  0.000  0.000    0.051    0.087    0    0  (Gen:  0)
  1042768    405024  13160448  0.000  0.000    0.052    0.087    0    0  (Gen:  0)
  1042864    413848  13400448  0.000  0.000    0.052    0.088    0    0  (Gen:  0)
  1042416    423536  13640928  0.000  0.000    0.053    0.089    0    0  (Gen:  0)
  1042976    408000  13879912  0.000  0.000    0.054    0.089    0    0  (Gen:  0)
  1042640    416320  14120048  0.000  0.000    0.054    0.090    0    0  (Gen:  0)
  1042744    426312  14360768  0.000  0.001    0.055    0.091    0    0  (Gen:  0)
  1042856  14343992  14376728  0.017  0.022    0.073    0.113    0    0  (Gen:  1)
  1042496    419984  14617808  0.000  0.000    0.073    0.114    0    0  (Gen:  0)
  1042936    406832  14858016  0.000  0.000    0.074    0.115    0    0  (Gen:  0)
  1042664    413752  15097408  0.000  0.000    0.075    0.116    0    0  (Gen:  0)
  1042720    424128  15338680  0.000  0.001    0.076    0.116    0    0  (Gen:  0)
  1042752    407728  15577136  0.000  0.000    0.076    0.117    0    0  (Gen:  0)
  1042672    416512  15817664  0.000  0.001    0.077    0.118    0    0  (Gen:  0)
  1042824    425960  16057864  0.000  0.000    0.078    0.119    0    0  (Gen:  0)
  1042720    410304  16296696  0.000  0.000    0.079    0.120    0    0  (Gen:  0)
  1042840    419696  16537712  0.000  0.000    0.079    0.120    0    0  (Gen:  0)
  1042664    428528  16777680  0.000  0.000    0.080    0.121    0    0  (Gen:  0)
  1042600    413312  17017200  0.000  0.000    0.081    0.122    0    0  (Gen:  0)
  1042776    423536  17258288  0.000  0.000    0.082    0.123    0    0  (Gen:  0)
  1042856    407440  17497024  0.000  0.000    0.082    0.123    0    0  (Gen:  0)
  1042736    417088  17738024  0.000  0.000    0.083    0.124    0    0  (Gen:  0)
  1042712    425344  17977544  0.000  0.000    0.084    0.125    0    0  (Gen:  0)
  1042592    409984  18216448  0.000  0.000    0.084    0.125    0    0  (Gen:  0)
  1042712    419112  18457392  0.000  0.000    0.085    0.126    0    0  (Gen:  0)
  1042912    428272  18697584  0.001  0.001    0.086    0.127    0    0  (Gen:  0)
  1042688    412936  18937104  0.000  0.000    0.087    0.128    0    0  (Gen:  0)
  1042664    423408  19178152  0.000  0.000    0.088    0.129    0    0  (Gen:  0)
  1042672    407576  19417192  0.000  0.000    0.088    0.129    0    0  (Gen:  0)
  1042784    416624  19657904  0.000  0.000    0.089    0.130    0    0  (Gen:  0)
  1042960    424864  19897352  0.000  0.000    0.090    0.131    0    0  (Gen:  0)
  1042544    410136  20136568  0.000  0.000    0.091    0.132    0    0  (Gen:  0)
  1042624    418784  20377088  0.000  0.000    0.091    0.132    0    0  (Gen:  0)
  1042736    427880  20617224  0.000  0.000    0.092    0.133    0    0  (Gen:  0)
  1042784    413248  20857312  0.000  0.000    0.093    0.134    0    0  (Gen:  0)
  1042912    423936  21098712  0.000  0.000    0.093    0.135    0    0  (Gen:  0)
  1042640    407024  21336992  0.000  0.000    0.094    0.135    0    0  (Gen:  0)
  1042688    416320  21577736  0.000  0.000    0.095    0.136    0    0  (Gen:  0)
  1042584    425352  21817976  0.000  0.000    0.095    0.137    0    0  (Gen:  0)
  1042800    410032  22056832  0.000  0.000    0.096    0.137    0    0  (Gen:  0)
  1042952    419024  22297456  0.000  0.000    0.097    0.138    0    0  (Gen:  0)
  1042440    427784  22537264  0.000  0.000    0.098    0.139    0    0  (Gen:  0)
  1043104    413168  22777328  0.000  0.000    0.098    0.140    0    0  (Gen:  0)
  1042552    423648  23018680  0.000  0.000    0.099    0.140    0    0  (Gen:  0)
  1042744    406384  23256712  0.000  0.000    0.100    0.141    0    0  (Gen:  0)
  1042936    416248  23497624  0.000  0.000    0.101    0.142    0    0  (Gen:  0)
  1042512    425480  23738216  0.000  0.000    0.101    0.143    0    0  (Gen:  0)
  1042848    410240  23977360  0.000  0.000    0.102    0.143    0    0  (Gen:  0)
  1042664    419336  24217856  0.000  0.000    0.103    0.144    0    0  (Gen:  0)
  1042768    427976  24457552  0.000  0.000    0.103    0.145    0    0  (Gen:  0)
  1042800    412640  24696936  0.000  0.000    0.104    0.145    0    0  (Gen:  0)
  1042544    423608  24938976  0.000  0.000    0.105    0.146    0    0  (Gen:  0)
  1042856    406632  25177056  0.000  0.000    0.105    0.147    0    0  (Gen:  0)
  1042672    415920  25417368  0.000  0.000    0.106    0.148    0    0  (Gen:  0)
  1042712    425328  25658232  0.000  0.000    0.107    0.148    0    0  (Gen:  0)
  1042904    409912  25896984  0.000  0.000    0.108    0.149    0    0  (Gen:  0)
  1042512    419344  26137888  0.000  0.000    0.108    0.150    0    0  (Gen:  0)
  1042904    427536  26377448  0.000  0.000    0.109    0.150    0    0  (Gen:  0)
  1042680    412864  26617152  0.000  0.000    0.110    0.151    0    0  (Gen:  0)
  1042832    423424  26858960  0.000  0.000    0.111    0.152    0    0  (Gen:  0)
  1042656    406584  27097296  0.000  0.000    0.111    0.153    0    0  (Gen:  0)
  1042648    415640  27337272  0.000  0.000    0.112    0.153    0    0  (Gen:  0)
  1042776    425648  27578392  0.000  0.000    0.113    0.154    0    0  (Gen:  0)
  1042872    409576  27816840  0.000  0.000    0.113    0.155    0    0  (Gen:  0)
  1042672    418992  28057720  0.000  0.000    0.114    0.156    0    0  (Gen:  0)
  1042768    427168  28297144  0.000  0.000    0.115    0.156    0    0  (Gen:  0)
  1042560    412832  28537104  0.000  0.000    0.116    0.157    0    0  (Gen:  0)
  1042768  28744128  28776864  0.029  0.037    0.145    0.194    0    0  (Gen:  1)
  1042880    406440  29015616  0.000  0.000    0.145    0.195    0    0  (Gen:  0)
  1042680    415696  29255520  0.000  0.000    0.146    0.196    0    0  (Gen:  0)
  1042720    425392  29496632  0.000  0.000    0.147    0.196    0    0  (Gen:  0)
  1042608    408856  29734752  0.000  0.000    0.147    0.197    0    0  (Gen:  0)
  1042744    418536  29975736  0.000  0.000    0.148    0.198    0    0  (Gen:  0)
  1042912    426624  30215200  0.000  0.000    0.149    0.199    0    0  (Gen:  0)
  1042648    412408  30455200  0.000  0.000    0.150    0.199    0    0  (Gen:  0)
  1042680    422464  30696664  0.000  0.000    0.150    0.200    0    0  (Gen:  0)
  1042712    405968  30935176  0.000  0.000    0.151    0.201    0    0  (Gen:  0)
  1042832    415672  31175720  0.000  0.000    0.152    0.202    0    0  (Gen:  0)
  1042848    425016  31416256  0.000  0.000    0.153    0.202    0    0  (Gen:  0)
  1042552    408584  31654696  0.000  0.000    0.153    0.203    0    0  (Gen:  0)
  1042632    418216  31895464  0.000  0.000    0.154    0.204    0    0  (Gen:  0)
  1042728    427048  32135736  0.000  0.000    0.155    0.205    0    0  (Gen:  0)
  1042760    412440  32375336  0.000  0.000    0.156    0.205    0    0  (Gen:  0)
  1043016    422288  32616600  0.000  0.000    0.156    0.206    0    0  (Gen:  0)
  1042640    405872  32855312  0.000  0.000    0.157    0.207    0    0  (Gen:  0)
  1042824    415464  33095672  0.000  0.000    0.158    0.207    0    0  (Gen:  0)
  1042448    425016  33336376  0.000  0.000    0.158    0.208    0    0  (Gen:  0)
  1042864    408776  33575136  0.000  0.000    0.159    0.209    0    0  (Gen:  0)
  1042920    417920  33815408  0.000  0.000    0.160    0.210    0    0  (Gen:  0)
  1042552    427448  34056176  0.000  0.000    0.161    0.210    0    0  (Gen:  0)
  1042896    412816  34295944  0.000  0.000    0.161    0.211    0    0  (Gen:  0)
  1042560    421800  34536208  0.000  0.000    0.162    0.212    0    0  (Gen:  0)
  1042784    405936  34775320  0.000  0.000    0.163    0.213    0    0  (Gen:  0)
  1042904    415152  35015416  0.000  0.000    0.164    0.213    0    0  (Gen:  0)
  1042464    424616  35256136  0.000  0.000    0.164    0.214    0    0  (Gen:  0)
  1042864    408480  35495008  0.000  0.000    0.165    0.215    0    0  (Gen:  0)
  1042704    417720  35735344  0.000  0.000    0.166    0.216    0    0  (Gen:  0)
  1042736    427232  35976024  0.000  0.000    0.167    0.216    0    0  (Gen:  0)
  1042784    412296  36215640  0.000  0.000    0.167    0.217    0    0  (Gen:  0)
  1042584    421816  36456304  0.000  0.000    0.168    0.218    0    0  (Gen:  0)
  1042896    405528  36695200  0.000  0.000    0.169    0.219    0    0  (Gen:  0)
  1042616    414424  36934888  0.000  0.000    0.169    0.219    0    0  (Gen:  0)
  1042752    424680  37176432  0.000  0.000    0.170    0.220    0    0  (Gen:  0)
  1042800    408544  37415072  0.000  0.000    0.171    0.221    0    0  (Gen:  0)
  1042584    417696  37655624  0.000  0.000    0.172    0.222    0    0  (Gen:  0)
  1042848    426832  37895760  0.000  0.000    0.172    0.222    0    0  (Gen:  0)
  1042680    411864  38135344  0.000  0.000    0.173    0.223    0    0  (Gen:  0)
  1042952    422008  38376512  0.000  0.000    0.174    0.224    0    0  (Gen:  0)
  1042592    404944  38614784  0.000  0.000    0.175    0.224    0    0  (Gen:  0)
  1042632    414664  38855216  0.000  0.000    0.175    0.225    0    0  (Gen:  0)
  1042792    424216  39096152  0.000  0.000    0.176    0.226    0    0  (Gen:  0)
  1042904    408264  39334960  0.000  0.000    0.177    0.227    0    0  (Gen:  0)
  1042688    417384  39575472  0.000  0.000    0.178    0.228    0    0  (Gen:  0)
  1042688    426368  39815528  0.000  0.000    0.178    0.228    0    0  (Gen:  0)
  1042584    411888  40055696  0.000  0.000    0.179    0.229    0    0  (Gen:  0)
  1042712    421808  40296456  0.000  0.000    0.180    0.230    0    0  (Gen:  0)
  1042920    405072  40534984  0.000  0.000    0.180    0.230    0    0  (Gen:  0)
  1042680    414688  40775568  0.000  0.000    0.181    0.231    0    0  (Gen:  0)
  1042752    423720  41015896  0.000  0.000    0.182    0.232    0    0  (Gen:  0)
  1042576    407992  41254592  0.000  0.000    0.183    0.233    0    0  (Gen:  0)
  1042768    416928  41495232  0.000  0.000    0.183    0.233    0    0  (Gen:  0)
  1042952    426256  41735504  0.000  0.000    0.184    0.234    0    0  (Gen:  0)
  1042552    411528  41975504  0.000  0.000    0.185    0.235    0    0  (Gen:  0)
  1042704    421432  42216264  0.000  0.000    0.185    0.236    0    0  (Gen:  0)
  1042656    405080  42455208  0.000  0.000    0.186    0.236    0    0  (Gen:  0)
  1042872    414272  42695456  0.000  0.000    0.187    0.237    0    0  (Gen:  0)
  1042976    423624  42935728  0.000  0.000    0.188    0.238    0    0  (Gen:  0)
  1042552    408064  43174808  0.000  0.000    0.188    0.238    0    0  (Gen:  0)
  1042744    416384  43414840  0.000  0.000    0.189    0.239    0    0  (Gen:  0)
  1042608    426216  43655688  0.000  0.000    0.190    0.240    0    0  (Gen:  0)
  1042784    411376  43895360  0.000  0.000    0.190    0.241    0    0  (Gen:  0)
  1042896    421008  44135912  0.000  0.000    0.191    0.241    0    0  (Gen:  0)
  1042616    405224  44375464  0.000  0.000    0.192    0.242    0    0  (Gen:  0)
  1042928    413688  44615160  0.000  0.000    0.193    0.243    0    0  (Gen:  0)
  1042512    423728  44855952  0.001  0.001    0.194    0.244    0    0  (Gen:  0)
  1042792    408080  45095000  0.001  0.001    0.195    0.245    0    0  (Gen:  0)
  1042880    416464  45335152  0.001  0.001    0.196    0.246    0    0  (Gen:  0)
  1042568    426256  45575664  0.001  0.001    0.197    0.247    0    0  (Gen:  0)
  1042808    410072  45814384  0.001  0.001    0.198    0.248    0    0  (Gen:  0)
  1042640    419992  46055480  0.001  0.001    0.199    0.249    0    0  (Gen:  0)
  1042792    428912  46295696  0.001  0.001    0.200    0.250    0    0  (Gen:  0)
  1042848    413584  46534992  0.001  0.001    0.201    0.251    0    0  (Gen:  0)
  1042496    423904  46776224  0.001  0.001    0.202    0.252    0    0  (Gen:  0)
  1042880    407736  47014808  0.001  0.001    0.203    0.253    0    0  (Gen:  0)
  1042648    416384  47255272  0.000  0.000    0.204    0.254    0    0  (Gen:  0)
  1042752    425976  47495520  0.000  0.000    0.205    0.255    0    0  (Gen:  0)
  1042848    410176  47734280  0.000  0.000    0.206    0.256    0    0  (Gen:  0)
  1042528    419536  47975168  0.000  0.000    0.206    0.257    0    0  (Gen:  0)
  1042912    428496  48215248  0.000  0.000    0.207    0.258    0    0  (Gen:  0)
  1042648    413200  48454728  0.000  0.000    0.208    0.258    0    0  (Gen:  0)
  1042744    423456  48695744  0.000  0.000    0.209    0.259    0    0  (Gen:  0)
  1042728    407624  48934744  0.000  0.000    0.209    0.260    0    0  (Gen:  0)
  1042696    417056  49175472  0.000  0.000    0.210    0.261    0    0  (Gen:  0)
  1042808    425320  49415032  0.001  0.001    0.211    0.262    0    0  (Gen:  0)
  1042800    409888  49653952  0.000  0.000    0.212    0.262    0    0  (Gen:  0)
  1042752    419040  49894904  0.000  0.000    0.213    0.263    0    0  (Gen:  0)
  1042696    428296  50135112  0.000  0.000    0.213    0.264    0    0  (Gen:  0)
  1042600    412840  50374576  0.000  0.000    0.214    0.265    0    0  (Gen:  0)
  1042824    423520  50615936  0.000  0.000    0.215    0.265    0    0  (Gen:  0)
  1042816    407576  50854696  0.000  0.000    0.216    0.266    0    0  (Gen:  0)
  1042696    416640  51095416  0.000  0.000    0.216    0.267    0    0  (Gen:  0)
  1042736    424928  51335008  0.000  0.000    0.217    0.268    0    0  (Gen:  0)
  1042608    410168  51574168  0.000  0.000    0.218    0.268    0    0  (Gen:  0)
  1042720    418656  51814640  0.000  0.000    0.219    0.269    0    0  (Gen:  0)
  1042928    428200  52055104  0.000  0.000    0.219    0.270    0    0  (Gen:  0)
  1042632    413208  52294936  0.000  0.000    0.220    0.271    0    0  (Gen:  0)
  1042704    423816  52536296  0.000  0.000    0.221    0.271    0    0  (Gen:  0)
  1042632    406800  52774336  0.000  0.000    0.222    0.272    0    0  (Gen:  0)
  1042936    416472  53015496  0.000  0.000    0.222    0.273    0    0  (Gen:  0)
  1042944    425336  53255648  0.000  0.000    0.223    0.274    0    0  (Gen:  0)
  1042512    410192  53494712  0.000  0.000    0.224    0.274    0    0  (Gen:  0)
  1042624    418920  53734944  0.000  0.000    0.224    0.275    0    0  (Gen:  0)
  1042728    427760  53974832  0.000  0.000    0.225    0.276    0    0  (Gen:  0)
  1042776    413064  54214840  0.000  0.000    0.226    0.277    0    0  (Gen:  0)
  1042912    423976  54456480  0.000  0.000    0.227    0.277    0    0  (Gen:  0)
  1042640    406272  54694216  0.000  0.000    0.228    0.278    0    0  (Gen:  0)
  1042720    416152  54935056  0.000  0.000    0.228    0.279    0    0  (Gen:  0)
  1042560    425408  55175824  0.000  0.000    0.229    0.280    0    0  (Gen:  0)
  1042792    410136  55414728  0.000  0.000    0.230    0.280    0    0  (Gen:  0)
  1042952    419376  55655392  0.000  0.000    0.230    0.281    0    0  (Gen:  0)
  1042584    427832  55895088  0.000  0.000    0.231    0.282    0    0  (Gen:  0)
  1042904    412528  56134440  0.000  0.000    0.232    0.283    0    0  (Gen:  0)
  1042512    423712  56376624  0.000  0.000    0.233    0.283    0    0  (Gen:  0)
  1042768    406320  56614392  0.000  0.000    0.233    0.284    0    0  (Gen:  0)
  1042944    415944  56854928  0.000  0.000    0.234    0.285    0    0  (Gen:  0)
  1042512    425488  57095752  0.000  0.000    0.235    0.285    0    0  (Gen:  0)
  1042864  57298576  57331312  0.059  0.077    0.294    0.363    0    0  (Gen:  1)
  1042632    419232  57572288  0.001  0.001    0.295    0.364    0    0  (Gen:  0)
  1042792    427392  57811736  0.001  0.001    0.296    0.366    0    0  (Gen:  0)
  1075552    412832  58051608  0.001  0.001    0.298    0.367    0    0  (Gen:  0)
  1173600    423240  58325960  0.001  0.001    0.299    0.368    0    0  (Gen:  0)
  1108456    406672  58564544  0.001  0.001    0.300    0.369    0    0  (Gen:  0)
  1108192    415608  58771720  0.001  0.001    0.301    0.370    0    0  (Gen:  0)
  1140960    425584  59045552  0.001  0.001    0.302    0.371    0    0  (Gen:  0)
  1075688    409360  59283888  0.001  0.001    0.303    0.372    0    0  (Gen:  0)
  1042544    428352  59577480  0.001  0.001    0.304    0.373    0    0  (Gen:  0)
  1042864    479512  59869424  0.000  0.000    0.304    0.374    0    0  (Gen:  0)
  1042688    464888  60161784  0.000  0.000    0.305    0.375    0    0  (Gen:  0)
  1042816    475864  60456344  0.000  0.000    0.306    0.376    0    0  (Gen:  0)
  1042704    458376  60747160  0.000  0.000    0.307    0.376    0    0  (Gen:  0)
  1042608    468096  61039504  0.000  0.000    0.308    0.377    0    0  (Gen:  0)
  1042808    478312  61333592  0.000  0.000    0.309    0.378    0    0  (Gen:  0)
  1042840    461264  61624080  0.000  0.000    0.310    0.379    0    0  (Gen:  0)
  1042688    470960  61917608  0.000  0.000    0.310    0.380    0    0  (Gen:  0)
  1042776    479432  62209840  0.000  0.000    0.311    0.381    0    0  (Gen:  0)
  1042536    464568  62501792  0.000  0.000    0.312    0.381    0    0  (Gen:  0)
  1042760    475432  62796328  0.000  0.000    0.313    0.382    0    0  (Gen:  0)
  1042888    458440  63087336  0.000  0.000    0.313    0.383    0    0  (Gen:  0)
  1042672    467976  63380152  0.001  0.001    0.315    0.384    0    0  (Gen:  0)
  1042768    477944  63673680  0.001  0.001    0.316    0.386    0    0  (Gen:  0)
  1042688    461088  63964608  0.001  0.001    0.317    0.387    0    0  (Gen:  0)
  1042752    470688  64257752  0.001  0.001    0.318    0.388    0    0  (Gen:  0)
  1042912    479728  64550752  0.001  0.001    0.319    0.389    0    0  (Gen:  0)
  1042624    464680  64842632  0.001  0.001    0.320    0.390    0    0  (Gen:  0)
  1042680    475152  65136648  0.001  0.001    0.321    0.391    0    0  (Gen:  0)
  1042696    457888  65427528  0.001  0.001    0.322    0.392    0    0  (Gen:  0)
  1042840    467752  65720424  0.001  0.001    0.323    0.393    0    0  (Gen:  0)
  1042880    477912  66014144  0.001  0.001    0.324    0.394    0    0  (Gen:  0)
  1042512    461104  66305352  0.000  0.000    0.325    0.395    0    0  (Gen:  0)
  1042672    470080  66597864  0.000  0.000    0.326    0.396    0    0  (Gen:  0)
  1042712    480232  66891552  0.000  0.000    0.327    0.397    0    0  (Gen:  0)
  1042760    464856  67183472  0.000  0.000    0.328    0.397    0    0  (Gen:  0)
  1042920    474968  67476992  0.000  0.000    0.328    0.398    0    0  (Gen:  0)
  1042632    458040  67768192  0.000  0.000    0.329    0.399    0    0  (Gen:  0)
  1042856    467296  68060616  0.000  0.000    0.330    0.400    0    0  (Gen:  0)
  1042456    477480  68354336  0.000  0.000    0.331    0.400    0    0  (Gen:  0)
  1042872    460768  68645632  0.000  0.000    0.331    0.401    0    0  (Gen:  0)
  1042912    470192  68938480  0.000  0.000    0.332    0.402    0    0  (Gen:  0)
  1042504    479752  69231688  0.000  0.000    0.333    0.403    0    0  (Gen:  0)
  1042904    464408  69523784  0.000  0.000    0.334    0.403    0    0  (Gen:  0)
  1042592    474608  69817328  0.000  0.000    0.334    0.404    0    0  (Gen:  0)
  1042760    457744  70108512  0.000  0.000    0.335    0.405    0    0  (Gen:  0)
  1042888    466816  70400744  0.000  0.000    0.336    0.406    0    0  (Gen:  0)
  1042456    477496  70695072  0.000  0.000    0.337    0.406    0    0  (Gen:  0)
  1042880    460704  70986160  0.000  0.000    0.337    0.407    0    0  (Gen:  0)
  1042688    469912  71279056  0.000  0.000    0.338    0.408    0    0  (Gen:  0)
  1042736    479376  71572016  0.000  0.000    0.339    0.409    0    0  (Gen:  0)
  1042816    463920  71863792  0.000  0.000    0.340    0.409    0    0  (Gen:  0)
  1042576    474784  72157904  0.000  0.000    0.340    0.410    0    0  (Gen:  0)
  1042872    457272  72448472  0.000  0.000    0.341    0.411    0    0  (Gen:  0)
  1042624    466880  72741216  0.000  0.000    0.342    0.412    0    0  (Gen:  0)
  1042768    476984  73035128  0.000  0.000    0.343    0.413    0    0  (Gen:  0)
  1042784    460672  73326176  0.000  0.000    0.343    0.413    0    0  (Gen:  0)
  1042656    469728  73619240  0.000  0.000    0.344    0.414    0    0  (Gen:  0)
  1042768    478968  73912040  0.000  0.000    0.345    0.415    0    0  (Gen:  0)
  1042728    464184  74204552  0.000  0.000    0.346    0.416    0    0  (Gen:  0)
  1042920    474576  74498216  0.000  0.000    0.346    0.416    0    0  (Gen:  0)
  1042600    457264  74789048  0.000  0.000    0.347    0.417    0    0  (Gen:  0)
  1042640    467048  75082120  0.001  0.001    0.348    0.418    0    0  (Gen:  0)
  1042768    476456  75375296  0.001  0.001    0.349    0.419    0    0  (Gen:  0)
  1042904    460408  75666368  0.001  0.001    0.351    0.421    0    0  (Gen:  0)
  1042704    469328  75959440  0.001  0.001    0.352    0.422    0    0  (Gen:  0)
  1042776    479152  76252656  0.001  0.001    0.353    0.423    0    0  (Gen:  0)
  1042568    463664  76544888  0.001  0.001    0.354    0.424    0    0  (Gen:  0)
  1042728    473968  76838312  0.001  0.001    0.355    0.425    0    0  (Gen:  0)
  1042960    457544  77129880  0.001  0.001    0.356    0.426    0    0  (Gen:  0)
  1042648    466512  77422456  0.001  0.001    0.357    0.427    0    0  (Gen:  0)
  1042728    476304  77715464  0.001  0.001    0.358    0.428    0    0  (Gen:  0)
  1042616    460360  78006968  0.001  0.001    0.359    0.429    0    0  (Gen:  0)
  1042728    468784  78299440  0.001  0.001    0.360    0.430    0    0  (Gen:  0)
  1042976    479304  78593376  0.001  0.001    0.361    0.431    0    0  (Gen:  0)
  1042560    463128  78884760  0.001  0.001    0.362    0.432    0    0  (Gen:  0)
  1042696    473592  79178384  0.001  0.001    0.363    0.433    0    0  (Gen:  0)
  1042712    458144  79470680  0.001  0.001    0.364    0.434    0    0  (Gen:  0)
  1042808    466016  79762600  0.001  0.001    0.365    0.435    0    0  (Gen:  0)
  1042872    476896  80056600  0.000  0.000    0.366    0.436    0    0  (Gen:  0)
  1042600    460216  80347648  0.000  0.000    0.367    0.437    0    0  (Gen:  0)
  1042688    468904  80640376  0.000  0.000    0.367    0.438    0    0  (Gen:  0)
  1042608    478968  80933648  0.000  0.000    0.368    0.439    0    0  (Gen:  0)
  1042784    462200  81224568  0.000  0.000    0.369    0.440    0    0  (Gen:  0)
  1042936    472624  81518544  0.000  0.000    0.370    0.440    0    0  (Gen:  0)
  1042600    481328  81811200  0.000  0.000    0.371    0.441    0    0  (Gen:  0)
  1042912    465648  82102888  0.000  0.000    0.371    0.442    0    0  (Gen:  0)
  1042528    477128  82397224  0.000  0.000    0.372    0.443    0    0  (Gen:  0)
  1042792    459768  82687968  0.000  0.000    0.373    0.443    0    0  (Gen:  0)
  1042904    469168  82981248  0.000  0.000    0.374    0.444    0    0  (Gen:  0)
  1042528    478408  83273768  0.000  0.000    0.374    0.445    0    0  (Gen:  0)
  1042800    462616  83565216  0.000  0.000    0.375    0.446    0    0  (Gen:  0)
  1042656    471968  83858624  0.000  0.000    0.376    0.446    0    0  (Gen:  0)
  1042816    481248  84151464  0.000  0.000    0.377    0.447    0    0  (Gen:  0)
  1042824    465328  84443208  0.000  0.000    0.377    0.448    0    0  (Gen:  0)
  1042520    476456  84737168  0.000  0.000    0.378    0.449    0    0  (Gen:  0)
  1042848    459984  85028536  0.000  0.000    0.379    0.449    0    0  (Gen:  0)
  1042688    469504  85321768  0.000  0.000    0.380    0.450    0    0  (Gen:  0)
  1042720    477704  85613832  0.000  0.000    0.380    0.451    0    0  (Gen:  0)
  1042872    462256  85905200  0.000  0.000    0.381    0.452    0    0  (Gen:  0)
  1042488    471472  86198528  0.000  0.000    0.382    0.452    0    0  (Gen:  0)
  1042944    480928  86491608  0.000  0.000    0.383    0.453    0    0  (Gen:  0)
  1042624    465824  86783888  0.000  0.000    0.383    0.454    0    0  (Gen:  0)
  1042752    476520  87077792  0.000  0.000    0.384    0.455    0    0  (Gen:  0)
  1042736    459656  87368736  0.000  0.000    0.385    0.455    0    0  (Gen:  0)
  1042688    469024  87662024  0.000  0.000    0.386    0.456    0    0  (Gen:  0)
  1042792    477744  87954448  0.000  0.000    0.386    0.457    0    0  (Gen:  0)
  1042840    462336  88245776  0.000  0.000    0.387    0.458    0    0  (Gen:  0)
  1042648    471504  88539056  0.000  0.000    0.388    0.459    0    0  (Gen:  0)
  1042896    480608  88831960  0.000  0.000    0.389    0.459    0    0  (Gen:  0)
  1042568    465224  89124192  0.000  0.000    0.390    0.460    0    0  (Gen:  0)
  1042824    476984  89418832  0.000  0.000    0.390    0.461    0    0  (Gen:  0)
  1042848    458824  89708984  0.001  0.001    0.391    0.462    0    0  (Gen:  0)
  1042656    468864  90002544  0.000  0.000    0.392    0.463    0    0  (Gen:  0)
  1042768    477712  90295336  0.000  0.000    0.393    0.464    0    0  (Gen:  0)
  1042600    462792  90587016  0.000  0.000    0.394    0.464    0    0  (Gen:  0)
  1042704    471432  90879792  0.000  0.000    0.394    0.465    0    0  (Gen:  0)
  1042936    480688  91172640  0.000  0.000    0.395    0.466    0    0  (Gen:  0)
  1042640    465120  91464456  0.000  0.000    0.396    0.467    0    0  (Gen:  0)
  1042688    477080  91759368  0.000  0.000    0.397    0.467    0    0  (Gen:  0)
  1042680    458432  92049280  0.000  0.000    0.397    0.468    0    0  (Gen:  0)
  1042848    468712  92342600  0.000  0.000    0.398    0.469    0    0  (Gen:  0)
  1042896    478160  92636200  0.000  0.000    0.399    0.470    0    0  (Gen:  0)
  1042536    462392  92927376  0.000  0.000    0.400    0.470    0    0  (Gen:  0)
  1042608    471888  93220744  0.000  0.000    0.400    0.471    0    0  (Gen:  0)
  1042728    480248  93512960  0.000  0.000    0.401    0.472    0    0  (Gen:  0)
  1042768    464696  93804408  0.000  0.000    0.402    0.473    0    0  (Gen:  0)
  1042904    476912  94099880  0.000  0.000    0.403    0.473    0    0  (Gen:  0)
  1042680    458544  94389968  0.000  0.000    0.403    0.474    0    0  (Gen:  0)
  1042720    468128  94682720  0.000  0.000    0.404    0.475    0    0  (Gen:  0)
  1042520    478032  94976352  0.000  0.000    0.405    0.476    0    0  (Gen:  0)
  1042816    462008  95267432  0.000  0.000    0.406    0.476    0    0  (Gen:  0)
  1042936    471896  95561320  0.000  0.000    0.406    0.477    0    0  (Gen:  0)
  1042616    479800  95853144  0.000  0.000    0.407    0.478    0    0  (Gen:  0)
  1042864    465248  96145448  0.000  0.000    0.408    0.479    0    0  (Gen:  0)
  1042528    476320  96440160  0.000  0.000    0.409    0.480    0    0  (Gen:  0)
  1042768    458720  96730824  0.000  0.000    0.409    0.480    0    0  (Gen:  0)
  1042944    468032  97023248  0.000  0.000    0.410    0.481    0    0  (Gen:  0)
  1042504    478552  97317320  0.000  0.000    0.411    0.482    0    0  (Gen:  0)
  1042872    461504  97607816  0.000  0.000    0.412    0.483    0    0  (Gen:  0)
  1042616    471376  97901368  0.000  0.000    0.412    0.483    0    0  (Gen:  0)
  1042800    479352  98193224  0.000  0.000    0.413    0.484    0    0  (Gen:  0)
  1042784    464888  98485720  0.000  0.000    0.414    0.485    0    0  (Gen:  0)
  1042552    475744  98780144  0.000  0.000    0.415    0.486    0    0  (Gen:  0)
  1042896    458416  99071024  0.000  0.000    0.415    0.486    0    0  (Gen:  0)
  1042640    468512  99363928  0.000  0.000    0.416    0.487    0    0  (Gen:  0)
  1042704    478016  99657448  0.001  0.001    0.417    0.488    0    0  (Gen:  0)
  1042880    461136  99948032  0.001  0.001    0.419    0.489    0    0  (Gen:  0)
  1042544    470840 100241464  0.001  0.001    0.420    0.491    0    0  (Gen:  0)
  1042856    479480 100533888  0.001  0.001    0.421    0.492    0    0  (Gen:  0)
  1042784    464536 100825864  0.001  0.001    0.422    0.493    0    0  (Gen:  0)
  1042824    475384 101120488  0.001  0.001    0.423    0.494    0    0  (Gen:  0)
  1042696    458192 101411368  0.001  0.001    0.424    0.495    0    0  (Gen:  0)
  1042656    468064 101704304  0.001  0.001    0.425    0.496    0    0  (Gen:  0)
  1042776    477784 101997712  0.001  0.001    0.426    0.497    0    0  (Gen:  0)
  1042832    461152 102288864  0.001  0.001    0.427    0.498    0    0  (Gen:  0)
  1042696    470696 102581824  0.000  0.001    0.428    0.499    0    0  (Gen:  0)
  1042760    479544 102874560  0.001  0.001    0.429    0.500    0    0  (Gen:  0)
  1042544    464672 103166696  0.000  0.000    0.430    0.501    0    0  (Gen:  0)
  1042768    475128 103460456  0.000  0.000    0.430    0.502    0    0  (Gen:  0)
  1042888    458056 103751552  0.000  0.000    0.431    0.503    0    0  (Gen:  0)
  1042688    467736 104044344  0.000  0.000    0.432    0.503    0    0  (Gen:  0)
  1042752    477944 104338104  0.000  0.000    0.433    0.504    0    0  (Gen:  0)
  1042624    460928 104629144  0.000  0.000    0.434    0.505    0    0  (Gen:  0)
  1042712    470432 104921984  0.000  0.000    0.434    0.506    0    0  (Gen:  0)
  1042944    480160 105215400  0.000  0.000    0.435    0.506    0    0  (Gen:  0)
  1042600    464712 105507296  0.000  0.000    0.436    0.507    0    0  (Gen:  0)
  1042688    474928 105800840  0.000  0.000    0.437    0.508    0    0  (Gen:  0)
  1042696    457904 106091912  0.000  0.000    0.437    0.509    0    0  (Gen:  0)
  1042824    467200 106384256  0.000  0.000    0.438    0.509    0    0  (Gen:  0)
  1042888    477376 106678200  0.000  0.000    0.439    0.510    0    0  (Gen:  0)
  1042512    460600 106969368  0.001  0.001    0.440    0.511    0    0  (Gen:  0)
  1042656    470040 107262160  0.000  0.000    0.441    0.512    0    0  (Gen:  0)
  1042736    479872 107555616  0.000  0.000    0.442    0.513    0    0  (Gen:  0)
  1042768    464280 107847432  0.000  0.000    0.442    0.514    0    0  (Gen:  0)
  1042896    474696 108141200  0.000  0.000    0.443    0.515    0    0  (Gen:  0)
  1042624    457616 108432288  0.000  0.000    0.444    0.515    0    0  (Gen:  0)
  1042904    466808 108724432  0.000  0.000    0.445    0.516    0    0  (Gen:  0)
  1042488    477488 109018864  0.000  0.000    0.445    0.517    0    0  (Gen:  0)
  1042800    460696 109309952  0.000  0.000    0.446    0.518    0    0  (Gen:  0)
  1042928    469984 109602912  0.000  0.000    0.447    0.518    0    0  (Gen:  0)
  1042480    479344 109895760  0.000  0.000    0.448    0.519    0    0  (Gen:  0)
  1042920    464168 110187920  0.000  0.000    0.448    0.520    0    0  (Gen:  0)
  1042584    474808 110481784  0.000  0.000    0.449    0.521    0    0  (Gen:  0)
  1042784    457128 110772304  0.000  0.000    0.450    0.521    0    0  (Gen:  0)
  1042864    466712 111065104  0.000  0.000    0.451    0.522    0    0  (Gen:  0)
  1042464    477016 111359008  0.001  0.001    0.452    0.523    0    0  (Gen:  0)
  1042880    460544 111650008  0.001  0.001    0.453    0.525    0    0  (Gen:  0)
  1042704    469736 111943040  0.001  0.001    0.454    0.526    0    0  (Gen:  0)
  1042720    478864 112235832  0.001  0.001    0.456    0.527    0    0  (Gen:  0)
  1042840    464080 112528464  0.001  0.001    0.457    0.528    0    0  (Gen:  0)
  1042536    474600 112821952  0.001  0.001    0.458    0.529    0    0  (Gen:  0)
  1042680    450608 113106264  0.001  0.001    0.459    0.530    0    0  (Gen:  0)
  1042264    455048 113379472  0.001  0.001    0.460    0.531    0    0  (Gen:  0)
  1042912    482088 113650584  0.001  0.001    0.461    0.533    0    0  (Gen:  0)
  1042440    474328 113921568  0.001  0.001    0.462    0.534    0    0  (Gen:  0)
  1042656 102000688 102066200  0.109  0.140    0.572    0.674    0    0  (Gen:  1)
  1042768    424864 102278680  0.000  0.000    0.572    0.675    0    0  (Gen:  0)
  1042496    417440 102490864  0.000  0.000    0.573    0.676    0    0  (Gen:  0)
  1042648    410136 102702984  0.000  0.000    0.574    0.676    0    0  (Gen:  0)
  1042688    403472 102916296  0.000  0.000    0.575    0.677    0    0  (Gen:  0)
  1042736    418712 103127768  0.000  0.000    0.576    0.678    0    0  (Gen:  0)
  1042392    411104 103339840  0.000  0.000    0.576    0.679    0    0  (Gen:  0)
  1042936    406104 103554128  0.000  0.000    0.577    0.680    0    0  (Gen:  0)
  1042256    420312 103764936  0.000  0.000    0.578    0.680    0    0  (Gen:  0)
  1042872    412392 103976592  0.000  0.000    0.579    0.681    0    0  (Gen:  0)
  1042568    407176 104190472  0.000  0.000    0.579    0.682    0    0  (Gen:  0)
  1042664    422320 104402464  0.000  0.000    0.580    0.683    0    0  (Gen:  0)
  1042616    414016 104613824  0.000  0.000    0.581    0.683    0    0  (Gen:  0)
  1042704    408448 104827248  0.000  0.000    0.582    0.684    0    0  (Gen:  0)
  1042552    423760 105039096  0.000  0.000    0.582    0.685    0    0  (Gen:  0)
  1042512    415000 105250424  0.000  0.000    0.583    0.686    0    0  (Gen:  0)
  1042912    410048 105464448  0.000  0.000    0.584    0.687    0    0  (Gen:  0)
  1042200    425312 105676240  0.000  0.000    0.585    0.687    0    0  (Gen:  0)
  1042848    418544 105889152  0.000  0.000    0.585    0.688    0    0  (Gen:  0)
  1042536    410904 106101208  0.000  0.000    0.586    0.689    0    0  (Gen:  0)
  1042688    404744 106314416  0.000  0.000    0.587    0.690    0    0  (Gen:  0)
  1042688    419536 106525560  0.000  0.000    0.588    0.690    0    0  (Gen:  0)
  1042600    412296 106737888  0.000  0.000    0.588    0.691    0    0  (Gen:  0)
  1042752    406592 106951344  0.000  0.000    0.589    0.692    0    0  (Gen:  0)
  1042536    421680 107163264  0.000  0.000    0.590    0.693    0    0  (Gen:  0)
  1042776    413376 107375064  0.000  0.000    0.591    0.693    0    0  (Gen:  0)
  1042296    408376 107588688  0.000  0.000    0.591    0.694    0    0  (Gen:  0)
  1042904    422544 107799816  0.000  0.000    0.592    0.695    0    0  (Gen:  0)
  1042384    415368 108012184  0.000  0.000    0.593    0.696    0    0  (Gen:  0)
  1042744    409008 108225136  0.000  0.000    0.594    0.696    0    0  (Gen:  0)
  1042760    425240 108437840  0.000  0.000    0.594    0.697    0    0  (Gen:  0)
  1042496    418064 108650232  0.000  0.000    0.595    0.698    0    0  (Gen:  0)
  1042616    410376 108862200  0.000  0.000    0.596    0.699    0    0  (Gen:  0)
  1042720    403896 109075528  0.000  0.000    0.597    0.699    0    0  (Gen:  0)
  1042728    418880 109286664  0.000  0.000    0.597    0.700    0    0  (Gen:  0)
  1042376    411336 109498856  0.000  0.000    0.598    0.701    0    0  (Gen:  0)
  1042896    405872 109712784  0.000  0.000    0.599    0.702    0    0  (Gen:  0)
  1042296    420192 109923560  0.000  0.000    0.600    0.702    0    0  (Gen:  0)
  1042880    412824 110136104  0.000  0.000    0.600    0.703    0    0  (Gen:  0)
  1108104    407024 110382016  0.000  0.000    0.601    0.704    0    0  (Gen:  0)
  1108152    422680 110561616  0.000  0.000    0.602    0.705    0    0  (Gen:  0)
  1140992    414592 110805824  0.000  0.000    0.603    0.706    0    0  (Gen:  0)
  1140984    408328 111018672  0.000  0.000    0.604    0.706    0    0  (Gen:  0)
  1108096    423880 111230960  0.000  0.000    0.604    0.707    0    0  (Gen:  0)
  1042528    364616 111442616  0.000  0.000    0.605    0.708    0    0  (Gen:  0)
  1042896    410080 111656112  0.000  0.000    0.606    0.709    0    0  (Gen:  0)
  1042208    425848 111868352  0.000  0.000    0.606    0.709    0    0  (Gen:  0)
  1042840    417864 112080336  0.000  0.000    0.607    0.710    0    0  (Gen:  0)
  1042544    411472 112293320  0.000  0.000    0.608    0.711    0    0  (Gen:  0)
  1042632    404992 112506256  0.000  0.000    0.609    0.712    0    0  (Gen:  0)
  1042744    420112 112717712  0.000  0.000    0.610    0.713    0    0  (Gen:  0)
  1042568    412968 112930032  0.000  0.000    0.611    0.713    0    0  (Gen:  0)
  1042760    406160 113142784  0.000  0.000    0.611    0.714    0    0  (Gen:  0)
  1042536    421608 113354880  0.000  0.000    0.612    0.715    0    0  (Gen:  0)
  1042784    413248 113566504  0.000  0.000    0.613    0.716    0    0  (Gen:  0)
  1042304    408512 113780496  0.000  0.000    0.614    0.717    0    0  (Gen:  0)
  1042904    423368 113992128  0.000  0.000    0.615    0.717    0    0  (Gen:  0)
  1042392    415848 114204176  0.000  0.000    0.615    0.718    0    0  (Gen:  0)
  1042736    409056 114417024  0.000  0.000    0.616    0.719    0    0  (Gen:  0)
  1042720    425328 114629488  0.000  0.000    0.617    0.720    0    0  (Gen:  0)
  1042552    417752 114841576  0.000  0.000    0.618    0.720    0    0  (Gen:  0)
  1042592    410560 115053880  0.000  0.000    0.618    0.721    0    0  (Gen:  0)
  1042704    403944 115267072  0.000  0.000    0.619    0.722    0    0  (Gen:  0)
  1042744    419496 115478728  0.000  0.000    0.620    0.723    0    0  (Gen:  0)
  1042360    412032 115690896  0.000  0.000    0.620    0.723    0    0  (Gen:  0)
  1042920    405664 115904088  0.000  0.000    0.621    0.724    0    0  (Gen:  0)
  1042256    420768 116115744  0.000  0.000    0.622    0.725    0    0  (Gen:  0)
  1042904    413040 116327960  0.000  0.000    0.623    0.725    0    0  (Gen:  0)
  1042520    407144 116541032  0.000  0.000    0.623    0.726    0    0  (Gen:  0)
  1042688    422888 116753392  0.000  0.000    0.624    0.727    0    0  (Gen:  0)
  1042696    414952 116964872  0.000  0.000    0.625    0.728    0    0  (Gen:  0)
  1042640    408840 117178136  0.000  0.000    0.626    0.729    0    0  (Gen:  0)
  1042584    424256 117390264  0.000  0.000    0.626    0.729    0    0  (Gen:  0)
  1042544    415800 117601568  0.000  0.000    0.627    0.730    0    0  (Gen:  0)
  1042856    409592 117814608  0.000  0.000    0.628    0.731    0    0  (Gen:  0)
  1042248    426408 118027776  0.000  0.000    0.629    0.732    0    0  (Gen:  0)
  1042840    418520 118239752  0.000  0.000    0.629    0.732    0    0  (Gen:  0)
  1042520    411032 118451944  0.000  0.000    0.630    0.733    0    0  (Gen:  0)
  1042632    405856 118665968  0.000  0.000    0.631    0.734    0    0  (Gen:  0)
  1042720    420576 118877096  0.000  0.000    0.632    0.735    0    0  (Gen:  0)
  1042592    412752 119088992  0.000  0.000    0.632    0.735    0    0  (Gen:  0)
  1042776    406872 119302312  0.000  0.000    0.633    0.736    0    0  (Gen:  0)
  1042528    421992 119514104  0.000  0.000    0.634    0.737    0    0  (Gen:  0)
  1042768    413936 119725968  0.000  0.000    0.634    0.738    0    0  (Gen:  0)
  1042336    408272 119939144  0.000  0.000    0.635    0.738    0    0  (Gen:  0)
  1042880    423528 120151248  0.000  0.000    0.636    0.739    0    0  (Gen:  0)
  1042408    415656 120362976  0.000  0.000    0.637    0.740    0    0  (Gen:  0)
  1042704    409600 120576184  0.000  0.000    0.637    0.741    0    0  (Gen:  0)
  1042752    424976 120788008  0.000  0.000    0.638    0.741    0    0  (Gen:  0)
  1042544    418288 121000960  0.000  0.000    0.639    0.742    0    0  (Gen:  0)
  1042608    410664 121213032  0.000  0.000    0.640    0.743    0    0  (Gen:  0)
  1042656    404008 121425984  0.001  0.001    0.641    0.744    0    0  (Gen:  0)
  1042768    419504 121637632  0.001  0.001    0.642    0.745    0    0  (Gen:  0)
  1042360    412192 121849728  0.001  0.001    0.643    0.746    0    0  (Gen:  0)
  1042912    406440 122063472  0.001  0.001    0.644    0.748    0    0  (Gen:  0)
  1042264    421496 122275160  0.001  0.001    0.645    0.749    0    0  (Gen:  0)
  1042920    413056 122486960  0.001  0.001    0.646    0.750    0    0  (Gen:  0)
  1042504    407704 122700464  0.000  0.001    0.647    0.750    0    0  (Gen:  0)
  1042712    422936 122912192  0.001  0.001    0.648    0.752    0    0  (Gen:  0)
  1042696    414688 123123752  0.001  0.001    0.649    0.753    0    0  (Gen:  0)
  1042560    408928 123337376  0.001  0.001    0.650    0.754    0    0  (Gen:  0)
  1042640    424832 123549648  0.000  0.000    0.651    0.754    0    0  (Gen:  0)
  1042544    417584 123761880  0.000  0.000    0.652    0.755    0    0  (Gen:  0)
  1042832    410328 123974048  0.000  0.000    0.653    0.756    0    0  (Gen:  0)
  1042288    403456 124187280  0.000  0.000    0.654    0.757    0    0  (Gen:  0)
  1042840    418640 124398648  0.000  0.000    0.654    0.758    0    0  (Gen:  0)
  1042504    411080 124610744  0.000  0.000    0.655    0.759    0    0  (Gen:  0)
  1042632    405880 124824880  0.000  0.000    0.656    0.759    0    0  (Gen:  0)
  1042720    420224 125035792  0.000  0.000    0.657    0.760    0    0  (Gen:  0)
  1042584    412448 125247640  0.000  0.000    0.657    0.761    0    0  (Gen:  0)
  1042808    407272 125461504  0.000  0.000    0.658    0.761    0    0  (Gen:  0)
  1042520    422296 125673344  0.000  0.000    0.659    0.762    0    0  (Gen:  0)
  1042776    414032 125884880  0.000  0.000    0.659    0.763    0    0  (Gen:  0)
  1042296    408184 126098024  0.000  0.000    0.660    0.764    0    0  (Gen:  0)
  1042880    423912 126310232  0.000  0.000    0.661    0.764    0    0  (Gen:  0)
  1042392    415064 126521440  0.000  0.000    0.662    0.765    0    0  (Gen:  0)
  1042752    410288 126735624  0.000  0.000    0.662    0.766    0    0  (Gen:  0)
  1042720    425688 126947488  0.000  0.000    0.663    0.767    0    0  (Gen:  0)
  1042584    418808 127160312  0.000  0.000    0.664    0.767    0    0  (Gen:  0)
  1042584    411064 127372328  0.000  0.000    0.665    0.768    0    0  (Gen:  0)
  1042648    404728 127585376  0.000  0.000    0.665    0.769    0    0  (Gen:  0)
  1042768    419760 127796768  0.000  0.000    0.666    0.770    0    0  (Gen:  0)
  1042392    412312 128008928  0.000  0.000    0.667    0.770    0    0  (Gen:  0)
  1042888    406392 128222328  0.000  0.000    0.668    0.771    0    0  (Gen:  0)
  1042280    421328 128433904  0.000  0.000    0.668    0.772    0    0  (Gen:  0)
  1042912    413480 128646208  0.000  0.000    0.669    0.773    0    0  (Gen:  0)
  1042488    408528 128859760  0.000  0.000    0.670    0.773    0    0  (Gen:  0)
  1042696    422552 129070784  0.000  0.000    0.671    0.774    0    0  (Gen:  0)
  1042712    415224 129283024  0.000  0.000    0.671    0.775    0    0  (Gen:  0)
  1042592    409064 129496120  0.000  0.000    0.672    0.776    0    0  (Gen:  0)
  1042632    425248 129708800  0.001  0.001    0.673    0.777    0    0  (Gen:  0)
  1042504    418080 129921200  0.001  0.001    0.674    0.778    0    0  (Gen:  0)
  1042848    410432 130133208  0.001  0.001    0.676    0.779    0    0  (Gen:  0)
  1042272    403848 130346464  0.001  0.001    0.677    0.780    0    0  (Gen:  0)
  1042888    419208 130557864  0.001  0.001    0.678    0.781    0    0  (Gen:  0)
  1042456    411496 130769888  0.000  0.000    0.679    0.782    0    0  (Gen:  0)
  1042624    406008 130983816  0.001  0.001    0.680    0.783    0    0  (Gen:  0)
  1042760    420328 131194624  0.001  0.001    0.681    0.784    0    0  (Gen:  0)
  1042592    412744 131407000  0.001  0.001    0.682    0.785    0    0  (Gen:  0)
  1042792    407104 131620304  0.001  0.001    0.683    0.786    0    0  (Gen:  0)
  1042536    422656 131832632  0.000  0.000    0.683    0.787    0    0  (Gen:  0)
  1042760    414712 132044168  0.000  0.000    0.684    0.788    0    0  (Gen:  0)
  1042296    408184 132256864  0.000  0.000    0.685    0.789    0    0  (Gen:  0)
  1042904    424088 132469336  0.000  0.000    0.686    0.790    0    0  (Gen:  0)
  1042384    415512 132680712  0.000  0.000    0.687    0.791    0    0  (Gen:  0)
  1042760    409760 132894048  0.000  0.000    0.688    0.791    0    0  (Gen:  0)
  1042680    425872 133106688  0.000  0.000    0.688    0.792    0    0  (Gen:  0)
  1042600    417936 133318592  0.000  0.000    0.689    0.793    0    0  (Gen:  0)
  1042600    411424 133531496  0.000  0.000    0.690    0.794    0    0  (Gen:  0)
  1042576    405344 133744792  0.000  0.000    0.691    0.794    0    0  (Gen:  0)
  1042848    420296 133956088  0.000  0.000    0.691    0.795    0    0  (Gen:  0)
  1042352    412736 134168336  0.001  0.001    0.692    0.796    0    0  (Gen:  0)
  1042904    406344 134381056  0.000  0.000    0.693    0.797    0    0  (Gen:  0)
  1042296    421584 134592944  0.000  0.000    0.694    0.798    0    0  (Gen:  0)
  1042896    413352 134804808  0.000  0.000    0.695    0.799    0    0  (Gen:  0)
  1042504    408592 135018664  0.000  0.000    0.695    0.799    0    0  (Gen:  0)
  1042696    423296 135230368  0.000  0.000    0.696    0.800    0    0  (Gen:  0)
  1042688    415952 135442592  0.000  0.000    0.697    0.801    0    0  (Gen:  0)
  1042576    409136 135655224  0.000  0.000    0.698    0.802    0    0  (Gen:  0)
  1042672    425376 135867656  0.000  0.000    0.698    0.802    0    0  (Gen:  0)
  1042480    417736 136079824  0.000  0.000    0.699    0.803    0    0  (Gen:  0)
  1042840    410592 136292096  0.000  0.000    0.700    0.804    0    0  (Gen:  0)
  1042248    403984 136505296  0.000  0.000    0.701    0.805    0    0  (Gen:  0)
  1042944    419672 136717072  0.000  0.000    0.701    0.805    0    0  (Gen:  0)
  1042456    412056 136929120  0.000  0.000    0.702    0.806    0    0  (Gen:  0)
  1042616    405760 137142272  0.000  0.000    0.703    0.807    0    0  (Gen:  0)
  1042776    420992 137354072  0.000  0.000    0.704    0.808    0    0  (Gen:  0)
  1042592    413208 137566216  0.000  0.000    0.704    0.808    0    0  (Gen:  0)
  1042784    407288 137779464  0.000  0.000    0.705    0.809    0    0  (Gen:  0)
  1042544    422872 137991464  0.000  0.000    0.706    0.810    0    0  (Gen:  0)
  1042752    414744 138203064  0.000  0.000    0.707    0.811    0    0  (Gen:  0)
  1042280    408784 138416368  0.000  0.000    0.707    0.811    0    0  (Gen:  0)
  1042880    424296 138628496  0.000  0.000    0.708    0.812    0    0  (Gen:  0)
  1042408    415976 138839880  0.001  0.001    0.709    0.813    0    0  (Gen:  0)
  1042776    409736 139052840  0.001  0.001    0.710    0.814    0    0  (Gen:  0)
  1042656    404576 139266160  0.001  0.001    0.712    0.816    0    0  (Gen:  0)
  1042632    418608 139478080  0.001  0.001    0.713    0.817    0    0  (Gen:  0)
  1042568    411144 139690272  0.001  0.001    0.714    0.818    0    0  (Gen:  0)
  1042608    406056 139904256  0.001  0.001    0.715    0.819    0    0  (Gen:  0)
  1042824    420704 140115400  0.001  0.001    0.716    0.820    0    0  (Gen:  0)
  1042352    412496 140326992  0.001  0.001    0.717    0.821    0    0  (Gen:  0)
  1042912    406896 140540536  0.001  0.001    0.718    0.822    0    0  (Gen:  0)
  1042272    422008 140752272  0.001  0.001    0.719    0.823    0    0  (Gen:  0)
  1042904    414000 140964208  0.000  0.000    0.720    0.824    0    0  (Gen:  0)
  1042488    408408 141177368  0.000  0.000    0.721    0.825    0    0  (Gen:  0)
  1042712    423648 141389520  0.000  0.000    0.721    0.826    0    0  (Gen:  0)
  1042672    415680 141601192  0.000  0.000    0.722    0.826    0    0  (Gen:  0)
  1042592    409896 141814568  0.000  0.000    0.723    0.827    0    0  (Gen:  0)
  1042672    425056 142026280  0.000  0.000    0.724    0.828    0    0  (Gen:  0)
  1042504    418456 142239352  0.000  0.000    0.725    0.829    0    0  (Gen:  0)
  1042816    410856 142451368  0.000  0.000    0.725    0.830    0    0  (Gen:  0)
  1042272    404224 142664312  0.000  0.000    0.726    0.830    0    0  (Gen:  0)
  1042936    419504 142875808  0.000  0.000    0.727    0.831    0    0  (Gen:  0)
  1042472    412128 143087848  0.000  0.000    0.728    0.832    0    0  (Gen:  0)
  1042584    406392 143301600  0.000  0.000    0.728    0.833    0    0  (Gen:  0)
  1042808    421688 143513464  0.000  0.000    0.729    0.833    0    0  (Gen:  0)
  1042584    413240 143725232  0.000  0.000    0.730    0.834    0    0  (Gen:  0)
  1042768    407920 143938824  0.000  0.000    0.731    0.835    0    0  (Gen:  0)
  1042560    422784 144150328  0.000  0.000    0.731    0.836    0    0  (Gen:  0)
  1042760    415032 144362216  0.000  0.000    0.732    0.836    0    0  (Gen:  0)
  1042272    408472 144575112  0.000  0.000    0.733    0.837    0    0  (Gen:  0)
  1042880    424968 144787928  0.000  0.000    0.734    0.838    0    0  (Gen:  0)
  1042368    417688 145000072  0.000  0.000    0.735    0.839    0    0  (Gen:  0)
  1042800    410496 145212304  0.000  0.000    0.735    0.840    0    0  (Gen:  0)
  1042656    403688 145425600  0.000  0.000    0.736    0.840    0    0  (Gen:  0)
  1042648    418432 145636616  0.000  0.000    0.737    0.841    0    0  (Gen:  0)
  1042560    410856 145848752  0.000  0.000    0.738    0.842    0    0  (Gen:  0)
  1042616    405856 146062968  0.000  0.000    0.738    0.843    0    0  (Gen:  0)
  1042832    420496 146274176  0.000  0.000    0.739    0.843    0    0  (Gen:  0)
  1042320    412416 146485816  0.000  0.000    0.740    0.844    0    0  (Gen:  0)
  1042896    406984 146699720  0.000  0.000    0.740    0.845    0    0  (Gen:  0)
  1042296    422256 146911488  0.000  0.000    0.741    0.846    0    0  (Gen:  0)
  1042904    414232 147123168  0.000  0.000    0.742    0.846    0    0  (Gen:  0)
  1042504    408240 147336168  0.000  0.000    0.743    0.847    0    0  (Gen:  0)
  1042712    423936 147548512  0.000  0.000    0.744    0.848    0    0  (Gen:  0)
  1042664    415176 147759736  0.000  0.000    0.744    0.849    0    0  (Gen:  0)
  1042584    409888 147973368  0.000  0.000    0.745    0.849    0    0  (Gen:  0)
  1042664    425720 148185736  0.000  0.000    0.746    0.850    0    0  (Gen:  0)
  1042536    418576 148398344  0.000  0.000    0.747    0.851    0    0  (Gen:  0)
  1042800    411240 148610648  0.000  0.000    0.747    0.852    0    0  (Gen:  0)
  1042256    404688 148823600  0.000  0.000    0.748    0.852    0    0  (Gen:  0)
  1042968    419864 149035016  0.000  0.000    0.749    0.853    0    0  (Gen:  0)
  1042456    412376 149247240  0.000  0.000    0.750    0.854    0    0  (Gen:  0)
  1042576    406544 149460624  0.000  0.000    0.750    0.855    0    0  (Gen:  0)
  1042816    421432 149672256  0.000  0.000    0.751    0.856    0    0  (Gen:  0)
  1042568    413368 149884184  0.000  0.000    0.752    0.856    0    0  (Gen:  0)
  1042776    408568 150098080  0.000  0.000    0.752    0.857    0    0  (Gen:  0)
  1042576    422808 150309232  0.000  0.000    0.753    0.858    0    0  (Gen:  0)
  1042728    415448 150521440  0.000  0.000    0.754    0.858    0    0  (Gen:  0)
  1042288    408616 150734096  0.000  0.000    0.755    0.859    0    0  (Gen:  0)
  1042904    425032 150946808  0.000  0.000    0.756    0.860    0    0  (Gen:  0)
  1042352    418248 151159480  0.000  0.000    0.756    0.861    0    0  (Gen:  0)
  1042760    410416 151371432  0.000  0.000    0.757    0.862    0    0  (Gen:  0)
  1042688    403976 151584712  0.000  0.000    0.758    0.862    0    0  (Gen:  0)
  1042632    419280 151796024  0.000  0.000    0.759    0.863    0    0  (Gen:  0)
  1042584    411664 152008144  0.000  0.000    0.759    0.864    0    0  (Gen:  0)
  1042632    405712 152221704  0.000  0.000    0.760    0.865    0    0  (Gen:  0)
  1042816    420432 152432984  0.000  0.000    0.761    0.865    0    0  (Gen:  0)
  1042320    412824 152645240  0.000  0.000    0.762    0.866    0    0  (Gen:  0)
  1042904    407096 152858608  0.000  0.000    0.762    0.867    0    0  (Gen:  0)
  1042256    422760 153070856  0.000  0.000    0.763    0.868    0    0  (Gen:  0)
  1042944    414680 153282304  0.000  0.000    0.764    0.868    0    0  (Gen:  0)
  1042504    408568 153495336  0.000  0.000    0.765    0.869    0    0  (Gen:  0)
  1042704    424032 153707504  0.000  0.000    0.765    0.870    0    0  (Gen:  0)
  1042608    415744 153919088  0.000  0.000    0.766    0.871    0    0  (Gen:  0)
  1042624    409808 154132216  0.000  0.000    0.767    0.871    0    0  (Gen:  0)
  1042680    425984 154344888  0.000  0.000    0.768    0.872    0    0  (Gen:  0)
  1042496    417992 154556816  0.000  0.000    0.768    0.873    0    0  (Gen:  0)
  1042848    411768 154769928  0.000  0.000    0.769    0.874    0    0  (Gen:  0)
  1138312    404576 154982224  0.000  0.000    0.770    0.874    0    0  (Gen:  0)
  1140624    419544 155193528  0.000  0.000    0.771    0.875    0    0  (Gen:  0)
  1141120    412848 155438792  0.000  0.000    0.771    0.876    0    0  (Gen:  0)
  1140632    406216 155651512  0.000  0.000    0.772    0.877    0    0  (Gen:  0)
  1042920    421584 155863640  0.000  0.000    0.773    0.878    0    0  (Gen:  0)
  1042480    424016 156134728  0.000  0.000    0.774    0.878    0    0  (Gen:  0)
  1042592    468128 156408472  0.000  0.000    0.775    0.879    0    0  (Gen:  0)
  1042760    482288 156679352  0.000  0.000    0.775    0.880    0    0  (Gen:  0)
  1042504    475256 156951080  0.000  0.000    0.776    0.881    0    0  (Gen:  0)
  1042768    468552 157223608  0.000  0.000    0.777    0.882    0    0  (Gen:  0)
  1042680    484864 157495712  0.000  0.000    0.778    0.883    0    0  (Gen:  0)
  1042728    477408 157767424  0.000  0.000    0.779    0.883    0    0  (Gen:  0)
  1042240    470064 158038920  0.000  0.000    0.779    0.884    0    0  (Gen:  0)
  1042928    463384 158311968  0.000  0.000    0.780    0.885    0    0  (Gen:  0)
  1042296    478512 158582704  0.000  0.000    0.781    0.886    0    0  (Gen:  0)
  1042904    471768 158854688  0.000  0.000    0.782    0.887    0    0  (Gen:  0)
  1042568    465592 159127944  0.000  0.000    0.783    0.887    0    0  (Gen:  0)
  1042664    479560 159398376  0.000  0.000    0.783    0.888    0    0  (Gen:  0)
  1042640    472824 159670568  0.000  0.000    0.784    0.889    0    0  (Gen:  0)
  1042632    466928 159943568  0.000  0.000    0.785    0.890    0    0  (Gen:  0)
  1042656    482184 160215160  0.000  0.000    0.786    0.890    0    0  (Gen:  0)
  1042424    474216 160485992  0.000  0.000    0.786    0.891    0    0  (Gen:  0)
  1042880    468336 160758912  0.000  0.000    0.787    0.892    0    0  (Gen:  0)
  1042248    483648 161030336  0.000  0.000    0.788    0.893    0    0  (Gen:  0)
  1042944    475184 161301352  0.000  0.000    0.789    0.894    0    0  (Gen:  0)
  1042528    469224 161573816  0.000  0.000    0.790    0.894    0    0  (Gen:  0)
  1042696    485752 161846592  0.001  0.001    0.791    0.896    0    0  (Gen:  0)
  1042592    477432 162117856  0.000  0.000    0.792    0.897    0    0  (Gen:  0)
  1042664    471408 162390200  0.001  0.001    0.793    0.898    0    0  (Gen:  0)
  1042664    465384 162663672  0.001  0.001    0.794    0.899    0    0  (Gen:  0)
  1042520    479328 162933952  0.001  0.001    0.795    0.900    0    0  (Gen:  0)
  1042808    472568 163205992  0.001  0.001    0.796    0.901    0    0  (Gen:  0)
  1042344    466320 163478488  0.001  0.001    0.797    0.902    0    0  (Gen:  0)
  1042840    481152 163749736  0.001  0.001    0.798    0.903    0    0  (Gen:  0)
  1042512    473256 164021080  0.001  0.001    0.799    0.904    0    0  (Gen:  0)
  1042640    468240 164294488  0.001  0.001    0.800    0.905    0    0  (Gen:  0)
  1042736    482752 164565552  0.001  0.001    0.801    0.906    0    0  (Gen:  0)
  1042528    475504 164837200  0.000  0.000    0.802    0.907    0    0  (Gen:  0)
  1042704    469120 165109944  0.001  0.001    0.803    0.908    0    0  (Gen:  0)
  1042720    484736 165381576  0.001  0.001    0.804    0.909    0    0  (Gen:  0)
  1042712    477648 165653424  0.000  0.000    0.805    0.910    0    0  (Gen:  0)
  1042280    470136 165925056  0.000  0.000    0.806    0.911    0    0  (Gen:  0)
  1042904    463904 166198296  0.000  0.000    0.806    0.912    0    0  (Gen:  0)
  1042312    478504 166468496  0.000  0.000    0.807    0.912    0    0  (Gen:  0)
  1042880    471696 166740568  0.000  0.000    0.808    0.913    0    0  (Gen:  0)
  1042576    466128 167013960  0.001  0.001    0.809    0.914    0    0  (Gen:  0)
  1042680    480352 167284912  0.000  0.000    0.810    0.915    0    0  (Gen:  0)
  1042616    473120 167556528  0.000  0.000    0.811    0.916    0    0  (Gen:  0)
  1042648    467400 167829824  0.000  0.000    0.811    0.917    0    0  (Gen:  0)
  1042656    482128 168100912  0.000  0.000    0.812    0.917    0    0  (Gen:  0)
  1042432    474224 168371792  0.000  0.000    0.813    0.918    0    0  (Gen:  0)
  1042880    468344 168645096  0.000  0.000    0.814    0.919    0    0  (Gen:  0)
  1042224    484032 168916704  0.000  0.000    0.815    0.920    0    0  (Gen:  0)
  1042864    476352 169188280  0.000  0.000    0.816    0.921    0    0  (Gen:  0)
  1042616    469704 169460288  0.000  0.000    0.816    0.922    0    0  (Gen:  0)
  1042696    463232 169733320  0.000  0.000    0.817    0.922    0    0  (Gen:  0)
  1042600    477848 170004104  0.000  0.000    0.818    0.923    0    0  (Gen:  0)
  1042640    470984 170276016  0.000  0.000    0.819    0.924    0    0  (Gen:  0)
  1042696    466096 170550168  0.000  0.000    0.820    0.925    0    0  (Gen:  0)
  1042504    479304 170820072  0.000  0.001    0.821    0.926    0    0  (Gen:  0)
  1042816    472208 171091424  0.000  0.000    0.821    0.927    0    0  (Gen:  0)
  1042336    467016 171364992  0.000  0.000    0.822    0.927    0    0  (Gen:  0)
  1042832    481352 171636208  0.000  0.000    0.823    0.928    0    0  (Gen:  0)
  1042480    473720 171907440  0.000  0.000    0.824    0.929    0    0  (Gen:  0)
  1042696    468064 172180352  0.000  0.000    0.825    0.930    0    0  (Gen:  0)
  1042736    483024 172451584  0.000  0.000    0.826    0.931    0    0  (Gen:  0)
  1042536    474552 172722512  0.000  0.000    0.826    0.932    0    0  (Gen:  0)
  1042680    469904 172996312  0.000  0.000    0.827    0.933    0    0  (Gen:  0)
  1042704    484472 173267368  0.000  0.000    0.828    0.933    0    0  (Gen:  0)
  1042736    477920 173539704  0.000  0.000    0.829    0.934    0    0  (Gen:  0)
  1042280    470720 173811592  0.000  0.000    0.830    0.935    0    0  (Gen:  0)
  1042920    464264 174084536  0.000  0.000    0.830    0.936    0    0  (Gen:  0)
  1042312    478768 174354968  0.000  0.000    0.831    0.937    0    0  (Gen:  0)
  1042864    472016 174626864  0.000  0.000    0.832    0.937    0    0  (Gen:  0)
  1042560    466440 174900304  0.000  0.000    0.833    0.938    0    0  (Gen:  0)
  1042672    480864 175171280  0.000  0.000    0.834    0.939    0    0  (Gen:  0)
  1042648    472784 175442456  0.000  0.000    0.834    0.940    0    0  (Gen:  0)
  1042640    468232 175716256  0.000  0.000    0.835    0.941    0    0  (Gen:  0)
  1042640    481648 175986320  0.000  0.000    0.836    0.941    0    0  (Gen:  0)
  1042464    474904 176258360  0.000  0.000    0.837    0.942    0    0  (Gen:  0)
  1042872    468488 176531040  0.000  0.000    0.838    0.943    0    0  (Gen:  0)
  1042224    484784 176803232  0.000  0.000    0.838    0.944    0    0  (Gen:  0)
  1042840    477040 177074752  0.000  0.000    0.839    0.945    0    0  (Gen:  0)
  1042600    470208 177346648  0.000  0.000    0.840    0.945    0    0  (Gen:  0)
  1042688    463520 177619696  0.001  0.001    0.841    0.946    0    0  (Gen:  0)
  1042632    477768 177889784  0.000  0.000    0.842    0.947    0    0  (Gen:  0)
  1042624    470928 178161704  0.000  0.000    0.843    0.948    0    0  (Gen:  0)
  1042688    465976 178435888  0.000  0.000    0.843    0.949    0    0  (Gen:  0)
  1042536    479008 178705456  0.000  0.000    0.844    0.950    0    0  (Gen:  0)
  1042832    472456 178977672  0.000  0.000    0.845    0.951    0    0  (Gen:  0)
  1042312    466720 179250744  0.000  0.000    0.846    0.951    0    0  (Gen:  0)
  1042856    481776 179522408  0.000  0.000    0.847    0.952    0    0  (Gen:  0)
  1042472    474160 179793456  0.000  0.000    0.847    0.953    0    0  (Gen:  0)
  1042696    467816 180065848  0.000  0.000    0.848    0.954    0    0  (Gen:  0)
  1042728    483384 180337664  0.000  0.000    0.849    0.955    0    0  (Gen:  0)
  1042520    475016 180608744  0.000  0.000    0.850    0.955    0    0  (Gen:  0)
  1042616    469912 180882016  0.000  0.000    0.851    0.956    0    0  (Gen:  0)
  1042784    485280 181153784  0.000  0.000    0.851    0.957    0    0  (Gen:  0)
  1042720    477080 181424912  0.000  0.000    0.852    0.958    0    0  (Gen:  0)
  1042312    471312 181697848  0.000  0.000    0.853    0.959    0    0  (Gen:  0)
  1042904    464816 181970800  0.000  0.000    0.854    0.959    0    0  (Gen:  0)
  1042280    478800 182240968  0.000  0.000    0.855    0.960    0    0  (Gen:  0)
  1042896    472632 182513152  0.000  0.000    0.855    0.961    0    0  (Gen:  0)
  1042568    465816 182785544  0.000  0.000    0.856    0.962    0    0  (Gen:  0)
  1042672    480896 183057056  0.001  0.001    0.857    0.963    0    0  (Gen:  0)
  1042632    472768 183328152  0.001  0.001    0.859    0.964    0    0  (Gen:  0)
  1042656    468312 183601928  0.001  0.001    0.860    0.966    0    0  (Gen:  0)
  1042600    482288 183872680  0.001  0.001    0.861    0.967    0    0  (Gen:  0)
  1042496    475312 184144440  0.001  0.001    0.862    0.968    0    0  (Gen:  0)
  1042880    468808 184417096  0.001  0.001    0.863    0.969    0    0  (Gen:  0)
  1042208    484592 184688896  0.001  0.001    0.864    0.970    0    0  (Gen:  0)
  1042840    477184 184960544  0.001  0.001    0.865    0.971    0    0  (Gen:  0)
  1042608    470232 185232336  0.001  0.001    0.867    0.972    0    0  (Gen:  0)
  1042648    463592 185505408  0.001  0.001    0.867    0.973    0    0  (Gen:  0)
  1042688    478648 185776136  0.001  0.001    0.868    0.974    0    0  (Gen:  0)
  1042624    471880 186048120  0.001  0.001    0.869    0.975    0    0  (Gen:  0)
  1042688    465592 186321216  0.000  0.000    0.870    0.976    0    0  (Gen:  0)
  1042536    479856 186591808  0.000  0.000    0.871    0.977    0    0  (Gen:  0)
  1042824    472864 186863744  0.000  0.000    0.872    0.978    0    0  (Gen:  0)
  1042128    467128 187136960  0.001  0.001    0.873    0.979    0    0  (Gen:  0)
  1042456    482016 187408368  0.000  0.000    0.874    0.980    0    0  (Gen:  0)
  1042424    474216 187679200  0.000  0.000    0.875    0.981    0    0  (Gen:  0)
  1042880    468336 187952120  0.000  0.000    0.875    0.981    0    0  (Gen:  0)
  1042248    483648 188223544  0.000  0.000    0.876    0.982    0    0  (Gen:  0)
  1042944    475184 188494560  0.000  0.000    0.877    0.983    0    0  (Gen:  0)
  1042528    469224 188767024  0.000  0.000    0.878    0.984    0    0  (Gen:  0)
  1042696    485752 189039800  0.000  0.000    0.879    0.985    0    0  (Gen:  0)
  1042592    477432 189311064  0.000  0.000    0.879    0.985    0    0  (Gen:  0)
  1042664    471408 189583408  0.000  0.000    0.880    0.986    0    0  (Gen:  0)
  1042664    465384 189856880  0.001  0.001    0.881    0.988    0    0  (Gen:  0)
  1042520    479328 190127160  0.001  0.001    0.883    0.989    0    0  (Gen:  0)
  1042808    472568 190399200  0.001  0.001    0.884    0.990    0    0  (Gen:  0)
  1042344    466320 190671696  0.001  0.001    0.885    0.991    0    0  (Gen:  0)
  1042840    481152 190942944  0.001  0.001    0.886    0.993    0    0  (Gen:  0)
  1042512    473256 191214288  0.001  0.001    0.887    0.994    0    0  (Gen:  0)
  1042640    468240 191487696  0.001  0.001    0.889    0.995    0    0  (Gen:  0)
  1042736    482752 191758760  0.001  0.001    0.890    0.996    0    0  (Gen:  0)
  1042528    475504 192030408  0.001  0.001    0.891    0.997    0    0  (Gen:  0)
  1042704    469120 192303152  0.001  0.001    0.892    0.998    0    0  (Gen:  0)
  1042720    484736 192574784  0.001  0.001    0.893    0.999    0    0  (Gen:  0)
  1042712    477648 192846632  0.000  0.000    0.893    1.000    0    0  (Gen:  0)
  1042280    470136 193118264  0.000  0.000    0.894    1.001    0    0  (Gen:  0)
  1042904    463904 193391504  0.000  0.000    0.895    1.002    0    0  (Gen:  0)
  1042312    478504 193661704  0.000  0.000    0.896    1.002    0    0  (Gen:  0)
  1042880    471696 193933776  0.000  0.000    0.897    1.003    0    0  (Gen:  0)
  1042576    466128 194207168  0.000  0.000    0.898    1.004    0    0  (Gen:  0)
  1042680    480352 194478120  0.000  0.000    0.898    1.005    0    0  (Gen:  0)
  1042616    473120 194749736  0.000  0.000    0.899    1.006    0    0  (Gen:  0)
  1042648    467400 195023032  0.000  0.000    0.900    1.006    0    0  (Gen:  0)
  1042656    482128 195294120  0.000  0.000    0.901    1.007    0    0  (Gen:  0)
  1042432    474224 195565000  0.000  0.000    0.902    1.008    0    0  (Gen:  0)
  1042880    468344 195838304  0.000  0.000    0.902    1.009    0    0  (Gen:  0)
  1042224    484032 196109912  0.000  0.000    0.903    1.010    0    0  (Gen:  0)
  1042864    476352 196381488  0.000  0.000    0.904    1.010    0    0  (Gen:  0)
  1042616    469704 196653496  0.000  0.000    0.905    1.011    0    0  (Gen:  0)
  1042696    463232 196926528  0.000  0.000    0.906    1.012    0    0  (Gen:  0)
  1042600    477848 197197312  0.000  0.000    0.906    1.013    0    0  (Gen:  0)
  1042640    470984 197469224  0.000  0.000    0.907    1.014    0    0  (Gen:  0)
  1042696    466096 197743376  0.000  0.000    0.908    1.014    0    0  (Gen:  0)
  1042504    479304 198013280  0.000  0.000    0.909    1.015    0    0  (Gen:  0)
  1042816    472208 198284632  0.000  0.000    0.910    1.016    0    0  (Gen:  0)
  1042336    467016 198558200  0.000  0.000    0.910    1.017    0    0  (Gen:  0)
  1042832    481352 198829416  0.000  0.000    0.911    1.018    0    0  (Gen:  0)
  1042480    473720 199100648  0.000  0.000    0.912    1.018    0    0  (Gen:  0)
  1042696    468064 199373560  0.000  0.000    0.913    1.019    0    0  (Gen:  0)
  1042736    483024 199644792  0.000  0.000    0.913    1.020    0    0  (Gen:  0)
  1042536    474552 199915720  0.000  0.000    0.914    1.021    0    0  (Gen:  0)
  1042680    469904 200189520  0.001  0.001    0.915    1.022    0    0  (Gen:  0)
  1042704    484472 200460576  0.001  0.001    0.917    1.023    0    0  (Gen:  0)
  1042736    477920 200732912  0.001  0.001    0.918    1.025    0    0  (Gen:  0)
  1042280    470720 201004800  0.001  0.001    0.919    1.026    0    0  (Gen:  0)
  1042920    464264 201277744  0.001  0.001    0.920    1.027    0    0  (Gen:  0)
  1042312    478768 201548176  0.001  0.001    0.921    1.028    0    0  (Gen:  0)
  1042864    472016 201820072  0.001  0.001    0.922    1.029    0    0  (Gen:  0)
  1042560    466440 202093512  0.001  0.001    0.923    1.030    0    0  (Gen:  0)
  1042672    480864 202364488  0.001  0.001    0.924    1.031    0    0  (Gen:  0)
  1042648    472784 202635664  0.001  0.001    0.926    1.032    0    0  (Gen:  0)
  1042640    468232 202909464  0.001  0.001    0.926    1.033    0    0  (Gen:  0)
  1042640 192686520 192817568  0.195  0.247    1.122    1.281    0    0  (Gen:  1)
  1042464    415144 193029848  0.000  0.000    1.123    1.282    0    0  (Gen:  0)
  1042872    408864 193242880  0.000  0.000    1.124    1.282    0    0  (Gen:  0)
  1042224    425288 193455576  0.000  0.000    1.124    1.283    0    0  (Gen:  0)
  1042840    417808 193667832  0.000  0.000    1.125    1.284    0    0  (Gen:  0)
  1042600    410440 193879936  0.000  0.000    1.126    1.285    0    0  (Gen:  0)
  1042688    403808 194093272  0.000  0.000    1.127    1.285    0    0  (Gen:  0)
  1042632    418776 194304336  0.000  0.000    1.127    1.286    0    0  (Gen:  0)
  1042624    411144 194516440  0.000  0.000    1.128    1.287    0    0  (Gen:  0)
  1042688    406048 194730664  0.000  0.000    1.129    1.288    0    0  (Gen:  0)
  1042536    420160 194941352  0.000  0.000    1.130    1.288    0    0  (Gen:  0)
  1042832    412696 195153776  0.000  0.000    1.130    1.289    0    0  (Gen:  0)
  1042312    406840 195366936  0.000  0.000    1.131    1.290    0    0  (Gen:  0)
  1042856    422520 195579312  0.000  0.000    1.132    1.291    0    0  (Gen:  0)
  1042472    414592 195790760  0.000  0.000    1.133    1.292    0    0  (Gen:  0)
  1042696    408272 196003576  0.000  0.000    1.133    1.292    0    0  (Gen:  0)
  1042728    423960 196215936  0.000  0.000    1.134    1.293    0    0  (Gen:  0)
  1042520    415584 196427560  0.000  0.000    1.135    1.294    0    0  (Gen:  0)
  1042616    410176 196641096  0.000  0.000    1.136    1.295    0    0  (Gen:  0)
  1042784    425832 196853384  0.000  0.000    1.136    1.295    0    0  (Gen:  0)
  1042720    417912 197065320  0.000  0.000    1.137    1.296    0    0  (Gen:  0)
  1042312    411280 197278232  0.000  0.000    1.138    1.297    0    0  (Gen:  0)
  1042904    404912 197491280  0.000  0.000    1.139    1.298    0    0  (Gen:  0)
  1042280    419976 197702592  0.000  0.000    1.140    1.299    0    0  (Gen:  0)
  1042896    412896 197915008  0.000  0.000    1.141    1.300    0    0  (Gen:  0)
  1042568    406144 198127704  0.000  0.000    1.141    1.300    0    0  (Gen:  0)
  1042672    421640 198339960  0.000  0.000    1.142    1.301    0    0  (Gen:  0)
  1042632    413216 198551480  0.000  0.000    1.143    1.302    0    0  (Gen:  0)
  1042656    408448 198765400  0.000  0.000    1.144    1.303    0    0  (Gen:  0)
  1042600    423152 198977016  0.000  0.000    1.145    1.304    0    0  (Gen:  0)
  1042496    415648 199189080  0.001  0.001    1.146    1.305    0    0  (Gen:  0)
  1141184    409120 199434784  0.000  0.000    1.147    1.306    0    0  (Gen:  0)
  1107744    425240 199614464  0.000  0.000    1.148    1.307    0    0  (Gen:  0)
  1141144    417904 199826800  0.000  0.000    1.149    1.308    0    0  (Gen:  0)
  1140912    410400 200071496  0.000  0.000    1.150    1.309    0    0  (Gen:  0)
  1075416    403896 200284880  0.000  0.001    1.150    1.310    0    0  (Gen:  0)
  1042688    425040 200555640  0.000  0.000    1.151    1.311    0    0  (Gen:  0)
  1042624    425608 200827672  0.000  0.000    1.152    1.311    0    0  (Gen:  0)
  1042688    465592 201100768  0.001  0.001    1.153    1.313    0    0  (Gen:  0)
  1042536    479856 201371360  0.000  0.000    1.154    1.313    0    0  (Gen:  0)
  1042824    472864 201643296  0.000  0.000    1.155    1.314    0    0  (Gen:  0)
  1042312    466776 201916160  0.001  0.001    1.156    1.316    0    0  (Gen:  0)
  1042856    482120 202187936  0.001  0.001    1.157    1.317    0    0  (Gen:  0)
  1042472    474416 202458936  0.001  0.001    1.159    1.318    0    0  (Gen:  0)
  1042656    468248 202731680  0.001  0.001    1.160    1.319    0    0  (Gen:  0)
  1042760    483696 203003400  0.001  0.001    1.161    1.321    0    0  (Gen:  0)
  1042520    475208 203274184  0.001  0.001    1.163    1.323    0    0  (Gen:  0)
  1042624    469104 203546760  0.001  0.001    1.165    1.324    0    0  (Gen:  0)
  1042712    486016 203819736  0.001  0.001    1.166    1.326    0    0  (Gen:  0)
  1042768    477512 204090720  0.001  0.001    1.168    1.328    0    0  (Gen:  0)
  1042320    470944 204362904  0.001  0.001    1.169    1.329    0    0  (Gen:  0)
  1042928    465584 204636736  0.001  0.001    1.171    1.331    0    0  (Gen:  0)
  1042272    479376 204906816  0.002  0.003    1.174    1.335    0    0  (Gen:  0)
  1042888    472384 205178600  0.001  0.001    1.175    1.336    0    0  (Gen:  0)
  1042560    466560 205451424  0.001  0.001    1.177    1.338    0    0  (Gen:  0)
  1042664    481248 205722704  0.001  0.001    1.178    1.339    0    0  (Gen:  0)
  1042632    473360 205994040  0.001  0.002    1.180    1.342    0    0  (Gen:  0)
  1042680    468280 206267360  0.001  0.001    1.181    1.343    0    0  (Gen:  0)
  1042544    482736 206538432  0.001  0.001    1.182    1.344    0    0  (Gen:  0)
  1042536    475336 206809920  0.000  0.000    1.183    1.345    0    0  (Gen:  0)
  1042888    469360 207082880  0.000  0.000    1.184    1.346    0    0  (Gen:  0)
  1042224    484472 207354072  0.000  0.001    1.185    1.347    0    0  (Gen:  0)
  1042824    477640 207626192  0.000  0.000    1.185    1.348    0    0  (Gen:  0)
  1042576    470336 207898040  0.001  0.001    1.186    1.348    0    0  (Gen:  0)
  1042672    463728 208170776  0.001  0.001    1.187    1.350    0    0  (Gen:  0)
  1042680    478392 208441320  0.001  0.001    1.189    1.351    0    0  (Gen:  0)
  1042608    471840 208713328  0.001  0.001    1.190    1.352    0    0  (Gen:  0)
  1042720    466248 208986928  0.001  0.001    1.191    1.353    0    0  (Gen:  0)
  1042536    480504 209257672  0.001  0.001    1.192    1.354    0    0  (Gen:  0)
  1042832    472776 209529208  0.000  0.000    1.193    1.355    0    0  (Gen:  0)
  1042264    467312 209802416  0.000  0.000    1.193    1.356    0    0  (Gen:  0)
  1042912    482088 210073528  0.000  0.000    1.194    1.357    0    0  (Gen:  0)
  1042440    474328 210344512  0.001  0.001    1.195    1.358    0    0  (Gen:  0)
  1042656    468368 210617776  0.000  0.000    1.196    1.359    0    0  (Gen:  0)
  1042768    484312 210889704  0.000  0.000    1.197    1.360    0    0  (Gen:  0)
  1042496    476648 211161128  0.000  0.000    1.198    1.361    0    0  (Gen:  0)
  1042648    469920 211433064  0.000  0.000    1.199    1.361    0    0  (Gen:  0)
  1042688    463168 211706096  0.000  0.000    1.199    1.362    0    0  (Gen:  0)
  1042736    477752 211976608  0.000  0.000    1.200    1.363    0    0  (Gen:  0)
  1042392    470864 212248472  0.000  0.000    1.201    1.364    0    0  (Gen:  0)
  1042936    466128 212522816  0.000  0.000    1.202    1.365    0    0  (Gen:  0)
  1042256    479208 212792552  0.000  0.000    1.203    1.366    0    0  (Gen:  0)
  1042872    471992 213063832  0.000  0.000    1.204    1.367    0    0  (Gen:  0)
  1042568    467128 213337664  0.000  0.000    1.204    1.367    0    0  (Gen:  0)
  1042664    481552 213608920  0.000  0.000    1.205    1.368    0    0  (Gen:  0)
  1042616    473560 213879856  0.000  0.000    1.206    1.369    0    0  (Gen:  0)
  1042704    468040 214152904  0.000  0.000    1.207    1.370    0    0  (Gen:  0)
  1042552    483144 214424160  0.000  0.000    1.208    1.371    0    0  (Gen:  0)
  1042512    474408 214694888  0.000  0.000    1.209    1.372    0    0  (Gen:  0)
  1042912    469952 214968816  0.000  0.000    1.209    1.373    0    0  (Gen:  0)
  1042200    484568 215239896  0.001  0.001    1.210    1.374    0    0  (Gen:  0)
  1042848    477920 215512216  0.000  0.000    1.211    1.374    0    0  (Gen:  0)
  1042536    470816 215784208  0.000  0.000    1.212    1.375    0    0  (Gen:  0)
  1042688    464480 216057152  0.001  0.001    1.213    1.376    0    0  (Gen:  0)
  1042688    478512 216327296  0.000  0.000    1.214    1.377    0    0  (Gen:  0)
  1042600    472064 216599384  0.000  0.000    1.215    1.378    0    0  (Gen:  0)
  1042752    466352 216872600  0.000  0.000    1.216    1.379    0    0  (Gen:  0)
  1042536    480816 217143688  0.000  0.000    1.216    1.380    0    0  (Gen:  0)
  1042776    472992 217415136  0.000  0.000    1.217    1.381    0    0  (Gen:  0)
  1042296    468264 217688672  0.001  0.001    1.218    1.382    0    0  (Gen:  0)
  1042904    481616 217958864  0.000  0.000    1.219    1.382    0    0  (Gen:  0)
  1042384    475056 218230920  0.000  0.000    1.220    1.383    0    0  (Gen:  0)
  1042744    468632 218503520  0.000  0.000    1.221    1.384    0    0  (Gen:  0)
  1042760    484736 218775720  0.000  0.000    1.222    1.385    0    0  (Gen:  0)
  1042496    477320 219047400  0.000  0.000    1.223    1.386    0    0  (Gen:  0)
  1042616    470120 219319136  0.000  0.000    1.223    1.387    0    0  (Gen:  0)
  1042720    463616 219592176  0.000  0.000    1.224    1.388    0    0  (Gen:  0)
  1042728    477896 219862328  0.000  0.000    1.225    1.388    0    0  (Gen:  0)
  1042376    471072 220134288  0.000  0.000    1.226    1.389    0    0  (Gen:  0)
  1042896    465800 220408176  0.000  0.000    1.227    1.390    0    0  (Gen:  0)
  1042296    479112 220677904  0.000  0.000    1.228    1.391    0    0  (Gen:  0)
  1042880    472560 220950216  0.000  0.000    1.228    1.392    0    0  (Gen:  0)
  1042568    466880 221223248  0.000  0.000    1.229    1.393    0    0  (Gen:  0)
  1042616    481936 221494872  0.000  0.000    1.230    1.394    0    0  (Gen:  0)
  1042688    474184 221765936  0.000  0.000    1.231    1.395    0    0  (Gen:  0)
  1042680    467872 222038328  0.000  0.000    1.232    1.395    0    0  (Gen:  0)
  1042560    483312 222310040  0.000  0.000    1.233    1.396    0    0  (Gen:  0)
  1042528    475040 222581152  0.000  0.000    1.234    1.397    0    0  (Gen:  0)
  1042896    469720 222854320  0.000  0.000    1.234    1.398    0    0  (Gen:  0)
  1042208    485344 223126088  0.000  0.000    1.235    1.399    0    0  (Gen:  0)
  1042840    477048 223397288  0.000  0.000    1.236    1.400    0    0  (Gen:  0)
  1042544    471472 223670304  0.000  0.000    1.237    1.401    0    0  (Gen:  0)
  1042632    464872 223943152  0.000  0.000    1.238    1.401    0    0  (Gen:  0)
  1042744    478984 224213512  0.000  0.000    1.239    1.402    0    0  (Gen:  0)
  1042568    472664 224485552  0.000  0.000    1.239    1.403    0    0  (Gen:  0)
  1042760    465880 224758016  0.000  0.000    1.240    1.404    0    0  (Gen:  0)
  1042536    480792 225029296  0.000  0.000    1.241    1.405    0    0  (Gen:  0)
  1042784    472888 225300592  0.000  0.000    1.242    1.406    0    0  (Gen:  0)
  1042304    468320 225574424  0.000  0.000    1.243    1.407    0    0  (Gen:  0)
  1042904    482504 225845224  0.001  0.001    1.244    1.408    0    0  (Gen:  0)
  1042392    475464 226116920  0.000  0.000    1.245    1.409    0    0  (Gen:  0)
  1042736    468800 226389536  0.000  0.000    1.246    1.409    0    0  (Gen:  0)
  1042720    484656 226661328  0.001  0.001    1.247    1.410    0    0  (Gen:  0)
  1042552    477064 226932752  0.000  0.000    1.247    1.411    0    0  (Gen:  0)
  1042592    470392 227204888  0.000  0.000    1.248    1.412    0    0  (Gen:  0)
  1042704    463656 227477824  0.001  0.001    1.249    1.413    0    0  (Gen:  0)
  1042744    478512 227748528  0.001  0.001    1.250    1.414    0    0  (Gen:  0)
  1042360    471816 228020512  0.000  0.000    1.251    1.415    0    0  (Gen:  0)
  1042920    465424 228293496  0.000  0.000    1.252    1.416    0    0  (Gen:  0)
  1042256    479832 228564248  0.000  0.000    1.253    1.417    0    0  (Gen:  0)
  1042904    472776 228836232  0.000  0.000    1.254    1.418    0    0  (Gen:  0)
  1042520    467000 229109192  0.000  0.000    1.255    1.419    0    0  (Gen:  0)
  1042688    482024 229380720  0.001  0.001    1.256    1.420    0    0  (Gen:  0)
  1042696    474528 229651800  0.000  0.000    1.256    1.420    0    0  (Gen:  0)
  1042640    468464 229924680  0.000  0.000    1.257    1.421    0    0  (Gen:  0)
  1042584    483752 230196304  0.000  0.000    1.258    1.422    0    0  (Gen:  0)
  1042544    475208 230467040  0.000  0.000    1.259    1.423    0    0  (Gen:  0)
  1042856    469232 230739720  0.000  0.000    1.260    1.424    0    0  (Gen:  0)
  1042248    486048 231012560  0.000  0.000    1.261    1.425    0    0  (Gen:  0)
  1042840    477584 231283632  0.000  0.000    1.261    1.425    0    0  (Gen:  0)
  1042520    470888 231555712  0.000  0.000    1.262    1.426    0    0  (Gen:  0)
  1042632    465792 231829696  0.000  0.000    1.263    1.427    0    0  (Gen:  0)
  1042720    479576 232099816  0.000  0.001    1.264    1.428    0    0  (Gen:  0)
  1042592    472344 232371304  0.000  0.000    1.265    1.429    0    0  (Gen:  0)
  1042776    466656 232644440  0.001  0.001    1.266    1.430    0    0  (Gen:  0)
  1042528    481248 232915520  0.000  0.000    1.267    1.431    0    0  (Gen:  0)
  1042768    473536 233187008  0.001  0.001    1.268    1.432    0    0  (Gen:  0)
  1042336    467960 233459872  0.001  0.001    1.269    1.433    0    0  (Gen:  0)
  1042880    482864 233731336  0.001  0.001    1.270    1.435    0    0  (Gen:  0)
  1042408    475128 234002536  0.001  0.001    1.271    1.436    0    0  (Gen:  0)
  1042704    469408 234275584  0.001  0.001    1.272    1.437    0    0  (Gen:  0)
  1042752    484136 234546600  0.001  0.001    1.273    1.438    0    0  (Gen:  0)
  1042544    477760 234819056  0.000  0.000    1.274    1.439    0    0  (Gen:  0)
  1042608    470520 235091016  0.000  0.001    1.275    1.440    0    0  (Gen:  0)
  1042656    463728 235363712  0.000  0.000    1.275    1.440    0    0  (Gen:  0)
  1042768    478496 235634352  0.000  0.000    1.276    1.441    0    0  (Gen:  0)
  1042360    471928 235906216  0.000  0.000    1.277    1.442    0    0  (Gen:  0)
  1042912    466304 236179848  0.001  0.001    1.278    1.444    0    0  (Gen:  0)
  1042264    480536 236450576  0.001  0.001    1.279    1.445    0    0  (Gen:  0)
  1042920    472768 236722120  0.000  0.000    1.280    1.446    0    0  (Gen:  0)
  1042504    467560 236995512  0.000  0.000    1.281    1.446    0    0  (Gen:  0)
  1042712    481928 237266264  0.000  0.000    1.281    1.447    0    0  (Gen:  0)
  1042696    474400 237537568  0.001  0.001    1.282    1.448    0    0  (Gen:  0)
  1042560    468616 237810912  0.001  0.001    1.283    1.449    0    0  (Gen:  0)
  1042640    484304 238082688  0.001  0.001    1.284    1.450    0    0  (Gen:  0)
  1042544    476752 238354112  0.000  0.000    1.285    1.451    0    0  (Gen:  0)
  1042832    470112 238626064  0.000  0.000    1.286    1.452    0    0  (Gen:  0)
  1042288    463120 238898992  0.001  0.001    1.287    1.453    0    0  (Gen:  0)
  1042840    477656 239169408  0.001  0.001    1.288    1.454    0    0  (Gen:  0)
  1042504    470864 239441320  0.000  0.000    1.289    1.455    0    0  (Gen:  0)
  1042632    465880 239715488  0.000  0.000    1.289    1.455    0    0  (Gen:  0)
  1042720    479192 239985400  0.000  0.000    1.290    1.456    0    0  (Gen:  0)
  1042584    472040 240256872  0.000  0.000    1.291    1.457    0    0  (Gen:  0)
  1042808    467176 240530672  0.000  0.000    1.292    1.458    0    0  (Gen:  0)
  1042520    481528 240801776  0.000  0.000    1.293    1.459    0    0  (Gen:  0)
  1042776    473624 241072936  0.000  0.000    1.293    1.459    0    0  (Gen:  0)
  1042296    467704 241345632  0.000  0.000    1.294    1.460    0    0  (Gen:  0)
  1042880    483336 241617296  0.000  0.000    1.295    1.461    0    0  (Gen:  0)
  1042392    474512 241887984  0.000  0.000    1.296    1.462    0    0  (Gen:  0)
  1042752    470096 242162008  0.000  0.000    1.297    1.463    0    0  (Gen:  0)
  1042720    484992 242433208  0.000  0.000    1.297    1.464    0    0  (Gen:  0)
  1042584    478136 242705392  0.001  0.001    1.298    1.464    0    0  (Gen:  0)
  1042584    470992 242977368  0.001  0.001    1.300    1.466    0    0  (Gen:  0)
  1042648    464464 243250184  0.001  0.001    1.301    1.467    0    0  (Gen:  0)
  1042768    478736 243520576  0.001  0.001    1.302    1.469    0    0  (Gen:  0)
  1042392    472072 243792496  0.001  0.001    1.303    1.470    0    0  (Gen:  0)
  1042888    466128 244065664  0.001  0.001    1.304    1.471    0    0  (Gen:  0)
  1042280    480464 244336408  0.001  0.001    1.306    1.472    0    0  (Gen:  0)
  1042912    473096 244608360  0.001  0.001    1.307    1.473    0    0  (Gen:  0)
  1042488    468456 244881872  0.001  0.001    1.308    1.474    0    0  (Gen:  0)
  1042696    481616 245151992  0.001  0.001    1.309    1.475    0    0  (Gen:  0)
  1042712    474912 245423952  0.001  0.001    1.310    1.476    0    0  (Gen:  0)
  1042592    468656 245696672  0.001  0.001    1.311    1.477    0    0  (Gen:  0)
  1042632    484720 245968856  0.001  0.001    1.312    1.478    0    0  (Gen:  0)
  1042504    477368 246240568  0.001  0.001    1.313    1.479    0    0  (Gen:  0)
  1042848    470248 246512384  0.000  0.000    1.313    1.480    0    0  (Gen:  0)
  1042272    463496 246785280  0.000  0.000    1.314    1.481    0    0  (Gen:  0)
  1042888    478224 247055696  0.001  0.001    1.315    1.482    0    0  (Gen:  0)
  1042456    471280 247327536  0.001  0.001    1.316    1.483    0    0  (Gen:  0)
  1042624    465888 247601376  0.001  0.001    1.317    1.484    0    0  (Gen:  0)
  1042760    479320 247871208  0.000  0.000    1.318    1.485    0    0  (Gen:  0)
  1042592    472416 248143280  0.000  0.000    1.319    1.486    0    0  (Gen:  0)
  1042792    466992 248416464  0.000  0.000    1.320    1.486    0    0  (Gen:  0)
  1042536    481888 248688024  0.000  0.000    1.321    1.487    0    0  (Gen:  0)
  1042760    474336 248959208  0.000  0.000    1.321    1.488    0    0  (Gen:  0)
  1042296    467704 249231424  0.000  0.000    1.322    1.489    0    0  (Gen:  0)
  1042904    483560 249503400  0.000  0.000    1.323    1.490    0    0  (Gen:  0)
  1042384    474936 249774232  0.000  0.000    1.324    1.491    0    0  (Gen:  0)
  1042760    469400 250047240  0.000  0.000    1.325    1.491    0    0  (Gen:  0)
  1042680    485424 250319456  0.000  0.000    1.326    1.492    0    0  (Gen:  0)
  1042600    477120 250590544  0.000  0.000    1.326    1.493    0    0  (Gen:  0)
  1042600    471376 250863432  0.001  0.001    1.328    1.494    0    0  (Gen:  0)
  1042576    465200 251136616  0.001  0.001    1.329    1.496    0    0  (Gen:  0)
  1042848    479248 251406888  0.001  0.001    1.330    1.497    0    0  (Gen:  0)
  1042352    472424 251678824  0.001  0.001    1.332    1.498    0    0  (Gen:  0)
  1042904    466040 251951264  0.000  0.000    1.332    1.499    0    0  (Gen:  0)
  1042296    480720 252222288  0.000  0.000    1.333    1.500    0    0  (Gen:  0)
  1042896    473016 252493848  0.000  0.000    1.334    1.501    0    0  (Gen:  0)
  1042504    468400 252767544  0.000  0.000    1.335    1.502    0    0  (Gen:  0)
  1042696    482480 253038464  0.000  0.000    1.336    1.503    0    0  (Gen:  0)
  1042688    475568 253310336  0.000  0.000    1.337    1.504    0    0  (Gen:  0)
  1042576    468832 253582688  0.000  0.000    1.337    1.504    0    0  (Gen:  0)
  1042672    484680 253854424  0.000  0.000    1.338    1.505    0    0  (Gen:  0)
  1042480    477096 254125976  0.000  0.000    1.339    1.506    0    0  (Gen:  0)
  1042840    470448 254398104  0.000  0.000    1.340    1.507    0    0  (Gen:  0)
  1042248    463648 254671000  0.000  0.000    1.341    1.508    0    0  (Gen:  0)
  1042944    478712 254941848  0.000  0.000    1.341    1.508    0    0  (Gen:  0)
  1042456    471840 255213712  0.000  0.000    1.342    1.509    0    0  (Gen:  0)
  1042616    465504 255486632  0.000  0.000    1.343    1.510    0    0  (Gen:  0)
  1042776    480080 255757520  0.000  0.000    1.344    1.511    0    0  (Gen:  0)
  1108128    472928 256062176  0.000  0.000    1.345    1.512    0    0  (Gen:  0)
  1141088    467176 256335336  0.000  0.000    1.345    1.512    0    0  (Gen:  0)
  1108080    481984 256573712  0.000  0.000    1.346    1.513    0    0  (Gen:  0)
  1141056    474320 256877680  0.000  0.000    1.347    1.514    0    0  (Gen:  0)
  1107816    468448 257150680  0.000  0.000    1.348    1.515    0    0  (Gen:  0)
  1042880    425584 257422368  0.000  0.000    1.349    1.516    0    0  (Gen:  0)
  1042408    424016 257693136  0.000  0.000    1.349    1.516    0    0  (Gen:  0)
  1042776    469376 257965768  0.000  0.000    1.350    1.517    0    0  (Gen:  0)
  1042656    464240 258238784  0.000  0.000    1.351    1.518    0    0  (Gen:  0)
  1042632    477720 258509848  0.000  0.000    1.352    1.519    0    0  (Gen:  0)
  1042568    470976 258781904  0.000  0.000    1.352    1.520    0    0  (Gen:  0)
  1042608    465992 259055848  0.000  0.000    1.353    1.520    0    0  (Gen:  0)
  1042824    479672 259325960  0.000  0.000    1.354    1.521    0    0  (Gen:  0)
  1042352    472064 259597152  0.000  0.000    1.355    1.522    0    0  (Gen:  0)
  1042912    466704 259870536  0.000  0.000    1.356    1.523    0    0  (Gen:  0)
  1042272    481264 260141560  0.000  0.000    1.356    1.524    0    0  (Gen:  0)
  1042904    473592 260413120  0.000  0.000    1.357    1.524    0    0  (Gen:  0)
  1042488    468048 260685952  0.000  0.000    1.358    1.525    0    0  (Gen:  0)
  1042712    483000 260957488  0.000  0.000    1.359    1.526    0    0  (Gen:  0)
  1042672    475136 261228640  0.000  0.000    1.360    1.527    0    0  (Gen:  0)
  1042592    469704 261501824  0.000  0.000    1.360    1.528    0    0  (Gen:  0)
  1042672    484288 261772800  0.000  0.000    1.361    1.528    0    0  (Gen:  0)
  1042504    477880 262045328  0.000  0.000    1.362    1.529    0    0  (Gen:  0)
  1042816    470760 262317280  0.000  0.000    1.363    1.530    0    0  (Gen:  0)
  1042272    463888 262589920  0.000  0.000    1.364    1.531    0    0  (Gen:  0)
  1042936    478504 262860440  0.000  0.000    1.364    1.532    0    0  (Gen:  0)
  1042472    471848 263132192  0.000  0.000    1.365    1.532    0    0  (Gen:  0)
  1042584    466296 263405848  0.000  0.000    1.366    1.533    0    0  (Gen:  0)
  1042808    480752 263676808  0.000  0.000    1.367    1.534    0    0  (Gen:  0)
  1042584    472904 263948272  0.000  0.000    1.368    1.535    0    0  (Gen:  0)
  1042768    467824 264221800  0.000  0.000    1.368    1.536    0    0  (Gen:  0)
  1042560    481728 264492280  0.000  0.000    1.369    1.537    0    0  (Gen:  0)
  1042760    474768 264763936  0.000  0.000    1.370    1.537    0    0  (Gen:  0)
  1042272    468112 265036504  0.000  0.000    1.371    1.538    0    0  (Gen:  0)
  1042880    484512 265308896  0.000  0.000    1.372    1.539    0    0  (Gen:  0)
  1042368    476872 265580256  0.000  0.000    1.372    1.540    0    0  (Gen:  0)
  1042800    470232 265852256  0.000  0.000    1.373    1.540    0    0  (Gen:  0)
  1042656    463376 266125272  0.000  0.000    1.374    1.541    0    0  (Gen:  0)
  1042648    477432 266395312  0.000  0.000    1.375    1.542    0    0  (Gen:  0)
  1042560    470648 266667232  0.000  0.000    1.375    1.543    0    0  (Gen:  0)
  1042616    465832 266941424  0.000  0.000    1.376    1.544    0    0  (Gen:  0)
  1042832    479440 267211608  0.000  0.000    1.377    1.544    0    0  (Gen:  0)
  1042320    472064 267482920  0.000  0.000    1.378    1.545    0    0  (Gen:  0)
  1042896    466896 267756728  0.000  0.000    1.379    1.546    0    0  (Gen:  0)
  1042296    481464 268027704  0.000  0.000    1.380    1.547    0    0  (Gen:  0)
  1042904    473832 268299008  0.000  0.000    1.380    1.548    0    0  (Gen:  0)
  1042504    467760 268571528  0.000  0.000    1.382    1.549    0    0  (Gen:  0)
  1042712    483408 268843376  0.000  0.000    1.382    1.550    0    0  (Gen:  0)
  1042664    474632 269114080  0.000  0.000    1.383    1.551    0    0  (Gen:  0)
  1042584    469648 269387472  0.000  0.000    1.384    1.551    0    0  (Gen:  0)
  1042664    485072 269659224  0.000  0.000    1.385    1.552    0    0  (Gen:  0)
  1042536    477856 269931144  0.000  0.000    1.386    1.553    0    0  (Gen:  0)
  1042800    471200 270203432  0.001  0.001    1.387    1.554    0    0  (Gen:  0)
  1042256    464408 270476096  0.001  0.001    1.388    1.556    0    0  (Gen:  0)
  1042968    478904 270746552  0.001  0.001    1.390    1.557    0    0  (Gen:  0)
  1042456    472088 271018520  0.001  0.001    1.391    1.558    0    0  (Gen:  0)
  1042576    466232 271291624  0.001  0.001    1.392    1.559    0    0  (Gen:  0)
  1042816    480640 271562496  0.001  0.001    1.393    1.560    0    0  (Gen:  0)
  1042568    472944 271834024  0.001  0.001    1.394    1.561    0    0  (Gen:  0)
  1042776    468472 272107824  0.001  0.001    1.395    1.563    0    0  (Gen:  0)
  1042576    481896 272378096  0.001  0.001    1.396    1.564    0    0  (Gen:  0)
  1042728    475112 272650000  0.000  0.000    1.397    1.565    0    0  (Gen:  0)
  1042288    468216 272922280  0.000  0.000    1.398    1.565    0    0  (Gen:  0)
  1042904    484552 273194512  0.001  0.001    1.399    1.566    0    0  (Gen:  0)
  1042352    477528 273466496  0.000  0.000    1.400    1.567    0    0  (Gen:  0)
  1042760    470248 273738312  0.000  0.000    1.401    1.568    0    0  (Gen:  0)
  1042688    463712 274011360  0.000  0.000    1.401    1.569    0    0  (Gen:  0)
  1042632    478160 274281576  0.000  0.000    1.402    1.570    0    0  (Gen:  0)
  1042584    471472 274553504  0.000  0.000    1.403    1.571    0    0  (Gen:  0)
  1042632    465544 274826928  0.000  0.000    1.404    1.571    0    0  (Gen:  0)
  1042816    479472 275097280  0.000  0.000    1.405    1.572    0    0  (Gen:  0)
  1042320    472496 275369232  0.000  0.000    1.405    1.573    0    0  (Gen:  0)
  1042904    466976 275642480  0.000  0.000    1.406    1.574    0    0  (Gen:  0)
  1042352    482072 275914064  0.000  0.000    1.407    1.575    0    0  (Gen:  0)
  1042944    474336 276185128  0.000  0.000    1.408    1.575    0    0  (Gen:  0)
  1042504    468112 276457736  0.001  0.001    1.409    1.576    0    0  (Gen:  0)
  1042704    483488 276729384  0.000  0.000    1.409    1.577    0    0  (Gen:  0)
  1042608    475192 277000416  0.000  0.000    1.410    1.578    0    0  (Gen:  0)
  1042624    469400 277273168  0.000  0.000    1.411    1.579    0    0  (Gen:  0)
  1042680    485648 277545536  0.000  0.000    1.412    1.580    0    0  (Gen:  0)
  1042496    477080 277816584  0.000  0.000    1.413    1.581    0    0  (Gen:  0)
  1042848    471696 278089656  0.000  0.000    1.414    1.581    0    0  (Gen:  0)
  1042256    465272 278362680  0.000  0.000    1.414    1.582    0    0  (Gen:  0)
  1042952    479384 278633040  0.000  0.000    1.415    1.583    0    0  (Gen:  0)
  1042456    472432 278904960  0.000  0.000    1.416    1.584    0    0  (Gen:  0)
  1042592    465976 279177304  0.000  0.000    1.417    1.585    0    0  (Gen:  0)
  1042744    480784 279448496  0.000  0.000    1.418    1.586    0    0  (Gen:  0)
  1042624    473024 279720008  0.000  0.000    1.419    1.587    0    0  (Gen:  0)
  1042768    468568 279993696  0.000  0.000    1.419    1.587    0    0  (Gen:  0)
  1042600    482560 280264600  0.000  0.000    1.420    1.588    0    0  (Gen:  0)
  1042712    475736 280536560  0.000  0.000    1.421    1.589    0    0  (Gen:  0)
  1042312    468800 280808808  0.000  0.000    1.422    1.590    0    0  (Gen:  0)
  1042872    484424 281080328  0.000  0.000    1.423    1.590    0    0  (Gen:  0)
  1042304    477120 281352104  0.000  0.000    1.423    1.591    0    0  (Gen:  0)
  1042840    470440 281624224  0.000  0.000    1.424    1.592    0    0  (Gen:  0)
  1042632    463872 281897256  0.000  0.000    1.425    1.593    0    0  (Gen:  0)
  1042672    478608 282167896  0.001  0.001    1.426    1.594    0    0  (Gen:  0)
  1042600    471840 282439840  0.001  0.001    1.428    1.596    0    0  (Gen:  0)
  1042616    465720 282712816  0.001  0.001    1.429    1.597    0    0  (Gen:  0)
  1042784    480336 282983832  0.001  0.001    1.430    1.598    0    0  (Gen:  0)
  1042312    472760 283255208  0.001  0.001    1.431    1.599    0    0  (Gen:  0)
  1042928    467352 283528712  0.001  0.001    1.432    1.600    0    0  (Gen:  0)
  1042288    482160 283799896  0.001  0.001    1.433    1.601    0    0  (Gen:  0)
  1042928    474040 284070688  0.001  0.001    1.434    1.602    0    0  (Gen:  0)
  1042504    468648 284344040  0.001  0.001    1.435    1.604    0    0  (Gen:  0)
  1042680    483896 284615624  0.001  0.001    1.437    1.605    0    0  (Gen:  0)
  1042568    475408 284886480  0.001  0.001    1.438    1.606    0    0  (Gen:  0)
  1042696    469600 285159072  0.001  0.001    1.439    1.607    0    0  (Gen:  0)
  1042640    463928 285432136  0.000  0.000    1.440    1.608    0    0  (Gen:  0)
  1042480    477776 285703088  0.000  0.000    1.441    1.609    0    0  (Gen:  0)
  1042904    471224 285975280  0.001  0.001    1.441    1.610    0    0  (Gen:  0)
  1042264    465840 286248920  0.000  0.000    1.442    1.611    0    0  (Gen:  0)
  1042928    479384 286519128  0.000  0.000    1.443    1.611    0    0  (Gen:  0)
  1042464    472208 286790512  0.000  0.000    1.444    1.612    0    0  (Gen:  0)
  1042600    466784 287063768  0.000  0.000    1.445    1.613    0    0  (Gen:  0)
  1042712    481096 287334816  0.000  0.000    1.446    1.614    0    0  (Gen:  0)
  1042608    473632 287606344  0.000  0.000    1.446    1.615    0    0  (Gen:  0)
  1042704    468056 287879264  0.000  0.000    1.447    1.615    0    0  (Gen:  0)
  1042672    482696 288150304  0.000  0.000    1.448    1.616    0    0  (Gen:  0)
  1042760    475152 288421832  0.000  0.000    1.449    1.617    0    0  (Gen:  0)
  1042280    469784 288695056  0.000  0.000    1.450    1.618    0    0  (Gen:  0)
  1042872    484368 288966072  0.000  0.000    1.451    1.619    0    0  (Gen:  0)
  1042288    477824 289238448  0.000  0.000    1.451    1.619    0    0  (Gen:  0)
  1042888    470728 289510384  0.000  0.000    1.452    1.620    0    0  (Gen:  0)
  1042624    464168 289783304  0.000  0.000    1.453    1.621    0    0  (Gen:  0)
  1042640    478520 290053760  0.000  0.000    1.454    1.622    0    0  (Gen:  0)
  1042608    471816 290325592  0.000  0.000    1.454    1.623    0    0  (Gen:  0)
  1042640    466352 290599136  0.000  0.000    1.455    1.623    0    0  (Gen:  0)
  1042784    480704 290870072  0.000  0.000    1.456    1.624    0    0  (Gen:  0)
  1042272    472864 291141496  0.000  0.000    1.457    1.625    0    0  (Gen:  0)
  1042960    467968 291415152  0.001  0.001    1.458    1.626    0    0  (Gen:  0)
  1042296    481488 291685192  0.001  0.001    1.459    1.628    0    0  (Gen:  0)
  1042936    474688 291957064  0.001  0.001    1.461    1.629    0    0  (Gen:  0)
  1042480    468344 292229848  0.001  0.001    1.462    1.630    0    0  (Gen:  0)
  1042640    484616 292502128  0.001  0.001    1.463    1.631    0    0  (Gen:  0)
  1042624    476888 292773496  0.001  0.001    1.464    1.632    0    0  (Gen:  0)
  1042696    470120 293045544  0.001  0.001    1.465    1.634    0    0  (Gen:  0)
  1042640    463448 293318552  0.001  0.001    1.466    1.635    0    0  (Gen:  0)
  1042464    477480 293588496  0.001  0.001    1.467    1.636    0    0  (Gen:  0)
  1042904    470824 293860520  0.000  0.000    1.468    1.637    0    0  (Gen:  0)
  1042240    465632 294134432  0.001  0.001    1.469    1.638    0    0  (Gen:  0)
  1042936    479344 294404624  0.000  0.000    1.470    1.639    0    0  (Gen:  0)
  1042504    472232 294676184  0.000  0.000    1.471    1.639    0    0  (Gen:  0)
  1042560    466992 294949888  0.001  0.001    1.472    1.640    0    0  (Gen:  0)
  1042736    481528 295221024  0.001  0.001    1.473    1.641    0    0  (Gen:  0)
  1042608    473936 295492160  0.000  0.000    1.474    1.642    0    0  (Gen:  0)
  1042696    467552 295764552  0.000  0.000    1.474    1.643    0    0  (Gen:  0)
  1042664    483440 296036560  0.000  0.000    1.475    1.644    0    0  (Gen:  0)
  1042792    474880 296307408  0.000  0.000    1.476    1.645    0    0  (Gen:  0)
  1042248    469752 296580840  0.000  0.000    1.477    1.645    0    0  (Gen:  0)
  1042888    485032 296852480  0.000  0.000    1.478    1.646    0    0  (Gen:  0)
  1042304    477816 297124200  0.000  0.000    1.478    1.647    0    0  (Gen:  0)
  1042880    471320 297396776  0.000  0.000    1.479    1.648    0    0  (Gen:  0)
  1042608    464632 297669512  0.000  0.000    1.480    1.649    0    0  (Gen:  0)
  1042632    479056 297939848  0.000  0.000    1.481    1.650    0    0  (Gen:  0)
  1042616    472272 298211832  0.000  0.000    1.482    1.651    0    0  (Gen:  0)
  1042640    466064 298484656  0.000  0.000    1.483    1.651    0    0  (Gen:  0)
  1042768    480752 298755664  0.000  0.000    1.484    1.652    0    0  (Gen:  0)
  1042312    472720 299026888  0.000  0.000    1.484    1.653    0    0  (Gen:  0)
  1042896    468256 299300760  0.000  0.000    1.485    1.654    0    0  (Gen:  0)
  1042336    481920 299571232  0.000  0.000    1.486    1.655    0    0  (Gen:  0)
  1042944    475144 299843168  0.000  0.000    1.487    1.656    0    0  (Gen:  0)
  1042432    468352 300115520  0.000  0.000    1.488    1.656    0    0  (Gen:  0)
  1042696    484664 300387776  0.000  0.000    1.489    1.657    0    0  (Gen:  0)
  1042600    477712 300659632  0.000  0.000    1.489    1.658    0    0  (Gen:  0)
  1042720    470040 300931080  0.000  0.000    1.490    1.659    0    0  (Gen:  0)
  1042640    463864 301204544  0.000  0.000    1.491    1.660    0    0  (Gen:  0)
  1042440    478336 301474712  0.000  0.000    1.492    1.660    0    0  (Gen:  0)
  1042904    471736 301746800  0.000  0.000    1.492    1.661    0    0  (Gen:  0)
  1042264    465608 302020128  0.000  0.000    1.493    1.662    0    0  (Gen:  0)
  1042936    479512 302290456  0.000  0.000    1.494    1.663    0    0  (Gen:  0)
  1042496    472672 302562528  0.000  0.000    1.495    1.664    0    0  (Gen:  0)
  1042568    466904 302835688  0.000  0.000    1.496    1.665    0    0  (Gen:  0)
  1042736    482072 303107200  0.001  0.001    1.497    1.666    0    0  (Gen:  0)
  1042592    474552 303378376  0.000  0.000    1.498    1.666    0    0  (Gen:  0)
  1042720    468176 303650832  0.000  0.000    1.498    1.667    0    0  (Gen:  0)
  1042648    483752 303922624  0.000  0.000    1.499    1.668    0    0  (Gen:  0)
  1042768    475120 304193472  0.000  0.000    1.500    1.669    0    0  (Gen:  0)
  1042264    469176 304466008  0.000  0.000    1.501    1.670    0    0  (Gen:  0)
  1042904    485696 304738656  0.000  0.000    1.502    1.671    0    0  (Gen:  0)
  1042296    477088 305009672  0.000  0.000    1.503    1.671    0    0  (Gen:  0)
  1042880    471576 305282472  0.000  0.000    1.503    1.672    0    0  (Gen:  0)
  1042624    465312 305555776  0.000  0.000    1.504    1.673    0    0  (Gen:  0)
  1042608    479272 305826008  0.000  0.000    1.505    1.674    0    0  (Gen:  0)
  1042640    472432 306097960  0.000  0.000    1.506    1.675    0    0  (Gen:  0)
  1042600    466160 306370544  0.000  0.000    1.507    1.676    0    0  (Gen:  0)
  1042768    481080 306641768  0.001  0.001    1.508    1.676    0    0  (Gen:  0)
  1042352    473176 306913136  0.000  0.000    1.508    1.677    0    0  (Gen:  0)
  1042872    468400 307186728  0.000  0.000    1.509    1.678    0    0  (Gen:  0)
  1042312    482584 307457608  0.000  0.000    1.510    1.679    0    0  (Gen:  0)
  1042960    475680 307729416  0.000  0.000    1.511    1.680    0    0  (Gen:  0)
  1042424    469024 308001848  0.000  0.000    1.512    1.681    0    0  (Gen:  0)
  1042704    484496 308273376  0.000  0.000    1.513    1.682    0    0  (Gen:  0)
  1042616    477424 308545200  0.000  0.000    1.513    1.682    0    0  (Gen:  0)
  1042696    470152 308817040  0.000  0.000    1.514    1.683    0    0  (Gen:  0)
  1042672    463848 309090192  0.000  0.000    1.515    1.684    0    0  (Gen:  0)
  1042448    478800 309360928  0.000  0.000    1.516    1.685    0    0  (Gen:  0)
  1042864    471664 309632528  0.000  0.000    1.517    1.686    0    0  (Gen:  0)
  1042296    465816 309905720  0.000  0.000    1.517    1.686    0    0  (Gen:  0)
  1042928    480328 310176768  0.000  0.000    1.518    1.687    0    0  (Gen:  0)
  1042488    473008 310448240  0.000  0.000    1.519    1.688    0    0  (Gen:  0)
  1042584    467328 310721672  0.000  0.000    1.520    1.689    0    0  (Gen:  0)
  1042744    482088 310992752  0.000  0.000    1.521    1.690    0    0  (Gen:  0)
  1042552    474160 311263704  0.000  0.000    1.521    1.691    0    0  (Gen:  0)
  1042760    468568 311536968  0.000  0.000    1.522    1.691    0    0  (Gen:  0)
  1042648    484168 311808800  0.000  0.000    1.523    1.692    0    0  (Gen:  0)
  1042720    475992 312079992  0.000  0.000    1.524    1.693    0    0  (Gen:  0)
  1042280    469576 312352152  0.000  0.000    1.525    1.694    0    0  (Gen:  0)
  1042912    463448 312625200  0.000  0.000    1.525    1.695    0    0  (Gen:  0)
  1075072    477728 312895936  0.000  0.000    1.526    1.695    0    0  (Gen:  0)
  1141200    471032 313200840  0.000  0.000    1.527    1.696    0    0  (Gen:  0)
  1140928    465888 313474648  0.000  0.000    1.528    1.697    0    0  (Gen:  0)
  1108136    479520 313712224  0.000  0.000    1.529    1.698    0    0  (Gen:  0)
  1140920    472200 314016192  0.000  0.000    1.530    1.699    0    0  (Gen:  0)
  1042616    426416 314289664  0.000  0.000    1.530    1.699    0    0  (Gen:  0)
  1042704    481200 314560744  0.000  0.000    1.531    1.700    0    0  (Gen:  0)
  1042424    473616 314832080  0.000  0.000    1.532    1.701    0    0  (Gen:  0)
  1042864    468168 315105184  0.000  0.000    1.533    1.702    0    0  (Gen:  0)
  1042272    482752 315376152  0.001  0.001    1.534    1.703    0    0  (Gen:  0)
  1042968    474768 315647384  0.000  0.000    1.534    1.704    0    0  (Gen:  0)
  1042472    470000 315921016  0.000  0.000    1.535    1.704    0    0  (Gen:  0)
  1042680    484272 316191856  0.000  0.000    1.536    1.705    0    0  (Gen:  0)
  1042616    478064 316464400  0.000  0.000    1.537    1.706    0    0  (Gen:  0)
  1042688    470904 316736200  0.000  0.000    1.538    1.707    0    0  (Gen:  0)
  1042648    464280 317009176  0.000  0.000    1.538    1.708    0    0  (Gen:  0)
  1042488    478536 317279496  0.000  0.000    1.539    1.708    0    0  (Gen:  0)
  1042832    471936 317551496  0.000  0.000    1.540    1.709    0    0  (Gen:  0)
  1042312    466432 317824992  0.000  0.000    1.541    1.710    0    0  (Gen:  0)
  1042960    480704 318095808  0.000  0.000    1.542    1.711    0    0  (Gen:  0)
  1042472    472872 318367192  0.000  0.000    1.542    1.712    0    0  (Gen:  0)
  1042568    467840 318640640  0.000  0.000    1.543    1.712    0    0  (Gen:  0)
  1042760    481480 318910880  0.000  0.000    1.544    1.713    0    0  (Gen:  0)
  1042536    474752 319182856  0.000  0.000    1.545    1.714    0    0  (Gen:  0)
  1042776    468472 319455616  0.000  0.000    1.546    1.715    0    0  (Gen:  0)
  1042656    484688 319727920  0.001  0.001    1.547    1.716    0    0  (Gen:  0)
  1042712    477120 319999432  0.000  0.000    1.547    1.717    0    0  (Gen:  0)
  1042248    470024 320271280  0.000  0.000    1.548    1.718    0    0  (Gen:  0)
  1042920    463472 320544392  0.000  0.000    1.549    1.718    0    0  (Gen:  0)
  1042312    477536 320814240  0.000  0.000    1.550    1.719    0    0  (Gen:  0)
  1042888    470816 321086264  0.000  0.000    1.551    1.720    0    0  (Gen:  0)
  1042592    465928 321360344  0.000  0.000    1.551    1.721    0    0  (Gen:  0)
  1042648    479112 321630216  0.000  0.000    1.552    1.722    0    0  (Gen:  0)
  1042640    472480 321902112  0.000  0.000    1.553    1.722    0    0  (Gen:  0)
  1042616    466872 322175648  0.000  0.000    1.554    1.723    0    0  (Gen:  0)
  1042704    481672 322446992  0.000  0.000    1.555    1.724    0    0  (Gen:  0)
  1042408    474072 322717992  0.000  0.000    1.555    1.725    0    0  (Gen:  0)
  1042880    467704 322990432  0.000  0.000    1.556    1.726    0    0  (Gen:  0)
  1042224    483048 323261952  0.000  0.000    1.557    1.726    0    0  (Gen:  0)
  1042960    474976 323533192  0.000  0.000    1.558    1.727    0    0  (Gen:  0)
  1042504    469680 323806432  0.001  0.001    1.559    1.728    0    0  (Gen:  0)
  1042704    485088 324078264  0.001  0.001    1.560    1.729    0    0  (Gen:  0)
  1042592    477664 324349840  0.001  0.001    1.561    1.730    0    0  (Gen:  0)
  1042656    471392 324622488  0.000  0.000    1.561    1.731    0    0  (Gen:  0)
  1042696    464680 324895320  0.000  0.000    1.562    1.732    0    0  (Gen:  0)
  1042496    478816 325165584  0.000  0.000    1.563    1.733    0    0  (Gen:  0)
  1042816    472600 325437872  0.000  0.000    1.564    1.733    0    0  (Gen:  0)
  1042328    465848 325710264  0.000  0.000    1.565    1.734    0    0  (Gen:  0)
  1042920    480824 325981656  0.000  0.000    1.565    1.735    0    0  (Gen:  0)
  1042480    472592 326252712  0.000  0.000    1.566    1.736    0    0  (Gen:  0)
  1042592    468128 326526456  0.000  0.000    1.567    1.737    0    0  (Gen:  0)
  1042760    482288 326797336  0.000  0.000    1.568    1.737    0    0  (Gen:  0)
  1042504    475256 327069064  0.000  0.000    1.569    1.738    0    0  (Gen:  0)
  1042768    468552 327341592  0.000  0.000    1.569    1.739    0    0  (Gen:  0)
  1042680    484864 327613696  0.000  0.000    1.570    1.740    0    0  (Gen:  0)
  1042728    477408 327885408  0.000  0.000    1.571    1.741    0    0  (Gen:  0)
  1042240    470064 328156904  0.000  0.000    1.572    1.741    0    0  (Gen:  0)
  1042928    463384 328429952  0.000  0.000    1.573    1.742    0    0  (Gen:  0)
  1042296    478512 328700688  0.000  0.000    1.573    1.743    0    0  (Gen:  0)
  1042904    471768 328972672  0.000  0.000    1.574    1.744    0    0  (Gen:  0)
  1042568    465592 329245928  0.000  0.000    1.575    1.745    0    0  (Gen:  0)
  1042664    479560 329516360  0.000  0.000    1.576    1.745    0    0  (Gen:  0)
  1042640    472824 329788552  0.000  0.000    1.577    1.746    0    0  (Gen:  0)
  1042632    466928 330061552  0.000  0.000    1.578    1.747    0    0  (Gen:  0)
  1042656    482184 330333144  0.000  0.000    1.578    1.748    0    0  (Gen:  0)
  1042424    474216 330603976  0.000  0.000    1.579    1.749    0    0  (Gen:  0)
  1042880    468336 330876896  0.001  0.001    1.580    1.750    0    0  (Gen:  0)
  1042248    483648 331148320  0.000  0.000    1.581    1.751    0    0  (Gen:  0)
  1042944    475184 331419336  0.000  0.000    1.582    1.751    0    0  (Gen:  0)
  1042528    469224 331691800  0.000  0.000    1.583    1.752    0    0  (Gen:  0)
  1042696    485752 331964576  0.001  0.001    1.584    1.753    0    0  (Gen:  0)
  1042592    477432 332235840  0.001  0.001    1.585    1.755    0    0  (Gen:  0)
  1042664    471408 332508184  0.001  0.001    1.586    1.756    0    0  (Gen:  0)
  1042664    465384 332781656  0.001  0.001    1.588    1.757    0    0  (Gen:  0)
  1042520    479328 333051936  0.001  0.001    1.589    1.758    0    0  (Gen:  0)
  1042808    472568 333323976  0.001  0.001    1.590    1.760    0    0  (Gen:  0)
  1042344    466320 333596472  0.001  0.001    1.591    1.761    0    0  (Gen:  0)
  1042840    481152 333867720  0.001  0.001    1.592    1.762    0    0  (Gen:  0)
  1042512    473256 334139064  0.001  0.001    1.593    1.763    0    0  (Gen:  0)
  1042640    468240 334412472  0.001  0.001    1.594    1.764    0    0  (Gen:  0)
  1042736    482752 334683536  0.001  0.001    1.595    1.765    0    0  (Gen:  0)
  1042528    475504 334955184  0.000  0.000    1.596    1.766    0    0  (Gen:  0)
  1042704    469120 335227928  0.001  0.001    1.597    1.767    0    0  (Gen:  0)
  1042720    484736 335499560  0.000  0.001    1.598    1.767    0    0  (Gen:  0)
  1042712    477648 335771408  0.000  0.000    1.598    1.768    0    0  (Gen:  0)
  1042280    470136 336043040  0.000  0.000    1.599    1.769    0    0  (Gen:  0)
  1042904    463904 336316280  0.000  0.000    1.600    1.770    0    0  (Gen:  0)
  1042312    478504 336586480  0.000  0.000    1.601    1.771    0    0  (Gen:  0)
  1042880    471696 336858552  0.000  0.000    1.601    1.771    0    0  (Gen:  0)
  1042576    466128 337131944  0.000  0.000    1.602    1.772    0    0  (Gen:  0)
  1042680    480352 337402896  0.000  0.000    1.603    1.773    0    0  (Gen:  0)
  1042616    473120 337674512  0.000  0.000    1.604    1.774    0    0  (Gen:  0)
  1042648    467400 337947808  0.000  0.000    1.605    1.775    0    0  (Gen:  0)
  1042656    482128 338218896  0.000  0.000    1.605    1.775    0    0  (Gen:  0)
  1042432    474224 338489776  0.000  0.000    1.606    1.776    0    0  (Gen:  0)
  1042880    468344 338763080  0.000  0.000    1.607    1.777    0    0  (Gen:  0)
  1042224    484032 339034688  0.000  0.000    1.608    1.778    0    0  (Gen:  0)
  1042864    476352 339306264  0.000  0.000    1.609    1.779    0    0  (Gen:  0)
  1042616    469704 339578272  0.000  0.000    1.609    1.780    0    0  (Gen:  0)
  1042696    463232 339851304  0.000  0.000    1.610    1.780    0    0  (Gen:  0)
  1042600    477848 340122088  0.000  0.000    1.611    1.781    0    0  (Gen:  0)
  1042640    470984 340394000  0.000  0.000    1.612    1.782    0    0  (Gen:  0)
  1042696    466096 340668152  0.000  0.000    1.613    1.783    0    0  (Gen:  0)
  1042504    479304 340938056  0.000  0.000    1.613    1.784    0    0  (Gen:  0)
  1042816    472208 341209408  0.000  0.000    1.614    1.784    0    0  (Gen:  0)
  1042336    467016 341482976  0.000  0.000    1.615    1.785    0    0  (Gen:  0)
  1042832    481352 341754192  0.000  0.000    1.616    1.786    0    0  (Gen:  0)
  1042480    473720 342025424  0.000  0.000    1.617    1.787    0    0  (Gen:  0)
  1042696    468064 342298336  0.000  0.000    1.617    1.788    0    0  (Gen:  0)
  1042736    483024 342569568  0.001  0.001    1.619    1.789    0    0  (Gen:  0)
  1042536    474552 342840496  0.001  0.001    1.620    1.790    0    0  (Gen:  0)
  1042680    469904 343114296  0.001  0.001    1.621    1.792    0    0  (Gen:  0)
  1042704    484472 343385352  0.001  0.001    1.623    1.793    0    0  (Gen:  0)
  1042736    477920 343657688  0.001  0.001    1.624    1.794    0    0  (Gen:  0)
  1042280    470720 343929576  0.001  0.001    1.625    1.795    0    0  (Gen:  0)
  1042920    464264 344202520  0.001  0.001    1.626    1.796    0    0  (Gen:  0)
  1042312    478768 344472952  0.001  0.001    1.627    1.797    0    0  (Gen:  0)
  1042864    472016 344744848  0.001  0.001    1.628    1.798    0    0  (Gen:  0)
  1042560    466440 345018288  0.001  0.001    1.629    1.799    0    0  (Gen:  0)
  1042672    480864 345289264  0.001  0.001    1.630    1.800    0    0  (Gen:  0)
  1042648    472784 345560440  0.001  0.001    1.631    1.801    0    0  (Gen:  0)
  1042640    468232 345834240  0.001  0.001    1.632    1.802    0    0  (Gen:  0)
  1042640    481648 346104304  0.000  0.000    1.633    1.803    0    0  (Gen:  0)
  1042464    474904 346376344  0.000  0.000    1.633    1.804    0    0  (Gen:  0)
  1042872    468488 346649024  0.000  0.000    1.634    1.805    0    0  (Gen:  0)
  1042224    484784 346921216  0.000  0.000    1.635    1.805    0    0  (Gen:  0)
  1042840    477040 347192736  0.000  0.000    1.636    1.806    0    0  (Gen:  0)
  1042600    470208 347464632  0.000  0.000    1.637    1.807    0    0  (Gen:  0)
  1042688    463520 347737680  0.000  0.000    1.637    1.808    0    0  (Gen:  0)
  1042632    477768 348007768  0.000  0.000    1.638    1.809    0    0  (Gen:  0)
  1042624    470928 348279688  0.000  0.000    1.639    1.809    0    0  (Gen:  0)
  1042688    465976 348553872  0.000  0.000    1.640    1.810    0    0  (Gen:  0)
  1042536    479008 348823440  0.000  0.000    1.641    1.811    0    0  (Gen:  0)
  1042832    472456 349095656  0.000  0.000    1.641    1.812    0    0  (Gen:  0)
  1042312    466720 349368728  0.000  0.000    1.642    1.812    0    0  (Gen:  0)
  1042856    481776 349640392  0.000  0.000    1.643    1.813    0    0  (Gen:  0)
  1042472    474160 349911440  0.000  0.000    1.644    1.814    0    0  (Gen:  0)
  1042696    467816 350183832  0.000  0.000    1.645    1.815    0    0  (Gen:  0)
  1042728    483384 350455648  0.000  0.000    1.645    1.816    0    0  (Gen:  0)
  1042520    475016 350726728  0.000  0.000    1.646    1.817    0    0  (Gen:  0)
  1042616    469912 351000000  0.000  0.000    1.647    1.817    0    0  (Gen:  0)
  1042784    485280 351271768  0.000  0.000    1.648    1.818    0    0  (Gen:  0)
  1042720    477080 351542896  0.000  0.000    1.649    1.819    0    0  (Gen:  0)
  1042312    471312 351815832  0.000  0.000    1.649    1.820    0    0  (Gen:  0)
  1042904    464816 352088784  0.000  0.000    1.650    1.821    0    0  (Gen:  0)
  1042280    478800 352358952  0.000  0.000    1.651    1.822    0    0  (Gen:  0)
  1042896    472632 352631136  0.000  0.000    1.652    1.822    0    0  (Gen:  0)
  1042568    465816 352903528  0.000  0.000    1.653    1.823    0    0  (Gen:  0)
  1042672    480896 353175040  0.000  0.000    1.654    1.824    0    0  (Gen:  0)
  1042632    472768 353446136  0.000  0.000    1.654    1.825    0    0  (Gen:  0)
  1042656    468312 353719912  0.000  0.000    1.655    1.826    0    0  (Gen:  0)
  1042600    482288 353990664  0.000  0.000    1.656    1.826    0    0  (Gen:  0)
  1042496    475312 354262424  0.000  0.000    1.657    1.827    0    0  (Gen:  0)
  1042880    468808 354535080  0.000  0.000    1.658    1.828    0    0  (Gen:  0)
  1042208    484592 354806880  0.000  0.000    1.658    1.829    0    0  (Gen:  0)
  1042840    477184 355078528  0.000  0.000    1.659    1.830    0    0  (Gen:  0)
  1042608    470232 355350320  0.000  0.000    1.660    1.831    0    0  (Gen:  0)
  1042648    463592 355623392  0.000  0.000    1.661    1.831    0    0  (Gen:  0)
  1042688    478648 355894120  0.001  0.001    1.662    1.832    0    0  (Gen:  0)
  1042624    471880 356166104  0.001  0.001    1.663    1.834    0    0  (Gen:  0)
  1042688    465592 356439200  0.001  0.001    1.665    1.835    0    0  (Gen:  0)
  1042536    479856 356709792  0.001  0.001    1.666    1.837    0    0  (Gen:  0)
  1042824    472864 356981728  0.001  0.001    1.667    1.838    0    0  (Gen:  0)
  1042312    466776 357254592  0.001  0.001    1.668    1.839    0    0  (Gen:  0)
  1042856    482120 357526368  0.001  0.001    1.669    1.840    0    0  (Gen:  0)
  1042472    474416 357797368  0.001  0.001    1.670    1.841    0    0  (Gen:  0)
  1042656    468248 358070112  0.001  0.001    1.671    1.842    0    0  (Gen:  0)
  1042760    483696 358341832  0.001  0.001    1.672    1.843    0    0  (Gen:  0)
  1042520    475208 358612616  0.000  0.000    1.673    1.844    0    0  (Gen:  0)
  1042624    469104 358885192  0.001  0.001    1.674    1.845    0    0  (Gen:  0)
  1042712    486016 359158168  0.001  0.001    1.675    1.846    0    0  (Gen:  0)
  1042768    477512 359429152  0.001  0.001    1.676    1.847    0    0  (Gen:  0)
  1042320    470944 359701336  0.000  0.000    1.677    1.848    0    0  (Gen:  0)
  1042928    465584 359975168  0.000  0.000    1.678    1.848    0    0  (Gen:  0)
  1042272    479376 360245248  0.000  0.000    1.678    1.849    0    0  (Gen:  0)
  1042888    472384 360517032  0.000  0.000    1.679    1.850    0    0  (Gen:  0)
  1042560    466560 360789856  0.000  0.000    1.680    1.851    0    0  (Gen:  0)
  1042664    481248 361061136  0.000  0.000    1.681    1.852    0    0  (Gen:  0)
  1042632    473360 361332472  0.000  0.000    1.682    1.852    0    0  (Gen:  0)
  1042680    468280 361605792  0.001  0.001    1.683    1.853    0    0  (Gen:  0)
  1042544    482736 361876864  0.000  0.000    1.683    1.854    0    0  (Gen:  0)
  1042536    475336 362148352  0.000  0.000    1.684    1.855    0    0  (Gen:  0)
  1042888    469360 362421312  0.000  0.000    1.685    1.856    0    0  (Gen:  0)
  1042224    484472 362692504  0.000  0.000    1.686    1.857    0    0  (Gen:  0)
  1042824    477640 362964624  0.000  0.000    1.687    1.857    0    0  (Gen:  0)
  1042576    470336 363236472  0.000  0.000    1.687    1.858    0    0  (Gen:  0)
  1042672    463728 363509208  0.000  0.000    1.688    1.859    0    0  (Gen:  0)
  1042680    478392 363779752  0.000  0.000    1.689    1.860    0    0  (Gen:  0)
  1042608    471840 364051760  0.000  0.000    1.690    1.861    0    0  (Gen:  0)
  1042720    466248 364325360  0.000  0.000    1.691    1.862    0    0  (Gen:  0)
  1042536    480504 364596104  0.000  0.000    1.691    1.862    0    0  (Gen:  0)
  1042832    472776 364867640  0.000  0.000    1.692    1.863    0    0  (Gen:  0)
  1042264    467312 365140848  0.000  0.000    1.693    1.864    0    0  (Gen:  0)
  1042912    482088 365411960  0.000  0.000    1.694    1.865    0    0  (Gen:  0)
  1042440    474328 365682944  0.000  0.000    1.695    1.866    0    0  (Gen:  0)
  1042656    468368 365956208  0.000  0.000    1.695    1.866    0    0  (Gen:  0)
  1042768    484312 366228136  0.000  0.000    1.696    1.867    0    0  (Gen:  0)
  1042496    476648 366499560  0.000  0.000    1.697    1.868    0    0  (Gen:  0)
  1042648    469920 366771496  0.000  0.000    1.698    1.869    0    0  (Gen:  0)
  1042688    463168 367044528  0.000  0.000    1.699    1.870    0    0  (Gen:  0)
  1042736    477752 367315040  0.000  0.000    1.699    1.870    0    0  (Gen:  0)
  1042392    470864 367586904  0.000  0.000    1.700    1.871    0    0  (Gen:  0)
  1042936    466128 367861248  0.000  0.000    1.701    1.872    0    0  (Gen:  0)
  1042256    479208 368130984  0.000  0.000    1.702    1.873    0    0  (Gen:  0)
  1042872    471992 368402264  0.000  0.000    1.703    1.874    0    0  (Gen:  0)
  1042568    467128 368676096  0.000  0.000    1.704    1.875    0    0  (Gen:  0)
  1042664    481552 368947352  0.000  0.000    1.704    1.875    0    0  (Gen:  0)
  1042616    473560 369218288  0.000  0.000    1.705    1.876    0    0  (Gen:  0)
  1042704    468040 369491336  0.000  0.000    1.706    1.877    0    0  (Gen:  0)
  1042552    483144 369762592  0.000  0.000    1.707    1.878    0    0  (Gen:  0)
  1140816    474408 370066088  0.000  0.000    1.708    1.879    0    0  (Gen:  0)
  1141216    469960 370340032  0.000  0.000    1.708    1.880    0    0  (Gen:  0)
  1140504    484576 370611112  0.000  0.000    1.709    1.880    0    0  (Gen:  0)
  1108384    477920 370850664  0.000  0.000    1.710    1.881    0    0  (Gen:  0)
  1075304    470800 371155424  0.000  0.000    1.711    1.882    0    0  (Gen:  0)
  1042688    425736 371428416  0.001  0.001    1.712    1.883    0    0  (Gen:  0)
  1042688    424320 371698592  0.000  0.000    1.713    1.884    0    0  (Gen:  0)
  1042600    472064 371970680  0.000  0.000    1.713    1.885    0    0  (Gen:  0)
  1042752    466352 372243896  0.000  0.000    1.714    1.885    0    0  (Gen:  0)
  1042536    480816 372514984  0.000  0.000    1.715    1.886    0    0  (Gen:  0)
  1042776    472992 372786432  0.000  0.000    1.716    1.887    0    0  (Gen:  0)
  1042296    468264 373059968  0.000  0.000    1.717    1.888    0    0  (Gen:  0)
  1042904    481616 373330160  0.000  0.000    1.717    1.889    0    0  (Gen:  0)
  1042384    475056 373602216  0.000  0.000    1.718    1.889    0    0  (Gen:  0)
  1042744    468632 373874816  0.000  0.000    1.719    1.890    0    0  (Gen:  0)
  1042760    484736 374147016  0.000  0.000    1.720    1.891    0    0  (Gen:  0)
  1042496    477320 374418696  0.000  0.000    1.720    1.892    0    0  (Gen:  0)
  1042616    470120 374690432  0.000  0.000    1.721    1.892    0    0  (Gen:  0)
  1042720    463616 374963472  0.000  0.000    1.722    1.893    0    0  (Gen:  0)
  1042728    477896 375233624  0.000  0.000    1.723    1.894    0    0  (Gen:  0)
  1042376    471072 375505584  0.000  0.000    1.724    1.895    0    0  (Gen:  0)
  1042896    465800 375779472  0.000  0.000    1.724    1.896    0    0  (Gen:  0)
  1042296    479112 376049200  0.000  0.000    1.725    1.896    0    0  (Gen:  0)
  1042880    472560 376321512  0.000  0.000    1.726    1.897    0    0  (Gen:  0)
  1042568    466880 376594544  0.000  0.000    1.727    1.898    0    0  (Gen:  0)
  1042536    481920 376866152  0.000  0.000    1.727    1.899    0    0  (Gen:  0)
  1042864    474184 377137328  0.000  0.000    1.728    1.900    0    0  (Gen:  0)
  1042680    467984 377409720  0.000  0.000    1.729    1.900    0    0  (Gen:  0)
  1042560    483312 377681432  0.000  0.000    1.730    1.901    0    0  (Gen:  0)
  1042528    475040 377952544  0.000  0.000    1.731    1.902    0    0  (Gen:  0)
  1042896    469720 378225712  0.000  0.000    1.731    1.903    0    0  (Gen:  0)
  1042208    485344 378497480  0.000  0.000    1.732    1.903    0    0  (Gen:  0)
  1042840    477048 378768680  0.001  0.001    1.733    1.905    0    0  (Gen:  0)
  1042544    471472 379041696  0.001  0.001    1.735    1.906    0    0  (Gen:  0)
  1042632    464872 379314544  0.001  0.001    1.736    1.907    0    0  (Gen:  0)
  1042744    478984 379584904  0.001  0.001    1.737    1.909    0    0  (Gen:  0)
  1042568    472664 379856944  0.001  0.001    1.738    1.910    0    0  (Gen:  0)
  1042760    465880 380129408  0.001  0.001    1.739    1.911    0    0  (Gen:  0)
  1042536    480792 380400688  0.001  0.001    1.740    1.912    0    0  (Gen:  0)
  1042784    472888 380671984  0.001  0.001    1.741    1.913    0    0  (Gen:  0)
  1042304    468320 380945816  0.001  0.001    1.742    1.914    0    0  (Gen:  0)
  1042904    482504 381216616  0.001  0.001    1.743    1.915    0    0  (Gen:  0)
  1042392    475464 381488312  0.001  0.001    1.745    1.916    0    0  (Gen:  0)
  1042736    468800 381760928  0.001  0.001    1.746    1.917    0    0  (Gen:  0)
  1042720    484656 382032720  0.001  0.001    1.747    1.918    0    0  (Gen:  0)
  1042552    477064 382304144  0.001  0.001    1.748    1.919    0    0  (Gen:  0)
  1042592    470392 382576280  0.000  0.000    1.749    1.920    0    0  (Gen:  0)
  1042704    463656 382849216  0.000  0.000    1.750    1.921    0    0  (Gen:  0)
  1042744    478512 383119920  0.000  0.000    1.750    1.922    0    0  (Gen:  0)
  1042360    471816 383391904  0.000  0.000    1.751    1.923    0    0  (Gen:  0)
  1042920 343266504 343528624  0.360  0.458    2.112    2.381    0    0  (Gen:  1)
  1042256    420768 343740280  0.000  0.000    2.113    2.382    0    0  (Gen:  0)
  1042904    413040 343952496  0.000  0.000    2.114    2.383    0    0  (Gen:  0)
  1042520    407144 344165568  0.000  0.000    2.114    2.384    0    0  (Gen:  0)
  1042688    422888 344377928  0.000  0.000    2.115    2.385    0    0  (Gen:  0)
  1042696    414952 344589408  0.000  0.000    2.116    2.385    0    0  (Gen:  0)
  1042640    408840 344802672  0.000  0.000    2.117    2.386    0    0  (Gen:  0)
  1042584    424256 345014800  0.000  0.000    2.118    2.387    0    0  (Gen:  0)
  1042544    415800 345226104  0.000  0.000    2.118    2.388    0    0  (Gen:  0)
  1042856    409592 345439144  0.000  0.000    2.119    2.388    0    0  (Gen:  0)
  1042248    426408 345652312  0.000  0.000    2.120    2.389    0    0  (Gen:  0)
  1042840    418520 345864288  0.000  0.000    2.121    2.390    0    0  (Gen:  0)
  1042520    411032 346076480  0.000  0.000    2.121    2.391    0    0  (Gen:  0)
  1042632    405856 346290504  0.000  0.000    2.122    2.391    0    0  (Gen:  0)
  1042720    420576 346501632  0.000  0.000    2.123    2.392    0    0  (Gen:  0)
  1042592    412752 346713528  0.000  0.000    2.124    2.393    0    0  (Gen:  0)
  1042776    406872 346926848  0.000  0.000    2.124    2.394    0    0  (Gen:  0)
  1042528    421992 347138640  0.000  0.000    2.125    2.394    0    0  (Gen:  0)
  1042768    413936 347350504  0.000  0.000    2.126    2.395    0    0  (Gen:  0)
  1042336    408272 347563680  0.001  0.001    2.127    2.396    0    0  (Gen:  0)
  1042880    423528 347775784  0.001  0.001    2.128    2.397    0    0  (Gen:  0)
  1042408    415656 347987512  0.001  0.001    2.129    2.399    0    0  (Gen:  0)
  1042704    409600 348200720  0.001  0.001    2.130    2.400    0    0  (Gen:  0)
  1042752    424976 348412544  0.001  0.001    2.131    2.401    0    0  (Gen:  0)
  1042544    418288 348625496  0.001  0.001    2.132    2.402    0    0  (Gen:  0)
  1042608    410664 348837568  0.000  0.000    2.133    2.403    0    0  (Gen:  0)
  1042656    404008 349050520  0.001  0.001    2.135    2.404    0    0  (Gen:  0)
  1042768    419504 349262168  0.001  0.001    2.136    2.406    0    0  (Gen:  0)
  1042360    412192 349474264  0.001  0.001    2.137    2.407    0    0  (Gen:  0)
  1042912    406440 349688008  0.001  0.001    2.138    2.408    0    0  (Gen:  0)
  1042264    421496 349899696  0.001  0.001    2.139    2.409    0    0  (Gen:  0)
  1042920    413056 350111496  0.001  0.001    2.140    2.410    0    0  (Gen:  0)
  1042504    407704 350325000  0.001  0.001    2.141    2.411    0    0  (Gen:  0)
  1042712    422936 350536728  0.001  0.001    2.142    2.412    0    0  (Gen:  0)
  1042696    414688 350748288  0.001  0.001    2.143    2.413    0    0  (Gen:  0)
  1042560    408928 350961912  0.001  0.001    2.144    2.414    0    0  (Gen:  0)
  1042640    424832 351174184  0.001  0.001    2.145    2.415    0    0  (Gen:  0)
  1042544    417584 351386416  0.001  0.001    2.146    2.416    0    0  (Gen:  0)
  1042832    410328 351598584  0.001  0.001    2.147    2.417    0    0  (Gen:  0)
  1042288    403456 351811816  0.001  0.001    2.148    2.418    0    0  (Gen:  0)
  1042840    418640 352023184  0.001  0.001    2.149    2.419    0    0  (Gen:  0)
  1042504    411080 352235280  0.001  0.001    2.150    2.420    0    0  (Gen:  0)
  1042632    405880 352449416  0.000  0.000    2.151    2.421    0    0  (Gen:  0)
  1042720    420224 352660328  0.000  0.000    2.152    2.422    0    0  (Gen:  0)
  1042584    412448 352872176  0.000  0.000    2.153    2.423    0    0  (Gen:  0)
  1042808    407272 353086040  0.000  0.000    2.154    2.424    0    0  (Gen:  0)
  1042520    422296 353297880  0.000  0.000    2.155    2.425    0    0  (Gen:  0)
  1042776    414032 353509416  0.000  0.000    2.155    2.425    0    0  (Gen:  0)
  1042296    408184 353722560  0.000  0.000    2.156    2.426    0    0  (Gen:  0)
  1042880    423912 353934768  0.000  0.000    2.157    2.427    0    0  (Gen:  0)
  1042392    415064 354145976  0.000  0.000    2.158    2.428    0    0  (Gen:  0)
  1042752    410288 354360160  0.000  0.000    2.158    2.429    0    0  (Gen:  0)
  1042720    425688 354572024  0.000  0.000    2.159    2.429    0    0  (Gen:  0)
  1042584    418808 354784848  0.000  0.000    2.160    2.430    0    0  (Gen:  0)
  1042584    411064 354996864  0.000  0.000    2.161    2.431    0    0  (Gen:  0)
  1042648    404728 355209912  0.000  0.000    2.161    2.432    0    0  (Gen:  0)
  1042768    419760 355421304  0.000  0.000    2.162    2.432    0    0  (Gen:  0)
  1042392    412312 355633464  0.000  0.000    2.163    2.433    0    0  (Gen:  0)
  1042888    406392 355846864  0.000  0.000    2.164    2.434    0    0  (Gen:  0)
  1042280    421328 356058440  0.000  0.000    2.164    2.435    0    0  (Gen:  0)
  1042912    413480 356270744  0.000  0.000    2.165    2.435    0    0  (Gen:  0)
  1042488    408528 356484296  0.000  0.000    2.166    2.436    0    0  (Gen:  0)
  1042696    422552 356695320  0.000  0.000    2.167    2.437    0    0  (Gen:  0)
  1042712    415224 356907560  0.000  0.000    2.167    2.438    0    0  (Gen:  0)
  1042592    409064 357120656  0.000  0.000    2.168    2.438    0    0  (Gen:  0)
  1042632    425248 357333336  0.000  0.000    2.169    2.439    0    0  (Gen:  0)
  1042504    418080 357545736  0.000  0.000    2.170    2.440    0    0  (Gen:  0)
  1042848    410432 357757744  0.000  0.000    2.170    2.441    0    0  (Gen:  0)
  1042272    403848 357971000  0.000  0.000    2.171    2.441    0    0  (Gen:  0)
  1042888    419208 358182400  0.000  0.000    2.172    2.442    0    0  (Gen:  0)
  1042456    411496 358394424  0.000  0.000    2.173    2.443    0    0  (Gen:  0)
  1042624    406008 358608352  0.000  0.000    2.173    2.444    0    0  (Gen:  0)
  1042760    420328 358819160  0.000  0.000    2.174    2.444    0    0  (Gen:  0)
  1042592    412744 359031536  0.000  0.000    2.175    2.445    0    0  (Gen:  0)
  1042792    407104 359244840  0.000  0.000    2.176    2.446    0    0  (Gen:  0)
  1042536    422656 359457168  0.000  0.000    2.176    2.447    0    0  (Gen:  0)
  1042760    414712 359668704  0.000  0.000    2.177    2.447    0    0  (Gen:  0)
  1042296    408184 359881400  0.000  0.000    2.178    2.448    0    0  (Gen:  0)
  1042904    424088 360093872  0.000  0.000    2.178    2.449    0    0  (Gen:  0)
  1042384    415512 360305248  0.000  0.000    2.179    2.450    0    0  (Gen:  0)
  1042760    409760 360518584  0.000  0.000    2.180    2.450    0    0  (Gen:  0)
  1042680    425872 360731224  0.000  0.000    2.181    2.451    0    0  (Gen:  0)
  1042600    417936 360943128  0.000  0.000    2.182    2.452    0    0  (Gen:  0)
  1042600    411424 361156032  0.001  0.001    2.183    2.453    0    0  (Gen:  0)
  1042576    405344 361369328  0.001  0.001    2.184    2.454    0    0  (Gen:  0)
  1042848    420296 361580624  0.001  0.001    2.185    2.456    0    0  (Gen:  0)
  1042352    412736 361792872  0.001  0.001    2.186    2.457    0    0  (Gen:  0)
  1042904    406344 362005592  0.001  0.001    2.187    2.458    0    0  (Gen:  0)
  1042296    421584 362217480  0.001  0.001    2.188    2.459    0    0  (Gen:  0)
  1042896    413352 362429344  0.001  0.001    2.189    2.460    0    0  (Gen:  0)
  1042504    408592 362643200  0.001  0.001    2.190    2.461    0    0  (Gen:  0)
  1042696    423296 362854904  0.001  0.001    2.191    2.462    0    0  (Gen:  0)
  1042688    415952 363067128  0.000  0.001    2.192    2.463    0    0  (Gen:  0)
  1042576    409136 363279760  0.000  0.000    2.193    2.464    0    0  (Gen:  0)
  1042672    425376 363492192  0.000  0.000    2.194    2.465    0    0  (Gen:  0)
  1042480    417736 363704360  0.000  0.000    2.195    2.465    0    0  (Gen:  0)
  1042840    410592 363916632  0.000  0.000    2.196    2.466    0    0  (Gen:  0)
  1042248    403984 364129832  0.000  0.000    2.197    2.467    0    0  (Gen:  0)
  1042944    419672 364341608  0.001  0.001    2.198    2.468    0    0  (Gen:  0)
  1042456    412056 364553656  0.000  0.000    2.198    2.469    0    0  (Gen:  0)
  1042616    405760 364766808  0.000  0.000    2.199    2.470    0    0  (Gen:  0)
  1042776    420992 364978608  0.000  0.000    2.200    2.470    0    0  (Gen:  0)
  1042592    413208 365190752  0.000  0.000    2.201    2.471    0    0  (Gen:  0)
  1042784    407288 365404000  0.000  0.000    2.201    2.472    0    0  (Gen:  0)
  1042544    422872 365616000  0.000  0.000    2.202    2.473    0    0  (Gen:  0)
  1042752    414744 365827600  0.000  0.000    2.203    2.473    0    0  (Gen:  0)
  1042280    408784 366040904  0.000  0.000    2.204    2.474    0    0  (Gen:  0)
  1042880    424296 366253032  0.000  0.000    2.204    2.475    0    0  (Gen:  0)
  1042408    415976 366464416  0.000  0.000    2.205    2.476    0    0  (Gen:  0)
  1042776    409736 366677376  0.000  0.000    2.206    2.477    0    0  (Gen:  0)
  1042656    404576 366890696  0.000  0.000    2.207    2.477    0    0  (Gen:  0)
  1042632    418608 367102616  0.000  0.000    2.207    2.478    0    0  (Gen:  0)
  1042568    411144 367314808  0.000  0.000    2.208    2.479    0    0  (Gen:  0)
  1042608    406056 367528792  0.000  0.000    2.209    2.480    0    0  (Gen:  0)
  1042824    420704 367739936  0.000  0.000    2.210    2.480    0    0  (Gen:  0)
  1042352    412496 367951528  0.000  0.000    2.210    2.481    0    0  (Gen:  0)
  1042912    406896 368165072  0.000  0.000    2.211    2.482    0    0  (Gen:  0)
  1042272    422008 368376808  0.000  0.000    2.212    2.483    0    0  (Gen:  0)
  1042904    414000 368588744  0.000  0.000    2.213    2.483    0    0  (Gen:  0)
  1042488    408408 368801904  0.000  0.000    2.213    2.484    0    0  (Gen:  0)
  1042712    423648 369014056  0.000  0.000    2.214    2.485    0    0  (Gen:  0)
  1042672    415680 369225728  0.000  0.000    2.215    2.486    0    0  (Gen:  0)
  1042592    409896 369439104  0.000  0.000    2.216    2.487    0    0  (Gen:  0)
  1042672    425056 369650816  0.000  0.000    2.216    2.487    0    0  (Gen:  0)
  1042504    418456 369863888  0.000  0.000    2.217    2.488    0    0  (Gen:  0)
  1042816    410856 370075904  0.000  0.000    2.218    2.489    0    0  (Gen:  0)
  1042272    404224 370288848  0.000  0.000    2.219    2.490    0    0  (Gen:  0)
  1042936    419504 370500344  0.000  0.000    2.220    2.490    0    0  (Gen:  0)
  1042472    412128 370712384  0.000  0.000    2.220    2.491    0    0  (Gen:  0)
  1042584    406392 370926136  0.000  0.000    2.221    2.492    0    0  (Gen:  0)
  1042808    421688 371138000  0.000  0.000    2.222    2.493    0    0  (Gen:  0)
  1042584    413240 371349768  0.000  0.000    2.223    2.493    0    0  (Gen:  0)
  1042768    407920 371563360  0.000  0.000    2.223    2.494    0    0  (Gen:  0)
  1042560    422784 371774864  0.000  0.000    2.224    2.495    0    0  (Gen:  0)
  1042760    415032 371986752  0.000  0.000    2.225    2.496    0    0  (Gen:  0)
  1042272    408472 372199648  0.000  0.000    2.226    2.496    0    0  (Gen:  0)
  1042880    424968 372412464  0.000  0.000    2.226    2.497    0    0  (Gen:  0)
  1042368    417688 372624608  0.000  0.000    2.227    2.498    0    0  (Gen:  0)
  1042800    410496 372836840  0.000  0.000    2.228    2.499    0    0  (Gen:  0)
  1042656    403688 373050136  0.000  0.000    2.229    2.499    0    0  (Gen:  0)
  1042648    418432 373261152  0.000  0.000    2.229    2.500    0    0  (Gen:  0)
  1042560    410856 373473288  0.001  0.001    2.230    2.501    0    0  (Gen:  0)
  1042616    405856 373687504  0.000  0.000    2.231    2.502    0    0  (Gen:  0)
  1042832    420496 373898712  0.000  0.000    2.232    2.503    0    0  (Gen:  0)
  1042320    412416 374110352  0.000  0.000    2.232    2.503    0    0  (Gen:  0)
  1042896    406984 374324256  0.000  0.000    2.233    2.504    0    0  (Gen:  0)
  1042296    422256 374536024  0.000  0.000    2.234    2.505    0    0  (Gen:  0)
  1042904    414232 374747704  0.000  0.000    2.235    2.506    0    0  (Gen:  0)
  1042504    408240 374960704  0.000  0.000    2.235    2.506    0    0  (Gen:  0)
  1042712    423936 375173048  0.000  0.000    2.236    2.507    0    0  (Gen:  0)
  1042664    415176 375384272  0.001  0.001    2.237    2.508    0    0  (Gen:  0)
  1042584    409888 375597904  0.001  0.001    2.239    2.510    0    0  (Gen:  0)
  1042664    425720 375810272  0.001  0.001    2.240    2.511    0    0  (Gen:  0)
  1042536    418576 376022880  0.001  0.001    2.241    2.512    0    0  (Gen:  0)
  1042800    411240 376235184  0.001  0.001    2.242    2.513    0    0  (Gen:  0)
  1042256    404688 376448136  0.001  0.001    2.243    2.514    0    0  (Gen:  0)
  1042968    419864 376659552  0.001  0.001    2.244    2.515    0    0  (Gen:  0)
  1042456    412376 376871776  0.001  0.001    2.245    2.516    0    0  (Gen:  0)
  1042576    406544 377085160  0.001  0.001    2.246    2.517    0    0  (Gen:  0)
  1108352    421432 377296792  0.001  0.001    2.247    2.518    0    0  (Gen:  0)
  1140872    413376 377541488  0.000  0.001    2.248    2.519    0    0  (Gen:  0)
  1141080    408576 377755384  0.000  0.000    2.249    2.520    0    0  (Gen:  0)
  1140880    422816 377966536  0.000  0.000    2.250    2.521    0    0  (Gen:  0)
  1075496    415440 378178744  0.000  0.000    2.251    2.522    0    0  (Gen:  0)
  1042288    424904 378451056  0.000  0.000    2.252    2.523    0    0  (Gen:  0)
  1042904    425920 378723320  0.000  0.000    2.252    2.524    0    0  (Gen:  0)
  1042352    477528 378995304  0.000  0.000    2.253    2.524    0    0  (Gen:  0)
  1042760    470248 379267120  0.000  0.000    2.254    2.525    0    0  (Gen:  0)
  1042688    463712 379540168  0.000  0.000    2.255    2.526    0    0  (Gen:  0)
  1042632    478160 379810384  0.000  0.000    2.255    2.527    0    0  (Gen:  0)
  1042584    471472 380082312  0.000  0.000    2.256    2.528    0    0  (Gen:  0)
  1042632    465544 380355736  0.000  0.000    2.257    2.528    0    0  (Gen:  0)
  1042816    479472 380626088  0.000  0.000    2.258    2.529    0    0  (Gen:  0)
  1042320    472496 380898040  0.000  0.000    2.259    2.530    0    0  (Gen:  0)
  1042904    466976 381171288  0.000  0.000    2.259    2.531    0    0  (Gen:  0)
  1042256    481976 381442776  0.000  0.000    2.260    2.532    0    0  (Gen:  0)
  1042944    474296 381713840  0.000  0.000    2.261    2.532    0    0  (Gen:  0)
  1042504    468112 381986448  0.000  0.000    2.262    2.533    0    0  (Gen:  0)
  1042704    483488 382258096  0.000  0.000    2.263    2.534    0    0  (Gen:  0)
  1042608    475192 382529128  0.000  0.000    2.263    2.535    0    0  (Gen:  0)
  1042624    469400 382801880  0.000  0.000    2.264    2.536    0    0  (Gen:  0)
  1042680    485648 383074248  0.000  0.000    2.265    2.536    0    0  (Gen:  0)
  1042496    477080 383345296  0.000  0.000    2.266    2.537    0    0  (Gen:  0)
  1042848    471696 383618368  0.000  0.000    2.267    2.538    0    0  (Gen:  0)
  1042256    465272 383891392  0.000  0.000    2.267    2.539    0    0  (Gen:  0)
  1042952    479384 384161752  0.000  0.000    2.268    2.540    0    0  (Gen:  0)
  1042456    472432 384433672  0.000  0.000    2.269    2.540    0    0  (Gen:  0)
  1042592    465976 384706016  0.000  0.000    2.270    2.541    0    0  (Gen:  0)
  1042744    480784 384977208  0.000  0.000    2.270    2.542    0    0  (Gen:  0)
  1042624    473024 385248720  0.001  0.001    2.271    2.543    0    0  (Gen:  0)
  1042768    468568 385522408  0.001  0.001    2.273    2.544    0    0  (Gen:  0)
  1042600    482560 385793312  0.001  0.001    2.274    2.546    0    0  (Gen:  0)
  1042712    475736 386065272  0.001  0.001    2.275    2.547    0    0  (Gen:  0)
  1042312    468800 386337520  0.001  0.001    2.276    2.548    0    0  (Gen:  0)
  1042872    484424 386609040  0.001  0.001    2.277    2.549    0    0  (Gen:  0)
  1042304    477120 386880816  0.001  0.001    2.278    2.550    0    0  (Gen:  0)
  1042840    470440 387152936  0.001  0.001    2.280    2.551    0    0  (Gen:  0)
  1042632    463872 387425968  0.001  0.001    2.281    2.552    0    0  (Gen:  0)
  1042672    478608 387696608  0.001  0.001    2.282    2.553    0    0  (Gen:  0)
  1042600    471840 387968552  0.000  0.000    2.283    2.554    0    0  (Gen:  0)
  1042616    465720 388241528  0.000  0.000    2.283    2.555    0    0  (Gen:  0)
  1042784    480336 388512544  0.000  0.000    2.284    2.556    0    0  (Gen:  0)
  1042312    472760 388783920  0.000  0.000    2.285    2.557    0    0  (Gen:  0)
  1042928    467352 389057424  0.000  0.000    2.286    2.558    0    0  (Gen:  0)
  1042288    482160 389328608  0.000  0.000    2.287    2.559    0    0  (Gen:  0)
  1042928    474040 389599400  0.000  0.000    2.288    2.559    0    0  (Gen:  0)
  1042504    468648 389872752  0.000  0.000    2.288    2.560    0    0  (Gen:  0)
  1042680    483896 390144336  0.000  0.000    2.289    2.561    0    0  (Gen:  0)
  1042568    475408 390415192  0.000  0.000    2.290    2.562    0    0  (Gen:  0)
  1042696    469600 390687784  0.000  0.000    2.291    2.562    0    0  (Gen:  0)
  1042640    463928 390960848  0.000  0.000    2.292    2.563    0    0  (Gen:  0)
  1042480    477776 391231800  0.000  0.000    2.292    2.564    0    0  (Gen:  0)
  1042904    471224 391503992  0.000  0.000    2.293    2.565    0    0  (Gen:  0)
  1042264    465840 391777632  0.000  0.000    2.294    2.566    0    0  (Gen:  0)
  1042928    479384 392047840  0.000  0.000    2.295    2.566    0    0  (Gen:  0)
  1042464    472208 392319224  0.000  0.000    2.295    2.567    0    0  (Gen:  0)
  1042600    466784 392592480  0.000  0.000    2.296    2.568    0    0  (Gen:  0)
  1042712    481096 392863528  0.000  0.000    2.297    2.569    0    0  (Gen:  0)
  1042608    473632 393135056  0.000  0.000    2.298    2.570    0    0  (Gen:  0)
  1042704    468056 393407976  0.000  0.000    2.299    2.570    0    0  (Gen:  0)
  1042672    482696 393679016  0.000  0.000    2.299    2.571    0    0  (Gen:  0)
  1042760    475152 393950544  0.000  0.000    2.300    2.572    0    0  (Gen:  0)
  1042280    469784 394223768  0.000  0.000    2.301    2.573    0    0  (Gen:  0)
  1042872    484368 394494784  0.000  0.000    2.302    2.574    0    0  (Gen:  0)
  1042288    477824 394767160  0.000  0.000    2.303    2.574    0    0  (Gen:  0)
  1042888    470728 395039096  0.000  0.000    2.303    2.575    0    0  (Gen:  0)
  1042624    464168 395312016  0.000  0.000    2.304    2.576    0    0  (Gen:  0)
  1042640    478520 395582472  0.000  0.000    2.305    2.577    0    0  (Gen:  0)
  1042608    471816 395854304  0.000  0.000    2.306    2.578    0    0  (Gen:  0)
  1042640    466352 396127848  0.000  0.000    2.307    2.578    0    0  (Gen:  0)
  1042784    480704 396398784  0.000  0.000    2.307    2.579    0    0  (Gen:  0)
  1042272    472864 396670208  0.000  0.000    2.308    2.580    0    0  (Gen:  0)
  1042960    467968 396943864  0.000  0.000    2.309    2.581    0    0  (Gen:  0)
  1042296    481488 397213904  0.000  0.000    2.310    2.582    0    0  (Gen:  0)
  1042936    474688 397485776  0.000  0.000    2.311    2.582    0    0  (Gen:  0)
  1042480    468344 397758560  0.000  0.000    2.311    2.583    0    0  (Gen:  0)
  1042640    484616 398030840  0.000  0.000    2.312    2.584    0    0  (Gen:  0)
  1042624    476888 398302208  0.000  0.000    2.313    2.585    0    0  (Gen:  0)
  1042696    470120 398574256  0.000  0.000    2.314    2.586    0    0  (Gen:  0)
  1042640    463448 398847264  0.000  0.000    2.315    2.587    0    0  (Gen:  0)
  1042464    477480 399117208  0.000  0.000    2.315    2.587    0    0  (Gen:  0)
  1042904    470824 399389232  0.000  0.000    2.316    2.588    0    0  (Gen:  0)
  1042240    465632 399663144  0.000  0.000    2.317    2.589    0    0  (Gen:  0)
  1042936    479344 399933336  0.000  0.000    2.318    2.590    0    0  (Gen:  0)
  1042504    472232 400204896  0.000  0.000    2.319    2.591    0    0  (Gen:  0)
  1042560    466992 400478600  0.000  0.000    2.319    2.591    0    0  (Gen:  0)
  1042736    481528 400749736  0.000  0.000    2.320    2.592    0    0  (Gen:  0)
  1042608    473936 401020872  0.000  0.000    2.321    2.593    0    0  (Gen:  0)
  1042696    467552 401293264  0.000  0.000    2.322    2.594    0    0  (Gen:  0)
  1042664    483440 401565272  0.000  0.000    2.323    2.595    0    0  (Gen:  0)
  1042792    474880 401836120  0.000  0.000    2.323    2.595    0    0  (Gen:  0)
  1042248    469752 402109552  0.000  0.000    2.324    2.596    0    0  (Gen:  0)
  1042888    485032 402381192  0.000  0.000    2.325    2.597    0    0  (Gen:  0)
  1042304    477816 402652912  0.000  0.000    2.326    2.598    0    0  (Gen:  0)
  1042880    471320 402925488  0.000  0.000    2.327    2.599    0    0  (Gen:  0)
  1042608    464632 403198224  0.000  0.000    2.327    2.599    0    0  (Gen:  0)
  1042632    479056 403468560  0.000  0.000    2.328    2.600    0    0  (Gen:  0)
  1042616    472272 403740544  0.000  0.000    2.329    2.601    0    0  (Gen:  0)
  1042640    466064 404013368  0.000  0.000    2.330    2.602    0    0  (Gen:  0)
  1042768    480752 404284376  0.000  0.000    2.331    2.603    0    0  (Gen:  0)
  1042312    472720 404555600  0.000  0.000    2.331    2.604    0    0  (Gen:  0)
  1042896    468256 404829472  0.000  0.000    2.332    2.604    0    0  (Gen:  0)
  1042336    481920 405099944  0.000  0.000    2.333    2.605    0    0  (Gen:  0)
  1042944    475144 405371880  0.000  0.000    2.334    2.606    0    0  (Gen:  0)
  1042432    468352 405644232  0.000  0.000    2.335    2.607    0    0  (Gen:  0)
  1042696    484664 405916488  0.000  0.000    2.335    2.608    0    0  (Gen:  0)
  1042600    477712 406188344  0.000  0.000    2.336    2.608    0    0  (Gen:  0)
  1042720    470040 406459792  0.000  0.000    2.337    2.609    0    0  (Gen:  0)
  1042640    463864 406733256  0.000  0.000    2.338    2.610    0    0  (Gen:  0)
  1042440    478336 407003424  0.000  0.000    2.338    2.611    0    0  (Gen:  0)
  1042904    471736 407275512  0.000  0.000    2.339    2.611    0    0  (Gen:  0)
  1042264    465608 407548840  0.000  0.000    2.340    2.612    0    0  (Gen:  0)
  1042936    479512 407819168  0.000  0.000    2.341    2.613    0    0  (Gen:  0)
  1042496    472672 408091240  0.000  0.000    2.342    2.614    0    0  (Gen:  0)
  1042568    466904 408364400  0.000  0.000    2.342    2.615    0    0  (Gen:  0)
  1042736    482072 408635912  0.000  0.000    2.343    2.615    0    0  (Gen:  0)
  1042592    474552 408907088  0.000  0.000    2.344    2.616    0    0  (Gen:  0)
  1042720    468176 409179544  0.000  0.000    2.345    2.617    0    0  (Gen:  0)
  1042648    483752 409451336  0.000  0.000    2.346    2.618    0    0  (Gen:  0)
  1042768    475120 409722184  0.000  0.000    2.346    2.619    0    0  (Gen:  0)
  1042264    469176 409994720  0.000  0.000    2.347    2.620    0    0  (Gen:  0)
  1042904    485696 410267368  0.000  0.000    2.348    2.620    0    0  (Gen:  0)
  1042296    477088 410538384  0.000  0.000    2.349    2.621    0    0  (Gen:  0)
  1042880    471576 410811184  0.000  0.000    2.350    2.622    0    0  (Gen:  0)
  1042624    465312 411084488  0.000  0.000    2.350    2.623    0    0  (Gen:  0)
  1042608    479272 411354720  0.001  0.001    2.351    2.624    0    0  (Gen:  0)
  1042640    472432 411626672  0.000  0.000    2.352    2.625    0    0  (Gen:  0)
  1042600    466160 411899256  0.000  0.000    2.353    2.625    0    0  (Gen:  0)
  1042768    481080 412170480  0.000  0.001    2.354    2.626    0    0  (Gen:  0)
  1042352    473176 412441848  0.000  0.000    2.355    2.627    0    0  (Gen:  0)
  1042872    468400 412715440  0.000  0.000    2.356    2.628    0    0  (Gen:  0)
  1042312    482584 412986320  0.000  0.000    2.356    2.629    0    0  (Gen:  0)
  1042960    475680 413258128  0.000  0.000    2.357    2.629    0    0  (Gen:  0)
  1042424    469024 413530560  0.000  0.000    2.358    2.630    0    0  (Gen:  0)
  1042704    484496 413802088  0.000  0.000    2.359    2.631    0    0  (Gen:  0)
  1042616    477424 414073912  0.000  0.000    2.360    2.632    0    0  (Gen:  0)
  1042696    470152 414345752  0.000  0.000    2.360    2.633    0    0  (Gen:  0)
  1042672    463848 414618904  0.000  0.000    2.361    2.634    0    0  (Gen:  0)
  1042448    478800 414889640  0.000  0.000    2.362    2.634    0    0  (Gen:  0)
  1042864    471664 415161240  0.001  0.001    2.363    2.636    0    0  (Gen:  0)
  1042296    465816 415434432  0.001  0.001    2.364    2.637    0    0  (Gen:  0)
  1042928    480328 415705480  0.001  0.001    2.366    2.638    0    0  (Gen:  0)
  1042488    473008 415976952  0.001  0.001    2.367    2.639    0    0  (Gen:  0)
  1042584    467328 416250384  0.001  0.001    2.368    2.641    0    0  (Gen:  0)
  1042744    482088 416521464  0.001  0.001    2.369    2.642    0    0  (Gen:  0)
  1042552    474160 416792416  0.001  0.001    2.370    2.643    0    0  (Gen:  0)
  1042760    468568 417065680  0.001  0.001    2.371    2.644    0    0  (Gen:  0)
  1042648    484168 417337512  0.001  0.001    2.372    2.645    0    0  (Gen:  0)
  1042720    475992 417608704  0.001  0.001    2.373    2.646    0    0  (Gen:  0)
  1042280    469576 417880864  0.001  0.001    2.375    2.647    0    0  (Gen:  0)
  1042912    463448 418153912  0.001  0.001    2.376    2.648    0    0  (Gen:  0)
  1042304    477728 418424648  0.001  0.001    2.377    2.649    0    0  (Gen:  0)
  1042896    471032 418696784  0.000  0.000    2.378    2.650    0    0  (Gen:  0)
  1042624    465880 418970576  0.001  0.001    2.378    2.651    0    0  (Gen:  0)
  1042600    479520 419240920  0.001  0.001    2.379    2.652    0    0  (Gen:  0)
  1042616    472208 419512120  0.000  0.000    2.380    2.653    0    0  (Gen:  0)
  1042616    467000 419785544  0.001  0.001    2.381    2.654    0    0  (Gen:  0)
  1042704    481200 420056624  0.001  0.001    2.382    2.655    0    0  (Gen:  0)
  1042424    473616 420327960  0.000  0.000    2.383    2.656    0    0  (Gen:  0)
  1042864    468168 420601064  0.000  0.000    2.384    2.657    0    0  (Gen:  0)
  1042272    482752 420872032  0.000  0.000    2.385    2.657    0    0  (Gen:  0)
  1042968    474768 421143264  0.000  0.000    2.385    2.658    0    0  (Gen:  0)
  1042472    470000 421416896  0.000  0.000    2.386    2.659    0    0  (Gen:  0)
  1042680    484272 421687736  0.000  0.000    2.387    2.660    0    0  (Gen:  0)
  1042616    478064 421960280  0.000  0.000    2.388    2.661    0    0  (Gen:  0)
  1042688    470904 422232080  0.000  0.000    2.389    2.662    0    0  (Gen:  0)
  1042648    464280 422505056  0.000  0.000    2.390    2.663    0    0  (Gen:  0)
  1042488    478536 422775376  0.000  0.000    2.390    2.663    0    0  (Gen:  0)
  1042832    471936 423047376  0.000  0.000    2.391    2.664    0    0  (Gen:  0)
  1042312    466432 423320872  0.000  0.000    2.392    2.665    0    0  (Gen:  0)
  1042960    480704 423591688  0.000  0.000    2.393    2.666    0    0  (Gen:  0)
  1042472    472872 423863072  0.000  0.000    2.394    2.667    0    0  (Gen:  0)
  1042568    467840 424136520  0.000  0.000    2.394    2.667    0    0  (Gen:  0)
  1042760    481480 424406760  0.000  0.000    2.395    2.668    0    0  (Gen:  0)
  1042536    474752 424678736  0.000  0.000    2.396    2.669    0    0  (Gen:  0)
  1042776    468472 424951496  0.000  0.000    2.397    2.670    0    0  (Gen:  0)
  1042656    484688 425223800  0.000  0.000    2.398    2.671    0    0  (Gen:  0)
  1042712    477120 425495312  0.000  0.000    2.399    2.672    0    0  (Gen:  0)
  1042248    470024 425767160  0.000  0.000    2.400    2.673    0    0  (Gen:  0)
  1042920    463472 426040272  0.000  0.000    2.400    2.673    0    0  (Gen:  0)
  1042312    477536 426310120  0.000  0.000    2.401    2.674    0    0  (Gen:  0)
  1042888    470816 426582144  0.000  0.000    2.402    2.675    0    0  (Gen:  0)
  1042592    465928 426856224  0.000  0.000    2.403    2.676    0    0  (Gen:  0)
  1042648    479112 427126096  0.000  0.000    2.404    2.677    0    0  (Gen:  0)
  1042640    472480 427397992  0.000  0.000    2.405    2.678    0    0  (Gen:  0)
  1042616    466872 427671528  0.000  0.000    2.405    2.678    0    0  (Gen:  0)
  1042704    481672 427942872  0.000  0.000    2.406    2.679    0    0  (Gen:  0)
  1042504    474168 428213968  0.000  0.000    2.407    2.680    0    0  (Gen:  0)
  1042880    467744 428486408  0.000  0.000    2.408    2.681    0    0  (Gen:  0)
  1042224    483048 428757928  0.000  0.000    2.409    2.682    0    0  (Gen:  0)
  1042960    474976 429029168  0.000  0.000    2.409    2.682    0    0  (Gen:  0)
  1042504    469680 429302408  0.000  0.000    2.410    2.683    0    0  (Gen:  0)
  1042704    485088 429574240  0.000  0.000    2.411    2.684    0    0  (Gen:  0)
  1042592    477664 429845816  0.000  0.000    2.412    2.685    0    0  (Gen:  0)
  1042656    471392 430118464  0.000  0.000    2.413    2.686    0    0  (Gen:  0)
  1042696    464680 430391296  0.000  0.000    2.413    2.686    0    0  (Gen:  0)
  1042496    478816 430661560  0.000  0.000    2.414    2.687    0    0  (Gen:  0)
  1042816    472600 430933848  0.000  0.000    2.415    2.688    0    0  (Gen:  0)
  1042328    465848 431206240  0.000  0.000    2.416    2.689    0    0  (Gen:  0)
  1042920    480824 431477632  0.000  0.000    2.417    2.690    0    0  (Gen:  0)
  1042480    472592 431748688  0.000  0.000    2.417    2.691    0    0  (Gen:  0)
  1042592    468128 432022432  0.000  0.000    2.418    2.691    0    0  (Gen:  0)
  1042760    482288 432293312  0.000  0.000    2.419    2.692    0    0  (Gen:  0)
  1042504    475256 432565040  0.000  0.000    2.420    2.693    0    0  (Gen:  0)
  1042768    468552 432837568  0.000  0.000    2.421    2.694    0    0  (Gen:  0)
  1042680    484864 433109672  0.000  0.000    2.421    2.695    0    0  (Gen:  0)
  1042728    477408 433381384  0.000  0.000    2.422    2.695    0    0  (Gen:  0)
  1042240    470064 433652880  0.000  0.000    2.423    2.696    0    0  (Gen:  0)
  1075696    463384 433925928  0.000  0.000    2.424    2.697    0    0  (Gen:  0)
  1140600    478512 434196664  0.000  0.000    2.425    2.698    0    0  (Gen:  0)
  1141208    471776 434501416  0.000  0.000    2.425    2.699    0    0  (Gen:  0)
  1140872    465600 434774672  0.000  0.000    2.426    2.699    0    0  (Gen:  0)
  1108200    479560 435045104  0.000  0.000    2.427    2.700    0    0  (Gen:  0)
  1042640    425008 435317328  0.000  0.000    2.428    2.701    0    0  (Gen:  0)
  1042632    425768 435590360  0.000  0.000    2.429    2.702    0    0  (Gen:  0)
  1042656    482184 435861952  0.001  0.001    2.430    2.703    0    0  (Gen:  0)
  1042424    474216 436132784  0.001  0.001    2.431    2.705    0    0  (Gen:  0)
  1042880    468336 436405704  0.001  0.001    2.432    2.706    0    0  (Gen:  0)
  1042248    483648 436677128  0.001  0.001    2.434    2.707    0    0  (Gen:  0)
  1042944    475184 436948144  0.001  0.001    2.435    2.708    0    0  (Gen:  0)
  1042528    469224 437220608  0.001  0.001    2.436    2.709    0    0  (Gen:  0)
  1042696    485752 437493384  0.001  0.001    2.437    2.710    0    0  (Gen:  0)
  1042592    477432 437764648  0.001  0.001    2.438    2.711    0    0  (Gen:  0)
  1042664    471408 438036992  0.001  0.001    2.439    2.712    0    0  (Gen:  0)
  1042664    465384 438310464  0.000  0.000    2.440    2.713    0    0  (Gen:  0)
  1042520    479328 438580744  0.000  0.000    2.441    2.714    0    0  (Gen:  0)
  1042808    472568 438852784  0.000  0.000    2.442    2.715    0    0  (Gen:  0)
  1042344    466320 439125280  0.000  0.000    2.443    2.716    0    0  (Gen:  0)
  1042840    481152 439396528  0.000  0.000    2.443    2.717    0    0  (Gen:  0)
  1042512    473256 439667872  0.000  0.000    2.444    2.718    0    0  (Gen:  0)
  1042640    468240 439941280  0.000  0.000    2.445    2.719    0    0  (Gen:  0)
  1042736    482752 440212344  0.000  0.000    2.446    2.720    0    0  (Gen:  0)
  1042528    475504 440483992  0.000  0.000    2.447    2.720    0    0  (Gen:  0)
  1042704    469120 440756736  0.000  0.000    2.448    2.721    0    0  (Gen:  0)
  1042720    484736 441028368  0.000  0.000    2.448    2.722    0    0  (Gen:  0)
  1042712    477648 441300216  0.001  0.001    2.450    2.723    0    0  (Gen:  0)
  1042280    470136 441571848  0.001  0.001    2.451    2.725    0    0  (Gen:  0)
  1042904    463904 441845088  0.001  0.001    2.452    2.726    0    0  (Gen:  0)
  1042312    478504 442115288  0.001  0.001    2.453    2.727    0    0  (Gen:  0)
  1042880    471696 442387360  0.001  0.001    2.455    2.728    0    0  (Gen:  0)
  1042576    466128 442660752  0.001  0.001    2.456    2.730    0    0  (Gen:  0)
  1042680    480352 442931704  0.001  0.001    2.457    2.731    0    0  (Gen:  0)
  1042616    473120 443203320  0.001  0.001    2.458    2.732    0    0  (Gen:  0)
  1042648    467400 443476616  0.001  0.001    2.459    2.733    0    0  (Gen:  0)
  1042656    482128 443747704  0.001  0.001    2.460    2.734    0    0  (Gen:  0)
  1042432    474224 444018584  0.001  0.001    2.461    2.735    0    0  (Gen:  0)
  1042880    468344 444291888  0.001  0.001    2.462    2.736    0    0  (Gen:  0)
  1042224    484032 444563496  0.001  0.001    2.463    2.737    0    0  (Gen:  0)
  1042864    476352 444835072  0.000  0.000    2.464    2.738    0    0  (Gen:  0)
  1042616    469704 445107080  0.000  0.000    2.465    2.739    0    0  (Gen:  0)
  1042696    463232 445380112  0.000  0.000    2.466    2.740    0    0  (Gen:  0)
  1042600    477848 445650896  0.001  0.001    2.467    2.741    0    0  (Gen:  0)
  1042640    470984 445922808  0.000  0.001    2.468    2.742    0    0  (Gen:  0)
  1042696    466096 446196960  0.000  0.000    2.469    2.743    0    0  (Gen:  0)
  1042504    479304 446466864  0.001  0.001    2.469    2.743    0    0  (Gen:  0)
  1042816    472208 446738216  0.000  0.000    2.470    2.744    0    0  (Gen:  0)
  1042336    467016 447011784  0.001  0.001    2.471    2.745    0    0  (Gen:  0)
  1042832    481352 447283000  0.000  0.000    2.472    2.746    0    0  (Gen:  0)
  1042480    473720 447554232  0.000  0.000    2.473    2.747    0    0  (Gen:  0)
  1042696    468064 447827144  0.000  0.000    2.474    2.748    0    0  (Gen:  0)
  1042736    483024 448098376  0.000  0.000    2.474    2.748    0    0  (Gen:  0)
  1042536    474552 448369304  0.000  0.000    2.475    2.749    0    0  (Gen:  0)
  1042680    469904 448643104  0.000  0.000    2.476    2.750    0    0  (Gen:  0)
  1042704    484472 448914160  0.000  0.000    2.477    2.751    0    0  (Gen:  0)
  1042736    477920 449186496  0.000  0.001    2.478    2.752    0    0  (Gen:  0)
  1042280    470720 449458384  0.000  0.000    2.479    2.753    0    0  (Gen:  0)
  1042920    464264 449731328  0.000  0.000    2.479    2.754    0    0  (Gen:  0)
  1042312    478768 450001760  0.000  0.000    2.480    2.754    0    0  (Gen:  0)
  1042864    472016 450273656  0.000  0.000    2.481    2.755    0    0  (Gen:  0)
  1042560    466440 450547096  0.000  0.000    2.482    2.756    0    0  (Gen:  0)
  1042672    480864 450818072  0.000  0.000    2.483    2.757    0    0  (Gen:  0)
  1042648    472784 451089248  0.000  0.000    2.483    2.758    0    0  (Gen:  0)
  1042640    468232 451363048  0.000  0.000    2.484    2.758    0    0  (Gen:  0)
  1042640    481648 451633112  0.000  0.000    2.485    2.759    0    0  (Gen:  0)
  1042464    474904 451905152  0.000  0.000    2.486    2.760    0    0  (Gen:  0)
  1042872    468488 452177832  0.000  0.000    2.487    2.761    0    0  (Gen:  0)
  1042224    484784 452450024  0.000  0.000    2.487    2.761    0    0  (Gen:  0)
  1042840    477040 452721544  0.000  0.000    2.488    2.762    0    0  (Gen:  0)
  1042600    470208 452993440  0.000  0.000    2.489    2.763    0    0  (Gen:  0)
  1042688    463520 453266488  0.000  0.000    2.490    2.764    0    0  (Gen:  0)
  1042632    477768 453536576  0.000  0.000    2.490    2.765    0    0  (Gen:  0)
  1042624    470928 453808496  0.000  0.000    2.491    2.765    0    0  (Gen:  0)
  1042688    465976 454082680  0.000  0.000    2.492    2.766    0    0  (Gen:  0)
  1042536    479008 454352248  0.000  0.000    2.493    2.767    0    0  (Gen:  0)
  1042832    472456 454624464  0.000  0.000    2.494    2.768    0    0  (Gen:  0)
  1042312    466720 454897536  0.000  0.000    2.494    2.769    0    0  (Gen:  0)
  1042856    481776 455169200  0.000  0.000    2.495    2.769    0    0  (Gen:  0)
  1042472    474160 455440248  0.000  0.000    2.496    2.770    0    0  (Gen:  0)
  1042696    467816 455712640  0.000  0.000    2.497    2.771    0    0  (Gen:  0)
  1042728    483384 455984456  0.000  0.000    2.497    2.772    0    0  (Gen:  0)
  1042520    475016 456255536  0.000  0.001    2.498    2.773    0    0  (Gen:  0)
  1042616    469912 456528808  0.000  0.000    2.499    2.773    0    0  (Gen:  0)
  1042784    485280 456800576  0.000  0.000    2.500    2.774    0    0  (Gen:  0)
  1042720    477080 457071704  0.000  0.000    2.501    2.775    0    0  (Gen:  0)
  1042312    471312 457344640  0.000  0.000    2.502    2.776    0    0  (Gen:  0)
  1042904    464816 457617592  0.000  0.000    2.502    2.777    0    0  (Gen:  0)
  1042280    478800 457887760  0.000  0.000    2.503    2.778    0    0  (Gen:  0)
  1042896    472632 458159944  0.000  0.000    2.504    2.778    0    0  (Gen:  0)
  1042568    465816 458432336  0.000  0.000    2.505    2.779    0    0  (Gen:  0)
  1042672    480896 458703848  0.000  0.000    2.506    2.780    0    0  (Gen:  0)
  1042632    472768 458974944  0.000  0.000    2.506    2.781    0    0  (Gen:  0)
  1042656    468312 459248720  0.000  0.000    2.507    2.782    0    0  (Gen:  0)
  1042600    482288 459519472  0.000  0.000    2.508    2.782    0    0  (Gen:  0)
  1042496    475312 459791232  0.000  0.000    2.509    2.783    0    0  (Gen:  0)
  1042880    468808 460063888  0.000  0.000    2.510    2.784    0    0  (Gen:  0)
  1042208    484592 460335688  0.000  0.000    2.510    2.785    0    0  (Gen:  0)
  1042840    477184 460607336  0.000  0.000    2.511    2.786    0    0  (Gen:  0)
  1042608    470232 460879128  0.000  0.000    2.512    2.786    0    0  (Gen:  0)
  1042648    463592 461152200  0.000  0.000    2.513    2.787    0    0  (Gen:  0)
  1042688    478648 461422928  0.000  0.000    2.514    2.788    0    0  (Gen:  0)
  1042624    471880 461694912  0.000  0.000    2.514    2.789    0    0  (Gen:  0)
  1042688    465592 461968008  0.000  0.000    2.515    2.790    0    0  (Gen:  0)
  1042536    479856 462238600  0.000  0.000    2.516    2.791    0    0  (Gen:  0)
  1042824    472864 462510536  0.000  0.000    2.517    2.791    0    0  (Gen:  0)
  1042312    466776 462783400  0.000  0.000    2.518    2.792    0    0  (Gen:  0)
  1042856    482120 463055176  0.000  0.000    2.519    2.793    0    0  (Gen:  0)
  1042472    474416 463326176  0.000  0.000    2.519    2.794    0    0  (Gen:  0)
  1042656    468248 463598920  0.000  0.000    2.520    2.795    0    0  (Gen:  0)
  1042760    483696 463870640  0.000  0.000    2.521    2.795    0    0  (Gen:  0)
  1042520    475208 464141424  0.000  0.000    2.522    2.796    0    0  (Gen:  0)
  1042624    469104 464414000  0.000  0.000    2.522    2.797    0    0  (Gen:  0)
  1042712    486016 464686976  0.000  0.000    2.523    2.798    0    0  (Gen:  0)
  1042768    477512 464957960  0.000  0.000    2.524    2.799    0    0  (Gen:  0)
  1042320    470944 465230144  0.000  0.000    2.525    2.799    0    0  (Gen:  0)
  1042928    465584 465503976  0.000  0.000    2.526    2.800    0    0  (Gen:  0)
  1042272    479376 465774056  0.000  0.000    2.526    2.801    0    0  (Gen:  0)
  1042888    472384 466045840  0.000  0.000    2.527    2.802    0    0  (Gen:  0)
  1042560    466560 466318664  0.001  0.001    2.528    2.803    0    0  (Gen:  0)
  1042664    481248 466589944  0.001  0.001    2.530    2.804    0    0  (Gen:  0)
  1042632    473360 466861280  0.001  0.001    2.531    2.806    0    0  (Gen:  0)
  1042680    468280 467134600  0.001  0.001    2.532    2.807    0    0  (Gen:  0)
  1042544    482736 467405672  0.001  0.001    2.533    2.808    0    0  (Gen:  0)
  1042536    475336 467677160  0.001  0.001    2.534    2.809    0    0  (Gen:  0)
  1042888    469360 467950120  0.001  0.001    2.535    2.810    0    0  (Gen:  0)
  1042224    484472 468221312  0.001  0.001    2.536    2.811    0    0  (Gen:  0)
  1042824    477640 468493432  0.001  0.001    2.538    2.812    0    0  (Gen:  0)
  1042576    470336 468765280  0.001  0.001    2.539    2.813    0    0  (Gen:  0)
  1042672    463728 469038016  0.001  0.001    2.540    2.815    0    0  (Gen:  0)
  1042680    478392 469308560  0.001  0.001    2.541    2.816    0    0  (Gen:  0)
  1042608    471840 469580568  0.000  0.000    2.542    2.817    0    0  (Gen:  0)
  1042720    466248 469854168  0.001  0.001    2.543    2.817    0    0  (Gen:  0)
  1042536    480504 470124912  0.001  0.001    2.544    2.818    0    0  (Gen:  0)
  1042832    472776 470396448  0.000  0.000    2.544    2.819    0    0  (Gen:  0)
  1042264    467312 470669656  0.000  0.000    2.545    2.820    0    0  (Gen:  0)
  1042912    482088 470940768  0.001  0.001    2.546    2.821    0    0  (Gen:  0)
  1042440    474328 471211752  0.001  0.001    2.547    2.822    0    0  (Gen:  0)
  1042656    468368 471485016  0.001  0.001    2.548    2.823    0    0  (Gen:  0)
  1042768    484312 471756944  0.001  0.001    2.549    2.824    0    0  (Gen:  0)
  1042496    476648 472028368  0.000  0.000    2.550    2.825    0    0  (Gen:  0)
  1042648    469920 472300304  0.001  0.001    2.551    2.826    0    0  (Gen:  0)
  1042688    463168 472573336  0.000  0.000    2.552    2.827    0    0  (Gen:  0)
  1042736    477752 472843848  0.000  0.000    2.552    2.828    0    0  (Gen:  0)
  1042392    470864 473115712  0.000  0.000    2.553    2.828    0    0  (Gen:  0)
  1042936    466128 473390056  0.000  0.000    2.554    2.829    0    0  (Gen:  0)
  1042256    479208 473659792  0.000  0.000    2.555    2.830    0    0  (Gen:  0)
  1042872    471992 473931072  0.000  0.000    2.556    2.831    0    0  (Gen:  0)
  1042568    467128 474204904  0.000  0.000    2.557    2.832    0    0  (Gen:  0)
  1042664    481552 474476160  0.000  0.000    2.557    2.833    0    0  (Gen:  0)
  1042616    473560 474747096  0.000  0.000    2.558    2.833    0    0  (Gen:  0)
  1042704    468040 475020144  0.000  0.000    2.559    2.834    0    0  (Gen:  0)
  1042552    483144 475291400  0.000  0.000    2.560    2.835    0    0  (Gen:  0)
  1042512    474408 475562128  0.001  0.001    2.561    2.836    0    0  (Gen:  0)
  1042912    469952 475836056  0.000  0.000    2.562    2.837    0    0  (Gen:  0)
  1042200    484568 476107136  0.000  0.000    2.563    2.838    0    0  (Gen:  0)
  1042848    477920 476379456  0.000  0.000    2.563    2.839    0    0  (Gen:  0)
  1042536    470816 476651448  0.000  0.000    2.564    2.839    0    0  (Gen:  0)
  1042688    464480 476924392  0.000  0.000    2.565    2.840    0    0  (Gen:  0)
  1042688    478512 477194536  0.000  0.000    2.566    2.841    0    0  (Gen:  0)
  1042600    472064 477466624  0.000  0.000    2.566    2.842    0    0  (Gen:  0)
  1042752    466352 477739840  0.000  0.000    2.567    2.842    0    0  (Gen:  0)
  1042536    480816 478010928  0.000  0.000    2.568    2.843    0    0  (Gen:  0)
  1042776    472992 478282376  0.000  0.000    2.569    2.844    0    0  (Gen:  0)
  1042296    468264 478555912  0.000  0.000    2.570    2.845    0    0  (Gen:  0)
  1042904    481616 478826104  0.000  0.000    2.570    2.846    0    0  (Gen:  0)
  1042384    475056 479098160  0.000  0.000    2.571    2.847    0    0  (Gen:  0)
  1042744    468632 479370760  0.000  0.000    2.572    2.847    0    0  (Gen:  0)
  1042760    484736 479642960  0.000  0.000    2.573    2.848    0    0  (Gen:  0)
  1042496    477320 479914640  0.000  0.000    2.574    2.849    0    0  (Gen:  0)
  1042616    470120 480186376  0.000  0.000    2.575    2.850    0    0  (Gen:  0)
  1042720    463616 480459416  0.000  0.000    2.575    2.851    0    0  (Gen:  0)
  1042728    477896 480729568  0.000  0.000    2.576    2.851    0    0  (Gen:  0)
  1042376    471072 481001528  0.000  0.000    2.577    2.852    0    0  (Gen:  0)
  1042896    465800 481275416  0.000  0.000    2.578    2.853    0    0  (Gen:  0)
  1042296    479112 481545144  0.000  0.000    2.579    2.854    0    0  (Gen:  0)
  1042880    472560 481817456  0.000  0.000    2.579    2.855    0    0  (Gen:  0)
  1042568    466880 482090488  0.000  0.000    2.580    2.855    0    0  (Gen:  0)
  1042616    481936 482362112  0.000  0.000    2.581    2.856    0    0  (Gen:  0)
  1042688    474184 482633176  0.000  0.000    2.582    2.857    0    0  (Gen:  0)
  1042680    467872 482905568  0.000  0.000    2.582    2.858    0    0  (Gen:  0)
  1042560    483312 483177280  0.000  0.000    2.583    2.859    0    0  (Gen:  0)
  1042528    475040 483448392  0.000  0.000    2.584    2.859    0    0  (Gen:  0)
  1042896    469720 483721560  0.000  0.000    2.585    2.860    0    0  (Gen:  0)
  1042208    485344 483993328  0.000  0.000    2.586    2.861    0    0  (Gen:  0)
  1042840    477048 484264528  0.000  0.000    2.587    2.862    0    0  (Gen:  0)
  1042544    471472 484537544  0.000  0.000    2.587    2.863    0    0  (Gen:  0)
  1042632    464872 484810392  0.000  0.000    2.588    2.864    0    0  (Gen:  0)
  1042744    478984 485080752  0.000  0.000    2.589    2.864    0    0  (Gen:  0)
  1042568    472664 485352792  0.000  0.000    2.590    2.865    0    0  (Gen:  0)
  1042760    465880 485625256  0.000  0.000    2.590    2.866    0    0  (Gen:  0)
  1042536    480792 485896536  0.000  0.000    2.591    2.867    0    0  (Gen:  0)
  1042784    472888 486167832  0.000  0.000    2.592    2.868    0    0  (Gen:  0)
  1042304    468320 486441664  0.000  0.000    2.593    2.868    0    0  (Gen:  0)
  1042904    482504 486712464  0.000  0.000    2.594    2.869    0    0  (Gen:  0)
  1042392    475464 486984160  0.000  0.000    2.595    2.870    0    0  (Gen:  0)
  1042736    468800 487256776  0.000  0.000    2.595    2.871    0    0  (Gen:  0)
  1042720    484656 487528568  0.000  0.000    2.596    2.872    0    0  (Gen:  0)
  1042552    477064 487799992  0.000  0.000    2.597    2.873    0    0  (Gen:  0)
  1042592    470392 488072128  0.000  0.000    2.598    2.873    0    0  (Gen:  0)
  1042704    463656 488345064  0.000  0.000    2.599    2.874    0    0  (Gen:  0)
  1042744    478512 488615768  0.000  0.000    2.599    2.875    0    0  (Gen:  0)
  1042360    471816 488887752  0.000  0.000    2.600    2.876    0    0  (Gen:  0)
  1042920    465424 489160736  0.000  0.000    2.601    2.877    0    0  (Gen:  0)
  1042256    479832 489431488  0.000  0.000    2.602    2.877    0    0  (Gen:  0)
  1042904    472776 489703472  0.000  0.000    2.603    2.878    0    0  (Gen:  0)
  1042520    467000 489976432  0.000  0.000    2.604    2.879    0    0  (Gen:  0)
  1042688    482024 490247960  0.000  0.000    2.604    2.880    0    0  (Gen:  0)
  1042696    474528 490519040  0.000  0.000    2.605    2.881    0    0  (Gen:  0)
  1042640    468464 490791920  0.000  0.000    2.606    2.881    0    0  (Gen:  0)
  1140888    483752 491063544  0.000  0.000    2.607    2.882    0    0  (Gen:  0)
  1140848    475208 491367048  0.000  0.000    2.608    2.883    0    0  (Gen:  0)
  1141160    469240 491639744  0.000  0.000    2.608    2.884    0    0  (Gen:  0)
  1140552    486056 491912584  0.000  0.000    2.609    2.885    0    0  (Gen:  0)
  1042840    477584 492183656  0.001  0.001    2.610    2.886    0    0  (Gen:  0)
  1042520    470888 492455736  0.001  0.001    2.611    2.887    0    0  (Gen:  0)
  1042632    465792 492729720  0.001  0.001    2.613    2.888    0    0  (Gen:  0)
  1042720    479576 492999840  0.001  0.001    2.614    2.890    0    0  (Gen:  0)
  1042592    472344 493271328  0.001  0.001    2.615    2.891    0    0  (Gen:  0)
  1042776    466656 493544464  0.001  0.001    2.616    2.892    0    0  (Gen:  0)
  1042528    481248 493815544  0.001  0.001    2.617    2.893    0    0  (Gen:  0)
  1042768    473536 494087032  0.001  0.001    2.618    2.894    0    0  (Gen:  0)
  1042336    467960 494359896  0.001  0.001    2.619    2.895    0    0  (Gen:  0)
  1042880    482864 494631360  0.001  0.001    2.620    2.896    0    0  (Gen:  0)
  1042408    475128 494902560  0.000  0.000    2.621    2.897    0    0  (Gen:  0)
  1042704    469408 495175608  0.000  0.000    2.622    2.898    0    0  (Gen:  0)
  1042752    484136 495446624  0.000  0.001    2.623    2.899    0    0  (Gen:  0)
  1042544    477760 495719080  0.000  0.000    2.624    2.900    0    0  (Gen:  0)
  1042608    470520 495991040  0.000  0.000    2.625    2.900    0    0  (Gen:  0)
  1042656    463728 496263736  0.000  0.000    2.625    2.901    0    0  (Gen:  0)
  1042768    478496 496534376  0.000  0.000    2.626    2.902    0    0  (Gen:  0)
  1042360    471928 496806240  0.000  0.000    2.627    2.903    0    0  (Gen:  0)
  1042912    466304 497079872  0.000  0.000    2.628    2.904    0    0  (Gen:  0)
  1042264    480536 497350600  0.000  0.000    2.629    2.904    0    0  (Gen:  0)
  1042920    472768 497622144  0.000  0.000    2.629    2.905    0    0  (Gen:  0)
  1042504    467560 497895536  0.000  0.000    2.630    2.906    0    0  (Gen:  0)
  1042712    481928 498166288  0.000  0.000    2.631    2.907    0    0  (Gen:  0)
  1042696    474400 498437592  0.000  0.000    2.632    2.908    0    0  (Gen:  0)
  1042560    468616 498710936  0.000  0.000    2.633    2.908    0    0  (Gen:  0)
  1042640    484304 498982712  0.000  0.000    2.633    2.909    0    0  (Gen:  0)
  1042544    476752 499254136  0.000  0.000    2.634    2.910    0    0  (Gen:  0)
  1042832    470112 499526088  0.000  0.000    2.635    2.911    0    0  (Gen:  0)
  1042288    463120 499799016  0.000  0.000    2.636    2.912    0    0  (Gen:  0)
  1042840    477656 500069432  0.000  0.000    2.636    2.912    0    0  (Gen:  0)
  1042504    470864 500341344  0.000  0.000    2.637    2.913    0    0  (Gen:  0)
  1042632    465880 500615512  0.000  0.000    2.638    2.914    0    0  (Gen:  0)
  1042720    479192 500885424  0.000  0.000    2.639    2.915    0    0  (Gen:  0)
  1042584    472040 501156896  0.001  0.001    2.640    2.916    0    0  (Gen:  0)
  1042808    467176 501430696  0.001  0.001    2.641    2.917    0    0  (Gen:  0)
  1042520    481528 501701800  0.001  0.001    2.643    2.919    0    0  (Gen:  0)
  1042776    473624 501972960  0.001  0.001    2.644    2.920    0    0  (Gen:  0)
  1042296    467704 502245656  0.001  0.001    2.645    2.921    0    0  (Gen:  0)
  1042880    483336 502517320  0.001  0.001    2.646    2.922    0    0  (Gen:  0)
  1042392    474512 502788008  0.001  0.001    2.647    2.923    0    0  (Gen:  0)
  1042752    470096 503062032  0.001  0.001    2.648    2.924    0    0  (Gen:  0)
  1042720    484992 503333232  0.001  0.001    2.649    2.925    0    0  (Gen:  0)
  1042584    478136 503605416  0.001  0.001    2.650    2.926    0    0  (Gen:  0)
  1042584    470992 503877392  0.001  0.001    2.651    2.928    0    0  (Gen:  0)
  1042648    464464 504150208  0.001  0.001    2.652    2.929    0    0  (Gen:  0)
  1042768    478736 504420600  0.001  0.001    2.653    2.930    0    0  (Gen:  0)
  1042392    472072 504692520  0.001  0.001    2.654    2.931    0    0  (Gen:  0)
  1042888    466128 504965688  0.001  0.001    2.656    2.932    0    0  (Gen:  0)
  1042280    480464 505236432  0.001  0.001    2.656    2.933    0    0  (Gen:  0)
  1042912    473096 505508384  0.000  0.000    2.657    2.934    0    0  (Gen:  0)
  1042488    468456 505781896  0.000  0.000    2.658    2.935    0    0  (Gen:  0)
  1042696    481616 506052016  0.001  0.001    2.659    2.935    0    0  (Gen:  0)
  1042712    474912 506323976  0.000  0.000    2.660    2.936    0    0  (Gen:  0)
  1042592    468656 506596696  0.000  0.000    2.661    2.937    0    0  (Gen:  0)
  1042632    484720 506868880  0.000  0.000    2.662    2.938    0    0  (Gen:  0)
  1042504    477368 507140592  0.000  0.000    2.662    2.939    0    0  (Gen:  0)
  1042848    470248 507412408  0.000  0.000    2.663    2.940    0    0  (Gen:  0)
  1042272    463496 507685304  0.000  0.000    2.664    2.940    0    0  (Gen:  0)
  1042888    478224 507955720  0.000  0.000    2.665    2.941    0    0  (Gen:  0)
  1042456    471280 508227560  0.000  0.000    2.666    2.942    0    0  (Gen:  0)
  1042624    465888 508501400  0.000  0.000    2.666    2.943    0    0  (Gen:  0)
  1042760    479320 508771232  0.000  0.000    2.667    2.944    0    0  (Gen:  0)
  1042592    472416 509043304  0.000  0.000    2.668    2.944    0    0  (Gen:  0)
  1042792    466992 509316488  0.000  0.000    2.669    2.945    0    0  (Gen:  0)
  1042536    481888 509588048  0.000  0.000    2.669    2.946    0    0  (Gen:  0)
  1042760    474336 509859232  0.000  0.000    2.670    2.947    0    0  (Gen:  0)
  1042296    467704 510131448  0.000  0.000    2.671    2.947    0    0  (Gen:  0)
  1042904    483560 510403424  0.000  0.000    2.672    2.948    0    0  (Gen:  0)
  1042384    474936 510674256  0.000  0.000    2.673    2.949    0    0  (Gen:  0)
  1042760    469400 510947264  0.000  0.000    2.673    2.950    0    0  (Gen:  0)
  1042680    485424 511219480  0.000  0.000    2.674    2.951    0    0  (Gen:  0)
  1042600    477120 511490568  0.000  0.000    2.675    2.951    0    0  (Gen:  0)
  1042600    471376 511763456  0.000  0.000    2.676    2.952    0    0  (Gen:  0)
  1042576    465200 512036640  0.000  0.000    2.677    2.953    0    0  (Gen:  0)
  1042848    479248 512306912  0.000  0.000    2.677    2.954    0    0  (Gen:  0)
  1042352    472424 512578848  0.000  0.000    2.678    2.955    0    0  (Gen:  0)
  1042904    466040 512851288  0.000  0.000    2.679    2.955    0    0  (Gen:  0)
  1042296    480720 513122312  0.000  0.000    2.680    2.956    0    0  (Gen:  0)
  1042896    473016 513393872  0.000  0.000    2.681    2.957    0    0  (Gen:  0)
  1042504    468400 513667568  0.000  0.000    2.681    2.958    0    0  (Gen:  0)
  1042696    482480 513938488  0.000  0.000    2.682    2.959    0    0  (Gen:  0)
  1042688    475568 514210360  0.000  0.000    2.683    2.959    0    0  (Gen:  0)
  1042576    468832 514482712  0.001  0.001    2.684    2.960    0    0  (Gen:  0)
  1042672    484680 514754448  0.000  0.000    2.685    2.961    0    0  (Gen:  0)
  1042480    477096 515026000  0.000  0.000    2.685    2.962    0    0  (Gen:  0)
  1042840    470448 515298128  0.000  0.000    2.686    2.963    0    0  (Gen:  0)
  1042248    463648 515571024  0.000  0.000    2.687    2.964    0    0  (Gen:  0)
  1042944    478712 515841872  0.000  0.000    2.688    2.964    0    0  (Gen:  0)
  1042456    471840 516113736  0.000  0.000    2.689    2.965    0    0  (Gen:  0)
  1042616    465504 516386656  0.000  0.000    2.689    2.966    0    0  (Gen:  0)
  1042776    480080 516657544  0.000  0.000    2.690    2.967    0    0  (Gen:  0)
  1042592    472920 516929432  0.000  0.000    2.691    2.968    0    0  (Gen:  0)
  1042784    467168 517202592  0.000  0.000    2.692    2.968    0    0  (Gen:  0)
  1042544    481984 517473736  0.000  0.000    2.693    2.969    0    0  (Gen:  0)
  1042752    474312 517744936  0.000  0.000    2.694    2.970    0    0  (Gen:  0)
  1042280    468448 518017936  0.000  0.000    2.694    2.971    0    0  (Gen:  0)
  1042880    483800 518289592  0.000  0.000    2.695    2.972    0    0  (Gen:  0)
  1042408    475328 518560328  0.000  0.000    2.696    2.973    0    0  (Gen:  0)
  1042776    469376 518832960  0.000  0.000    2.697    2.974    0    0  (Gen:  0)
  1042656    464240 519105976  0.000  0.000    2.698    2.974    0    0  (Gen:  0)
  1042632    477720 519377040  0.000  0.000    2.699    2.975    0    0  (Gen:  0)
  1042568    470976 519649096  0.001  0.001    2.699    2.976    0    0  (Gen:  0)
  1042608    465992 519923040  0.000  0.000    2.700    2.977    0    0  (Gen:  0)
  1042824    479672 520193152  0.000  0.000    2.701    2.978    0    0  (Gen:  0)
  1042352    472064 520464344  0.000  0.000    2.702    2.979    0    0  (Gen:  0)
  1042912    466704 520737728  0.000  0.000    2.703    2.979    0    0  (Gen:  0)
  1042272    481264 521008752  0.000  0.000    2.703    2.980    0    0  (Gen:  0)
  1042904    473592 521280312  0.000  0.000    2.704    2.981    0    0  (Gen:  0)
  1042488    468048 521553144  0.000  0.000    2.705    2.982    0    0  (Gen:  0)
  1042712    483000 521824680  0.001  0.001    2.706    2.983    0    0  (Gen:  0)
  1042672    475136 522095832  0.000  0.000    2.707    2.983    0    0  (Gen:  0)
  1042592    469704 522369016  0.000  0.000    2.708    2.984    0    0  (Gen:  0)
  1042672    484288 522639992  0.000  0.000    2.708    2.985    0    0  (Gen:  0)
  1042504    477880 522912520  0.000  0.000    2.709    2.986    0    0  (Gen:  0)
  1042816    470760 523184472  0.000  0.000    2.710    2.987    0    0  (Gen:  0)
  1042272    463888 523457112  0.000  0.000    2.711    2.988    0    0  (Gen:  0)
  1042936    478504 523727632  0.000  0.000    2.712    2.988    0    0  (Gen:  0)
  1042472    471848 523999384  0.000  0.000    2.712    2.989    0    0  (Gen:  0)
  1042584    466296 524273040  0.000  0.000    2.713    2.990    0    0  (Gen:  0)
  1042808    480752 524544000  0.000  0.000    2.714    2.991    0    0  (Gen:  0)
  1042584    472904 524815464  0.000  0.000    2.715    2.992    0    0  (Gen:  0)
  1042768    467824 525088992  0.000  0.000    2.716    2.992    0    0  (Gen:  0)
  1042560    481728 525359472  0.000  0.000    2.716    2.993    0    0  (Gen:  0)
  1042760    474768 525631128  0.000  0.000    2.717    2.994    0    0  (Gen:  0)
  1042272    468112 525903696  0.000  0.000    2.718    2.995    0    0  (Gen:  0)
  1042880    484512 526176088  0.001  0.001    2.719    2.996    0    0  (Gen:  0)
  1042368    476872 526447448  0.001  0.001    2.720    2.997    0    0  (Gen:  0)
  1042800    470232 526719448  0.001  0.001    2.722    2.999    0    0  (Gen:  0)
  1042656    463376 526992464  0.001  0.001    2.723    3.000    0    0  (Gen:  0)
  1042648    477432 527262504  0.001  0.001    2.724    3.001    0    0  (Gen:  0)
  1042560    470648 527534424  0.001  0.001    2.725    3.002    0    0  (Gen:  0)
  1042616    465832 527808616  0.001  0.001    2.726    3.003    0    0  (Gen:  0)
  1042832    479440 528078800  0.001  0.001    2.727    3.004    0    0  (Gen:  0)
  1042320    472064 528350112  0.001  0.001    2.728    3.005    0    0  (Gen:  0)
  1042896    466896 528623920  0.001  0.001    2.729    3.006    0    0  (Gen:  0)
  1042296    481464 528894896  0.001  0.001    2.730    3.008    0    0  (Gen:  0)
  1042904    473832 529166200  0.001  0.001    2.732    3.009    0    0  (Gen:  0)
  1042600    467856 529438816  0.001  0.001    2.732    3.009    0    0  (Gen:  0)
  1042712    483408 529710664  0.001  0.001    2.733    3.010    0    0  (Gen:  0)
  1042664    474632 529981368  0.000  0.000    2.734    3.011    0    0  (Gen:  0)
  1042584    469648 530254760  0.001  0.001    2.735    3.012    0    0  (Gen:  0)
  1042664    485072 530526512  0.000  0.000    2.736    3.013    0    0  (Gen:  0)
  1042536    477856 530798432  0.000  0.000    2.737    3.014    0    0  (Gen:  0)
  1042800    471200 531070720  0.000  0.000    2.738    3.015    0    0  (Gen:  0)
  1042256    464408 531343384  0.000  0.000    2.738    3.015    0    0  (Gen:  0)
  1042968    478904 531613840  0.000  0.000    2.739    3.016    0    0  (Gen:  0)
  1042456    472088 531885808  0.000  0.000    2.740    3.017    0    0  (Gen:  0)
  1042576    466232 532158912  0.000  0.000    2.741    3.018    0    0  (Gen:  0)
  1042816    480640 532429784  0.000  0.000    2.741    3.019    0    0  (Gen:  0)
  1042568    472944 532701312  0.000  0.000    2.742    3.019    0    0  (Gen:  0)
  1042776    468472 532975112  0.000  0.000    2.743    3.020    0    0  (Gen:  0)
  1042576    481896 533245384  0.000  0.000    2.744    3.021    0    0  (Gen:  0)
  1042728    475112 533517288  0.000  0.000    2.745    3.022    0    0  (Gen:  0)
  1042288    468216 533789568  0.000  0.000    2.746    3.023    0    0  (Gen:  0)
  1042904    484552 534061800  0.000  0.000    2.746    3.024    0    0  (Gen:  0)
  1042352    477528 534333784  0.000  0.000    2.747    3.024    0    0  (Gen:  0)
  1042760    470248 534605600  0.000  0.000    2.748    3.025    0    0  (Gen:  0)
  1042688    463712 534878648  0.000  0.000    2.749    3.026    0    0  (Gen:  0)
  1042632    478160 535148864  0.000  0.000    2.750    3.027    0    0  (Gen:  0)
  1042584    471472 535420792  0.000  0.000    2.750    3.028    0    0  (Gen:  0)
  1042632    465544 535694216  0.000  0.000    2.751    3.028    0    0  (Gen:  0)
  1042816    479472 535964568  0.000  0.000    2.752    3.029    0    0  (Gen:  0)
  1042320    472496 536236520  0.000  0.000    2.753    3.030    0    0  (Gen:  0)
  1042904    466976 536509768  0.000  0.000    2.754    3.031    0    0  (Gen:  0)
  1042256    481976 536781256  0.000  0.000    2.755    3.032    0    0  (Gen:  0)
  1042944    474296 537052320  0.000  0.000    2.755    3.033    0    0  (Gen:  0)
  1042504    468112 537324928  0.000  0.000    2.756    3.033    0    0  (Gen:  0)
  1042704    483488 537596576  0.000  0.000    2.757    3.034    0    0  (Gen:  0)
  1042608    475192 537867608  0.000  0.000    2.758    3.035    0    0  (Gen:  0)
  1042624    469400 538140360  0.001  0.000    2.759    3.036    0    0  (Gen:  0)
  1042680    485648 538412728  0.001  0.001    2.760    3.037    0    0  (Gen:  0)
  1042496    477080 538683776  0.000  0.000    2.760    3.038    0    0  (Gen:  0)
  1042848    471696 538956848  0.000  0.000    2.761    3.039    0    0  (Gen:  0)
  1042256    465272 539229872  0.000  0.000    2.762    3.039    0    0  (Gen:  0)
  1042952    479384 539500232  0.000  0.000    2.763    3.040    0    0  (Gen:  0)
  1042456    472432 539772152  0.000  0.000    2.764    3.041    0    0  (Gen:  0)
  1042592    465976 540044496  0.000  0.000    2.764    3.042    0    0  (Gen:  0)
  1042744    480784 540315688  0.000  0.000    2.765    3.043    0    0  (Gen:  0)
  1042624    473024 540587200  0.000  0.000    2.766    3.043    0    0  (Gen:  0)
  1042768    468568 540860888  0.000  0.000    2.767    3.044    0    0  (Gen:  0)
  1042600    482560 541131792  0.000  0.000    2.768    3.045    0    0  (Gen:  0)
  1042712    475736 541403752  0.000  0.000    2.769    3.046    0    0  (Gen:  0)
  1042312    468800 541676000  0.000  0.000    2.769    3.047    0    0  (Gen:  0)
  1042872    484424 541947520  0.000  0.000    2.770    3.048    0    0  (Gen:  0)
  1042304    477120 542219296  0.000  0.000    2.771    3.048    0    0  (Gen:  0)
  1042840    470440 542491416  0.000  0.000    2.772    3.049    0    0  (Gen:  0)
  1042632    463872 542764448  0.000  0.000    2.773    3.050    0    0  (Gen:  0)
  1042672    478608 543035088  0.000  0.000    2.773    3.051    0    0  (Gen:  0)
  1042600    471840 543307032  0.000  0.000    2.774    3.052    0    0  (Gen:  0)
  1042616    465720 543580008  0.000  0.000    2.775    3.052    0    0  (Gen:  0)
  1042784    480336 543851024  0.000  0.000    2.776    3.053    0    0  (Gen:  0)
  1042312    472760 544122400  0.000  0.000    2.777    3.054    0    0  (Gen:  0)
  1042928    467352 544395904  0.000  0.000    2.777    3.055    0    0  (Gen:  0)
  1042288    482160 544667088  0.000  0.000    2.778    3.056    0    0  (Gen:  0)
  1042928    474040 544937880  0.000  0.000    2.779    3.057    0    0  (Gen:  0)
  1042504    468648 545211232  0.000  0.000    2.780    3.057    0    0  (Gen:  0)
  1042680    483896 545482816  0.000  0.000    2.781    3.058    0    0  (Gen:  0)
  1042568    475408 545753672  0.000  0.000    2.782    3.059    0    0  (Gen:  0)
  1042696    469600 546026264  0.000  0.000    2.782    3.060    0    0  (Gen:  0)
  1042640    463928 546299328  0.000  0.000    2.783    3.061    0    0  (Gen:  0)
  1042480    477776 546570280  0.000  0.000    2.784    3.061    0    0  (Gen:  0)
  1042904    471224 546842472  0.000  0.000    2.785    3.062    0    0  (Gen:  0)
  1042264    465840 547116112  0.000  0.000    2.785    3.063    0    0  (Gen:  0)
  1042928    479384 547386320  0.000  0.000    2.786    3.064    0    0  (Gen:  0)
  1042464    472208 547657704  0.000  0.000    2.787    3.065    0    0  (Gen:  0)
  1140904    466784 547963728  0.000  0.000    2.788    3.065    0    0  (Gen:  0)
  1108248    481072 548202040  0.000  0.000    2.789    3.066    0    0  (Gen:  0)
  1140912    473640 548506336  0.000  0.000    2.790    3.067    0    0  (Gen:  0)
  1141008    468064 548779256  0.000  0.000    2.790    3.068    0    0  (Gen:  0)
  1075440    482688 549050296  0.000  0.000    2.791    3.069    0    0  (Gen:  0)
  1042760    424600 549321856  0.000  0.000    2.792    3.069    0    0  (Gen:  0)
  1042280    426152 549595112  0.000  0.000    2.793    3.070    0    0  (Gen:  0)
  1042872    484368 549866128  0.000  0.000    2.793    3.071    0    0  (Gen:  0)
  1042288    477824 550138504  0.000  0.000    2.794    3.072    0    0  (Gen:  0)
  1042888    470728 550410440  0.000  0.000    2.795    3.073    0    0  (Gen:  0)
  1042624    464168 550683360  0.000  0.000    2.796    3.073    0    0  (Gen:  0)
  1042640    478520 550953816  0.000  0.000    2.797    3.074    0    0  (Gen:  0)
  1042608    471816 551225648  0.000  0.000    2.797    3.075    0    0  (Gen:  0)
  1042640    466352 551499192  0.000  0.000    2.798    3.076    0    0  (Gen:  0)
  1042784    480704 551770128  0.000  0.000    2.799    3.077    0    0  (Gen:  0)
  1042272    472864 552041552  0.000  0.000    2.800    3.077    0    0  (Gen:  0)
  1042960    467968 552315208  0.000  0.000    2.801    3.078    0    0  (Gen:  0)
  1042296    481488 552585248  0.000  0.000    2.801    3.079    0    0  (Gen:  0)
  1042936    474688 552857120  0.000  0.000    2.802    3.080    0    0  (Gen:  0)
  1042480    468344 553129904  0.000  0.000    2.803    3.081    0    0  (Gen:  0)
  1042640    484616 553402184  0.000  0.000    2.804    3.081    0    0  (Gen:  0)
  1042624    476888 553673552  0.000  0.000    2.804    3.082    0    0  (Gen:  0)
  1042696    470120 553945600  0.001  0.001    2.806    3.084    0    0  (Gen:  0)
  1042640    463448 554218608  0.001  0.001    2.807    3.085    0    0  (Gen:  0)
  1042464    477480 554488552  0.001  0.001    2.808    3.086    0    0  (Gen:  0)
  1042904    470824 554760576  0.001  0.001    2.809    3.087    0    0  (Gen:  0)
  1042240    465632 555034488  0.001  0.001    2.810    3.088    0    0  (Gen:  0)
  1042936    479344 555304680  0.000  0.000    2.811    3.089    0    0  (Gen:  0)
  1042504    472232 555576240  0.000  0.000    2.812    3.090    0    0  (Gen:  0)
  1042560    466992 555849944  0.000  0.000    2.813    3.091    0    0  (Gen:  0)
  1042736    481528 556121080  0.000  0.000    2.814    3.092    0    0  (Gen:  0)
  1042608    473936 556392216  0.000  0.000    2.814    3.092    0    0  (Gen:  0)
  1042696    467552 556664608  0.000  0.000    2.815    3.093    0    0  (Gen:  0)
  1042664    483440 556936616  0.000  0.000    2.816    3.094    0    0  (Gen:  0)
  1042792    474880 557207464  0.000  0.000    2.817    3.095    0    0  (Gen:  0)
  1042248    469752 557480896  0.000  0.000    2.818    3.096    0    0  (Gen:  0)
  1042888    485032 557752536  0.000  0.000    2.818    3.096    0    0  (Gen:  0)
  1042304    477816 558024256  0.000  0.000    2.819    3.097    0    0  (Gen:  0)
  1042880    471320 558296832  0.000  0.000    2.820    3.098    0    0  (Gen:  0)
  1042608    464632 558569568  0.000  0.000    2.821    3.099    0    0  (Gen:  0)
  1042632    479056 558839904  0.000  0.000    2.821    3.100    0    0  (Gen:  0)
  1042616    472272 559111888  0.000  0.000    2.822    3.100    0    0  (Gen:  0)
  1042640    466064 559384712  0.000  0.000    2.823    3.101    0    0  (Gen:  0)
  1042768    480752 559655720  0.000  0.000    2.824    3.102    0    0  (Gen:  0)
  1042312    472720 559926944  0.000  0.000    2.825    3.103    0    0  (Gen:  0)
  1042896    468256 560200816  0.000  0.000    2.826    3.104    0    0  (Gen:  0)
  1042336    481920 560471288  0.000  0.000    2.826    3.104    0    0  (Gen:  0)
  1042944    475144 560743224  0.000  0.000    2.827    3.105    0    0  (Gen:  0)
  1042432    468352 561015576  0.000  0.000    2.828    3.106    0    0  (Gen:  0)
  1042696    484664 561287832  0.000  0.000    2.829    3.107    0    0  (Gen:  0)
  1042600    477712 561559688  0.000  0.000    2.829    3.108    0    0  (Gen:  0)
  1042720    470040 561831136  0.000  0.000    2.830    3.108    0    0  (Gen:  0)
  1042640    463864 562104600  0.000  0.000    2.831    3.109    0    0  (Gen:  0)
  1042440    478336 562374768  0.000  0.000    2.832    3.110    0    0  (Gen:  0)
  1042904    471736 562646856  0.000  0.000    2.832    3.111    0    0  (Gen:  0)
  1042264    465608 562920184  0.000  0.000    2.833    3.111    0    0  (Gen:  0)
  1042936    479512 563190512  0.000  0.000    2.834    3.112    0    0  (Gen:  0)
  1042496    472672 563462584  0.000  0.000    2.835    3.113    0    0  (Gen:  0)
  1042568    466904 563735744  0.000  0.000    2.836    3.114    0    0  (Gen:  0)
  1042736    482072 564007256  0.000  0.000    2.836    3.115    0    0  (Gen:  0)
  1042592    474552 564278432  0.000  0.000    2.837    3.115    0    0  (Gen:  0)
  1042720    468176 564550888  0.000  0.000    2.838    3.116    0    0  (Gen:  0)
  1042648    483752 564822680  0.000  0.000    2.839    3.117    0    0  (Gen:  0)
  1042768    475120 565093528  0.000  0.000    2.840    3.118    0    0  (Gen:  0)
  1042264    469176 565366064  0.000  0.000    2.840    3.119    0    0  (Gen:  0)
  1042904    485696 565638712  0.000  0.000    2.841    3.119    0    0  (Gen:  0)
  1042296    477088 565909728  0.001  0.001    2.842    3.121    0    0  (Gen:  0)
  1042880    471576 566182528  0.000  0.000    2.843    3.121    0    0  (Gen:  0)
  1042624    465312 566455832  0.000  0.000    2.844    3.122    0    0  (Gen:  0)
  1042608    479272 566726064  0.000  0.000    2.845    3.123    0    0  (Gen:  0)
  1042640    472432 566998016  0.000  0.000    2.846    3.124    0    0  (Gen:  0)
  1042600    466160 567270600  0.000  0.000    2.846    3.125    0    0  (Gen:  0)
  1042768    481080 567541824  0.000  0.000    2.847    3.125    0    0  (Gen:  0)
  1042352    473176 567813192  0.000  0.000    2.848    3.126    0    0  (Gen:  0)
  1042872    468400 568086784  0.000  0.000    2.849    3.127    0    0  (Gen:  0)
  1042312    482584 568357664  0.000  0.000    2.850    3.128    0    0  (Gen:  0)
  1042960    475680 568629472  0.000  0.000    2.850    3.129    0    0  (Gen:  0)
  1042424    469024 568901904  0.000  0.000    2.851    3.129    0    0  (Gen:  0)
  1042704    484496 569173432  0.000  0.000    2.852    3.130    0    0  (Gen:  0)
  1042616    477424 569445256  0.000  0.000    2.853    3.131    0    0  (Gen:  0)
  1042696    470152 569717096  0.000  0.000    2.853    3.132    0    0  (Gen:  0)
  1042672    463848 569990248  0.000  0.000    2.854    3.133    0    0  (Gen:  0)
  1042448    478800 570260984  0.000  0.000    2.855    3.133    0    0  (Gen:  0)
  1042864    471664 570532584  0.000  0.000    2.856    3.134    0    0  (Gen:  0)
  1042296    465816 570805776  0.000  0.000    2.857    3.135    0    0  (Gen:  0)
  1042928    480328 571076824  0.000  0.000    2.858    3.136    0    0  (Gen:  0)
  1042488    473008 571348296  0.000  0.000    2.858    3.137    0    0  (Gen:  0)
  1042584    467328 571621728  0.000  0.000    2.859    3.137    0    0  (Gen:  0)
  1042744    482088 571892808  0.000  0.000    2.860    3.138    0    0  (Gen:  0)
  1042552    474160 572163760  0.000  0.000    2.861    3.139    0    0  (Gen:  0)
  1042760    468568 572437024  0.000  0.000    2.861    3.140    0    0  (Gen:  0)
  1042648    484168 572708856  0.000  0.000    2.862    3.141    0    0  (Gen:  0)
  1042720    475992 572980048  0.000  0.000    2.863    3.141    0    0  (Gen:  0)
  1042280    469576 573252208  0.000  0.000    2.864    3.142    0    0  (Gen:  0)
  1042912    463448 573525256  0.000  0.000    2.865    3.143    0    0  (Gen:  0)
  1042304    477728 573795992  0.000  0.000    2.865    3.144    0    0  (Gen:  0)
  1042896    471032 574068128  0.000  0.000    2.866    3.145    0    0  (Gen:  0)
  1042624    465880 574341920  0.000  0.000    2.867    3.145    0    0  (Gen:  0)
  1042600    479520 574612264  0.000  0.000    2.868    3.146    0    0  (Gen:  0)
  1042616    472208 574883464  0.000  0.000    2.869    3.147    0    0  (Gen:  0)
  1042616    467000 575156888  0.000  0.000    2.869    3.148    0    0  (Gen:  0)
  1042704    481200 575427968  0.000  0.000    2.870    3.149    0    0  (Gen:  0)
  1042424    473616 575699304  0.000  0.000    2.871    3.149    0    0  (Gen:  0)
  1042864    468168 575972408  0.000  0.000    2.872    3.150    0    0  (Gen:  0)
  1042272    482752 576243376  0.000  0.000    2.872    3.151    0    0  (Gen:  0)
  1042968    474768 576514608  0.000  0.000    2.873    3.152    0    0  (Gen:  0)
  1042472    470000 576788240  0.000  0.000    2.874    3.153    0    0  (Gen:  0)
  1042680    484272 577059080  0.000  0.000    2.875    3.153    0    0  (Gen:  0)
  1042616    478064 577331624  0.000  0.000    2.876    3.154    0    0  (Gen:  0)
  1042688    470904 577603424  0.000  0.000    2.876    3.155    0    0  (Gen:  0)
  1042648    464280 577876400  0.000  0.000    2.877    3.156    0    0  (Gen:  0)
  1042488    478536 578146720  0.000  0.000    2.878    3.157    0    0  (Gen:  0)
  1042832    471936 578418720  0.000  0.000    2.879    3.157    0    0  (Gen:  0)
  1042312    466432 578692216  0.000  0.000    2.880    3.158    0    0  (Gen:  0)
  1042960    480704 578963032  0.000  0.000    2.880    3.159    0    0  (Gen:  0)
  1042472    472872 579234416  0.000  0.000    2.881    3.160    0    0  (Gen:  0)
  1042568    467840 579507864  0.000  0.000    2.882    3.161    0    0  (Gen:  0)
  1042760    481480 579778104  0.000  0.000    2.883    3.161    0    0  (Gen:  0)
  1042536    474752 580050080  0.000  0.000    2.884    3.162    0    0  (Gen:  0)
  1042776    468472 580322840  0.000  0.000    2.884    3.163    0    0  (Gen:  0)
  1042656    484688 580595144  0.000  0.000    2.885    3.164    0    0  (Gen:  0)
  1042712    477120 580866656  0.000  0.000    2.886    3.165    0    0  (Gen:  0)
  1042248    470024 581138504  0.000  0.000    2.887    3.165    0    0  (Gen:  0)
  1042920    463472 581411616  0.000  0.000    2.888    3.166    0    0  (Gen:  0)
  1042312    477536 581681464  0.000  0.000    2.888    3.167    0    0  (Gen:  0)
  1042888    470816 581953488  0.000  0.000    2.889    3.168    0    0  (Gen:  0)
  1042592    465928 582227568  0.000  0.000    2.890    3.169    0    0  (Gen:  0)
  1042648    479112 582497440  0.000  0.000    2.891    3.169    0    0  (Gen:  0)
  1042640    472480 582769336  0.001  0.001    2.892    3.170    0    0  (Gen:  0)
  1042616    466872 583042872  0.000  0.000    2.893    3.171    0    0  (Gen:  0)
  1042704    481672 583314216  0.000  0.000    2.893    3.172    0    0  (Gen:  0)
  1042408    474072 583585216  0.000  0.000    2.894    3.173    0    0  (Gen:  0)
  1042880    467704 583857656  0.000  0.000    2.895    3.174    0    0  (Gen:  0)
  1042224    483048 584129176  0.000  0.000    2.896    3.175    0    0  (Gen:  0)
  1042960    474976 584400416  0.000  0.000    2.897    3.175    0    0  (Gen:  0)
  1042504    469680 584673656  0.000  0.000    2.898    3.176    0    0  (Gen:  0)
  1042704    485088 584945488  0.000  0.000    2.898    3.177    0    0  (Gen:  0)
  1042592    477664 585217064  0.000  0.000    2.899    3.178    0    0  (Gen:  0)
  1042656    471392 585489712  0.000  0.000    2.900    3.179    0    0  (Gen:  0)
  1042696    464680 585762544  0.000  0.000    2.901    3.180    0    0  (Gen:  0)
  1042496    478816 586032808  0.000  0.000    2.902    3.180    0    0  (Gen:  0)
  1042816    472600 586305096  0.000  0.000    2.902    3.181    0    0  (Gen:  0)
  1042328    465848 586577488  0.000  0.000    2.903    3.182    0    0  (Gen:  0)
  1042920    480824 586848880  0.000  0.000    2.904    3.183    0    0  (Gen:  0)
  1042480    472592 587119936  0.000  0.000    2.905    3.184    0    0  (Gen:  0)
  1042592    468128 587393680  0.000  0.000    2.906    3.184    0    0  (Gen:  0)
  1042760    482288 587664560  0.000  0.000    2.906    3.185    0    0  (Gen:  0)
  1042504    475256 587936288  0.000  0.000    2.907    3.186    0    0  (Gen:  0)
  1042768    468552 588208816  0.000  0.000    2.908    3.187    0    0  (Gen:  0)
  1042680    484864 588480920  0.000  0.000    2.909    3.188    0    0  (Gen:  0)
  1042728    477408 588752632  0.000  0.000    2.910    3.189    0    0  (Gen:  0)
  1042240    470064 589024128  0.000  0.000    2.910    3.189    0    0  (Gen:  0)
  1042928    463384 589297176  0.000  0.000    2.911    3.190    0    0  (Gen:  0)
  1042296    478512 589567912  0.000  0.000    2.912    3.191    0    0  (Gen:  0)
  1042904    471768 589839896  0.000  0.000    2.913    3.192    0    0  (Gen:  0)
  1042568    465592 590113152  0.000  0.000    2.914    3.193    0    0  (Gen:  0)
  1042664    479560 590383584  0.000  0.000    2.914    3.193    0    0  (Gen:  0)
  1042640    472824 590655776  0.000  0.000    2.915    3.194    0    0  (Gen:  0)
  1042632    466928 590928776  0.000  0.000    2.916    3.195    0    0  (Gen:  0)
  1042656    482184 591200368  0.000  0.000    2.917    3.196    0    0  (Gen:  0)
  1042424    474216 591471200  0.000  0.000    2.918    3.197    0    0  (Gen:  0)
  1042880    468336 591744120  0.000  0.000    2.918    3.197    0    0  (Gen:  0)
  1042248    483648 592015544  0.000  0.000    2.919    3.198    0    0  (Gen:  0)
  1042944    475184 592286560  0.000  0.000    2.920    3.199    0    0  (Gen:  0)
  1042528    469224 592559024  0.000  0.000    2.921    3.200    0    0  (Gen:  0)
  1042696    485752 592831800  0.000  0.000    2.922    3.201    0    0  (Gen:  0)
  1042592    477432 593103064  0.000  0.000    2.922    3.201    0    0  (Gen:  0)
  1042664    471408 593375408  0.000  0.000    2.923    3.202    0    0  (Gen:  0)
  1042664    465384 593648880  0.000  0.000    2.924    3.203    0    0  (Gen:  0)
  1042520    479328 593919160  0.001  0.001    2.925    3.204    0    0  (Gen:  0)
  1042808    472568 594191200  0.000  0.000    2.926    3.205    0    0  (Gen:  0)
  1042344    466320 594463696  0.000  0.000    2.927    3.206    0    0  (Gen:  0)
  1042840    481152 594734944  0.000  0.000    2.927    3.207    0    0  (Gen:  0)
  1042512    473256 595006288  0.000  0.000    2.928    3.207    0    0  (Gen:  0)
  1042640    468240 595279696  0.000  0.000    2.929    3.208    0    0  (Gen:  0)
  1042736    482752 595550760  0.000  0.000    2.930    3.209    0    0  (Gen:  0)
  1042528    475504 595822408  0.000  0.000    2.931    3.210    0    0  (Gen:  0)
  1042704    469120 596095152  0.000  0.000    2.932    3.211    0    0  (Gen:  0)
  1042720    484736 596366784  0.000  0.000    2.932    3.211    0    0  (Gen:  0)
  1042712    477648 596638632  0.000  0.000    2.933    3.212    0    0  (Gen:  0)
  1042280    470136 596910264  0.000  0.000    2.934    3.213    0    0  (Gen:  0)
  1042904    463904 597183504  0.000  0.000    2.935    3.214    0    0  (Gen:  0)
  1042312    478504 597453704  0.000  0.000    2.935    3.215    0    0  (Gen:  0)
  1042880    471696 597725776  0.000  0.000    2.936    3.215    0    0  (Gen:  0)
  1042576    466128 597999168  0.000  0.000    2.937    3.216    0    0  (Gen:  0)
  1042680    480352 598270120  0.000  0.000    2.938    3.217    0    0  (Gen:  0)
  1042616    473120 598541736  0.000  0.000    2.939    3.218    0    0  (Gen:  0)
  1042648    467400 598815032  0.000  0.000    2.939    3.219    0    0  (Gen:  0)
  1042656    482128 599086120  0.000  0.000    2.940    3.219    0    0  (Gen:  0)
  1042432    474224 599357000  0.000  0.000    2.941    3.220    0    0  (Gen:  0)
  1042880    468344 599630304  0.000  0.000    2.942    3.221    0    0  (Gen:  0)
  1042224    484032 599901912  0.000  0.000    2.943    3.222    0    0  (Gen:  0)
  1042864    476352 600173488  0.000  0.000    2.944    3.223    0    0  (Gen:  0)
  1042616    469704 600445496  0.000  0.000    2.944    3.224    0    0  (Gen:  0)
  1042696    463232 600718528  0.000  0.000    2.945    3.224    0    0  (Gen:  0)
  1042600    477848 600989312  0.000  0.000    2.946    3.225    0    0  (Gen:  0)
  1042640    470984 601261224  0.000  0.000    2.947    3.226    0    0  (Gen:  0)
  1042696    466096 601535376  0.000  0.000    2.948    3.227    0    0  (Gen:  0)
  1042504    479304 601805280  0.000  0.000    2.948    3.228    0    0  (Gen:  0)
  1042816    472208 602076632  0.000  0.000    2.949    3.228    0    0  (Gen:  0)
  1042336    467016 602350200  0.000  0.000    2.950    3.229    0    0  (Gen:  0)
  1042832    481352 602621416  0.000  0.000    2.951    3.230    0    0  (Gen:  0)
  1042480    473720 602892648  0.000  0.000    2.952    3.231    0    0  (Gen:  0)
  1042696    468064 603165560  0.000  0.000    2.952    3.232    0    0  (Gen:  0)
  1042736    483024 603436792  0.000  0.000    2.953    3.233    0    0  (Gen:  0)
  1042536    474552 603707720  0.000  0.000    2.954    3.233    0    0  (Gen:  0)
  1042680    469904 603981520  0.000  0.000    2.955    3.234    0    0  (Gen:  0)
  1042704    484472 604252576  0.000  0.000    2.956    3.235    0    0  (Gen:  0)
  1042736    477920 604524912  0.000  0.000    2.956    3.236    0    0  (Gen:  0)
  1107816    470728 604829568  0.000  0.000    2.957    3.237    0    0  (Gen:  0)
  1108456    464264 605069744  0.000  0.000    2.958    3.237    0    0  (Gen:  0)
  1140616    478768 605340176  0.000  0.000    2.959    3.238    0    0  (Gen:  0)
  1141168    472024 605644840  0.000  0.000    2.960    3.239    0    0  (Gen:  0)
  1108096    466440 605918280  0.000  0.000    2.960    3.240    0    0  (Gen:  0)
  1042672    425256 606189288  0.000  0.000    2.961    3.241    0    0  (Gen:  0)
  1042648    472784 606460464  0.000  0.000    2.962    3.241    0    0  (Gen:  0)
  1042640    468232 606734264  0.000  0.000    2.963    3.242    0    0  (Gen:  0)
  1042640    481648 607004328  0.000  0.000    2.964    3.243    0    0  (Gen:  0)
  1042464    474904 607276368  0.000  0.000    2.964    3.244    0    0  (Gen:  0)
  1042872    468488 607549048  0.000  0.000    2.965    3.245    0    0  (Gen:  0)
  1042224    484784 607821240  0.000  0.000    2.966    3.245    0    0  (Gen:  0)
  1042840    477040 608092760  0.000  0.000    2.967    3.246    0    0  (Gen:  0)
  1042600    470208 608364656  0.000  0.000    2.968    3.247    0    0  (Gen:  0)
  1042688    463520 608637704  0.000  0.000    2.968    3.248    0    0  (Gen:  0)
  1042632    477768 608907792  0.000  0.000    2.969    3.249    0    0  (Gen:  0)
  1042624    470928 609179712  0.000  0.000    2.970    3.249    0    0  (Gen:  0)
  1042688    465976 609453896  0.000  0.000    2.971    3.250    0    0  (Gen:  0)
  1042536    479008 609723464  0.000  0.000    2.972    3.251    0    0  (Gen:  0)
  1042832    472456 609995680  0.000  0.000    2.972    3.252    0    0  (Gen:  0)
  1042312    466720 610268752  0.000  0.000    2.973    3.253    0    0  (Gen:  0)
  1042856    481776 610540416  0.001  0.001    2.974    3.254    0    0  (Gen:  0)
  1042472    474160 610811464  0.000  0.000    2.975    3.255    0    0  (Gen:  0)
  1042696    467816 611083856  0.000  0.000    2.976    3.255    0    0  (Gen:  0)
  1042728    483384 611355672  0.000  0.000    2.977    3.256    0    0  (Gen:  0)
  1042520    475016 611626752  0.000  0.000    2.977    3.257    0    0  (Gen:  0)
  1042616    469912 611900024  0.000  0.000    2.978    3.258    0    0  (Gen:  0)
  1042784    485280 612171792  0.000  0.000    2.979    3.259    0    0  (Gen:  0)
  1042720    477080 612442920  0.000  0.000    2.980    3.259    0    0  (Gen:  0)
  1042312    471312 612715856  0.000  0.000    2.981    3.260    0    0  (Gen:  0)
  1042904    464816 612988808  0.000  0.000    2.981    3.261    0    0  (Gen:  0)
  1042280    478800 613258976  0.000  0.000    2.982    3.262    0    0  (Gen:  0)
  1042896    472632 613531160  0.000  0.000    2.983    3.263    0    0  (Gen:  0)
  1042568    465816 613803552  0.000  0.000    2.984    3.263    0    0  (Gen:  0)
  1042672    480896 614075064  0.000  0.000    2.984    3.264    0    0  (Gen:  0)
  1042632    472768 614346160  0.000  0.000    2.985    3.265    0    0  (Gen:  0)
  1042656    468312 614619936  0.000  0.000    2.986    3.266    0    0  (Gen:  0)
  1042600    482288 614890688  0.000  0.000    2.987    3.267    0    0  (Gen:  0)
  1042496    475312 615162448  0.000  0.000    2.988    3.267    0    0  (Gen:  0)
  1042880    468808 615435104  0.000  0.000    2.988    3.268    0    0  (Gen:  0)
  1042208    484592 615706904  0.000  0.000    2.989    3.269    0    0  (Gen:  0)
  1042840    477184 615978552  0.000  0.000    2.990    3.270    0    0  (Gen:  0)
  1042608    470232 616250344  0.000  0.000    2.991    3.270    0    0  (Gen:  0)
  1042648    463592 616523416  0.000  0.000    2.992    3.271    0    0  (Gen:  0)
  1042688    478648 616794144  0.000  0.000    2.992    3.272    0    0  (Gen:  0)
  1042624    471880 617066128  0.000  0.000    2.993    3.273    0    0  (Gen:  0)
  1042688    465592 617339224  0.000  0.000    2.994    3.274    0    0  (Gen:  0)
  1042536    479856 617609816  0.000  0.000    2.995    3.274    0    0  (Gen:  0)
  1042824    472864 617881752  0.000  0.000    2.996    3.275    0    0  (Gen:  0)
  1042312    466776 618154616  0.000  0.000    2.996    3.276    0    0  (Gen:  0)
  1042856    482120 618426392  0.000  0.000    2.997    3.277    0    0  (Gen:  0)
  1042472    474416 618697392  0.000  0.000    2.998    3.278    0    0  (Gen:  0)
  1042656    468248 618970136  0.000  0.000    2.999    3.279    0    0  (Gen:  0)
  1042760    483696 619241856  0.000  0.000    3.000    3.279    0    0  (Gen:  0)
  1042520    475208 619512640  0.000  0.000    3.000    3.280    0    0  (Gen:  0)
  1042624    469104 619785216  0.000  0.000    3.001    3.281    0    0  (Gen:  0)
  1042712    486016 620058192  0.000  0.000    3.002    3.282    0    0  (Gen:  0)
  1042768    477512 620329176  0.000  0.000    3.003    3.283    0    0  (Gen:  0)
  1042320    470944 620601360  0.000  0.000    3.004    3.283    0    0  (Gen:  0)
  1042928    465584 620875192  0.000  0.000    3.004    3.284    0    0  (Gen:  0)
  1042272    479376 621145272  0.000  0.000    3.005    3.285    0    0  (Gen:  0)
  1042888    472384 621417056  0.000  0.000    3.006    3.286    0    0  (Gen:  0)
  1042560    466560 621689880  0.000  0.000    3.007    3.287    0    0  (Gen:  0)
  1042664    481248 621961160  0.001  0.001    3.008    3.288    0    0  (Gen:  0)
  1042632    473360 622232496  0.000  0.000    3.009    3.288    0    0  (Gen:  0)
  1042680    468280 622505816  0.000  0.000    3.009    3.289    0    0  (Gen:  0)
  1042544    482736 622776888  0.000  0.000    3.010    3.290    0    0  (Gen:  0)
  1042536    475336 623048376  0.000  0.000    3.011    3.291    0    0  (Gen:  0)
  1042888    469360 623321336  0.000  0.000    3.012    3.292    0    0  (Gen:  0)
  1042224    484472 623592528  0.000  0.000    3.013    3.292    0    0  (Gen:  0)
  1042824    477640 623864648  0.000  0.000    3.013    3.293    0    0  (Gen:  0)
  1042576    470336 624136496  0.000  0.000    3.014    3.294    0    0  (Gen:  0)
  1042672    463728 624409232  0.000  0.000    3.015    3.295    0    0  (Gen:  0)
  1042680    478392 624679776  0.000  0.000    3.016    3.296    0    0  (Gen:  0)
  1042608    471840 624951784  0.000  0.000    3.016    3.296    0    0  (Gen:  0)
  1042720    466248 625225384  0.000  0.000    3.017    3.297    0    0  (Gen:  0)
  1042536    480504 625496128  0.000  0.000    3.018    3.298    0    0  (Gen:  0)
  1042832    472776 625767664  0.000  0.000    3.019    3.299    0    0  (Gen:  0)
  1042264    467312 626040872  0.000  0.000    3.020    3.299    0    0  (Gen:  0)
  1042912    482088 626311984  0.000  0.000    3.020    3.300    0    0  (Gen:  0)
  1042440    474328 626582968  0.000  0.000    3.021    3.301    0    0  (Gen:  0)
  1042656    468368 626856232  0.000  0.000    3.022    3.302    0    0  (Gen:  0)
  1042768    484312 627128160  0.000  0.000    3.023    3.303    0    0  (Gen:  0)
  1042496    476648 627399584  0.000  0.000    3.024    3.304    0    0  (Gen:  0)
  1042648    469920 627671520  0.000  0.000    3.024    3.304    0    0  (Gen:  0)
  1042688    463168 627944552  0.000  0.000    3.025    3.305    0    0  (Gen:  0)
  1042736    477752 628215064  0.000  0.000    3.026    3.306    0    0  (Gen:  0)
  1042392    470864 628486928  0.000  0.000    3.027    3.307    0    0  (Gen:  0)
  1042936    466128 628761272  0.000  0.000    3.027    3.307    0    0  (Gen:  0)
  1042256    479208 629031008  0.000  0.000    3.028    3.308    0    0  (Gen:  0)
  1042872    471992 629302288  0.000  0.000    3.029    3.309    0    0  (Gen:  0)
  1042568    467128 629576120  0.000  0.000    3.030    3.310    0    0  (Gen:  0)
  1042664    481552 629847376  0.000  0.000    3.031    3.311    0    0  (Gen:  0)
  1042616    473560 630118312  0.000  0.000    3.031    3.311    0    0  (Gen:  0)
  1042704    468040 630391360  0.000  0.000    3.032    3.312    0    0  (Gen:  0)
  1042648    483240 630662712  0.000  0.000    3.033    3.313    0    0  (Gen:  0)
  1042512    474448 630933440  0.000  0.000    3.034    3.314    0    0  (Gen:  0)
  1042912    469952 631207368  0.000  0.000    3.035    3.315    0    0  (Gen:  0)
  1042200    484568 631478448  0.000  0.000    3.035    3.315    0    0  (Gen:  0)
  1042848    477920 631750768  0.000  0.000    3.036    3.316    0    0  (Gen:  0)
  1042536    470816 632022760  0.000  0.000    3.037    3.317    0    0  (Gen:  0)
  1042688    464480 632295704  0.000  0.000    3.038    3.318    0    0  (Gen:  0)
  1042688    478512 632565848  0.000  0.000    3.039    3.319    0    0  (Gen:  0)
  1042600    472064 632837936  0.000  0.000    3.039    3.320    0    0  (Gen:  0)
  1042752    466352 633111152  0.000  0.000    3.040    3.320    0    0  (Gen:  0)
  1042536    480816 633382240  0.001  0.001    3.041    3.321    0    0  (Gen:  0)
  1042776    472992 633653688  0.000  0.000    3.042    3.322    0    0  (Gen:  0)
  1042296    468264 633927224  0.000  0.000    3.043    3.323    0    0  (Gen:  0)
  1042904    481616 634197416  0.000  0.000    3.044    3.324    0    0  (Gen:  0)
  1042384    475056 634469472  0.001  0.001    3.045    3.325    0    0  (Gen:  0)
  1042744    468632 634742072  0.001  0.001    3.046    3.326    0    0  (Gen:  0)
  1042760    484736 635014272  0.001  0.001    3.047    3.327    0    0  (Gen:  0)
  1042496    477320 635285952  0.001  0.001    3.048    3.329    0    0  (Gen:  0)
  1042616    470120 635557688  0.001  0.001    3.049    3.330    0    0  (Gen:  0)
  1042720    463616 635830728  0.000  0.000    3.050    3.330    0    0  (Gen:  0)
  1042728    477896 636100880  0.000  0.000    3.051    3.331    0    0  (Gen:  0)
  1042376    471072 636372840  0.001  0.001    3.052    3.332    0    0  (Gen:  0)
  1042896    465800 636646728  0.001  0.001    3.053    3.333    0    0  (Gen:  0)
  1042296    479112 636916456  0.000  0.000    3.054    3.334    0    0  (Gen:  0)
  1042880    472560 637188768  0.000  0.000    3.054    3.335    0    0  (Gen:  0)
  1042568    466880 637461800  0.000  0.000    3.055    3.336    0    0  (Gen:  0)
  1042616    481936 637733424  0.000  0.000    3.056    3.337    0    0  (Gen:  0)
  1042688    474184 638004488  0.001  0.001    3.057    3.338    0    0  (Gen:  0)
  1042680    467872 638276880  0.000  0.000    3.058    3.339    0    0  (Gen:  0)
  1042560    483312 638548592  0.000  0.000    3.059    3.339    0    0  (Gen:  0)
  1042528    475040 638819704  0.000  0.000    3.060    3.340    0    0  (Gen:  0)
  1042896    469720 639092872  0.000  0.000    3.060    3.341    0    0  (Gen:  0)
  1042208    485344 639364640  0.000  0.000    3.061    3.342    0    0  (Gen:  0)
  1042840    477048 639635840  0.000  0.000    3.062    3.343    0    0  (Gen:  0)
  1042544    471472 639908856  0.000  0.000    3.063    3.343    0    0  (Gen:  0)
  1042632    464872 640181704  0.000  0.000    3.064    3.344    0    0  (Gen:  0)
  1042744    478984 640452064  0.000  0.000    3.064    3.345    0    0  (Gen:  0)
  1042568    472664 640724104  0.000  0.000    3.065    3.346    0    0  (Gen:  0)
  1042760    465880 640996568  0.000  0.000    3.066    3.347    0    0  (Gen:  0)
  1042536    480792 641267848  0.000  0.000    3.067    3.347    0    0  (Gen:  0)
  1042784    472888 641539144  0.000  0.000    3.068    3.348    0    0  (Gen:  0)
  1042304    468320 641812976  0.000  0.000    3.068    3.349    0    0  (Gen:  0)
  1042904    482504 642083776  0.000  0.000    3.069    3.350    0    0  (Gen:  0)
  1042392    475464 642355472  0.000  0.000    3.070    3.351    0    0  (Gen:  0)
  1042736    468800 642628088  0.000  0.000    3.071    3.351    0    0  (Gen:  0)
  1042720    484656 642899880  0.000  0.000    3.072    3.352    0    0  (Gen:  0)
  1042552    477064 643171304  0.000  0.000    3.072    3.353    0    0  (Gen:  0)
  1042592    470392 643443440  0.000  0.000    3.073    3.354    0    0  (Gen:  0)
  1042704    463656 643716376  0.000  0.000    3.074    3.355    0    0  (Gen:  0)
  1042744    478512 643987080  0.000  0.000    3.075    3.356    0    0  (Gen:  0)
  1042360    471816 644259064  0.000  0.000    3.076    3.356    0    0  (Gen:  0)
  1042920    465424 644532048  0.000  0.000    3.076    3.357    0    0  (Gen:  0)
  1042256    479832 644802800  0.000  0.000    3.077    3.358    0    0  (Gen:  0)
  1042904    472776 645074784  0.000  0.000    3.078    3.359    0    0  (Gen:  0)
  1042520    467000 645347744  0.000  0.000    3.079    3.360    0    0  (Gen:  0)
  1042688    482024 645619272  0.000  0.000    3.080    3.360    0    0  (Gen:  0)
  1042696    474528 645890352  0.000  0.000    3.080    3.361    0    0  (Gen:  0)
  1042640    468464 646163232  0.000  0.000    3.081    3.362    0    0  (Gen:  0)
  1042584    483752 646434856  0.000  0.000    3.082    3.363    0    0  (Gen:  0)
  1042544    475208 646705592  0.000  0.000    3.083    3.364    0    0  (Gen:  0)
  1042856    469232 646978272  0.000  0.000    3.084    3.364    0    0  (Gen:  0)
  1042248    486048 647251112  0.000  0.000    3.084    3.365    0    0  (Gen:  0)
  1042840    477584 647522184  0.000  0.000    3.085    3.366    0    0  (Gen:  0)
  1042520    470888 647794264  0.000  0.000    3.086    3.367    0    0  (Gen:  0)
  1042632    465792 648068248  0.000  0.000    3.087    3.368    0    0  (Gen:  0)
  1042720    479576 648338368  0.000  0.000    3.088    3.368    0    0  (Gen:  0)
  1042592    472344 648609856  0.000  0.000    3.088    3.369    0    0  (Gen:  0)
  1042776    466656 648882992  0.000  0.000    3.089    3.370    0    0  (Gen:  0)
  1042528    481248 649154072  0.001  0.001    3.090    3.371    0    0  (Gen:  0)
  1042768    473536 649425560  0.000  0.000    3.091    3.372    0    0  (Gen:  0)
  1042336    467960 649698424  0.000  0.000    3.092    3.373    0    0  (Gen:  0)
  1042880    482864 649969888  0.000  0.000    3.093    3.374    0    0  (Gen:  0)
  1042408    475128 650241088  0.000  0.000    3.094    3.374    0    0  (Gen:  0)
  1042704    469408 650514136  0.000  0.000    3.094    3.375    0    0  (Gen:  0)
  1042752    484136 650785152  0.000  0.000    3.095    3.376    0    0  (Gen:  0)
  1042544    477760 651057608  0.000  0.000    3.096    3.377    0    0  (Gen:  0)
  1042608    470520 651329568  0.000  0.000    3.097    3.378    0    0  (Gen:  0)
  1042656    463728 651602264  0.000  0.000    3.098    3.379    0    0  (Gen:  0)
  1042768    478496 651872904  0.000  0.000    3.099    3.379    0    0  (Gen:  0)
  1042360    471928 652144768  0.000  0.000    3.099    3.380    0    0  (Gen:  0)
  1042912    466304 652418400  0.000  0.000    3.100    3.381    0    0  (Gen:  0)
  1042264    480536 652689128  0.000  0.000    3.101    3.382    0    0  (Gen:  0)
  1042920    472768 652960672  0.000  0.000    3.102    3.383    0    0  (Gen:  0)
  1042504    467560 653234064  0.000  0.000    3.103    3.383    0    0  (Gen:  0)
  1042712    481928 653504816  0.000  0.000    3.103    3.384    0    0  (Gen:  0)
  1042696    474400 653776120  0.000  0.000    3.104    3.385    0    0  (Gen:  0)
  1042560    468616 654049464  0.000  0.000    3.105    3.386    0    0  (Gen:  0)
  1042640    484304 654321240  0.000  0.000    3.106    3.387    0    0  (Gen:  0)
  1042544    476752 654592664  0.000  0.000    3.107    3.388    0    0  (Gen:  0)
  1042832    470112 654864616  0.000  0.000    3.107    3.388    0    0  (Gen:  0)
  1042288    463120 655137544  0.000  0.000    3.108    3.389    0    0  (Gen:  0)
  1042840    477656 655407960  0.000  0.000    3.109    3.390    0    0  (Gen:  0)
  1042504    470864 655679872  0.000  0.000    3.110    3.391    0    0  (Gen:  0)
  1042632    465880 655954040  0.000  0.000    3.110    3.392    0    0  (Gen:  0)
  1042720    479192 656223952  0.000  0.000    3.111    3.392    0    0  (Gen:  0)
  1042584    472040 656495424  0.000  0.000    3.112    3.393    0    0  (Gen:  0)
  1042808    467176 656769224  0.000  0.000    3.113    3.394    0    0  (Gen:  0)
  1042520    481528 657040328  0.000  0.000    3.114    3.395    0    0  (Gen:  0)
  1042776    473624 657311488  0.000  0.000    3.114    3.396    0    0  (Gen:  0)
  1042296    467704 657584184  0.000  0.000    3.115    3.396    0    0  (Gen:  0)
  1042880    483336 657855848  0.000  0.000    3.116    3.397    0    0  (Gen:  0)
  1042392    474512 658126536  0.000  0.000    3.117    3.398    0    0  (Gen:  0)
  1042752    470096 658400560  0.000  0.000    3.118    3.399    0    0  (Gen:  0)
  1042720    484992 658671760  0.000  0.000    3.118    3.400    0    0  (Gen:  0)
  1042584    478136 658943944  0.000  0.000    3.119    3.400    0    0  (Gen:  0)
  1042584    470992 659215920  0.000  0.000    3.120    3.401    0    0  (Gen:  0)
  1042648    464464 659488736  0.000  0.000    3.121    3.402    0    0  (Gen:  0)
  1042768    478736 659759128  0.000  0.000    3.122    3.403    0    0  (Gen:  0)
  1042392    472072 660031048  0.000  0.000    3.122    3.404    0    0  (Gen:  0)
  1042888    466128 660304216  0.000  0.000    3.123    3.404    0    0  (Gen:  0)
  1042280    480464 660574960  0.000  0.000    3.124    3.405    0    0  (Gen:  0)
  1042912    473096 660846912  0.000  0.000    3.125    3.406    0    0  (Gen:  0)
  1042488    468456 661120424  0.000  0.000    3.126    3.407    0    0  (Gen:  0)
  1042696    481616 661390544  0.000  0.000    3.127    3.408    0    0  (Gen:  0)
  1042712    474912 661662504  0.000  0.000    3.127    3.409    0    0  (Gen:  0)
  1173664    468664 661967992  0.000  0.000    3.128    3.409    0    0  (Gen:  0)
  1108168    484720 662207408  0.000  0.000    3.129    3.410    0    0  (Gen:  0)
  1140808    477368 662479120  0.000  0.000    3.130    3.411    0    0  (Gen:  0)
  1141152    470240 662783704  0.000  0.000    3.131    3.412    0    0  (Gen:  0)
  1042272    425432 663056648  0.000  0.000    3.131    3.413    0    0  (Gen:  0)
  1042888    478224 663327064  0.000  0.000    3.132    3.413    0    0  (Gen:  0)
  1042456    471280 663598904  0.000  0.000    3.133    3.414    0    0  (Gen:  0)
  1042624    465888 663872744  0.000  0.000    3.134    3.415    0    0  (Gen:  0)
  1042760    479320 664142576  0.000  0.000    3.134    3.416    0    0  (Gen:  0)
  1042592    472416 664414648  0.000  0.000    3.135    3.417    0    0  (Gen:  0)
  1042792    466992 664687832  0.000  0.000    3.136    3.417    0    0  (Gen:  0)
  1042536    481888 664959392  0.000  0.000    3.137    3.418    0    0  (Gen:  0)
  1042760    474336 665230576  0.000  0.000    3.138    3.419    0    0  (Gen:  0)
  1042296    467704 665502792  0.000  0.000    3.138    3.420    0    0  (Gen:  0)
  1042904    483560 665774768  0.000  0.000    3.139    3.421    0    0  (Gen:  0)
  1042384    474936 666045600  0.000  0.000    3.140    3.422    0    0  (Gen:  0)
  1042760    469400 666318608  0.000  0.000    3.141    3.422    0    0  (Gen:  0)
  1042680    485424 666590824  0.000  0.000    3.142    3.423    0    0  (Gen:  0)
  1042600    477120 666861912  0.000  0.000    3.143    3.424    0    0  (Gen:  0)
  1042600    471376 667134800  0.000  0.001    3.143    3.425    0    0  (Gen:  0)
  1042576    465200 667407984  0.001  0.001    3.145    3.426    0    0  (Gen:  0)
  1042848    479248 667678256  0.001  0.001    3.146    3.427    0    0  (Gen:  0)
  1042352    472424 667950192  0.001  0.001    3.147    3.429    0    0  (Gen:  0)
  1042904    466040 668222632  0.001  0.001    3.148    3.430    0    0  (Gen:  0)
  1042296    480720 668493656  0.001  0.001    3.149    3.431    0    0  (Gen:  0)
  1042896    473016 668765216  0.001  0.001    3.150    3.432    0    0  (Gen:  0)
  1042504    468400 669038912  0.001  0.001    3.151    3.433    0    0  (Gen:  0)
  1042696    482480 669309832  0.001  0.001    3.152    3.434    0    0  (Gen:  0)
  1042688    475568 669581704  0.001  0.001    3.153    3.435    0    0  (Gen:  0)
  1042576    468832 669854056  0.000  0.000    3.154    3.436    0    0  (Gen:  0)
  1042672    484680 670125792  0.001  0.001    3.155    3.437    0    0  (Gen:  0)
  1042480    477096 670397344  0.000  0.000    3.156    3.438    0    0  (Gen:  0)
  1042840    470448 670669472  0.000  0.000    3.157    3.439    0    0  (Gen:  0)
  1042248    463648 670942368  0.000  0.000    3.158    3.439    0    0  (Gen:  0)
  1042944    478712 671213216  0.000  0.000    3.159    3.440    0    0  (Gen:  0)
  1042456    471840 671485080  0.000  0.000    3.159    3.441    0    0  (Gen:  0)
  1042616    465504 671758000  0.000  0.000    3.160    3.442    0    0  (Gen:  0)
  1042776    480080 672028888  0.000  0.000    3.161    3.443    0    0  (Gen:  0)
  1042592    472920 672300776  0.000  0.000    3.162    3.443    0    0  (Gen:  0)
  1042784    467168 672573936  0.000  0.000    3.163    3.444    0    0  (Gen:  0)
  1042544    481984 672845080  0.000  0.000    3.163    3.445    0    0  (Gen:  0)
  1042752    474312 673116280  0.000  0.000    3.164    3.446    0    0  (Gen:  0)
  1042280    468448 673389280  0.000  0.000    3.165    3.447    0    0  (Gen:  0)
  1042880    483800 673660936  0.000  0.000    3.166    3.447    0    0  (Gen:  0)
  1042408    475328 673931672  0.000  0.000    3.167    3.448    0    0  (Gen:  0)
  1042776    469376 674204304  0.000  0.000    3.167    3.449    0    0  (Gen:  0)
  1042656    464240 674477320  0.000  0.000    3.168    3.450    0    0  (Gen:  0)
  1042632    477720 674748384  0.000  0.000    3.169    3.451    0    0  (Gen:  0)
  1042568    470976 675020440  0.000  0.000    3.170    3.451    0    0  (Gen:  0)
  1042608    465992 675294384  0.000  0.000    3.171    3.452    0    0  (Gen:  0)
  1042824    479672 675564496  0.000  0.000    3.171    3.453    0    0  (Gen:  0)
  1042352    472064 675835688  0.000  0.000    3.172    3.454    0    0  (Gen:  0)
  1042912    466704 676109072  0.000  0.001    3.173    3.455    0    0  (Gen:  0)
  1042272    481264 676380096  0.000  0.000    3.174    3.456    0    0  (Gen:  0)
  1042904    473592 676651656  0.000  0.000    3.175    3.457    0    0  (Gen:  0)
  1042488    468048 676924488  0.000  0.000    3.175    3.457    0    0  (Gen:  0)
  1042712    483000 677196024  0.000  0.000    3.176    3.458    0    0  (Gen:  0)
  1042672    475136 677467176  0.000  0.000    3.177    3.459    0    0  (Gen:  0)
  1042592    469704 677740360  0.000  0.000    3.178    3.460    0    0  (Gen:  0)
  1042672    484288 678011336  0.000  0.000    3.179    3.461    0    0  (Gen:  0)
  1042504    477880 678283864  0.000  0.000    3.179    3.461    0    0  (Gen:  0)
  1042816    470760 678555816  0.000  0.000    3.180    3.462    0    0  (Gen:  0)
  1042272    463888 678828456  0.001  0.001    3.182    3.464    0    0  (Gen:  0)
  1042936    478504 679098976  0.001  0.001    3.183    3.465    0    0  (Gen:  0)
  1042472    471848 679370728  0.001  0.001    3.184    3.466    0    0  (Gen:  0)
  1042584    466296 679644384  0.001  0.001    3.185    3.467    0    0  (Gen:  0)
  1042808    480752 679915344  0.001  0.001    3.186    3.469    0    0  (Gen:  0)
  1042584    472904 680186808  0.001  0.001    3.187    3.470    0    0  (Gen:  0)
  1042768    467824 680460336  0.001  0.001    3.188    3.471    0    0  (Gen:  0)
  1042560    481728 680730816  0.001  0.001    3.190    3.472    0    0  (Gen:  0)
  1042760    474768 681002472  0.001  0.001    3.191    3.473    0    0  (Gen:  0)
  1042272    468112 681275040  0.001  0.001    3.192    3.474    0    0  (Gen:  0)
  1042880    484512 681547432  0.001  0.001    3.193    3.475    0    0  (Gen:  0)
  1042368    476872 681818792  0.001  0.001    3.194    3.476    0    0  (Gen:  0)
  1042800    470232 682090792  0.001  0.001    3.195    3.477    0    0  (Gen:  0)
  1042656    463376 682363808  0.000  0.000    3.196    3.478    0    0  (Gen:  0)
  1042648    477432 682633848  0.000  0.000    3.197    3.479    0    0  (Gen:  0)
  1042560    470648 682905768  0.000  0.000    3.198    3.480    0    0  (Gen:  0)
  1042616    465832 683179960  0.000  0.000    3.199    3.481    0    0  (Gen:  0)
  1042832    479440 683450144  0.000  0.000    3.199    3.482    0    0  (Gen:  0)
  1042320 616388776 616847504  0.651  0.821    3.851    4.303    0    0  (Gen:  1)
  1042896    406984 617061408  0.000  0.000    3.852    4.304    0    0  (Gen:  0)
  1042296    422256 617273176  0.000  0.000    3.853    4.305    0    0  (Gen:  0)
  1042904    414232 617484856  0.000  0.000    3.853    4.306    0    0  (Gen:  0)
  1042504    408240 617697856  0.000  0.000    3.854    4.306    0    0  (Gen:  0)
  1042712    423936 617910200  0.000  0.000    3.855    4.307    0    0  (Gen:  0)
  1042664    415176 618121424  0.000  0.000    3.856    4.308    0    0  (Gen:  0)
  1042584    409888 618335056  0.000  0.000    3.856    4.309    0    0  (Gen:  0)
  1042664    425720 618547424  0.000  0.000    3.857    4.309    0    0  (Gen:  0)
  1042536    418576 618760032  0.000  0.000    3.858    4.310    0    0  (Gen:  0)
  1042800    411240 618972336  0.000  0.000    3.859    4.311    0    0  (Gen:  0)
  1042256    404688 619185288  0.000  0.000    3.859    4.312    0    0  (Gen:  0)
  1042968    419864 619396704  0.000  0.000    3.860    4.312    0    0  (Gen:  0)
  1042456    412376 619608928  0.000  0.000    3.861    4.313    0    0  (Gen:  0)
  1042576    406544 619822312  0.000  0.000    3.862    4.314    0    0  (Gen:  0)
  1042816    421432 620033944  0.000  0.000    3.862    4.315    0    0  (Gen:  0)
  1042568    413368 620245872  0.000  0.000    3.863    4.315    0    0  (Gen:  0)
  1042776    408568 620459768  0.000  0.000    3.864    4.316    0    0  (Gen:  0)
  1042576    422808 620670920  0.000  0.000    3.865    4.317    0    0  (Gen:  0)
  1042728    415448 620883128  0.000  0.000    3.865    4.318    0    0  (Gen:  0)
  1042288    408616 621095784  0.000  0.000    3.866    4.318    0    0  (Gen:  0)
  1042904    425032 621308496  0.000  0.000    3.867    4.319    0    0  (Gen:  0)
  1042352    418248 621521168  0.000  0.000    3.868    4.320    0    0  (Gen:  0)
  1042760    410416 621733120  0.000  0.000    3.869    4.321    0    0  (Gen:  0)
  1042688    403976 621946400  0.000  0.000    3.869    4.322    0    0  (Gen:  0)
  1042632    419280 622157712  0.000  0.000    3.870    4.323    0    0  (Gen:  0)
  1042584    411664 622369832  0.000  0.000    3.871    4.324    0    0  (Gen:  0)
  1042632    405712 622583392  0.000  0.000    3.872    4.324    0    0  (Gen:  0)
  1042816    420432 622794672  0.001  0.001    3.873    4.325    0    0  (Gen:  0)
  1042320    412824 623006928  0.001  0.001    3.874    4.327    0    0  (Gen:  0)
  1042904    407096 623220296  0.001  0.001    3.875    4.328    0    0  (Gen:  0)
  1042256    422760 623432544  0.001  0.001    3.876    4.329    0    0  (Gen:  0)
  1042944    414680 623643992  0.000  0.000    3.877    4.330    0    0  (Gen:  0)
  1042504    408568 623857024  0.001  0.001    3.878    4.331    0    0  (Gen:  0)
  1042704    424032 624069192  0.001  0.001    3.879    4.332    0    0  (Gen:  0)
  1042608    415744 624280776  0.000  0.000    3.880    4.333    0    0  (Gen:  0)
  1042624    409808 624493904  0.000  0.000    3.881    4.334    0    0  (Gen:  0)
  1042680    425984 624706576  0.000  0.000    3.882    4.335    0    0  (Gen:  0)
  1042496    417992 624918504  0.000  0.000    3.883    4.336    0    0  (Gen:  0)
  1042848    411768 625131616  0.000  0.000    3.883    4.336    0    0  (Gen:  0)
  1042256    405392 625344728  0.000  0.000    3.884    4.337    0    0  (Gen:  0)
  1042952    420416 625556088  0.000  0.000    3.885    4.338    0    0  (Gen:  0)
  1042456    412768 625768312  0.000  0.000    3.886    4.339    0    0  (Gen:  0)
  1042592    406280 625980936  0.000  0.000    3.886    4.339    0    0  (Gen:  0)
  1042744    421552 626192896  0.000  0.000    3.887    4.340    0    0  (Gen:  0)
  1042624    413432 626404784  0.000  0.000    3.888    4.341    0    0  (Gen:  0)
  1042768    408760 626618632  0.000  0.000    3.889    4.342    0    0  (Gen:  0)
  1042600    423376 626830320  0.000  0.000    3.890    4.343    0    0  (Gen:  0)
  1042712    416096 627042608  0.000  0.000    3.890    4.344    0    0  (Gen:  0)
  1042312    409136 627255160  0.000  0.000    3.891    4.344    0    0  (Gen:  0)
  1042872    425096 627467320  0.000  0.000    3.892    4.345    0    0  (Gen:  0)
  1042304    417792 627679736  0.000  0.000    3.893    4.346    0    0  (Gen:  0)
  1042840    410632 627892016  0.000  0.000    3.893    4.347    0    0  (Gen:  0)
  1042632    404136 628105280  0.000  0.000    3.894    4.347    0    0  (Gen:  0)
  1042672    419560 628316848  0.000  0.000    3.895    4.348    0    0  (Gen:  0)
  1042600    412104 628529056  0.000  0.000    3.896    4.349    0    0  (Gen:  0)
  1042616    405880 628742168  0.000  0.000    3.896    4.350    0    0  (Gen:  0)
  1042784    421312 628954168  0.000  0.000    3.897    4.350    0    0  (Gen:  0)
  1042312    413096 629165880  0.000  0.000    3.898    4.351    0    0  (Gen:  0)
  1042928    407416 629379424  0.000  0.000    3.899    4.352    0    0  (Gen:  0)
  1042288    423096 629591544  0.000  0.000    3.899    4.353    0    0  (Gen:  0)
  1042928    414424 629802688  0.000  0.000    3.900    4.353    0    0  (Gen:  0)
  1042504    408984 630016344  0.000  0.000    3.901    4.354    0    0  (Gen:  0)
  1042680    424376 630228376  0.000  0.000    3.902    4.355    0    0  (Gen:  0)
  1042568    416128 630439920  0.000  0.000    3.902    4.356    0    0  (Gen:  0)
  1042696    409912 630652792  0.000  0.000    3.903    4.357    0    0  (Gen:  0)
  1042640    404256 630866160  0.000  0.000    3.904    4.357    0    0  (Gen:  0)
  1042480    418688 631078024  0.000  0.000    3.905    4.358    0    0  (Gen:  0)
  1042904    411416 631290376  0.000  0.000    3.905    4.359    0    0  (Gen:  0)
  1042264    405888 631504032  0.000  0.000    3.906    4.360    0    0  (Gen:  0)
  1042928    420416 631715240  0.000  0.000    3.907    4.360    0    0  (Gen:  0)
  1042464    412664 631927048  0.000  0.000    3.908    4.361    0    0  (Gen:  0)
  1042600    406944 632140440  0.000  0.000    3.908    4.362    0    0  (Gen:  0)
  1042712    421840 632352232  0.000  0.000    3.909    4.363    0    0  (Gen:  0)
  1042608    414016 632564112  0.000  0.000    3.910    4.363    0    0  (Gen:  0)
  1042704    408392 632777336  0.001  0.001    3.911    4.365    0    0  (Gen:  0)
  1042672    423416 632989064  0.001  0.001    3.912    4.366    0    0  (Gen:  0)
  1042760    415680 633201088  0.001  0.001    3.914    4.367    0    0  (Gen:  0)
  1042280    409976 633414472  0.001  0.001    3.915    4.368    0    0  (Gen:  0)
  1042872    425080 633626176  0.001  0.001    3.916    4.369    0    0  (Gen:  0)
  1042288    418448 633839176  0.001  0.001    3.917    4.370    0    0  (Gen:  0)
  1042888    410848 634051200  0.001  0.001    3.918    4.371    0    0  (Gen:  0)
  1042624    404432 634264352  0.001  0.001    3.919    4.372    0    0  (Gen:  0)
  1042640    419528 634475784  0.001  0.001    3.920    4.373    0    0  (Gen:  0)
  1042608    412096 634687872  0.001  0.001    3.921    4.374    0    0  (Gen:  0)
  1042640    406496 634901560  0.000  0.000    3.922    4.375    0    0  (Gen:  0)
  1042784    421632 635113400  0.000  0.000    3.922    4.376    0    0  (Gen:  0)
  1042272    413176 635325136  0.001  0.001    3.924    4.377    0    0  (Gen:  0)
  1042960    408064 635538856  0.001  0.001    3.925    4.379    0    0  (Gen:  0)
  1042296    422592 635749968  0.001  0.001    3.926    4.380    0    0  (Gen:  0)
  1042936    414920 635962048  0.001  0.001    3.927    4.381    0    0  (Gen:  0)
  1042480    408728 636175216  0.001  0.001    3.928    4.382    0    0  (Gen:  0)
  1042640    425072 636387920  0.001  0.001    3.929    4.383    0    0  (Gen:  0)
  1042624    417656 636600024  0.001  0.001    3.930    4.384    0    0  (Gen:  0)
  1042696    410360 636812280  0.001  0.001    3.931    4.385    0    0  (Gen:  0)
  1042640    403752 637025568  0.001  0.001    3.932    4.386    0    0  (Gen:  0)
  1042464    418528 637236568  0.001  0.001    3.933    4.387    0    0  (Gen:  0)
  1042904    410968 637448736  0.000  0.000    3.934    4.388    0    0  (Gen:  0)
  1042240    405752 637662736  0.000  0.000    3.935    4.389    0    0  (Gen:  0)
  1042936    420400 637873952  0.000  0.000    3.936    4.390    0    0  (Gen:  0)
  1042504    412536 638085792  0.000  0.000    3.937    4.391    0    0  (Gen:  0)
  1042560    407056 638299568  0.000  0.000    3.938    4.391    0    0  (Gen:  0)
  1042736    422368 638511544  0.000  0.000    3.938    4.392    0    0  (Gen:  0)
  1042608    414320 638723032  0.000  0.000    3.939    4.393    0    0  (Gen:  0)
  1042696    408008 638935848  0.000  0.000    3.940    4.394    0    0  (Gen:  0)
  1042664    424040 639148424  0.000  0.000    3.941    4.395    0    0  (Gen:  0)
  1042792    415384 639359744  0.000  0.000    3.941    4.395    0    0  (Gen:  0)
  1042248    410040 639573432  0.000  0.000    3.942    4.396    0    0  (Gen:  0)
  1042888    425648 639785664  0.000  0.000    3.943    4.397    0    0  (Gen:  0)
  1042304    418560 639998128  0.000  0.000    3.943    4.398    0    0  (Gen:  0)
  1042880    411296 640210648  0.000  0.000    3.944    4.398    0    0  (Gen:  0)
  1042608    404912 640423640  0.000  0.000    3.945    4.399    0    0  (Gen:  0)
  1042632    420056 640634984  0.000  0.000    3.946    4.400    0    0  (Gen:  0)
  1042616    412528 640847232  0.000  0.000    3.946    4.401    0    0  (Gen:  0)
  1042640    406368 641060368  0.000  0.000    3.947    4.401    0    0  (Gen:  0)
  1042768    421560 641272192  0.000  0.000    3.948    4.402    0    0  (Gen:  0)
  1042312    413152 641483848  0.000  0.000    3.949    4.403    0    0  (Gen:  0)
  1042896    408352 641697784  0.000  0.000    3.949    4.404    0    0  (Gen:  0)
  1042336    422832 641909136  0.000  0.000    3.950    4.404    0    0  (Gen:  0)
  1042944    415472 642121376  0.000  0.000    3.951    4.405    0    0  (Gen:  0)
  1042432    408664 642334040  0.000  0.000    3.952    4.406    0    0  (Gen:  0)
  1042696    425256 642546864  0.000  0.000    3.952    4.407    0    0  (Gen:  0)
  1042600    418432 642759440  0.000  0.000    3.953    4.407    0    0  (Gen:  0)
  1042720    410208 642971024  0.000  0.000    3.954    4.408    0    0  (Gen:  0)
  1042640    404128 643184720  0.000  0.000    3.955    4.409    0    0  (Gen:  0)
  1042440    419416 643395936  0.000  0.000    3.955    4.410    0    0  (Gen:  0)
  1042904    411904 643608160  0.000  0.000    3.956    4.410    0    0  (Gen:  0)
  1042264    405800 643821648  0.000  0.000    3.957    4.411    0    0  (Gen:  0)
  1042936    420496 644032928  0.000  0.000    3.958    4.412    0    0  (Gen:  0)
  1140800    412944 644278000  0.000  0.000    3.959    4.413    0    0  (Gen:  0)
  1140872    407072 644491296  0.000  0.000    3.959    4.413    0    0  (Gen:  0)
  1105504    422152 644670120  0.000  0.000    3.960    4.414    0    0  (Gen:  0)
  1140616    414088 644914248  0.000  0.000    3.961    4.415    0    0  (Gen:  0)
  1075216    408128 645127056  0.000  0.000    3.962    4.416    0    0  (Gen:  0)
  1042224    425136 645398608  0.000  0.000    3.962    4.417    0    0  (Gen:  0)
  1042960    424192 645669880  0.000  0.000    3.963    4.417    0    0  (Gen:  0)
  1042504    469680 645943120  0.000  0.000    3.964    4.418    0    0  (Gen:  0)
  1042704    485088 646214952  0.000  0.000    3.965    4.419    0    0  (Gen:  0)
  1042592    477664 646486528  0.000  0.000    3.966    4.420    0    0  (Gen:  0)
  1042656    471392 646759176  0.000  0.000    3.966    4.421    0    0  (Gen:  0)
  1042696    464680 647032008  0.000  0.000    3.967    4.421    0    0  (Gen:  0)
  1042496    478816 647302272  0.000  0.000    3.968    4.422    0    0  (Gen:  0)
  1042816    472600 647574560  0.000  0.000    3.969    4.423    0    0  (Gen:  0)
  1042328    465848 647846952  0.000  0.000    3.970    4.424    0    0  (Gen:  0)
  1042920    480824 648118344  0.000  0.000    3.970    4.425    0    0  (Gen:  0)
  1042480    472592 648389400  0.000  0.000    3.971    4.426    0    0  (Gen:  0)
  1042592    468128 648663144  0.000  0.000    3.972    4.427    0    0  (Gen:  0)
  1042760    482288 648934024  0.000  0.000    3.973    4.427    0    0  (Gen:  0)
  1042504    475256 649205752  0.000  0.000    3.974    4.428    0    0  (Gen:  0)
  1042768    468552 649478280  0.000  0.000    3.975    4.429    0    0  (Gen:  0)
  1042680    484864 649750384  0.000  0.000    3.975    4.430    0    0  (Gen:  0)
  1042728    477408 650022096  0.000  0.000    3.976    4.431    0    0  (Gen:  0)
  1042240    470064 650293592  0.000  0.000    3.977    4.431    0    0  (Gen:  0)
  1042928    463384 650566640  0.000  0.000    3.978    4.432    0    0  (Gen:  0)
  1042296    478512 650837376  0.000  0.000    3.979    4.433    0    0  (Gen:  0)
  1042904    471768 651109360  0.000  0.000    3.979    4.434    0    0  (Gen:  0)
  1042568    465592 651382616  0.000  0.000    3.980    4.435    0    0  (Gen:  0)
  1042664    479560 651653048  0.000  0.000    3.981    4.435    0    0  (Gen:  0)
  1042640    472824 651925240  0.000  0.000    3.982    4.436    0    0  (Gen:  0)
  1042632    466928 652198240  0.000  0.000    3.983    4.437    0    0  (Gen:  0)
  1042656    482184 652469832  0.000  0.000    3.983    4.438    0    0  (Gen:  0)
  1042424    474216 652740664  0.000  0.000    3.984    4.439    0    0  (Gen:  0)
  1042880    468336 653013584  0.000  0.000    3.985    4.439    0    0  (Gen:  0)
  1042248    483648 653285008  0.000  0.000    3.986    4.440    0    0  (Gen:  0)
  1042944    475184 653556024  0.000  0.000    3.986    4.441    0    0  (Gen:  0)
  1042528    469224 653828488  0.000  0.000    3.987    4.442    0    0  (Gen:  0)
  1042696    485752 654101264  0.000  0.000    3.988    4.443    0    0  (Gen:  0)
  1042592    477432 654372528  0.000  0.000    3.989    4.443    0    0  (Gen:  0)
  1042664    471408 654644872  0.000  0.000    3.990    4.444    0    0  (Gen:  0)
  1042664    465384 654918344  0.000  0.000    3.990    4.445    0    0  (Gen:  0)
  1042520    479328 655188624  0.000  0.000    3.991    4.446    0    0  (Gen:  0)
  1042808    472568 655460664  0.000  0.000    3.992    4.447    0    0  (Gen:  0)
  1042344    466320 655733160  0.000  0.000    3.993    4.447    0    0  (Gen:  0)
  1042840    481152 656004408  0.000  0.000    3.994    4.448    0    0  (Gen:  0)
  1042512    473256 656275752  0.000  0.000    3.994    4.449    0    0  (Gen:  0)
  1042640    468240 656549160  0.000  0.000    3.995    4.450    0    0  (Gen:  0)
  1042616    482848 656820320  0.000  0.000    3.996    4.451    0    0  (Gen:  0)
  1042232    475496 657091952  0.000  0.000    3.997    4.451    0    0  (Gen:  0)
  1042424    468912 657364384  0.000  0.000    3.998    4.452    0    0  (Gen:  0)
  1042704    484496 657635912  0.000  0.000    3.998    4.453    0    0  (Gen:  0)
  1042616    477424 657907736  0.000  0.000    3.999    4.454    0    0  (Gen:  0)
  1042696    470152 658179576  0.000  0.000    4.000    4.455    0    0  (Gen:  0)
  1042672    463848 658452728  0.000  0.000    4.001    4.455    0    0  (Gen:  0)
  1042448    478800 658723464  0.000  0.000    4.002    4.456    0    0  (Gen:  0)
  1042864    471664 658995064  0.000  0.000    4.002    4.457    0    0  (Gen:  0)
  1042296    465816 659268256  0.000  0.000    4.003    4.458    0    0  (Gen:  0)
  1042928    480328 659539304  0.001  0.001    4.005    4.459    0    0  (Gen:  0)
  1042488    473008 659810776  0.001  0.001    4.006    4.461    0    0  (Gen:  0)
  1042584    467328 660084208  0.001  0.001    4.007    4.462    0    0  (Gen:  0)
  1042744    482088 660355288  0.001  0.001    4.008    4.463    0    0  (Gen:  0)
  1042552    474160 660626240  0.001  0.001    4.009    4.464    0    0  (Gen:  0)
  1042760    468568 660899504  0.001  0.001    4.011    4.466    0    0  (Gen:  0)
  1042648    484168 661171336  0.001  0.001    4.012    4.467    0    0  (Gen:  0)
  1042720    475992 661442528  0.001  0.001    4.013    4.468    0    0  (Gen:  0)
  1042280    469576 661714688  0.001  0.001    4.014    4.469    0    0  (Gen:  0)
  1042912    463448 661987736  0.001  0.001    4.016    4.470    0    0  (Gen:  0)
  1042304    477728 662258472  0.001  0.001    4.017    4.471    0    0  (Gen:  0)
  1042896    471032 662530608  0.001  0.001    4.018    4.473    0    0  (Gen:  0)
  1042624    465880 662804400  0.001  0.001    4.019    4.474    0    0  (Gen:  0)
  1042600    479520 663074744  0.001  0.001    4.020    4.475    0    0  (Gen:  0)
  1042616    472208 663345944  0.000  0.000    4.021    4.476    0    0  (Gen:  0)
  1042616    467000 663619368  0.001  0.001    4.022    4.477    0    0  (Gen:  0)
  1042704    481200 663890448  0.001  0.001    4.023    4.478    0    0  (Gen:  0)
  1042424    473616 664161784  0.001  0.001    4.024    4.479    0    0  (Gen:  0)
  1042864    468168 664434888  0.001  0.001    4.025    4.480    0    0  (Gen:  0)
  1042272    482752 664705856  0.001  0.001    4.026    4.481    0    0  (Gen:  0)
  1042968    474768 664977088  0.001  0.001    4.027    4.482    0    0  (Gen:  0)
  1042472    470000 665250720  0.001  0.001    4.028    4.483    0    0  (Gen:  0)
  1042680    484272 665521560  0.001  0.001    4.029    4.484    0    0  (Gen:  0)
  1042616    478064 665794104  0.000  0.000    4.030    4.485    0    0  (Gen:  0)
  1042688    470904 666065904  0.000  0.000    4.031    4.486    0    0  (Gen:  0)
  1042648    464280 666338880  0.000  0.000    4.032    4.487    0    0  (Gen:  0)
  1042488    478536 666609200  0.000  0.000    4.033    4.488    0    0  (Gen:  0)
  1042832    471936 666881200  0.000  0.000    4.034    4.489    0    0  (Gen:  0)
  1042312    466432 667154696  0.000  0.000    4.035    4.490    0    0  (Gen:  0)
  1042960    480704 667425512  0.000  0.000    4.035    4.491    0    0  (Gen:  0)
  1042472    472872 667696896  0.000  0.000    4.036    4.491    0    0  (Gen:  0)
  1042568    467840 667970344  0.000  0.000    4.037    4.492    0    0  (Gen:  0)
  1042760    481480 668240584  0.000  0.000    4.038    4.493    0    0  (Gen:  0)
  1042536    474752 668512560  0.000  0.000    4.039    4.494    0    0  (Gen:  0)
  1042776    468472 668785320  0.000  0.000    4.039    4.495    0    0  (Gen:  0)
  1042656    484688 669057624  0.000  0.000    4.040    4.495    0    0  (Gen:  0)
  1042712    477120 669329136  0.000  0.000    4.041    4.496    0    0  (Gen:  0)
  1042248    470024 669600984  0.000  0.000    4.042    4.497    0    0  (Gen:  0)
  1042920    463472 669874096  0.000  0.000    4.043    4.498    0    0  (Gen:  0)
  1042312    477536 670143944  0.000  0.000    4.044    4.499    0    0  (Gen:  0)
  1042888    470816 670415968  0.000  0.000    4.044    4.499    0    0  (Gen:  0)
  1042592    465928 670690048  0.000  0.000    4.045    4.500    0    0  (Gen:  0)
  1042648    479112 670959920  0.000  0.000    4.046    4.501    0    0  (Gen:  0)
  1042640    472480 671231816  0.000  0.000    4.047    4.502    0    0  (Gen:  0)
  1042616    466872 671505352  0.000  0.000    4.047    4.503    0    0  (Gen:  0)
  1042704    481672 671776696  0.000  0.000    4.048    4.503    0    0  (Gen:  0)
  1042408    474072 672047696  0.000  0.000    4.049    4.504    0    0  (Gen:  0)
  1042880    467704 672320136  0.000  0.000    4.050    4.505    0    0  (Gen:  0)
  1042224    483048 672591656  0.000  0.000    4.051    4.506    0    0  (Gen:  0)
  1042960    474976 672862896  0.000  0.000    4.051    4.507    0    0  (Gen:  0)
  1042504    469680 673136136  0.001  0.001    4.052    4.508    0    0  (Gen:  0)
  1042704    485088 673407968  0.000  0.000    4.053    4.509    0    0  (Gen:  0)
  1042592    477664 673679544  0.000  0.000    4.054    4.509    0    0  (Gen:  0)
  1042656    471392 673952192  0.000  0.000    4.055    4.510    0    0  (Gen:  0)
  1042696    464680 674225024  0.000  0.000    4.056    4.511    0    0  (Gen:  0)
  1042496    478816 674495288  0.000  0.000    4.057    4.512    0    0  (Gen:  0)
  1042816    472600 674767576  0.000  0.000    4.057    4.513    0    0  (Gen:  0)
  1042328    465848 675039968  0.000  0.000    4.058    4.513    0    0  (Gen:  0)
  1042920    480824 675311360  0.000  0.000    4.059    4.514    0    0  (Gen:  0)
  1042480    472592 675582416  0.000  0.000    4.060    4.515    0    0  (Gen:  0)
  1042592    468128 675856160  0.000  0.000    4.061    4.516    0    0  (Gen:  0)
  1042760    482288 676127040  0.001  0.001    4.062    4.517    0    0  (Gen:  0)
  1042504    475256 676398768  0.001  0.001    4.063    4.519    0    0  (Gen:  0)
  1042768    468552 676671296  0.001  0.001    4.065    4.520    0    0  (Gen:  0)
  1042680    484864 676943400  0.001  0.001    4.066    4.521    0    0  (Gen:  0)
  1042728    477408 677215112  0.001  0.001    4.067    4.522    0    0  (Gen:  0)
  1042240    470064 677486608  0.001  0.001    4.068    4.523    0    0  (Gen:  0)
  1042928    463384 677759656  0.001  0.001    4.069    4.524    0    0  (Gen:  0)
  1042296    478512 678030392  0.001  0.001    4.070    4.525    0    0  (Gen:  0)
  1042904    471768 678302376  0.001  0.001    4.071    4.527    0    0  (Gen:  0)
  1042568    465592 678575632  0.001  0.001    4.072    4.527    0    0  (Gen:  0)
  1042664    479560 678846064  0.000  0.000    4.073    4.528    0    0  (Gen:  0)
  1042640    472824 679118256  0.001  0.001    4.074    4.529    0    0  (Gen:  0)
  1042632    466928 679391256  0.001  0.001    4.075    4.530    0    0  (Gen:  0)
  1042656    482184 679662848  0.000  0.000    4.076    4.531    0    0  (Gen:  0)
  1042424    474216 679933680  0.000  0.000    4.076    4.532    0    0  (Gen:  0)
  1042880    468336 680206600  0.000  0.000    4.077    4.533    0    0  (Gen:  0)
  1042248    483648 680478024  0.000  0.000    4.078    4.534    0    0  (Gen:  0)
  1042944    475184 680749040  0.000  0.000    4.079    4.534    0    0  (Gen:  0)
  1042528    469224 681021504  0.000  0.000    4.080    4.535    0    0  (Gen:  0)
  1042696    485752 681294280  0.000  0.000    4.080    4.536    0    0  (Gen:  0)
  1042592    477432 681565544  0.000  0.000    4.081    4.537    0    0  (Gen:  0)
  1042664    471408 681837888  0.000  0.000    4.082    4.538    0    0  (Gen:  0)
  1042664    465384 682111360  0.000  0.000    4.083    4.538    0    0  (Gen:  0)
  1042520    479328 682381640  0.000  0.000    4.084    4.539    0    0  (Gen:  0)
  1042808    472568 682653680  0.000  0.000    4.084    4.540    0    0  (Gen:  0)
  1042344    466320 682926176  0.000  0.000    4.085    4.541    0    0  (Gen:  0)
  1042840    481152 683197424  0.000  0.000    4.086    4.542    0    0  (Gen:  0)
  1042512    473256 683468768  0.000  0.000    4.087    4.543    0    0  (Gen:  0)
  1042640    468240 683742176  0.000  0.000    4.088    4.544    0    0  (Gen:  0)
  1042736    482752 684013240  0.000  0.000    4.089    4.544    0    0  (Gen:  0)
  1042528    475504 684284888  0.000  0.000    4.089    4.545    0    0  (Gen:  0)
  1042704    469120 684557632  0.000  0.000    4.090    4.546    0    0  (Gen:  0)
  1042720    484736 684829264  0.000  0.000    4.091    4.547    0    0  (Gen:  0)
  1042712    477648 685101112  0.000  0.000    4.092    4.548    0    0  (Gen:  0)
  1042280    470136 685372744  0.000  0.000    4.093    4.549    0    0  (Gen:  0)
  1042904    463904 685645984  0.000  0.000    4.093    4.549    0    0  (Gen:  0)
  1042312    478504 685916184  0.000  0.000    4.094    4.550    0    0  (Gen:  0)
  1042880    471696 686188256  0.000  0.000    4.095    4.551    0    0  (Gen:  0)
  1042576    466128 686461648  0.000  0.000    4.096    4.552    0    0  (Gen:  0)
  1042680    480352 686732600  0.000  0.000    4.097    4.553    0    0  (Gen:  0)
  1042616    473120 687004216  0.000  0.000    4.097    4.553    0    0  (Gen:  0)
  1042648    467400 687277512  0.000  0.000    4.098    4.554    0    0  (Gen:  0)
  1042656    482128 687548600  0.000  0.000    4.099    4.555    0    0  (Gen:  0)
  1042432    474224 687819480  0.000  0.000    4.100    4.556    0    0  (Gen:  0)
  1042880    468344 688092784  0.000  0.000    4.101    4.557    0    0  (Gen:  0)
  1042224    484032 688364392  0.000  0.000    4.101    4.558    0    0  (Gen:  0)
  1042864    476352 688635968  0.000  0.000    4.102    4.558    0    0  (Gen:  0)
  1042616    469704 688907976  0.000  0.000    4.103    4.559    0    0  (Gen:  0)
  1042696    463232 689181008  0.000  0.000    4.104    4.560    0    0  (Gen:  0)
  1042600    477848 689451792  0.000  0.000    4.105    4.561    0    0  (Gen:  0)
  1042640    470984 689723704  0.000  0.000    4.105    4.562    0    0  (Gen:  0)
  1042696    466096 689997856  0.000  0.000    4.106    4.562    0    0  (Gen:  0)
  1042504    479304 690267760  0.000  0.000    4.107    4.563    0    0  (Gen:  0)
  1042816    472208 690539112  0.000  0.000    4.108    4.564    0    0  (Gen:  0)
  1042336    467016 690812680  0.000  0.000    4.109    4.565    0    0  (Gen:  0)
  1042832    481352 691083896  0.000  0.000    4.110    4.566    0    0  (Gen:  0)
  1042480    473720 691355128  0.000  0.000    4.110    4.567    0    0  (Gen:  0)
  1042696    468064 691628040  0.000  0.000    4.111    4.567    0    0  (Gen:  0)
  1042736    483024 691899272  0.000  0.000    4.112    4.568    0    0  (Gen:  0)
  1042536    474552 692170200  0.000  0.000    4.113    4.569    0    0  (Gen:  0)
  1042680    469904 692444000  0.000  0.000    4.114    4.570    0    0  (Gen:  0)
  1042704    484472 692715056  0.000  0.000    4.114    4.571    0    0  (Gen:  0)
  1042736    477920 692987392  0.000  0.000    4.115    4.572    0    0  (Gen:  0)
  1042280    470720 693259280  0.000  0.000    4.116    4.572    0    0  (Gen:  0)
  1042920    464264 693532224  0.000  0.000    4.117    4.573    0    0  (Gen:  0)
  1042312    478768 693802656  0.000  0.000    4.118    4.574    0    0  (Gen:  0)
  1042864    472016 694074552  0.000  0.000    4.118    4.575    0    0  (Gen:  0)
  1042560    466440 694347992  0.000  0.000    4.119    4.576    0    0  (Gen:  0)
  1042672    480864 694618968  0.000  0.000    4.120    4.576    0    0  (Gen:  0)
  1042648    472784 694890144  0.000  0.000    4.121    4.577    0    0  (Gen:  0)
  1042640    468232 695163944  0.000  0.000    4.122    4.578    0    0  (Gen:  0)
  1042640    481648 695434008  0.000  0.000    4.123    4.579    0    0  (Gen:  0)
  1042464    474904 695706048  0.000  0.000    4.123    4.580    0    0  (Gen:  0)
  1042872    468488 695978728  0.000  0.000    4.124    4.581    0    0  (Gen:  0)
  1042224    484784 696250920  0.000  0.000    4.125    4.581    0    0  (Gen:  0)
  1042840    477040 696522440  0.000  0.000    4.126    4.582    0    0  (Gen:  0)
  1042600    470208 696794336  0.000  0.000    4.127    4.583    0    0  (Gen:  0)
  1042688    463520 697067384  0.000  0.000    4.127    4.584    0    0  (Gen:  0)
  1042632    477768 697337472  0.000  0.001    4.128    4.585    0    0  (Gen:  0)
  1042624    470928 697609392  0.000  0.000    4.129    4.585    0    0  (Gen:  0)
  1042688    465976 697883576  0.000  0.000    4.130    4.586    0    0  (Gen:  0)
  1042536    479008 698153144  0.000  0.000    4.131    4.587    0    0  (Gen:  0)
  1042832    472456 698425360  0.000  0.000    4.131    4.588    0    0  (Gen:  0)
  1042312    466720 698698432  0.000  0.000    4.132    4.589    0    0  (Gen:  0)
  1042856    481776 698970096  0.000  0.000    4.133    4.590    0    0  (Gen:  0)
  1042472    474160 699241144  0.000  0.000    4.134    4.590    0    0  (Gen:  0)
  1042696    467816 699513536  0.001  0.001    4.135    4.591    0    0  (Gen:  0)
  1042728    483384 699785352  0.000  0.000    4.136    4.592    0    0  (Gen:  0)
  1042520    475016 700056432  0.000  0.000    4.136    4.593    0    0  (Gen:  0)
  1042616    469912 700329704  0.000  0.000    4.137    4.594    0    0  (Gen:  0)
  1042784    485280 700601472  0.000  0.000    4.138    4.595    0    0  (Gen:  0)
  1108256    477080 700872600  0.000  0.000    4.139    4.596    0    0  (Gen:  0)
  1140616    471312 701178304  0.000  0.000    4.140    4.596    0    0  (Gen:  0)
  1141208    464824 701451272  0.000  0.000    4.140    4.597    0    0  (Gen:  0)
  1107816    478800 701688672  0.000  0.000    4.141    4.598    0    0  (Gen:  0)
  1108432    472624 701993624  0.000  0.000    4.142    4.599    0    0  (Gen:  0)
  1042568    425456 702266048  0.000  0.000    4.143    4.600    0    0  (Gen:  0)
  1042672    425144 702537592  0.000  0.000    4.144    4.600    0    0  (Gen:  0)
  1042632    472768 702808688  0.000  0.000    4.144    4.601    0    0  (Gen:  0)
  1042656    468312 703082464  0.000  0.000    4.145    4.602    0    0  (Gen:  0)
  1042600    482288 703353216  0.000  0.000    4.146    4.603    0    0  (Gen:  0)
  1042496    475312 703624976  0.000  0.000    4.147    4.604    0    0  (Gen:  0)
  1042880    468808 703897632  0.001  0.001    4.148    4.605    0    0  (Gen:  0)
  1042208    484592 704169432  0.001  0.001    4.149    4.606    0    0  (Gen:  0)
  1042840    477184 704441080  0.001  0.001    4.151    4.608    0    0  (Gen:  0)
  1042608    470232 704712872  0.001  0.001    4.152    4.609    0    0  (Gen:  0)
  1042648    463592 704985944  0.000  0.000    4.153    4.610    0    0  (Gen:  0)
  1042688    478648 705256672  0.000  0.000    4.153    4.610    0    0  (Gen:  0)
  1042624    471880 705528656  0.000  0.000    4.154    4.611    0    0  (Gen:  0)
  1042688    465592 705801752  0.000  0.000    4.155    4.612    0    0  (Gen:  0)
  1042536    479856 706072344  0.000  0.000    4.156    4.613    0    0  (Gen:  0)
  1042824    472864 706344280  0.000  0.000    4.157    4.614    0    0  (Gen:  0)
  1042312    466776 706617144  0.001  0.001    4.158    4.615    0    0  (Gen:  0)
  1042856    482120 706888920  0.001  0.001    4.159    4.616    0    0  (Gen:  0)
  1042472    474416 707159920  0.001  0.001    4.161    4.618    0    0  (Gen:  0)
  1042656    468248 707432664  0.001  0.001    4.162    4.619    0    0  (Gen:  0)
  1042760    483696 707704384  0.001  0.001    4.163    4.620    0    0  (Gen:  0)
  1042520    475208 707975168  0.001  0.001    4.164    4.621    0    0  (Gen:  0)
  1042624    469104 708247744  0.001  0.001    4.165    4.622    0    0  (Gen:  0)
  1042712    486016 708520720  0.001  0.001    4.166    4.623    0    0  (Gen:  0)
  1042768    477512 708791704  0.001  0.001    4.167    4.624    0    0  (Gen:  0)
  1042320    470944 709063888  0.000  0.000    4.168    4.625    0    0  (Gen:  0)
  1042928    465584 709337720  0.001  0.001    4.169    4.626    0    0  (Gen:  0)
  1042272    479376 709607800  0.000  0.000    4.170    4.627    0    0  (Gen:  0)
  1042888    472384 709879584  0.000  0.000    4.171    4.628    0    0  (Gen:  0)
  1042560    466560 710152408  0.000  0.000    4.172    4.629    0    0  (Gen:  0)
  1042664    481248 710423688  0.000  0.000    4.172    4.630    0    0  (Gen:  0)
  1042632    473360 710695024  0.000  0.000    4.173    4.630    0    0  (Gen:  0)
  1042680    468280 710968344  0.000  0.000    4.174    4.631    0    0  (Gen:  0)
  1042544    482736 711239416  0.000  0.000    4.175    4.632    0    0  (Gen:  0)
  1042536    475336 711510904  0.000  0.000    4.176    4.633    0    0  (Gen:  0)
  1042888    469360 711783864  0.000  0.000    4.176    4.634    0    0  (Gen:  0)
  1042224    484472 712055056  0.001  0.001    4.177    4.635    0    0  (Gen:  0)
  1042824    477640 712327176  0.000  0.000    4.178    4.635    0    0  (Gen:  0)
  1042576    470336 712599024  0.000  0.000    4.179    4.636    0    0  (Gen:  0)
  1042672    463728 712871760  0.000  0.000    4.180    4.637    0    0  (Gen:  0)
  1042680    478392 713142304  0.000  0.000    4.180    4.638    0    0  (Gen:  0)
  1042608    471840 713414312  0.000  0.000    4.181    4.638    0    0  (Gen:  0)
  1042720    466248 713687912  0.000  0.000    4.182    4.639    0    0  (Gen:  0)
  1042536    480504 713958656  0.000  0.000    4.183    4.640    0    0  (Gen:  0)
  1042832    472776 714230192  0.000  0.000    4.184    4.641    0    0  (Gen:  0)
  1042264    467312 714503400  0.000  0.000    4.184    4.642    0    0  (Gen:  0)
  1042912    482088 714774512  0.000  0.000    4.185    4.642    0    0  (Gen:  0)
  1042440    474328 715045496  0.000  0.000    4.186    4.643    0    0  (Gen:  0)
  1042656    468368 715318760  0.000  0.001    4.187    4.644    0    0  (Gen:  0)
  1042768    484312 715590688  0.000  0.000    4.187    4.645    0    0  (Gen:  0)
  1042496    476648 715862112  0.000  0.000    4.188    4.646    0    0  (Gen:  0)
  1042648    469920 716134048  0.000  0.000    4.189    4.647    0    0  (Gen:  0)
  1042688    463168 716407080  0.000  0.000    4.190    4.647    0    0  (Gen:  0)
  1042736    477752 716677592  0.000  0.000    4.191    4.648    0    0  (Gen:  0)
  1042392    470864 716949456  0.000  0.000    4.191    4.649    0    0  (Gen:  0)
  1042936    466128 717223800  0.000  0.000    4.192    4.650    0    0  (Gen:  0)
  1042256    479208 717493536  0.000  0.000    4.193    4.650    0    0  (Gen:  0)
  1042872    471992 717764816  0.000  0.000    4.194    4.651    0    0  (Gen:  0)
  1042568    467128 718038648  0.000  0.000    4.194    4.652    0    0  (Gen:  0)
  1042664    481552 718309904  0.000  0.000    4.195    4.653    0    0  (Gen:  0)
  1042616    473560 718580840  0.000  0.000    4.196    4.654    0    0  (Gen:  0)
  1042704    468040 718853888  0.000  0.000    4.197    4.654    0    0  (Gen:  0)
  1042552    483144 719125144  0.000  0.000    4.198    4.655    0    0  (Gen:  0)
  1042512    474408 719395872  0.000  0.000    4.198    4.656    0    0  (Gen:  0)
  1042912    469952 719669800  0.000  0.000    4.199    4.657    0    0  (Gen:  0)
  1042200    484568 719940880  0.000  0.000    4.200    4.658    0    0  (Gen:  0)
  1042848    477920 720213200  0.000  0.000    4.201    4.658    0    0  (Gen:  0)
  1042536    470816 720485192  0.000  0.000    4.202    4.659    0    0  (Gen:  0)
  1042688    464480 720758136  0.000  0.000    4.202    4.660    0    0  (Gen:  0)
  1042688    478512 721028280  0.000  0.000    4.203    4.661    0    0  (Gen:  0)
  1042600    472064 721300368  0.000  0.000    4.204    4.662    0    0  (Gen:  0)
  1042752    466352 721573584  0.000  0.000    4.205    4.662    0    0  (Gen:  0)
  1042536    480816 721844672  0.000  0.000    4.206    4.663    0    0  (Gen:  0)
  1042776    472992 722116120  0.000  0.000    4.206    4.664    0    0  (Gen:  0)
  1042296    468264 722389656  0.000  0.000    4.207    4.665    0    0  (Gen:  0)
  1042904    481616 722659848  0.000  0.000    4.208    4.666    0    0  (Gen:  0)
  1042384    475056 722931904  0.000  0.000    4.209    4.666    0    0  (Gen:  0)
  1042744    468632 723204504  0.000  0.000    4.210    4.667    0    0  (Gen:  0)
  1042760    484736 723476704  0.000  0.000    4.210    4.668    0    0  (Gen:  0)
  1042496    477320 723748384  0.000  0.000    4.211    4.669    0    0  (Gen:  0)
  1042616    470120 724020120  0.000  0.000    4.212    4.670    0    0  (Gen:  0)
  1042720    463616 724293160  0.000  0.000    4.213    4.670    0    0  (Gen:  0)
  1042728    477896 724563312  0.000  0.000    4.214    4.671    0    0  (Gen:  0)
  1042376    471072 724835272  0.000  0.000    4.214    4.672    0    0  (Gen:  0)
  1042896    465800 725109160  0.000  0.000    4.215    4.673    0    0  (Gen:  0)
  1042296    479112 725378888  0.000  0.000    4.216    4.674    0    0  (Gen:  0)
  1042880    472560 725651200  0.000  0.000    4.217    4.675    0    0  (Gen:  0)
  1042568    466880 725924232  0.000  0.000    4.218    4.676    0    0  (Gen:  0)
  1042616    481936 726195856  0.001  0.001    4.219    4.677    0    0  (Gen:  0)
  1042688    474184 726466920  0.001  0.001    4.220    4.678    0    0  (Gen:  0)
  1042680    467872 726739312  0.001  0.001    4.222    4.679    0    0  (Gen:  0)
  1042560    483312 727011024  0.001  0.001    4.223    4.681    0    0  (Gen:  0)
  1042528    475040 727282136  0.001  0.001    4.224    4.682    0    0  (Gen:  0)
  1042896    469720 727555304  0.001  0.001    4.225    4.683    0    0  (Gen:  0)
  1042208    485344 727827072  0.001  0.001    4.226    4.684    0    0  (Gen:  0)
  1042840    477048 728098272  0.001  0.001    4.227    4.685    0    0  (Gen:  0)
  1042544    471472 728371288  0.000  0.000    4.228    4.686    0    0  (Gen:  0)
  1042632    464872 728644136  0.000  0.000    4.229    4.687    0    0  (Gen:  0)
  1042744    478984 728914496  0.000  0.000    4.230    4.688    0    0  (Gen:  0)
  1042568    472664 729186536  0.000  0.000    4.231    4.688    0    0  (Gen:  0)
  1042760    465880 729459000  0.000  0.000    4.231    4.689    0    0  (Gen:  0)
  1042536    480792 729730280  0.000  0.000    4.232    4.690    0    0  (Gen:  0)
  1042784    472888 730001576  0.000  0.000    4.233    4.691    0    0  (Gen:  0)
  1042304    468320 730275408  0.000  0.000    4.234    4.692    0    0  (Gen:  0)
  1042904    482504 730546208  0.000  0.000    4.235    4.693    0    0  (Gen:  0)
  1042392    475464 730817904  0.000  0.000    4.235    4.693    0    0  (Gen:  0)
  1042736    468800 731090520  0.000  0.000    4.236    4.694    0    0  (Gen:  0)
  1042720    484656 731362312  0.000  0.000    4.237    4.695    0    0  (Gen:  0)
  1042552    477064 731633736  0.000  0.000    4.238    4.696    0    0  (Gen:  0)
  1042592    470392 731905872  0.000  0.000    4.239    4.697    0    0  (Gen:  0)
  1042704    463656 732178808  0.000  0.000    4.239    4.697    0    0  (Gen:  0)
  1042744    478512 732449512  0.000  0.000    4.240    4.698    0    0  (Gen:  0)
  1042360    471816 732721496  0.000  0.000    4.241    4.699    0    0  (Gen:  0)
  1042920    465424 732994480  0.000  0.000    4.242    4.700    0    0  (Gen:  0)
  1042256    479832 733265232  0.000  0.000    4.243    4.701    0    0  (Gen:  0)
  1042904    472776 733537216  0.000  0.000    4.243    4.701    0    0  (Gen:  0)
  1042520    467000 733810176  0.000  0.000    4.244    4.702    0    0  (Gen:  0)
  1042688    482024 734081704  0.000  0.000    4.245    4.703    0    0  (Gen:  0)
  1042696    474528 734352784  0.000  0.000    4.246    4.704    0    0  (Gen:  0)
  1042640    468464 734625664  0.000  0.000    4.247    4.705    0    0  (Gen:  0)
  1042584    483752 734897288  0.000  0.000    4.247    4.706    0    0  (Gen:  0)
  1042544    475208 735168024  0.000  0.000    4.248    4.706    0    0  (Gen:  0)
  1042856    469232 735440704  0.000  0.000    4.249    4.707    0    0  (Gen:  0)
  1042248    486048 735713544  0.000  0.000    4.250    4.708    0    0  (Gen:  0)
  1042840    477584 735984616  0.000  0.000    4.251    4.709    0    0  (Gen:  0)
  1042520    470888 736256696  0.000  0.000    4.252    4.710    0    0  (Gen:  0)
  1042632    465792 736530680  0.000  0.000    4.252    4.711    0    0  (Gen:  0)
  1042720    479576 736800800  0.000  0.000    4.253    4.711    0    0  (Gen:  0)
  1042592    472344 737072288  0.000  0.000    4.254    4.712    0    0  (Gen:  0)
  1042776    466656 737345424  0.000  0.000    4.255    4.713    0    0  (Gen:  0)
  1042528    481248 737616504  0.000  0.000    4.256    4.714    0    0  (Gen:  0)
  1042768    473536 737887992  0.000  0.000    4.257    4.715    0    0  (Gen:  0)
  1042336    467960 738160856  0.000  0.000    4.257    4.716    0    0  (Gen:  0)
  1042880    482864 738432320  0.000  0.000    4.258    4.716    0    0  (Gen:  0)
  1042408    475128 738703520  0.000  0.000    4.259    4.717    0    0  (Gen:  0)
  1042704    469408 738976568  0.000  0.000    4.260    4.718    0    0  (Gen:  0)
  1042752    484136 739247584  0.000  0.000    4.261    4.719    0    0  (Gen:  0)
  1042544    477760 739520040  0.000  0.000    4.261    4.720    0    0  (Gen:  0)
  1042608    470520 739792000  0.000  0.000    4.262    4.720    0    0  (Gen:  0)
  1042656    463728 740064696  0.000  0.000    4.263    4.721    0    0  (Gen:  0)
  1042768    478496 740335336  0.000  0.000    4.264    4.722    0    0  (Gen:  0)
  1042360    471928 740607200  0.000  0.000    4.265    4.723    0    0  (Gen:  0)
  1042912    466304 740880832  0.000  0.000    4.265    4.724    0    0  (Gen:  0)
  1042264    480536 741151560  0.001  0.001    4.266    4.725    0    0  (Gen:  0)
  1042920    472768 741423104  0.001  0.001    4.268    4.726    0    0  (Gen:  0)
  1042504    467560 741696496  0.001  0.001    4.269    4.727    0    0  (Gen:  0)
  1042712    481928 741967248  0.001  0.001    4.270    4.729    0    0  (Gen:  0)
  1042696    474400 742238552  0.001  0.001    4.271    4.730    0    0  (Gen:  0)
  1042560    468616 742511896  0.001  0.001    4.272    4.731    0    0  (Gen:  0)
  1042640    484304 742783672  0.001  0.001    4.274    4.732    0    0  (Gen:  0)
  1042544    476752 743055096  0.001  0.001    4.275    4.733    0    0  (Gen:  0)
  1042832    470112 743327048  0.001  0.001    4.276    4.734    0    0  (Gen:  0)
  1042288    463120 743599976  0.001  0.001    4.277    4.735    0    0  (Gen:  0)
  1042840    477656 743870392  0.001  0.001    4.278    4.736    0    0  (Gen:  0)
  1042504    470864 744142304  0.001  0.001    4.279    4.737    0    0  (Gen:  0)
  1042632    465880 744416472  0.001  0.001    4.280    4.739    0    0  (Gen:  0)
  1042720    479192 744686384  0.001  0.001    4.281    4.740    0    0  (Gen:  0)
  1042584    472040 744957856  0.001  0.001    4.282    4.741    0    0  (Gen:  0)
  1042808    467176 745231656  0.001  0.001    4.283    4.742    0    0  (Gen:  0)
  1042520    481528 745502760  0.001  0.001    4.284    4.743    0    0  (Gen:  0)
  1042776    473624 745773920  0.001  0.001    4.285    4.744    0    0  (Gen:  0)
  1042296    467704 746046616  0.001  0.001    4.286    4.745    0    0  (Gen:  0)
  1042880    483336 746318280  0.001  0.001    4.287    4.746    0    0  (Gen:  0)
  1042392    474512 746588968  0.000  0.000    4.288    4.747    0    0  (Gen:  0)
  1042752    470096 746862992  0.001  0.001    4.289    4.748    0    0  (Gen:  0)
  1042720    484992 747134192  0.000  0.001    4.290    4.749    0    0  (Gen:  0)
  1042584    478136 747406376  0.000  0.000    4.291    4.749    0    0  (Gen:  0)
  1042584    470992 747678352  0.000  0.000    4.291    4.750    0    0  (Gen:  0)
  1042648    464464 747951168  0.000  0.000    4.292    4.751    0    0  (Gen:  0)
  1042768    478736 748221560  0.000  0.000    4.293    4.752    0    0  (Gen:  0)
  1042392    472072 748493480  0.000  0.000    4.294    4.753    0    0  (Gen:  0)
  1042888    466128 748766648  0.000  0.000    4.295    4.753    0    0  (Gen:  0)
  1042280    480464 749037392  0.000  0.000    4.295    4.754    0    0  (Gen:  0)
  1042912    473096 749309344  0.000  0.000    4.296    4.755    0    0  (Gen:  0)
  1042488    468456 749582856  0.000  0.000    4.297    4.756    0    0  (Gen:  0)
  1042696    481616 749852976  0.000  0.000    4.298    4.757    0    0  (Gen:  0)
  1042712    474912 750124936  0.000  0.000    4.299    4.757    0    0  (Gen:  0)
  1042592    468656 750397656  0.001  0.001    4.300    4.758    0    0  (Gen:  0)
  1042632    484720 750669840  0.000  0.000    4.301    4.759    0    0  (Gen:  0)
  1042504    477368 750941552  0.000  0.000    4.301    4.760    0    0  (Gen:  0)
  1042848    470248 751213368  0.000  0.000    4.302    4.761    0    0  (Gen:  0)
  1042272    463496 751486264  0.000  0.000    4.303    4.762    0    0  (Gen:  0)
  1042888    478224 751756680  0.000  0.000    4.304    4.763    0    0  (Gen:  0)
  1042456    471280 752028520  0.000  0.000    4.305    4.764    0    0  (Gen:  0)
  1042624    465888 752302360  0.000  0.000    4.306    4.765    0    0  (Gen:  0)
  1042760    479320 752572192  0.000  0.000    4.306    4.765    0    0  (Gen:  0)
  1042592    472416 752844264  0.000  0.000    4.307    4.766    0    0  (Gen:  0)
  1042792    466992 753117448  0.000  0.000    4.308    4.767    0    0  (Gen:  0)
  1042536    481888 753389008  0.000  0.000    4.309    4.768    0    0  (Gen:  0)
  1042760    474336 753660192  0.000  0.000    4.310    4.769    0    0  (Gen:  0)
  1042296    467704 753932408  0.000  0.000    4.310    4.769    0    0  (Gen:  0)
  1042904    483560 754204384  0.000  0.000    4.311    4.770    0    0  (Gen:  0)
  1042384    474936 754475216  0.000  0.000    4.312    4.771    0    0  (Gen:  0)
  1042760    469400 754748224  0.000  0.000    4.313    4.772    0    0  (Gen:  0)
  1042680    485424 755020440  0.000  0.000    4.314    4.773    0    0  (Gen:  0)
  1042600    477120 755291528  0.000  0.000    4.314    4.773    0    0  (Gen:  0)
  1042600    471376 755564416  0.001  0.001    4.315    4.774    0    0  (Gen:  0)
  1042576    465200 755837600  0.000  0.000    4.316    4.775    0    0  (Gen:  0)
  1042848    479248 756107872  0.001  0.001    4.317    4.776    0    0  (Gen:  0)
  1042352    472424 756379808  0.000  0.000    4.318    4.777    0    0  (Gen:  0)
  1042904    466040 756652248  0.000  0.000    4.319    4.778    0    0  (Gen:  0)
  1042296    480720 756923272  0.000  0.000    4.320    4.779    0    0  (Gen:  0)
  1042896    473016 757194832  0.000  0.000    4.321    4.780    0    0  (Gen:  0)
  1042504    468400 757468528  0.001  0.001    4.322    4.781    0    0  (Gen:  0)
  1075464    482480 757739448  0.001  0.001    4.323    4.782    0    0  (Gen:  0)
  1141088    475672 758044184  0.001  0.001    4.324    4.783    0    0  (Gen:  0)
  1140880    468832 758316536  0.001  0.001    4.325    4.784    0    0  (Gen:  0)
  1140976    484688 758588288  0.000  0.000    4.325    4.785    0    0  (Gen:  0)
  1108016    477088 758859840  0.000  0.000    4.326    4.785    0    0  (Gen:  0)
  1042840    425640 759132000  0.000  0.000    4.327    4.786    0    0  (Gen:  0)
  1042248    463648 759404896  0.000  0.000    4.328    4.787    0    0  (Gen:  0)
  1042944    478712 759675744  0.000  0.000    4.329    4.788    0    0  (Gen:  0)
  1042456    471840 759947608  0.000  0.000    4.329    4.789    0    0  (Gen:  0)
  1042616    465504 760220528  0.000  0.000    4.330    4.789    0    0  (Gen:  0)
  1042776    480080 760491416  0.000  0.000    4.331    4.790    0    0  (Gen:  0)
  1042592    472920 760763304  0.000  0.000    4.332    4.791    0    0  (Gen:  0)
  1042784    467168 761036464  0.001  0.001    4.333    4.799    0    0  (Gen:  0)
  1042544    481984 761307608  0.000  0.000    4.334    4.799    0    0  (Gen:  0)
  1042752    474312 761578808  0.000  0.000    4.334    4.800    0    0  (Gen:  0)
  1042280    468448 761851808  0.000  0.000    4.335    4.801    0    0  (Gen:  0)
  1042880    483800 762123464  0.000  0.000    4.336    4.802    0    0  (Gen:  0)
  1042408    475328 762394200  0.000  0.000    4.337    4.803    0    0  (Gen:  0)
  1042776    469376 762666832  0.000  0.000    4.338    4.804    0    0  (Gen:  0)
  1042656    464240 762939848  0.000  0.000    4.338    4.804    0    0  (Gen:  0)
  1042632    477720 763210912  0.000  0.000    4.339    4.805    0    0  (Gen:  0)
  1042568    470976 763482968  0.000  0.000    4.340    4.806    0    0  (Gen:  0)
  1042608    465992 763756912  0.001  0.001    4.341    4.807    0    0  (Gen:  0)
  1042824    479672 764027024  0.001  0.001    4.343    4.809    0    0  (Gen:  0)
  1042352    472064 764298216  0.001  0.001    4.344    4.810    0    0  (Gen:  0)
  1042912    466704 764571600  0.001  0.001    4.345    4.811    0    0  (Gen:  0)
  1042272    481264 764842624  0.001  0.001    4.346    4.812    0    0  (Gen:  0)
  1042904    473592 765114184  0.001  0.001    4.347    4.813    0    0  (Gen:  0)
  1042488    468048 765387016  0.001  0.001    4.348    4.814    0    0  (Gen:  0)
  1042712    483000 765658552  0.001  0.001    4.349    4.816    0    0  (Gen:  0)
  1042672    475136 765929704  0.001  0.001    4.350    4.817    0    0  (Gen:  0)
  1042592    469704 766202888  0.000  0.000    4.351    4.818    0    0  (Gen:  0)
  1042672    484288 766473864  0.001  0.001    4.352    4.819    0    0  (Gen:  0)
  1042504    477880 766746392  0.000  0.000    4.353    4.819    0    0  (Gen:  0)
  1042816    470760 767018344  0.000  0.000    4.354    4.820    0    0  (Gen:  0)
  1042272    463888 767290984  0.000  0.000    4.355    4.821    0    0  (Gen:  0)
  1042936    478504 767561504  0.000  0.000    4.356    4.822    0    0  (Gen:  0)
  1042472    471848 767833256  0.000  0.000    4.357    4.823    0    0  (Gen:  0)
  1042584    466296 768106912  0.000  0.000    4.357    4.823    0    0  (Gen:  0)
  1042808    480752 768377872  0.000  0.000    4.358    4.824    0    0  (Gen:  0)
  1042584    472904 768649336  0.000  0.000    4.359    4.825    0    0  (Gen:  0)
  1042768    467824 768922864  0.000  0.000    4.360    4.826    0    0  (Gen:  0)
  1042560    481728 769193344  0.000  0.000    4.361    4.827    0    0  (Gen:  0)
  1042760    474768 769465000  0.000  0.000    4.361    4.828    0    0  (Gen:  0)
  1042272    468112 769737568  0.000  0.000    4.362    4.828    0    0  (Gen:  0)
  1042880    484512 770009960  0.000  0.000    4.363    4.829    0    0  (Gen:  0)
  1042368    476872 770281320  0.000  0.000    4.364    4.830    0    0  (Gen:  0)
  1042800    470232 770553320  0.000  0.000    4.365    4.831    0    0  (Gen:  0)
  1042656    463376 770826336  0.000  0.000    4.365    4.832    0    0  (Gen:  0)
  1042648    477432 771096376  0.000  0.000    4.366    4.832    0    0  (Gen:  0)
  1042560    470648 771368296  0.000  0.000    4.367    4.833    0    0  (Gen:  0)
  1042616    465832 771642488  0.000  0.000    4.368    4.834    0    0  (Gen:  0)
  1042832    479440 771912672  0.000  0.000    4.369    4.835    0    0  (Gen:  0)
  1042320    472064 772183984  0.000  0.001    4.369    4.837    0    0  (Gen:  0)
  1042896    466896 772457792  0.000  0.000    4.370    4.838    0    0  (Gen:  0)
  1042296    481464 772728768  0.000  0.001    4.371    4.838    0    0  (Gen:  0)
  1042904    473832 773000072  0.000  0.000    4.372    4.839    0    0  (Gen:  0)
  1042504    467760 773272592  0.000  0.000    4.373    4.840    0    0  (Gen:  0)
  1042712    483408 773544440  0.000  0.000    4.374    4.841    0    0  (Gen:  0)
  1042664    474632 773815144  0.000  0.000    4.374    4.842    0    0  (Gen:  0)
  1042584    469648 774088536  0.001  0.001    4.375    4.843    0    0  (Gen:  0)
  1042664    485072 774360288  0.000  0.000    4.376    4.844    0    0  (Gen:  0)
  1042536    477856 774632208  0.000  0.000    4.377    4.845    0    0  (Gen:  0)
  1042800    471200 774904496  0.000  0.000    4.378    4.845    0    0  (Gen:  0)
  1042256    464408 775177160  0.000  0.000    4.379    4.846    0    0  (Gen:  0)
  1042968    478904 775447616  0.000  0.000    4.380    4.847    0    0  (Gen:  0)
  1042456    472088 775719584  0.000  0.000    4.380    4.848    0    0  (Gen:  0)
  1042576    466232 775992688  0.000  0.000    4.381    4.849    0    0  (Gen:  0)
  1042816    480640 776263560  0.000  0.000    4.382    4.850    0    0  (Gen:  0)
  1042568    472944 776535088  0.000  0.000    4.383    4.851    0    0  (Gen:  0)
  1042776    468472 776808888  0.000  0.000    4.384    4.851    0    0  (Gen:  0)
  1042576    481896 777079160  0.000  0.000    4.385    4.852    0    0  (Gen:  0)
  1042728    475112 777351064  0.000  0.000    4.385    4.853    0    0  (Gen:  0)
  1042288    468216 777623344  0.000  0.000    4.386    4.854    0    0  (Gen:  0)
  1042904    484552 777895576  0.000  0.000    4.387    4.855    0    0  (Gen:  0)
  1042352    477528 778167560  0.000  0.000    4.388    4.856    0    0  (Gen:  0)
  1042760    470248 778439376  0.000  0.000    4.389    4.856    0    0  (Gen:  0)
  1042688    463712 778712424  0.000  0.000    4.389    4.857    0    0  (Gen:  0)
  1042632    478160 778982640  0.000  0.000    4.390    4.858    0    0  (Gen:  0)
  1042584    471472 779254568  0.000  0.000    4.391    4.859    0    0  (Gen:  0)
  1042632    465544 779527992  0.000  0.000    4.392    4.860    0    0  (Gen:  0)
  1042816    479472 779798344  0.000  0.000    4.393    4.861    0    0  (Gen:  0)
  1042320    472496 780070296  0.000  0.000    4.394    4.862    0    0  (Gen:  0)
  1042904    466976 780343544  0.000  0.000    4.394    4.862    0    0  (Gen:  0)
  1042256    481976 780615032  0.000  0.000    4.395    4.863    0    0  (Gen:  0)
  1042944    474296 780886096  0.000  0.000    4.396    4.864    0    0  (Gen:  0)
  1042504    468112 781158704  0.001  0.001    4.397    4.865    0    0  (Gen:  0)
  1042704    483488 781430352  0.001  0.001    4.399    4.867    0    0  (Gen:  0)
  1042608    475192 781701384  0.001  0.001    4.400    4.868    0    0  (Gen:  0)
  1042624    469400 781974136  0.001  0.001    4.401    4.869    0    0  (Gen:  0)
  1042680    485648 782246504  0.001  0.001    4.402    4.870    0    0  (Gen:  0)
  1042496    477080 782517552  0.001  0.001    4.403    4.871    0    0  (Gen:  0)
  1042848    471696 782790624  0.001  0.001    4.404    4.873    0    0  (Gen:  0)
  1042256    465272 783063648  0.001  0.001    4.406    4.874    0    0  (Gen:  0)
  1042952    479384 783334008  0.001  0.001    4.407    4.875    0    0  (Gen:  0)
  1042456    472432 783605928  0.001  0.001    4.408    4.876    0    0  (Gen:  0)
  1042592    465976 783878272  0.001  0.001    4.409    4.878    0    0  (Gen:  0)
  1042744    480784 784149464  0.001  0.001    4.411    4.879    0    0  (Gen:  0)
  1042624    473024 784420976  0.001  0.001    4.412    4.880    0    0  (Gen:  0)
  1042768    468568 784694664  0.001  0.001    4.413    4.881    0    0  (Gen:  0)
  1042600    482560 784965568  0.001  0.001    4.414    4.882    0    0  (Gen:  0)
  1042712    475736 785237528  0.001  0.001    4.415    4.884    0    0  (Gen:  0)
  1042312    468800 785509776  0.001  0.001    4.416    4.885    0    0  (Gen:  0)
  1042872    484424 785781296  0.001  0.001    4.417    4.886    0    0  (Gen:  0)
  1042304    477120 786053072  0.001  0.001    4.418    4.887    0    0  (Gen:  0)
  1042840    470440 786325192  0.001  0.001    4.420    4.888    0    0  (Gen:  0)
  1042632    463872 786598224  0.001  0.001    4.421    4.890    0    0  (Gen:  0)
  1042672    478608 786868864  0.001  0.001    4.422    4.891    0    0  (Gen:  0)
  1042600    471840 787140808  0.001  0.001    4.423    4.892    0    0  (Gen:  0)
  1042616    465720 787413784  0.001  0.001    4.424    4.893    0    0  (Gen:  0)
  1042784    480336 787684800  0.001  0.001    4.425    4.894    0    0  (Gen:  0)
  1042312    472760 787956176  0.000  0.000    4.426    4.895    0    0  (Gen:  0)
  1042928    467352 788229680  0.001  0.001    4.427    4.896    0    0  (Gen:  0)
  1042288    482160 788500864  0.001  0.001    4.428    4.897    0    0  (Gen:  0)
  1042928    474040 788771656  0.000  0.000    4.429    4.898    0    0  (Gen:  0)
  1042504    468648 789045008  0.000  0.000    4.429    4.898    0    0  (Gen:  0)
  1042680    483896 789316592  0.000  0.000    4.430    4.899    0    0  (Gen:  0)
  1042568    475408 789587448  0.000  0.000    4.431    4.900    0    0  (Gen:  0)
  1042696    469600 789860040  0.000  0.000    4.432    4.901    0    0  (Gen:  0)
  1042640    463928 790133104  0.000  0.000    4.433    4.902    0    0  (Gen:  0)
  1042480    477776 790404056  0.000  0.000    4.433    4.902    0    0  (Gen:  0)
  1042904    471224 790676248  0.000  0.000    4.434    4.903    0    0  (Gen:  0)
  1042264    465840 790949888  0.000  0.000    4.435    4.904    0    0  (Gen:  0)
  1042928    479384 791220096  0.000  0.000    4.436    4.905    0    0  (Gen:  0)
  1042464    472208 791491480  0.000  0.000    4.436    4.906    0    0  (Gen:  0)
  1042600    466784 791764736  0.000  0.000    4.437    4.906    0    0  (Gen:  0)
  1042712    481096 792035784  0.000  0.000    4.438    4.907    0    0  (Gen:  0)
  1042608    473632 792307312  0.000  0.000    4.439    4.908    0    0  (Gen:  0)
  1042704    468056 792580232  0.000  0.000    4.440    4.909    0    0  (Gen:  0)
  1042672    482696 792851272  0.000  0.000    4.440    4.910    0    0  (Gen:  0)
  1042760    475152 793122800  0.000  0.000    4.441    4.910    0    0  (Gen:  0)
  1042280    469784 793396024  0.000  0.000    4.442    4.911    0    0  (Gen:  0)
  1042872    484368 793667040  0.000  0.000    4.443    4.912    0    0  (Gen:  0)
  1042288    477824 793939416  0.000  0.000    4.444    4.913    0    0  (Gen:  0)
  1042888    470728 794211352  0.000  0.000    4.444    4.914    0    0  (Gen:  0)
  1042624    464168 794484272  0.000  0.000    4.445    4.914    0    0  (Gen:  0)
  1042640    478520 794754728  0.000  0.000    4.446    4.915    0    0  (Gen:  0)
  1042608    471816 795026560  0.000  0.000    4.447    4.916    0    0  (Gen:  0)
  1042640    466352 795300104  0.000  0.000    4.448    4.917    0    0  (Gen:  0)
  1042784    480704 795571040  0.000  0.000    4.449    4.918    0    0  (Gen:  0)
  1042272    472864 795842464  0.000  0.000    4.449    4.919    0    0  (Gen:  0)
  1042960    467968 796116120  0.000  0.000    4.450    4.919    0    0  (Gen:  0)
  1042296    481488 796386160  0.000  0.000    4.451    4.920    0    0  (Gen:  0)
  1042936    474688 796658032  0.000  0.000    4.452    4.921    0    0  (Gen:  0)
  1042480    468344 796930816  0.000  0.000    4.452    4.922    0    0  (Gen:  0)
  1042640    484616 797203096  0.000  0.000    4.453    4.923    0    0  (Gen:  0)
  1042624    476888 797474464  0.000  0.000    4.454    4.923    0    0  (Gen:  0)
  1042696    470120 797746512  0.000  0.000    4.455    4.924    0    0  (Gen:  0)
  1042640    463448 798019520  0.000  0.000    4.456    4.925    0    0  (Gen:  0)
  1042464    477480 798289464  0.000  0.000    4.456    4.926    0    0  (Gen:  0)
  1042904    470824 798561488  0.000  0.000    4.457    4.927    0    0  (Gen:  0)
  1042240    465632 798835400  0.000  0.000    4.458    4.928    0    0  (Gen:  0)
  1042936    479344 799105592  0.000  0.000    4.459    4.928    0    0  (Gen:  0)
  1042504    472232 799377152  0.000  0.000    4.460    4.929    0    0  (Gen:  0)
  1042560    466992 799650856  0.000  0.000    4.461    4.930    0    0  (Gen:  0)
  1042736    481528 799921992  0.000  0.000    4.462    4.931    0    0  (Gen:  0)
  1042608    473936 800193128  0.000  0.000    4.462    4.932    0    0  (Gen:  0)
  1042696    467552 800465520  0.000  0.000    4.463    4.932    0    0  (Gen:  0)
  1042664    483440 800737528  0.000  0.000    4.464    4.933    0    0  (Gen:  0)
  1042792    474880 801008376  0.001  0.001    4.465    4.934    0    0  (Gen:  0)
  1042248    469752 801281808  0.001  0.001    4.466    4.936    0    0  (Gen:  0)
  1042888    485032 801553448  0.001  0.001    4.468    4.937    0    0  (Gen:  0)
  1042304    477816 801825168  0.001  0.001    4.469    4.938    0    0  (Gen:  0)
  1042880    471320 802097744  0.001  0.001    4.470    4.939    0    0  (Gen:  0)
  1042608    464632 802370480  0.001  0.001    4.471    4.941    0    0  (Gen:  0)
  1042632    479056 802640816  0.001  0.001    4.472    4.942    0    0  (Gen:  0)
  1042616    472272 802912800  0.001  0.001    4.473    4.943    0    0  (Gen:  0)
  1042640    466064 803185624  0.001  0.001    4.474    4.944    0    0  (Gen:  0)
  1042768    480752 803456632  0.001  0.001    4.475    4.945    0    0  (Gen:  0)
  1042312    472720 803727856  0.000  0.000    4.476    4.946    0    0  (Gen:  0)
  1042896    468256 804001728  0.001  0.001    4.477    4.947    0    0  (Gen:  0)
  1042336    481920 804272200  0.001  0.001    4.478    4.948    0    0  (Gen:  0)
  1042944    475144 804544136  0.001  0.001    4.479    4.949    0    0  (Gen:  0)
  1042432    468352 804816488  0.000  0.000    4.480    4.949    0    0  (Gen:  0)
  1042696    484664 805088744  0.000  0.000    4.481    4.950    0    0  (Gen:  0)
  1042600    477712 805360600  0.000  0.000    4.481    4.951    0    0  (Gen:  0)
  1042720    470040 805632048  0.000  0.000    4.482    4.952    0    0  (Gen:  0)
  1042640    463864 805905512  0.000  0.000    4.483    4.953    0    0  (Gen:  0)
  1042440    478336 806175680  0.000  0.000    4.484    4.954    0    0  (Gen:  0)
  1042904    471736 806447768  0.000  0.000    4.485    4.954    0    0  (Gen:  0)
  1042264    465608 806721096  0.000  0.000    4.486    4.955    0    0  (Gen:  0)
  1042936    479512 806991424  0.000  0.000    4.486    4.956    0    0  (Gen:  0)
  1042496    472672 807263496  0.000  0.000    4.487    4.957    0    0  (Gen:  0)
  1042568    466904 807536656  0.000  0.000    4.488    4.958    0    0  (Gen:  0)
  1042736    482072 807808168  0.000  0.000    4.489    4.958    0    0  (Gen:  0)
  1042592    474552 808079344  0.001  0.001    4.490    4.959    0    0  (Gen:  0)
  1042720    468176 808351800  0.000  0.000    4.491    4.960    0    0  (Gen:  0)
  1042648    483752 808623592  0.000  0.000    4.491    4.961    0    0  (Gen:  0)
  1042768    475120 808894440  0.000  0.000    4.492    4.962    0    0  (Gen:  0)
  1042264    469176 809166976  0.000  0.000    4.493    4.963    0    0  (Gen:  0)
  1042904    485696 809439624  0.000  0.000    4.494    4.964    0    0  (Gen:  0)
  1042296    477088 809710640  0.000  0.000    4.495    4.964    0    0  (Gen:  0)
  1042880    471576 809983440  0.000  0.000    4.496    4.965    0    0  (Gen:  0)
  1042624    465312 810256744  0.000  0.000    4.496    4.966    0    0  (Gen:  0)
  1042608    479272 810526976  0.000  0.000    4.497    4.967    0    0  (Gen:  0)
  1042640    472432 810798928  0.000  0.000    4.498    4.968    0    0  (Gen:  0)
  1042600    466160 811071512  0.000  0.000    4.499    4.968    0    0  (Gen:  0)
  1042768    481080 811342736  0.000  0.000    4.500    4.969    0    0  (Gen:  0)
  1042352    473176 811614104  0.000  0.000    4.500    4.970    0    0  (Gen:  0)
  1042872    468400 811887696  0.000  0.000    4.501    4.971    0    0  (Gen:  0)
  1042312    482584 812158576  0.000  0.000    4.502    4.972    0    0  (Gen:  0)
  1042960    475680 812430384  0.000  0.000    4.503    4.973    0    0  (Gen:  0)
  1042424    469024 812702816  0.000  0.000    4.504    4.973    0    0  (Gen:  0)
  1042704    484496 812974344  0.000  0.000    4.504    4.974    0    0  (Gen:  0)
  1042616    477424 813246168  0.000  0.000    4.505    4.975    0    0  (Gen:  0)
  1042696    470152 813518008  0.001  0.001    4.507    4.976    0    0  (Gen:  0)
  1042672    463848 813791160  0.001  0.001    4.508    4.978    0    0  (Gen:  0)
  1042448    478800 814061896  0.001  0.001    4.509    4.979    0    0  (Gen:  0)
  1042864    471664 814333496  0.001  0.001    4.510    4.980    0    0  (Gen:  0)
  1042296    465816 814606688  0.001  0.001    4.511    4.981    0    0  (Gen:  0)
  1141232    480328 814877736  0.001  0.001    4.513    4.982    0    0  (Gen:  0)
  1140792    473016 815181976  0.001  0.001    4.514    4.984    0    0  (Gen:  0)
  1140888    467336 815455408  0.001  0.001    4.515    4.985    0    0  (Gen:  0)
  1141048    482096 815726488  0.001  0.001    4.516    4.986    0    0  (Gen:  0)
  1042552    474160 815997440  0.001  0.001    4.517    4.987    0    0  (Gen:  0)
  1042760    468568 816270704  0.000  0.000    4.518    4.988    0    0  (Gen:  0)
  1042648    484168 816542536  0.000  0.000    4.519    4.989    0    0  (Gen:  0)
  1042720    475992 816813728  0.000  0.000    4.519    4.989    0    0  (Gen:  0)
  1042280    469576 817085888  0.000  0.000    4.520    4.990    0    0  (Gen:  0)
  1042912    463448 817358936  0.000  0.000    4.521    4.991    0    0  (Gen:  0)
  1042304    477728 817629672  0.000  0.000    4.522    4.992    0    0  (Gen:  0)
  1042896    471032 817901808  0.000  0.000    4.523    4.993    0    0  (Gen:  0)
  1042624    465880 818175600  0.000  0.000    4.523    4.993    0    0  (Gen:  0)
  1042600    479520 818445944  0.000  0.000    4.524    4.994    0    0  (Gen:  0)
  1042616    472208 818717144  0.000  0.000    4.525    4.995    0    0  (Gen:  0)
  1042616    467000 818990568  0.000  0.000    4.526    4.996    0    0  (Gen:  0)
  1042704    481200 819261648  0.000  0.000    4.527    4.997    0    0  (Gen:  0)
  1042424    473616 819532984  0.000  0.000    4.527    4.997    0    0  (Gen:  0)
  1042864    468168 819806088  0.000  0.000    4.528    4.998    0    0  (Gen:  0)
  1042272    482752 820077056  0.000  0.000    4.529    4.999    0    0  (Gen:  0)
  1042968    474768 820348288  0.000  0.000    4.530    5.000    0    0  (Gen:  0)
  1042472    470000 820621920  0.000  0.000    4.531    5.001    0    0  (Gen:  0)
  1042680    484272 820892760  0.000  0.000    4.531    5.001    0    0  (Gen:  0)
  1042616    478064 821165304  0.000  0.000    4.532    5.002    0    0  (Gen:  0)
  1042688    470904 821437104  0.000  0.000    4.533    5.003    0    0  (Gen:  0)
  1042648    464280 821710080  0.000  0.000    4.534    5.004    0    0  (Gen:  0)
  1042488    478536 821980400  0.000  0.000    4.534    5.005    0    0  (Gen:  0)
  1042832    471936 822252400  0.000  0.000    4.535    5.005    0    0  (Gen:  0)
  1042312    466432 822525896  0.000  0.000    4.536    5.006    0    0  (Gen:  0)
  1042960    480704 822796712  0.000  0.000    4.537    5.007    0    0  (Gen:  0)
  1042472    472872 823068096  0.000  0.000    4.538    5.008    0    0  (Gen:  0)
  1042568    467840 823341544  0.000  0.000    4.538    5.009    0    0  (Gen:  0)
  1042760    481480 823611784  0.001  0.001    4.540    5.010    0    0  (Gen:  0)
  1042536    474752 823883760  0.000  0.000    4.540    5.011    0    0  (Gen:  0)
  1042776    468472 824156520  0.000  0.000    4.541    5.011    0    0  (Gen:  0)
  1042656    484688 824428824  0.000  0.000    4.542    5.012    0    0  (Gen:  0)
  1042712    477120 824700336  0.000  0.000    4.543    5.013    0    0  (Gen:  0)
  1042248    470024 824972184  0.000  0.000    4.544    5.014    0    0  (Gen:  0)
  1042920    463472 825245296  0.000  0.000    4.544    5.015    0    0  (Gen:  0)
  1042312    477536 825515144  0.000  0.000    4.545    5.015    0    0  (Gen:  0)
  1042888    470816 825787168  0.000  0.000    4.546    5.016    0    0  (Gen:  0)
  1042592    465928 826061248  0.000  0.000    4.547    5.017    0    0  (Gen:  0)
  1042648    479112 826331120  0.000  0.000    4.548    5.018    0    0  (Gen:  0)
  1042640    472480 826603016  0.000  0.000    4.548    5.019    0    0  (Gen:  0)
  1042616    466872 826876552  0.000  0.000    4.549    5.019    0    0  (Gen:  0)
  1042704    481672 827147896  0.000  0.000    4.550    5.020    0    0  (Gen:  0)
  1042408    474072 827418896  0.000  0.000    4.551    5.021    0    0  (Gen:  0)
  1042880    467704 827691336  0.000  0.000    4.552    5.022    0    0  (Gen:  0)
  1042224    483048 827962856  0.000  0.000    4.552    5.023    0    0  (Gen:  0)
  1042960    474976 828234096  0.000  0.000    4.553    5.023    0    0  (Gen:  0)
  1042504    469680 828507336  0.000  0.000    4.554    5.024    0    0  (Gen:  0)
  1042704    485088 828779168  0.000  0.000    4.555    5.025    0    0  (Gen:  0)
  1042592    477664 829050744  0.001  0.001    4.556    5.026    0    0  (Gen:  0)
  1042656    471392 829323392  0.001  0.001    4.557    5.028    0    0  (Gen:  0)
  1042696    464680 829596224  0.001  0.001    4.559    5.029    0    0  (Gen:  0)
  1042496    478816 829866488  0.001  0.001    4.560    5.030    0    0  (Gen:  0)
  1042816    472600 830138776  0.001  0.001    4.561    5.031    0    0  (Gen:  0)
  1042328    465848 830411168  0.001  0.001    4.562    5.032    0    0  (Gen:  0)
  1042920    480824 830682560  0.001  0.001    4.563    5.033    0    0  (Gen:  0)
  1042480    472592 830953616  0.001  0.001    4.564    5.034    0    0  (Gen:  0)
  1042592    468128 831227360  0.001  0.001    4.565    5.036    0    0  (Gen:  0)
  1042760    482288 831498240  0.000  0.000    4.566    5.037    0    0  (Gen:  0)
  1042504    475256 831769968  0.000  0.000    4.567    5.037    0    0  (Gen:  0)
  1042768    468552 832042496  0.001  0.001    4.568    5.038    0    0  (Gen:  0)
  1042680    484864 832314600  0.001  0.001    4.569    5.039    0    0  (Gen:  0)
  1042728    477408 832586312  0.001  0.001    4.570    5.041    0    0  (Gen:  0)
  1042240    470064 832857808  0.001  0.001    4.571    5.042    0    0  (Gen:  0)
  1042928    463384 833130856  0.001  0.001    4.572    5.043    0    0  (Gen:  0)
  1042296    478512 833401592  0.001  0.001    4.573    5.044    0    0  (Gen:  0)
  1042904    471768 833673576  0.001  0.001    4.574    5.045    0    0  (Gen:  0)
  1042568    465592 833946832  0.000  0.000    4.575    5.046    0    0  (Gen:  0)
  1042664    479560 834217264  0.001  0.001    4.576    5.047    0    0  (Gen:  0)
  1042640    472824 834489456  0.000  0.000    4.577    5.048    0    0  (Gen:  0)
  1042632    466928 834762456  0.000  0.000    4.578    5.049    0    0  (Gen:  0)
  1042656    482184 835034048  0.000  0.000    4.579    5.049    0    0  (Gen:  0)
  1042424    474216 835304880  0.001  0.001    4.580    5.050    0    0  (Gen:  0)
  1042880    468336 835577800  0.000  0.000    4.581    5.051    0    0  (Gen:  0)
  1042248    483648 835849224  0.000  0.000    4.581    5.052    0    0  (Gen:  0)
  1042944    475184 836120240  0.000  0.000    4.582    5.053    0    0  (Gen:  0)
  1042528    469224 836392704  0.000  0.000    4.583    5.054    0    0  (Gen:  0)
  1042696    485752 836665480  0.001  0.001    4.584    5.055    0    0  (Gen:  0)
  1042592    477432 836936744  0.001  0.001    4.585    5.056    0    0  (Gen:  0)
  1042664    471408 837209088  0.001  0.001    4.587    5.057    0    0  (Gen:  0)
  1042664    465384 837482560  0.001  0.001    4.588    5.059    0    0  (Gen:  0)
  1042520    479328 837752840  0.001  0.001    4.589    5.060    0    0  (Gen:  0)
  1042808    472568 838024880  0.001  0.001    4.590    5.061    0    0  (Gen:  0)
  1042344    466320 838297376  0.001  0.001    4.591    5.062    0    0  (Gen:  0)
  1042840    481152 838568624  0.001  0.001    4.592    5.063    0    0  (Gen:  0)
  1042512    473256 838839968  0.001  0.001    4.593    5.064    0    0  (Gen:  0)
  1042640    468240 839113376  0.001  0.001    4.594    5.065    0    0  (Gen:  0)
  1042736    482752 839384440  0.001  0.001    4.595    5.066    0    0  (Gen:  0)
  1042528    475504 839656088  0.001  0.001    4.597    5.067    0    0  (Gen:  0)
  1042704    469120 839928832  0.001  0.001    4.598    5.068    0    0  (Gen:  0)
  1042720    484736 840200464  0.001  0.001    4.598    5.069    0    0  (Gen:  0)
  1042712    477648 840472312  0.000  0.000    4.599    5.070    0    0  (Gen:  0)
  1042280    470136 840743944  0.000  0.000    4.600    5.071    0    0  (Gen:  0)
  1042904    463904 841017184  0.000  0.000    4.601    5.072    0    0  (Gen:  0)
  1042312    478504 841287384  0.000  0.000    4.602    5.073    0    0  (Gen:  0)
  1042880    471696 841559456  0.000  0.000    4.603    5.074    0    0  (Gen:  0)
  1042576    466128 841832848  0.000  0.000    4.604    5.075    0    0  (Gen:  0)
  1042680    480352 842103800  0.000  0.000    4.604    5.075    0    0  (Gen:  0)
  1042616    473120 842375416  0.000  0.000    4.605    5.076    0    0  (Gen:  0)
  1042648    467400 842648712  0.000  0.000    4.606    5.077    0    0  (Gen:  0)
  1042656    482128 842919800  0.000  0.000    4.607    5.078    0    0  (Gen:  0)
  1042432    474224 843190680  0.000  0.000    4.608    5.079    0    0  (Gen:  0)
  1042880    468344 843463984  0.000  0.000    4.609    5.080    0    0  (Gen:  0)
  1042224    484032 843735592  0.000  0.000    4.609    5.080    0    0  (Gen:  0)
  1042864    476352 844007168  0.000  0.000    4.610    5.081    0    0  (Gen:  0)
  1042616    469704 844279176  0.000  0.000    4.611    5.082    0    0  (Gen:  0)
  1042696    463232 844552208  0.000  0.000    4.612    5.083    0    0  (Gen:  0)
  1042600    477848 844822992  0.000  0.000    4.612    5.084    0    0  (Gen:  0)
  1042640    470984 845094904  0.000  0.000    4.613    5.084    0    0  (Gen:  0)
  1042696    466096 845369056  0.000  0.000    4.614    5.085    0    0  (Gen:  0)
  1042504    479304 845638960  0.000  0.000    4.615    5.086    0    0  (Gen:  0)
  1042816    472208 845910312  0.000  0.000    4.616    5.087    0    0  (Gen:  0)
  1042336    467016 846183880  0.000  0.000    4.616    5.088    0    0  (Gen:  0)
  1042832    481352 846455096  0.000  0.000    4.617    5.088    0    0  (Gen:  0)
  1042480    473720 846726328  0.000  0.000    4.618    5.089    0    0  (Gen:  0)
  1042696    468064 846999240  0.000  0.000    4.619    5.090    0    0  (Gen:  0)
  1042736    483024 847270472  0.000  0.000    4.620    5.091    0    0  (Gen:  0)
  1042536    474552 847541400  0.000  0.000    4.620    5.092    0    0  (Gen:  0)
  1042680    469904 847815200  0.000  0.000    4.621    5.092    0    0  (Gen:  0)
  1042704    484472 848086256  0.001  0.001    4.622    5.093    0    0  (Gen:  0)
  1042736    477920 848358592  0.000  0.000    4.623    5.094    0    0  (Gen:  0)
  1042280    470720 848630480  0.000  0.000    4.624    5.095    0    0  (Gen:  0)
  1042920    464264 848903424  0.000  0.000    4.625    5.096    0    0  (Gen:  0)
  1042312    478768 849173856  0.000  0.000    4.625    5.097    0    0  (Gen:  0)
  1042864    472016 849445752  0.000  0.000    4.626    5.097    0    0  (Gen:  0)
  1042560    466440 849719192  0.000  0.000    4.627    5.098    0    0  (Gen:  0)
  1042672    480864 849990168  0.000  0.000    4.628    5.099    0    0  (Gen:  0)
  1042648    472784 850261344  0.000  0.000    4.629    5.100    0    0  (Gen:  0)
  1042640    468232 850535144  0.000  0.000    4.629    5.101    0    0  (Gen:  0)
  1042640    481648 850805208  0.000  0.000    4.630    5.101    0    0  (Gen:  0)
  1042464    474904 851077248  0.000  0.000    4.631    5.102    0    0  (Gen:  0)
  1042872    468488 851349928  0.000  0.000    4.632    5.103    0    0  (Gen:  0)
  1042224    484784 851622120  0.000  0.000    4.633    5.104    0    0  (Gen:  0)
  1042840    477040 851893640  0.000  0.000    4.633    5.105    0    0  (Gen:  0)
  1042600    470208 852165536  0.000  0.000    4.634    5.105    0    0  (Gen:  0)
  1042688    463520 852438584  0.000  0.000    4.635    5.106    0    0  (Gen:  0)
  1042632    477768 852708672  0.000  0.000    4.636    5.107    0    0  (Gen:  0)
  1042624    470928 852980592  0.000  0.000    4.636    5.108    0    0  (Gen:  0)
  1042688    465976 853254776  0.001  0.001    4.638    5.109    0    0  (Gen:  0)
  1042536    479008 853524344  0.001  0.001    4.639    5.111    0    0  (Gen:  0)
  1042832    472456 853796560  0.001  0.001    4.640    5.112    0    0  (Gen:  0)
  1042312    466720 854069632  0.001  0.001    4.642    5.113    0    0  (Gen:  0)
  1042856    481776 854341296  0.001  0.001    4.643    5.114    0    0  (Gen:  0)
  1042472    474160 854612344  0.001  0.001    4.644    5.115    0    0  (Gen:  0)
  1042696    467816 854884736  0.001  0.001    4.645    5.116    0    0  (Gen:  0)
  1042728    483384 855156552  0.001  0.001    4.646    5.117    0    0  (Gen:  0)
  1042520    475016 855427632  0.001  0.001    4.647    5.118    0    0  (Gen:  0)
  1042616    469912 855700904  0.001  0.001    4.648    5.119    0    0  (Gen:  0)
  1042784    485280 855972672  0.001  0.001    4.649    5.120    0    0  (Gen:  0)
  1042720    477080 856243800  0.000  0.000    4.650    5.121    0    0  (Gen:  0)
  1042312    471312 856516736  0.000  0.000    4.651    5.122    0    0  (Gen:  0)
  1042904    464816 856789688  0.000  0.000    4.652    5.123    0    0  (Gen:  0)
  1042280    478800 857059856  0.000  0.000    4.652    5.124    0    0  (Gen:  0)
  1042896    472632 857332040  0.000  0.000    4.653    5.125    0    0  (Gen:  0)
  1042568    465816 857604432  0.001  0.001    4.654    5.126    0    0  (Gen:  0)
  1042672    480896 857875944  0.000  0.000    4.655    5.126    0    0  (Gen:  0)
  1042632    472768 858147040  0.001  0.001    4.656    5.127    0    0  (Gen:  0)
  1042656    468312 858420816  0.000  0.000    4.657    5.128    0    0  (Gen:  0)
  1042600    482288 858691568  0.000  0.000    4.657    5.129    0    0  (Gen:  0)
  1042496    475312 858963328  0.000  0.000    4.658    5.130    0    0  (Gen:  0)
  1031688    439744 859206936  0.000  0.000    4.659    5.131    0    0  (Gen:  0)
  1024000    423656 859432216  0.000  0.000    4.660    5.132    0    0  (Gen:  0)
  1024000    450576 859657496  0.000  0.000    4.661    5.132    0    0  (Gen:  0)
  1024000    450576 859882776  0.000  0.000    4.661    5.133    0    0  (Gen:  0)
   410544      3408     44312  0.009  0.134    4.671    5.267    1   25  (Gen:  1)
        0                      0.000  0.000

   3,944,098,016 bytes allocated in the heap
   3,101,647,936 bytes copied during GC
     616,847,504 bytes maximum residency (12 sample(s))
       2,275,184 bytes maximum slop
            1266 MB total memory in use (0 MB lost due to fragmentation)

                                     Tot time (elapsed)  Avg pause  Max pause
  Gen  0      3765 colls,     0 par    1.750s   1.766s     0.0005s    0.0028s
  Gen  1        12 colls,     0 par    1.445s   1.973s     0.1644s    0.8210s

  INIT    time    0.000s  (  0.002s elapsed)
  MUT     time    1.476s  (  1.527s elapsed)
  GC      time    3.195s  (  3.738s elapsed)
  EXIT    time    0.000s  (  0.000s elapsed)
  Total   time    4.671s  (  5.267s elapsed)

  %GC     time      68.4%  (71.0% elapsed)

  Alloc rate    2,672,536,987 bytes per MUT second

  Productivity  31.6% of total user, 29.0% of total elapsed

