/var/folders/89/2ksgj1s104qg4kzrf9np5h2m0000gn/T/PC1m-SCP1144108930470211272 +RTS -Sexamples/luigi/PC1m-SCP.stats 
    Alloc    Copied     Live     GC     GC      TOT      TOT  Page Flts
    bytes     bytes     bytes   user   elap     user     elap
  1065552    359576    392328  0.001  0.003    0.002    0.014   15  239  (Gen:  0)
  1040384    601016    633744  0.002  0.017    0.004    0.032  199    0  (Gen:  1)
  1039768    475448    933912  0.001  0.001    0.005    0.033    0    0  (Gen:  0)
  1040368    462760   1228336  0.000  0.001    0.006    0.034    0    0  (Gen:  0)
  1039336   1473392   1506128  0.002  0.002    0.008    0.037    0    0  (Gen:  1)
  1039232    486152   1785336  0.001  0.001    0.008    0.037    0    0  (Gen:  0)
  1039368    489008   2063824  0.001  0.001    0.009    0.039    0    0  (Gen:  0)
  1039320    469112   2342664  0.000  0.001    0.010    0.040    0    0  (Gen:  0)
  1039256    472040   2621608  0.000  0.000    0.011    0.041    0    0  (Gen:  0)
  1037864    473760   2899416  0.000  0.000    0.012    0.042    0    0  (Gen:  0)
  1039480   3143920   3176656  0.004  0.005    0.016    0.047    0    0  (Gen:  1)
  1039256    478352   3455016  0.001  0.001    0.017    0.048    0    0  (Gen:  0)
  1038824    480088   3732456  0.001  0.001    0.018    0.049    0    0  (Gen:  0)
  1039400    482704   4010848  0.001  0.001    0.019    0.050    0    0  (Gen:  0)
  1039352    485496   4289360  0.001  0.001    0.020    0.051    0    0  (Gen:  0)
  1039176    488408   4568088  0.000  0.000    0.021    0.052    0    0  (Gen:  0)
  1039360    468016   4846680  0.000  0.000    0.021    0.053    0    0  (Gen:  0)
  1039224    471664   5125952  0.000  0.000    0.022    0.053    0    0  (Gen:  0)
  1039168    473400   5404040  0.000  0.000    0.023    0.054    0    0  (Gen:  0)
  1038952    475896   5682264  0.000  0.000    0.024    0.055    0    0  (Gen:  0)
  1039384    477672   5960360  0.000  0.000    0.025    0.056    0    0  (Gen:  0)
  1039304    479992   6238064  0.000  0.001    0.025    0.057    0    0  (Gen:  0)
  1039280   6483352   6516088  0.007  0.009    0.033    0.066    0    0  (Gen:  1)
  1039288    485120   6794448  0.001  0.001    0.034    0.067    0    0  (Gen:  0)
  1039216    488520   7073176  0.000  0.000    0.035    0.068    0    0  (Gen:  0)
  1039208    467392   7351128  0.000  0.000    0.035    0.069    0    0  (Gen:  0)
  1039360    471528   7630920  0.000  0.000    0.036    0.069    0    0  (Gen:  0)
  1039208    473000   7908608  0.000  0.000    0.037    0.070    0    0  (Gen:  0)
  1039336    475176   8186752  0.000  0.000    0.038    0.071    0    0  (Gen:  0)
  1038656    476752   8464424  0.000  0.000    0.038    0.072    0    0  (Gen:  0)
  1039272    479192   8742512  0.000  0.001    0.039    0.073    0    0  (Gen:  0)
  1039152    482208   9020640  0.000  0.001    0.040    0.074    0    0  (Gen:  0)
  1039424    502504   9317336  0.000  0.000    0.041    0.074    0    0  (Gen:  0)
  1038104    550800   9645400  0.001  0.001    0.042    0.075    0    0  (Gen:  0)
  1038912    560944   9975752  0.001  0.001    0.043    0.076    0    0  (Gen:  0)
  1038472    575928  10304080  0.001  0.001    0.044    0.077    0    0  (Gen:  0)
  1038160    567168  10632144  0.001  0.001    0.045    0.078    0    0  (Gen:  0)
  1038120    561112  10962096  0.001  0.001    0.045    0.079    0    0  (Gen:  0)
  1038232    576160  11290544  0.001  0.001    0.046    0.080    0    0  (Gen:  0)
  1039088    568264  11619168  0.001  0.001    0.047    0.081    0    0  (Gen:  0)
  1037712    561608  11948448  0.001  0.001    0.048    0.082    0    0  (Gen:  0)
  1038608    577328  12277976  0.001  0.001    0.049    0.083    0    0  (Gen:  0)
  1038096    568328  12605264  0.001  0.001    0.050    0.084    0    0  (Gen:  0)
  1038880    562928  12936000  0.001  0.001    0.051    0.085    0    0  (Gen:  0)
  1038368  12005896  12038640  0.014  0.018    0.066    0.103    0    0  (Gen:  1)
  1037824    488288  12285984  0.001  0.001    0.067    0.104    0    0  (Gen:  0)
  1038544    480648  12533360  0.001  0.001    0.068    0.105    0    0  (Gen:  0)
  1038288    473696  12781528  0.000  0.000    0.069    0.106    0    0  (Gen:  0)
  1039056    489160  13029152  0.000  0.001    0.070    0.107    0    0  (Gen:  0)
  1037704    481064  13276104  0.001  0.001    0.071    0.108    0    0  (Gen:  0)
  1038640    475112  13525080  0.000  0.001    0.071    0.109    0    0  (Gen:  0)
  1037968    489560  13771192  0.000  0.001    0.072    0.110    0    0  (Gen:  0)
  1038744    482288  14019496  0.000  0.001    0.073    0.111    0    0  (Gen:  0)
  1038168    475704  14267704  0.000  0.000    0.074    0.112    0    0  (Gen:  0)
  1038216    489936  14513960  0.000  0.000    0.075    0.113    0    0  (Gen:  0)
  1038632    483040  14762152  0.000  0.000    0.075    0.113    0    0  (Gen:  0)
  1038320    476608  15010880  0.000  0.000    0.076    0.114    0    0  (Gen:  0)
  1038872    490288  15256872  0.000  0.000    0.077    0.115    0    0  (Gen:  0)
  1037784    482912  15504528  0.000  0.000    0.078    0.116    0    0  (Gen:  0)
  1038848    488352  15764520  0.000  0.000    0.079    0.117    0    0  (Gen:  0)
  1037880    572072  16091608  0.001  0.001    0.080    0.118    0    0  (Gen:  0)
  1038760    564656  16420320  0.001  0.001    0.081    0.119    0    0  (Gen:  0)
  1038128    559016  16750384  0.001  0.001    0.082    0.120    0    0  (Gen:  0)
  1038208    571968  17077568  0.001  0.001    0.084    0.122    0    0  (Gen:  0)
  1038144    565280  17406800  0.001  0.001    0.085    0.123    0    0  (Gen:  0)
  1038840    558920  17736576  0.001  0.001    0.086    0.124    0    0  (Gen:  0)
  1038408    573624  18065360  0.001  0.001    0.087    0.125    0    0  (Gen:  0)
  1038232    565648  18393880  0.001  0.001    0.089    0.127    0    0  (Gen:  0)
  1038168    560272  18724112  0.001  0.001    0.090    0.128    0    0  (Gen:  0)
  1038392    573776  19051760  0.001  0.001    0.091    0.129    0    0  (Gen:  0)
  1038840    566240  19380264  0.001  0.001    0.092    0.130    0    0  (Gen:  0)
  1038168    560784  19710680  0.001  0.001    0.093    0.131    0    0  (Gen:  0)
  1038144    574888  20039216  0.001  0.001    0.094    0.132    0    0  (Gen:  0)
  1038152    566712  20367128  0.001  0.001    0.095    0.133    0    0  (Gen:  0)
  1038864    561264  20697648  0.001  0.001    0.096    0.134    0    0  (Gen:  0)
  1038480    574784  21024984  0.001  0.001    0.097    0.135    0    0  (Gen:  0)
  1038192    567232  21353616  0.001  0.001    0.097    0.136    0    0  (Gen:  0)
  1038104    560240  21683032  0.001  0.001    0.098    0.136    0    0  (Gen:  0)
  1038216    576128  22012304  0.001  0.001    0.099    0.137    0    0  (Gen:  0)
  1039104    567936  22340904  0.001  0.001    0.100    0.138    0    0  (Gen:  0)
  1365408    561744  22703376  0.001  0.001    0.101    0.139    0    0  (Gen:  0)
  1169688    576456  23031736  0.001  0.001    0.102    0.140    0    0  (Gen:  0)
  1038056    567976  23359592  0.001  0.001    0.103    0.141    0    0  (Gen:  0)
  1038888    562408  23690104  0.001  0.001    0.104    0.142    0    0  (Gen:  0)
  1038440    577520  24019152  0.001  0.001    0.105    0.143    0    0  (Gen:  0)
  1037768  22155864  22221376  0.022  0.028    0.127    0.171    0    0  (Gen:  1)
  1038552    480808  22469968  0.001  0.001    0.128    0.172    0    0  (Gen:  0)
  1038368    548160  22791304  0.000  0.000    0.129    0.173    0    0  (Gen:  0)
  1039064    570056  23120536  0.001  0.001    0.130    0.174    0    0  (Gen:  0)
  1037672    562760  23449592  0.000  0.000    0.131    0.175    0    0  (Gen:  0)
  1038688    555592  23779216  0.001  0.001    0.132    0.176    0    0  (Gen:  0)
  1037968    570224  24107272  0.000  0.000    0.133    0.176    0    0  (Gen:  0)
  1038720    562960  24436208  0.000  0.000    0.133    0.177    0    0  (Gen:  0)
  1038160    557144  24766744  0.001  0.001    0.134    0.178    0    0  (Gen:  0)
  1038208    570584  25093656  0.001  0.001    0.135    0.179    0    0  (Gen:  0)
  1038632    564672  25423672  0.001  0.001    0.136    0.180    0    0  (Gen:  0)
  1038312    557368  25753248  0.001  0.001    0.137    0.181    0    0  (Gen:  0)
  1038952    571280  26080760  0.001  0.001    0.138    0.182    0    0  (Gen:  0)
  1037720    563760  26409096  0.001  0.001    0.139    0.183    0    0  (Gen:  0)
  1038736    559160  26740872  0.001  0.001    0.140    0.184    0    0  (Gen:  0)
  1037880    571008  27067056  0.000  0.000    0.141    0.185    0    0  (Gen:  0)
  1038760    564192  27396120  0.000  0.000    0.141    0.186    0    0  (Gen:  0)
  1038168    559144  27726792  0.000  0.000    0.142    0.187    0    0  (Gen:  0)
  1038184    572480  28054288  0.001  0.001    0.143    0.187    0    0  (Gen:  0)
  1038152    564888  28383256  0.000  0.000    0.144    0.188    0    0  (Gen:  0)
  1038832    559088  28713200  0.001  0.001    0.145    0.189    0    0  (Gen:  0)
  1038944    573312  29041184  0.001  0.001    0.146    0.190    0    0  (Gen:  0)
  1037696    564808  29369424  0.001  0.001    0.147    0.191    0    0  (Gen:  0)
  1038160    559168  29699600  0.001  0.001    0.147    0.192    0    0  (Gen:  0)
  1038432    573224  30027592  0.001  0.001    0.148    0.193    0    0  (Gen:  0)
  1038800    565824  30356408  0.001  0.001    0.149    0.194    0    0  (Gen:  0)
  1038208    560256  30686536  0.001  0.001    0.150    0.194    0    0  (Gen:  0)
  1038136    574576  31014976  0.001  0.001    0.151    0.195    0    0  (Gen:  0)
  1038128    566064  31342608  0.000  0.000    0.152    0.196    0    0  (Gen:  0)
  1038968    561400  31673952  0.000  0.000    0.153    0.197    0    0  (Gen:  0)
  1038464    574816  32001624  0.001  0.001    0.154    0.198    0    0  (Gen:  0)
  1038200    566952  32329800  0.001  0.001    0.154    0.199    0    0  (Gen:  0)
  1038120    560800  32659952  0.001  0.001    0.155    0.200    0    0  (Gen:  0)
  1038416    575416  32988072  0.001  0.001    0.156    0.201    0    0  (Gen:  0)
  1038880    567384  33316432  0.001  0.001    0.157    0.202    0    0  (Gen:  0)
  1038064    560888  33646408  0.001  0.001    0.158    0.202    0    0  (Gen:  0)
  1038272    575952  33974896  0.001  0.001    0.159    0.203    0    0  (Gen:  0)
  1038088    568304  34303832  0.000  0.000    0.160    0.204    0    0  (Gen:  0)
  1038896    561872  34633232  0.001  0.001    0.161    0.205    0    0  (Gen:  0)
  1038416    577224  34962232  0.001  0.001    0.161    0.206    0    0  (Gen:  0)
  1038272    568176  35289728  0.000  0.000    0.162    0.207    0    0  (Gen:  0)
  1038064    562448  35620240  0.000  0.001    0.163    0.208    0    0  (Gen:  0)
  1038240    577368  35948712  0.001  0.001    0.164    0.209    0    0  (Gen:  0)
  1039064    569472  36277080  0.001  0.001    0.165    0.209    0    0  (Gen:  0)
  1037672    562392  36606096  0.001  0.001    0.166    0.210    0    0  (Gen:  0)
  1038688    554712  36935400  0.001  0.001    0.167    0.211    0    0  (Gen:  0)
  1037992    569576  37263608  0.001  0.001    0.168    0.212    0    0  (Gen:  0)
  1038696    563256  37593488  0.001  0.001    0.168    0.213    0    0  (Gen:  0)
  1038632    556448  37923288  0.001  0.001    0.169    0.214    0    0  (Gen:  0)
  1037760    570120  38250272  0.001  0.001    0.170    0.215    0    0  (Gen:  0)
  1038632    563664  38580072  0.001  0.001    0.171    0.216    0    0  (Gen:  0)
  1038296    556848  38909776  0.000  0.000    0.172    0.216    0    0  (Gen:  0)
  1038968    570680  39237032  0.001  0.001    0.173    0.217    0    0  (Gen:  0)
  1037696    564416  39566720  0.000  0.000    0.174    0.218    0    0  (Gen:  0)
  1038752    558216  39897216  0.001  0.001    0.175    0.219    0    0  (Gen:  0)
  1037864    570440  40223488  0.001  0.001    0.175    0.220    0    0  (Gen:  0)
  1038872    564800  40553240  0.000  0.000    0.176    0.221    0    0  (Gen:  0)
  1038152    559480  40884312  0.001  0.001    0.177    0.222    0    0  (Gen:  0)
  1038208    571808  41211144  0.001  0.001    0.178    0.223    0    0  (Gen:  0)
  1038136    564192  41539560  0.001  0.001    0.179    0.224    0    0  (Gen:  0)
  1038872    558720  41869872  0.001  0.001    0.180    0.224    0    0  (Gen:  0)
  1038920    572392  42197344  0.001  0.001    0.181    0.225    0    0  (Gen:  0)
  1037736    564936  42526344  0.001  0.001    0.182    0.226    0    0  (Gen:  0)
  1038104    558648  42856264  0.001  0.001    0.182    0.227    0    0  (Gen:  0)
  1038424    573560  43184784  0.001  0.001    0.183    0.228    0    0  (Gen:  0)
  1038824    565640  43513472  0.001  0.001    0.184    0.229    0    0  (Gen:  0)
  1038184    559936  43843568  0.001  0.001    0.185    0.230    0    0  (Gen:  0)
  1038152    573432  44171088  0.001  0.001    0.186    0.231    0    0  (Gen:  0)
  1038184  38991936  39057448  0.039  0.050    0.226    0.281    0    0  (Gen:  1)
  1038832    479000  39305944  0.000  0.001    0.227    0.282    0    0  (Gen:  0)
  1038432    494008  39553576  0.000  0.000    0.228    0.283    0    0  (Gen:  0)
  1136520    485488  39832936  0.000  0.000    0.228    0.283    0    0  (Gen:  0)
  1300280    479320  40081568  0.000  0.000    0.229    0.284    0    0  (Gen:  0)
  1103936    493952  40328392  0.000  0.000    0.230    0.285    0    0  (Gen:  0)
  1038896    485888  40575560  0.000  0.000    0.231    0.286    0    0  (Gen:  0)
  1038072    479120  40823848  0.000  0.000    0.232    0.287    0    0  (Gen:  0)
  1038240    494720  41071400  0.000  0.000    0.232    0.288    0    0  (Gen:  0)
  1038104    486144  41318360  0.000  0.000    0.233    0.288    0    0  (Gen:  0)
  1038880    479952  41566824  0.000  0.000    0.234    0.289    0    0  (Gen:  0)
  1038440    495208  41814008  0.000  0.000    0.235    0.290    0    0  (Gen:  0)
  1038240    486736  42060888  0.000  0.000    0.236    0.291    0    0  (Gen:  0)
  1038080    480312  42309248  0.000  0.000    0.236    0.291    0    0  (Gen:  0)
  1038224    496216  42557304  0.000  0.000    0.237    0.292    0    0  (Gen:  0)
  1039200    509688  42825824  0.000  0.000    0.238    0.293    0    0  (Gen:  0)
  1037664    562664  43156048  0.001  0.001    0.239    0.295    0    0  (Gen:  0)
  1038656    577192  43484392  0.001  0.001    0.241    0.296    0    0  (Gen:  0)
  1038032    569824  43813056  0.001  0.001    0.242    0.297    0    0  (Gen:  0)
  1038952    562584  44142344  0.001  0.001    0.243    0.299    0    0  (Gen:  0)
  1038368    555384  44471728  0.001  0.001    0.245    0.300    0    0  (Gen:  0)
  1037768    569848  44799872  0.001  0.001    0.246    0.301    0    0  (Gen:  0)
  1038608    563176  45128888  0.001  0.001    0.247    0.302    0    0  (Gen:  0)
  1038296    556920  45459280  0.001  0.001    0.248    0.304    0    0  (Gen:  0)
  1039024    570744  45786608  0.001  0.001    0.250    0.305    0    0  (Gen:  0)
  1037640    564264  46116272  0.001  0.001    0.251    0.306    0    0  (Gen:  0)
  1038744    557168  46445760  0.001  0.001    0.252    0.308    0    0  (Gen:  0)
  1037856    570800  46772936  0.001  0.001    0.254    0.309    0    0  (Gen:  0)
  1038808    564312  47102120  0.001  0.001    0.255    0.310    0    0  (Gen:  0)
  1038168    558632  47433120  0.001  0.001    0.256    0.311    0    0  (Gen:  0)
  1038200    570608  47759464  0.001  0.001    0.257    0.312    0    0  (Gen:  0)
  1038112    564456  48088944  0.001  0.001    0.258    0.314    0    0  (Gen:  0)
  1038856    559256  48419680  0.001  0.001    0.259    0.315    0    0  (Gen:  0)
  1038920    572792  48747360  0.001  0.001    0.260    0.316    0    0  (Gen:  0)
  1037744    564832  49075976  0.001  0.001    0.261    0.317    0    0  (Gen:  0)
  1038120    558968  49405968  0.001  0.001    0.262    0.318    0    0  (Gen:  0)
  1038448    572336  49733192  0.001  0.001    0.263    0.319    0    0  (Gen:  0)
  1038824    564784  50061992  0.001  0.001    0.264    0.320    0    0  (Gen:  0)
  1038144    558968  50392128  0.001  0.001    0.265    0.321    0    0  (Gen:  0)
  1038184    572912  50720032  0.001  0.001    0.266    0.322    0    0  (Gen:  0)
  1038152    566176  51049672  0.001  0.001    0.267    0.323    0    0  (Gen:  0)
  1038872    560312  51379160  0.001  0.001    0.268    0.324    0    0  (Gen:  0)
  1038496    574600  51707600  0.000  0.000    0.269    0.324    0    0  (Gen:  0)
  1038224    565872  52035384  0.001  0.001    0.270    0.325    0    0  (Gen:  0)
  1038136    560856  52366272  0.000  0.000    0.271    0.326    0    0  (Gen:  0)
  1038408    575056  52694672  0.001  0.001    0.272    0.327    0    0  (Gen:  0)
  1038864    566720  53022360  0.001  0.001    0.273    0.328    0    0  (Gen:  0)
  1038160    561216  53353064  0.001  0.001    0.273    0.329    0    0  (Gen:  0)
  1038160    575128  53680520  0.001  0.001    0.274    0.330    0    0  (Gen:  0)
  1038104    567088  54008968  0.001  0.001    0.275    0.331    0    0  (Gen:  0)
  1038912    560736  54338904  0.001  0.001    0.276    0.332    0    0  (Gen:  0)
  1038448    575904  54667520  0.000  0.000    0.277    0.333    0    0  (Gen:  0)
  1038192    567944  54996376  0.001  0.001    0.278    0.334    0    0  (Gen:  0)
  1038128    561400  55325624  0.001  0.001    0.279    0.334    0    0  (Gen:  0)
  1038200    576696  55654480  0.001  0.001    0.280    0.335    0    0  (Gen:  0)
  1039120    568096  55982280  0.001  0.001    0.281    0.336    0    0  (Gen:  0)
  1037664    562288  56312672  0.001  0.001    0.281    0.337    0    0  (Gen:  0)
  1038656    577512  56641680  0.001  0.001    0.282    0.338    0    0  (Gen:  0)
  1038008    568224  56968648  0.001  0.001    0.283    0.339    0    0  (Gen:  0)
  1038952    562240  57298904  0.001  0.001    0.284    0.340    0    0  (Gen:  0)
  1038384    555672  57627920  0.001  0.001    0.285    0.341    0    0  (Gen:  0)
  1037784    569520  57956376  0.001  0.001    0.286    0.342    0    0  (Gen:  0)
  1038560    562800  58285904  0.000  0.000    0.287    0.342    0    0  (Gen:  0)
  1038312    555936  58615560  0.001  0.001    0.288    0.343    0    0  (Gen:  0)
  1039048    570224  58943296  0.000  0.000    0.289    0.344    0    0  (Gen:  0)
  1037672    563304  59272528  0.001  0.001    0.289    0.345    0    0  (Gen:  0)
  1038680    556544  59602392  0.000  0.000    0.290    0.346    0    0  (Gen:  0)
  1037896    570544  59929680  0.001  0.001    0.291    0.347    0    0  (Gen:  0)
  1038792    564408  60259416  0.001  0.001    0.292    0.348    0    0  (Gen:  0)
  1038168    557688  60589568  0.001  0.001    0.293    0.349    0    0  (Gen:  0)
  1038312    571232  60916960  0.001  0.001    0.294    0.350    0    0  (Gen:  0)
  1038616    564072  61245704  0.000  0.000    0.295    0.350    0    0  (Gen:  0)
  1038320    559408  61577160  0.001  0.001    0.295    0.351    0    0  (Gen:  0)
  1038912    571656  61903896  0.001  0.001    0.296    0.352    0    0  (Gen:  0)
  1037760    564096  62232184  0.001  0.001    0.297    0.353    0    0  (Gen:  0)
  1038104    558896  62562888  0.001  0.001    0.298    0.354    0    0  (Gen:  0)
  1038464    572328  62890184  0.001  0.001    0.299    0.355    0    0  (Gen:  0)
  1038816    565504  63219872  0.000  0.000    0.300    0.356    0    0  (Gen:  0)
  1038128    559192  63549456  0.000  0.000    0.301    0.357    0    0  (Gen:  0)
  1038200    573088  63877328  0.001  0.001    0.302    0.358    0    0  (Gen:  0)
  1234760    565144  64238520  0.000  0.000    0.303    0.358    0    0  (Gen:  0)
  1235464    559752  64568984  0.001  0.001    0.303    0.359    0    0  (Gen:  0)
  1071168    573288  64896608  0.000  0.000    0.304    0.360    0    0  (Gen:  0)
  1038248    495248  65225528  0.000  0.000    0.305    0.361    0    0  (Gen:  0)
  1038152    496416  65555352  0.000  0.000    0.306    0.362    0    0  (Gen:  0)
  1038384    574560  65884040  0.001  0.001    0.307    0.363    0    0  (Gen:  0)
  1038848    566784  66212288  0.001  0.001    0.308    0.364    0    0  (Gen:  0)
  1038176    561360  66543016  0.001  0.001    0.308    0.364    0    0  (Gen:  0)
  1038160    575000  66870800  0.001  0.001    0.309    0.365    0    0  (Gen:  0)
  1038104    567064  67198864  0.000  0.000    0.310    0.366    0    0  (Gen:  0)
  1038912    560944  67529216  0.000  0.000    0.311    0.367    0    0  (Gen:  0)
  1038472    575928  67857544  0.000  0.000    0.312    0.368    0    0  (Gen:  0)
  1038160    567168  68185608  0.001  0.001    0.313    0.369    0    0  (Gen:  0)
  1038120    561112  68515560  0.001  0.001    0.314    0.370    0    0  (Gen:  0)
  1038232    576160  68844008  0.001  0.001    0.314    0.371    0    0  (Gen:  0)
  1039088    568264  69172632  0.001  0.001    0.315    0.371    0    0  (Gen:  0)
  1037712    561608  69501912  0.001  0.001    0.316    0.372    0    0  (Gen:  0)
  1038704    577424  69831536  0.001  0.001    0.317    0.373    0    0  (Gen:  0)
  1038096    568368  70158824  0.001  0.001    0.319    0.375    0    0  (Gen:  0)
  1038880    562928  70489560  0.001  0.001    0.320    0.376    0    0  (Gen:  0)
  1038368    577264  70817768  0.001  0.001    0.321    0.378    0    0  (Gen:  0)
  1037824    569312  71146168  0.001  0.001    0.323    0.379    0    0  (Gen:  0)
  1038544    562272  71475200  0.001  0.001    0.324    0.380    0    0  (Gen:  0)
  1038288    555032  71804736  0.001  0.001    0.325    0.381    0    0  (Gen:  0)
  1039056    570216  72133440  0.001  0.001    0.326    0.382    0    0  (Gen:  0)
  1037704    562664  72461992  0.001  0.001    0.327    0.384    0    0  (Gen:  0)
  1038640    556720  72792600  0.001  0.001    0.328    0.385    0    0  (Gen:  0)
  1037968    570176  73119328  0.001  0.001    0.329    0.386    0    0  (Gen:  0)
  1038744    564128  73449504  0.001  0.001    0.330    0.386    0    0  (Gen:  0)
  1038168    557136  73779176  0.001  0.001    0.331    0.387    0    0  (Gen:  0)
  1038216    570624  74106152  0.000  0.000    0.332    0.388    0    0  (Gen:  0)
  1038632    564688  74436024  0.000  0.000    0.333    0.389    0    0  (Gen:  0)
  1038320    558472  74766648  0.000  0.000    0.334    0.390    0    0  (Gen:  0)
  1038872    570880  75093264  0.000  0.000    0.335    0.391    0    0  (Gen:  0)
  1037784    564440  75422480  0.000  0.000    0.335    0.392    0    0  (Gen:  0)
  1038752    559200  75753352  0.000  0.000    0.336    0.393    0    0  (Gen:  0)
  1037880    572072  76080440  0.001  0.001    0.337    0.393    0    0  (Gen:  0)
  1038760    564656  76409152  0.001  0.001    0.338    0.394    0    0  (Gen:  0)
  1038128    559016  76739216  0.001  0.001    0.339    0.395    0    0  (Gen:  0)
  1038208    571968  77066400  0.001  0.001    0.340    0.396    0    0  (Gen:  0)
  1038144    565280  77395632  0.001  0.001    0.341    0.397    0    0  (Gen:  0)
  1038840    558920  77725408  0.001  0.001    0.341    0.398    0    0  (Gen:  0)
  1038408  69197648  69328696  0.068  0.086    0.410    0.484    0    0  (Gen:  1)
  1038232    484288  69575824  0.000  0.000    0.411    0.485    0    0  (Gen:  0)
  1066304    150840  69530016  0.000  0.000    0.412    0.485    1   26  (Gen:  0)
    17240      3400     44312  0.001  0.013    0.412    0.499    0    0  (Gen:  1)
        0                      0.000  0.000

     290,078,992 bytes allocated in the heap
     301,075,608 bytes copied during GC
      69,328,696 bytes maximum residency (9 sample(s))
         237,768 bytes maximum slop
             144 MB total memory in use (0 MB lost due to fragmentation)

                                     Tot time (elapsed)  Avg pause  Max pause
  Gen  0       270 colls,     0 par    0.144s   0.149s     0.0006s    0.0025s
  Gen  1         9 colls,     0 par    0.159s   0.228s     0.0253s    0.0856s

  INIT    time    0.000s  (  0.003s elapsed)
  MUT     time    0.108s  (  0.119s elapsed)
  GC      time    0.304s  (  0.377s elapsed)
  EXIT    time    0.000s  (  0.000s elapsed)
  Total   time    0.412s  (  0.499s elapsed)

  %GC     time      73.7%  (75.6% elapsed)

  Alloc rate    2,678,476,380 bytes per MUT second

  Productivity  26.3% of total user, 23.9% of total elapsed

