/var/folders/89/2ksgj1s104qg4kzrf9np5h2m0000gn/T/PC1m-GHC16807282475249 +RTS -Sexamples/luigi/PC1m-GHC.stats 
    Alloc    Copied     Live     GC     GC      TOT      TOT  Page Flts
    bytes     bytes     bytes   user   elap     user     elap
  1069336    308192    340944  0.001  0.002    0.002    0.014   15  232  (Gen:  0)
  1043160    524400    557128  0.001  0.017    0.003    0.031  199    0  (Gen:  1)
  1043024    409896    817992  0.000  0.000    0.004    0.032    0    0  (Gen:  0)
  1043032    414216   1081192  0.000  0.001    0.005    0.033    0    0  (Gen:  0)
  1042584    409408   1336208  0.000  0.001    0.006    0.034    0    0  (Gen:  0)
  1042696   1542904   1575640  0.002  0.002    0.007    0.036    0    0  (Gen:  1)
  1042872    422024   1816152  0.000  0.000    0.008    0.037    0    0  (Gen:  0)
  1042640    405680   2054968  0.000  0.000    0.009    0.038    0    0  (Gen:  0)
  1042456    415344   2295224  0.000  0.000    0.010    0.039    0    0  (Gen:  0)
  1043072    424752   2536064  0.000  0.000    0.010    0.039    0    0  (Gen:  0)
  1042856    408600   2774952  0.000  0.000    0.011    0.040    0    0  (Gen:  0)
  1042696    417984   3015456  0.000  0.000    0.012    0.041    0    0  (Gen:  0)
  1042744   3223152   3255888  0.004  0.005    0.016    0.046    0    0  (Gen:  1)
  1042680    412624   3495576  0.000  0.000    0.017    0.047    0    0  (Gen:  0)
  1042728    421984   3736088  0.000  0.000    0.017    0.047    0    0  (Gen:  0)
  1042904    405680   3975008  0.000  0.000    0.018    0.048    0    0  (Gen:  0)
  1042664    414712   4214848  0.000  0.001    0.019    0.049    0    0  (Gen:  0)
  1042880    424904   4456360  0.000  0.000    0.019    0.050    0    0  (Gen:  0)
  1042584    408184   4694696  0.000  0.000    0.020    0.051    0    0  (Gen:  0)
  1042720    417496   4935048  0.000  0.000    0.021    0.051    0    0  (Gen:  0)
  1042944    427112   5175696  0.000  0.000    0.022    0.052    0    0  (Gen:  0)
  1042568    412032   5415328  0.000  0.000    0.022    0.053    0    0  (Gen:  0)
  1042840    421888   5656424  0.000  0.000    0.023    0.054    0    0  (Gen:  0)
  1042664    405344   5895032  0.000  0.000    0.024    0.054    0    0  (Gen:  0)
  1042832    414728   6135032  0.000  0.000    0.025    0.055    0    0  (Gen:  0)
  1043000    424736   6376440  0.000  0.000    0.025    0.056    0    0  (Gen:  0)
  1042528   6581592   6614328  0.009  0.013    0.034    0.069    0    0  (Gen:  1)
  1042696    417400   6854760  0.001  0.001    0.035    0.071    0    0  (Gen:  0)
  1042672    426616   7094952  0.001  0.001    0.037    0.072    0    0  (Gen:  0)
  1042736    411848   7334928  0.000  0.000    0.038    0.073    0    0  (Gen:  0)
  1043048    421912   7575848  0.000  0.000    0.039    0.074    0    0  (Gen:  0)
  1042608    404832   7814104  0.000  0.000    0.040    0.075    0    0  (Gen:  0)
  1042904    414488   8054768  0.001  0.001    0.041    0.076    0    0  (Gen:  0)
  1042520    424064   8295488  0.001  0.001    0.041    0.077    0    0  (Gen:  0)
  1042856    408336   8534312  0.001  0.001    0.043    0.078    0    0  (Gen:  0)
  1042928    417160   8774848  0.001  0.001    0.044    0.080    0    0  (Gen:  0)
  1042512    426112   9014800  0.001  0.001    0.045    0.081    0    0  (Gen:  0)
  1042872    411800   9255200  0.000  0.000    0.046    0.082    0    0  (Gen:  0)
  1042696    421696   9495880  0.001  0.001    0.047    0.083    0    0  (Gen:  0)
  1042792    405216   9734880  0.001  0.001    0.048    0.084    0    0  (Gen:  0)
  1042888    414504   9975192  0.001  0.001    0.050    0.086    0    0  (Gen:  0)
  1042416    423312  10215232  0.001  0.001    0.051    0.087    0    0  (Gen:  0)
  1042720    420192  10466464  0.001  0.001    0.052    0.088    0    0  (Gen:  0)
  1042280    458128  10738624  0.001  0.001    0.053    0.089    0    0  (Gen:  0)
  1042912    463448  11011672  0.001  0.001    0.054    0.091    0    0  (Gen:  0)
  1042304    477728  11282408  0.001  0.001    0.055    0.092    0    0  (Gen:  0)
  1042896    471032  11554544  0.001  0.001    0.056    0.093    0    0  (Gen:  0)
  1042624    465880  11828336  0.001  0.001    0.058    0.094    0    0  (Gen:  0)
  1042600    479520  12098680  0.001  0.001    0.059    0.096    0    0  (Gen:  0)
  1042616    472208  12369880  0.001  0.001    0.060    0.097    0    0  (Gen:  0)
  1042616    467000  12643304  0.001  0.001    0.061    0.098    0    0  (Gen:  0)
  1042704    481200  12914384  0.001  0.001    0.062    0.099    0    0  (Gen:  0)
  1042424    473616  13185720  0.000  0.001    0.063    0.100    0    0  (Gen:  0)
  1042864  12526408  12559152  0.014  0.018    0.077    0.119    0    0  (Gen:  1)
  1042272    423472  12770808  0.000  0.000    0.078    0.120    0    0  (Gen:  0)
  1042968    415264  12982512  0.000  0.000    0.078    0.120    0    0  (Gen:  0)
  1042472    410120  13196264  0.000  0.000    0.079    0.121    0    0  (Gen:  0)
  1042680    424992  13407792  0.000  0.000    0.080    0.122    0    0  (Gen:  0)
  1042616    418728  13620976  0.000  0.000    0.080    0.123    0    0  (Gen:  0)
  1042688    411024  13832896  0.000  0.000    0.081    0.123    0    0  (Gen:  0)
  1042648    404544  14046104  0.000  0.000    0.082    0.124    0    0  (Gen:  0)
  1042488    419568  14257424  0.000  0.000    0.083    0.125    0    0  (Gen:  0)
  1042832    412168  14469632  0.000  0.000    0.083    0.126    0    0  (Gen:  0)
  1042312    406640  14683344  0.000  0.001    0.084    0.127    0    0  (Gen:  0)
  1042960    421568  14895024  0.000  0.000    0.085    0.127    0    0  (Gen:  0)
  1042472    413232  15106736  0.000  0.000    0.086    0.128    0    0  (Gen:  0)
  1042568    407960  15320272  0.000  0.000    0.087    0.129    0    0  (Gen:  0)
  1042760    422528  15531536  0.000  0.000    0.087    0.130    0    0  (Gen:  0)
  1042536    415016  15743776  0.000  0.000    0.088    0.131    0    0  (Gen:  0)
  1042776    408784  15956816  0.000  0.000    0.089    0.131    0    0  (Gen:  0)
  1042656    425216  16169616  0.000  0.000    0.089    0.132    0    0  (Gen:  0)
  1042712    417840  16381816  0.000  0.000    0.090    0.133    0    0  (Gen:  0)
  1042248    410288  16593896  0.000  0.000    0.091    0.134    0    0  (Gen:  0)
  1042920    403776  16807288  0.000  0.000    0.092    0.134    0    0  (Gen:  0)
  1042312    418536  17018144  0.000  0.000    0.093    0.135    0    0  (Gen:  0)
  1042888    411032  17230384  0.000  0.000    0.093    0.136    0    0  (Gen:  0)
  1042592    405952  17444456  0.000  0.000    0.094    0.137    0    0  (Gen:  0)
  1042648    420264  17655448  0.000  0.000    0.095    0.137    0    0  (Gen:  0)
  1042640    412744  17867576  0.000  0.000    0.096    0.138    0    0  (Gen:  0)
  1042712    419328  18093536  0.000  0.000    0.096    0.139    0    0  (Gen:  0)
  1042704    481672  18364880  0.000  0.000    0.097    0.140    0    0  (Gen:  0)
  1042408    474072  18635880  0.000  0.000    0.098    0.141    0    0  (Gen:  0)
  1042880    467704  18908320  0.000  0.000    0.099    0.141    0    0  (Gen:  0)
  1042224    483048  19179840  0.000  0.000    0.100    0.142    0    0  (Gen:  0)
  1042960    474976  19451080  0.000  0.000    0.100    0.143    0    0  (Gen:  0)
  1042504    469680  19724320  0.000  0.000    0.101    0.144    0    0  (Gen:  0)
  1042704    485088  19996152  0.000  0.000    0.102    0.145    0    0  (Gen:  0)
  1042592    477664  20267728  0.000  0.000    0.103    0.145    0    0  (Gen:  0)
  1042656    471392  20540376  0.000  0.000    0.103    0.146    0    0  (Gen:  0)
  1042696    464680  20813208  0.000  0.000    0.104    0.147    0    0  (Gen:  0)
  1042496    478816  21083472  0.000  0.000    0.105    0.148    0    0  (Gen:  0)
  1042816    472600  21355760  0.000  0.000    0.106    0.149    0    0  (Gen:  0)
  1042328    465848  21628152  0.000  0.000    0.107    0.149    0    0  (Gen:  0)
  1042920    480824  21899544  0.000  0.000    0.107    0.150    0    0  (Gen:  0)
  1042480    472592  22170600  0.000  0.000    0.108    0.151    0    0  (Gen:  0)
  1042592    468128  22444344  0.000  0.000    0.109    0.152    0    0  (Gen:  0)
  1042760    482288  22715224  0.000  0.000    0.110    0.153    0    0  (Gen:  0)
  1042504    475256  22986952  0.000  0.000    0.111    0.153    0    0  (Gen:  0)
  1042768    468552  23259480  0.000  0.000    0.111    0.154    0    0  (Gen:  0)
  1042680    484864  23531584  0.000  0.000    0.112    0.155    0    0  (Gen:  0)
  1042728    477408  23803296  0.000  0.000    0.113    0.156    0    0  (Gen:  0)
  1042240    470064  24074792  0.000  0.000    0.114    0.157    0    0  (Gen:  0)
  1042928    463384  24347840  0.000  0.000    0.115    0.158    0    0  (Gen:  0)
  1042296    478512  24618576  0.000  0.000    0.115    0.158    0    0  (Gen:  0)
  1042904    471768  24890560  0.000  0.000    0.116    0.159    0    0  (Gen:  0)
  1042568  23570456  23603200  0.027  0.035    0.144    0.194    0    0  (Gen:  1)
  1042664    420544  23814584  0.001  0.001    0.145    0.195    0    0  (Gen:  0)
  1042640    413088  24027008  0.000  0.000    0.146    0.196    0    0  (Gen:  0)
  1042632    407120  24240168  0.000  0.000    0.147    0.197    0    0  (Gen:  0)
  1042656    422944  24452496  0.000  0.000    0.147    0.198    0    0  (Gen:  0)
  1042424    414648  24663760  0.000  0.000    0.148    0.199    0    0  (Gen:  0)
  1042880    408768  24877080  0.000  0.000    0.149    0.199    0    0  (Gen:  0)
  1042248    424176  25089000  0.000  0.000    0.150    0.200    0    0  (Gen:  0)
  1042944    415752  25300560  0.000  0.000    0.151    0.201    0    0  (Gen:  0)
  1042528    409656  25513456  0.000  0.000    0.151    0.202    0    0  (Gen:  0)
  1042696    425992  25726440  0.000  0.000    0.152    0.203    0    0  (Gen:  0)
  1042536    419648  25939880  0.000  0.001    0.153    0.204    0    0  (Gen:  0)
  1042232    471520  26212368  0.000  0.001    0.154    0.205    0    0  (Gen:  0)
  1042552    465224  26485656  0.001  0.001    0.155    0.206    0    0  (Gen:  0)
  1042608    479272  26755888  0.000  0.001    0.156    0.206    0    0  (Gen:  0)
  1042640    472432  27027840  0.000  0.000    0.156    0.207    0    0  (Gen:  0)
  1042600    466160  27300424  0.000  0.000    0.157    0.208    0    0  (Gen:  0)
  1042768    481080  27571648  0.000  0.000    0.158    0.209    0    0  (Gen:  0)
  1042352    473176  27843016  0.000  0.000    0.159    0.210    0    0  (Gen:  0)
  1042872    468400  28116608  0.000  0.000    0.160    0.211    0    0  (Gen:  0)
  1042312    482584  28387488  0.000  0.000    0.161    0.212    0    0  (Gen:  0)
  1042960    475680  28659296  0.000  0.000    0.161    0.212    0    0  (Gen:  0)
  1042424    469024  28931728  0.001  0.001    0.163    0.213    0    0  (Gen:  0)
  1042704    484496  29203256  0.001  0.001    0.163    0.214    0    0  (Gen:  0)
  1042616    477424  29475080  0.000  0.000    0.164    0.215    0    0  (Gen:  0)
  1042696    470152  29746920  0.000  0.000    0.165    0.216    0    0  (Gen:  0)
  1042672    463848  30020072  0.000  0.000    0.166    0.217    0    0  (Gen:  0)
  1042448    478800  30290808  0.000  0.000    0.167    0.218    0    0  (Gen:  0)
  1042864    471664  30562408  0.000  0.000    0.168    0.219    0    0  (Gen:  0)
  1042296    465816  30835600  0.000  0.000    0.168    0.220    0    0  (Gen:  0)
  1042928    480328  31106648  0.000  0.000    0.169    0.220    0    0  (Gen:  0)
  1042488    473008  31378120  0.000  0.000    0.170    0.221    0    0  (Gen:  0)
  1042584    467328  31651552  0.000  0.000    0.171    0.222    0    0  (Gen:  0)
  1042744    482088  31922632  0.000  0.000    0.172    0.223    0    0  (Gen:  0)
  1042552    474160  32193584  0.000  0.000    0.172    0.224    0    0  (Gen:  0)
  1042760    468568  32466848  0.000  0.000    0.173    0.224    0    0  (Gen:  0)
  1042648    484168  32738680  0.000  0.000    0.174    0.225    0    0  (Gen:  0)
  1042720    475992  33009872  0.000  0.000    0.175    0.226    0    0  (Gen:  0)
  1042280    469576  33282032  0.000  0.000    0.176    0.227    0    0  (Gen:  0)
  1042912    463448  33555080  0.000  0.000    0.176    0.228    0    0  (Gen:  0)
  1042304    477728  33825816  0.000  0.000    0.177    0.228    0    0  (Gen:  0)
  1042896    471032  34097952  0.000  0.000    0.178    0.229    0    0  (Gen:  0)
  1042624    465880  34371744  0.000  0.000    0.179    0.230    0    0  (Gen:  0)
  1042600    479520  34642088  0.000  0.000    0.180    0.231    0    0  (Gen:  0)
  1042616    472208  34913288  0.000  0.000    0.180    0.232    0    0  (Gen:  0)
  1042616    467000  35186712  0.000  0.000    0.181    0.233    0    0  (Gen:  0)
  1042704    481200  35457792  0.000  0.000    0.182    0.233    0    0  (Gen:  0)
  1042424    473616  35729128  0.000  0.000    0.183    0.234    0    0  (Gen:  0)
  1042864    468168  36002232  0.000  0.000    0.184    0.235    0    0  (Gen:  0)
  1042368    482848  36273296  0.000  0.000    0.184    0.236    0    0  (Gen:  0)
  1042968    474768  36544528  0.000  0.000    0.185    0.237    0    0  (Gen:  0)
  1042472    470000  36818160  0.000  0.000    0.186    0.237    0    0  (Gen:  0)
  1042680    484272  37089000  0.001  0.001    0.187    0.239    0    0  (Gen:  0)
  1042616    478064  37361544  0.001  0.001    0.189    0.240    0    0  (Gen:  0)
  1042688    470904  37633344  0.001  0.001    0.190    0.241    0    0  (Gen:  0)
  1042648    464280  37906320  0.001  0.001    0.191    0.243    0    0  (Gen:  0)
  1042488    478536  38176640  0.001  0.001    0.192    0.244    0    0  (Gen:  0)
  1042832    471936  38448640  0.001  0.001    0.193    0.245    0    0  (Gen:  0)
  1042312    466432  38722136  0.001  0.001    0.194    0.246    0    0  (Gen:  0)
  1042960    480704  38992952  0.001  0.001    0.196    0.247    0    0  (Gen:  0)
  1042472    472872  39264336  0.001  0.001    0.197    0.248    0    0  (Gen:  0)
  1042568    467840  39537784  0.001  0.001    0.198    0.249    0    0  (Gen:  0)
  1042760    481480  39808024  0.001  0.001    0.198    0.250    0    0  (Gen:  0)
  1042536    474752  40080000  0.000  0.000    0.199    0.251    0    0  (Gen:  0)
  1042776    468472  40352760  0.001  0.001    0.200    0.252    0    0  (Gen:  0)
  1042656    484688  40625064  0.000  0.000    0.201    0.253    0    0  (Gen:  0)
  1042712    477120  40896576  0.000  0.000    0.202    0.253    0    0  (Gen:  0)
  1042248    470024  41168424  0.000  0.001    0.203    0.254    0    0  (Gen:  0)
  1042920    463472  41441536  0.000  0.000    0.204    0.255    0    0  (Gen:  0)
  1042312    477536  41711384  0.000  0.000    0.204    0.256    0    0  (Gen:  0)
  1042888    470816  41983408  0.000  0.000    0.205    0.257    0    0  (Gen:  0)
  1042592    465928  42257488  0.000  0.000    0.206    0.258    0    0  (Gen:  0)
  1042648    479112  42527360  0.000  0.000    0.207    0.259    0    0  (Gen:  0)
  1042640    472480  42799256  0.000  0.000    0.208    0.259    0    0  (Gen:  0)
  1042616    466872  43072792  0.000  0.000    0.209    0.260    0    0  (Gen:  0)
  1042704    481672  43344136  0.000  0.000    0.209    0.261    0    0  (Gen:  0)
  1042408    474072  43615136  0.001  0.001    0.210    0.262    0    0  (Gen:  0)
  1042880    467704  43887576  0.000  0.000    0.211    0.263    0    0  (Gen:  0)
  1042224    483048  44159096  0.000  0.000    0.212    0.264    0    0  (Gen:  0)
  1042960    474976  44430336  0.000  0.000    0.213    0.265    0    0  (Gen:  0)
  1042504    469680  44703576  0.000  0.000    0.214    0.266    0    0  (Gen:  0)
  1042704    485088  44975408  0.000  0.000    0.215    0.266    0    0  (Gen:  0)
  1042592    477664  45246984  0.000  0.000    0.215    0.267    0    0  (Gen:  0)
  1042656    471392  45519632  0.000  0.000    0.216    0.268    0    0  (Gen:  0)
  1042696    464680  45792464  0.000  0.000    0.217    0.269    0    0  (Gen:  0)
  1042496    478816  46062728  0.000  0.000    0.218    0.270    0    0  (Gen:  0)
  1042912    472696  46335112  0.000  0.000    0.219    0.270    0    0  (Gen:  0)
  1042328    465848  46607504  0.000  0.000    0.219    0.271    0    0  (Gen:  0)
  1042920    480824  46878896  0.000  0.000    0.220    0.272    0    0  (Gen:  0)
  1042480  42470760  42503504  0.047  0.059    0.268    0.332    0    0  (Gen:  1)
  1042592    408248  42717368  0.000  0.000    0.269    0.333    0    0  (Gen:  0)
  1042760    423168  42929104  0.000  0.000    0.269    0.333    0    0  (Gen:  0)
  1042504    415544  43141120  0.000  0.000    0.270    0.334    0    0  (Gen:  0)
  1042768    408904  43353976  0.000  0.000    0.271    0.335    0    0  (Gen:  0)
  1042680    425440  43566656  0.000  0.000    0.272    0.336    0    0  (Gen:  0)
  1042728    418128  43779056  0.000  0.000    0.272    0.337    0    0  (Gen:  0)
  1042240    410280  43990736  0.000  0.000    0.273    0.337    0    0  (Gen:  0)
  1042928    403648  44204016  0.000  0.000    0.274    0.338    0    0  (Gen:  0)
  1042296    419520  44415728  0.000  0.000    0.275    0.339    0    0  (Gen:  0)
  1042904    411960  44627872  0.000  0.000    0.276    0.340    0    0  (Gen:  0)
  1042568    405784  44841288  0.000  0.000    0.276    0.340    0    0  (Gen:  0)
  1042664    420544  45052672  0.000  0.000    0.277    0.341    0    0  (Gen:  0)
  1042640    413088  45265096  0.001  0.001    0.278    0.342    0    0  (Gen:  0)
  1042632    407120  45478256  0.000  0.000    0.279    0.343    0    0  (Gen:  0)
  1042656    422944  45690584  0.000  0.000    0.280    0.344    0    0  (Gen:  0)
  1107960    414648  45901848  0.000  0.000    0.281    0.345    0    0  (Gen:  0)
  1173952    408776  46147936  0.000  0.000    0.282    0.346    0    0  (Gen:  0)
  1107784    424176  46327088  0.000  0.000    0.282    0.347    0    0  (Gen:  0)
  1141248    415760  46571416  0.000  0.000    0.283    0.347    0    0  (Gen:  0)
  1108064    409664  46784312  0.000  0.000    0.284    0.348    0    0  (Gen:  0)
  1042696    425992  46997296  0.000  0.000    0.285    0.349    0    0  (Gen:  0)
  1042592    418416  47209512  0.000  0.000    0.285    0.350    0    0  (Gen:  0)
  1042664    411496  47421920  0.000  0.000    0.286    0.350    0    0  (Gen:  0)
  1042664    405480  47635488  0.000  0.000    0.287    0.351    0    0  (Gen:  0)
  1042520    420408  47846816  0.000  0.000    0.288    0.352    0    0  (Gen:  0)
  1042808    412880  48059136  0.000  0.000    0.288    0.353    0    0  (Gen:  0)
  1042344    406600  48271888  0.000  0.000    0.289    0.353    0    0  (Gen:  0)
  1042840    421896  48483880  0.000  0.000    0.290    0.354    0    0  (Gen:  0)
  1042512    413688  48695624  0.000  0.000    0.291    0.355    0    0  (Gen:  0)
  1042640    408456  48909216  0.000  0.000    0.291    0.356    0    0  (Gen:  0)
  1042736    423544  49121040  0.000  0.000    0.292    0.357    0    0  (Gen:  0)
  1042528    415912  49333064  0.000  0.000    0.293    0.357    0    0  (Gen:  0)
  1042704    409360  49546016  0.000  0.000    0.294    0.358    0    0  (Gen:  0)
  1042816    455408  49788288  0.000  0.000    0.295    0.359    0    0  (Gen:  0)
  1042712    477648  50060136  0.000  0.000    0.295    0.360    0    0  (Gen:  0)
  1042280    470136  50331768  0.000  0.000    0.296    0.360    0    0  (Gen:  0)
  1042904    463904  50605008  0.000  0.000    0.297    0.361    0    0  (Gen:  0)
  1042312    478504  50875208  0.000  0.000    0.298    0.362    0    0  (Gen:  0)
  1042880    471696  51147280  0.000  0.000    0.299    0.363    0    0  (Gen:  0)
  1042576    466128  51420672  0.000  0.000    0.299    0.364    0    0  (Gen:  0)
  1042680    480352  51691624  0.000  0.000    0.300    0.365    0    0  (Gen:  0)
  1042616    473120  51963240  0.000  0.000    0.301    0.365    0    0  (Gen:  0)
  1042648    467400  52236536  0.000  0.000    0.302    0.366    0    0  (Gen:  0)
  1042656    482128  52507624  0.000  0.000    0.303    0.367    0    0  (Gen:  0)
  1042432    474224  52778504  0.000  0.000    0.303    0.368    0    0  (Gen:  0)
  1042880    468344  53051808  0.000  0.000    0.304    0.369    0    0  (Gen:  0)
  1042224    484032  53323416  0.000  0.000    0.305    0.370    0    0  (Gen:  0)
  1042864    476352  53594992  0.000  0.000    0.306    0.370    0    0  (Gen:  0)
  1042616    469704  53867000  0.000  0.000    0.307    0.371    0    0  (Gen:  0)
  1042696    463232  54140032  0.000  0.000    0.307    0.372    0    0  (Gen:  0)
  1042600    477848  54410816  0.000  0.000    0.308    0.373    0    0  (Gen:  0)
  1042640    470984  54682728  0.000  0.000    0.309    0.374    0    0  (Gen:  0)
  1042696    466096  54956880  0.000  0.000    0.310    0.374    0    0  (Gen:  0)
  1042504    479304  55226784  0.000  0.000    0.311    0.375    0    0  (Gen:  0)
  1042816    472208  55498136  0.000  0.000    0.312    0.376    0    0  (Gen:  0)
  1042336    467016  55771704  0.000  0.000    0.312    0.377    0    0  (Gen:  0)
  1042832    481352  56042920  0.000  0.000    0.313    0.378    0    0  (Gen:  0)
  1042480    473720  56314152  0.000  0.000    0.314    0.379    0    0  (Gen:  0)
  1042696    468064  56587064  0.000  0.001    0.315    0.379    0    0  (Gen:  0)
  1042736    483024  56858296  0.000  0.000    0.316    0.380    0    0  (Gen:  0)
  1042536    474552  57129224  0.000  0.000    0.317    0.381    0    0  (Gen:  0)
  1042680    469904  57403024  0.000  0.000    0.317    0.382    0    0  (Gen:  0)
  1042704    484472  57674080  0.000  0.000    0.318    0.383    0    0  (Gen:  0)
  1042736    477920  57946416  0.000  0.000    0.319    0.384    0    0  (Gen:  0)
  1042280    470720  58218304  0.000  0.000    0.320    0.384    0    0  (Gen:  0)
  1042920    464264  58491248  0.000  0.000    0.321    0.385    0    0  (Gen:  0)
  1042312    478768  58761680  0.000  0.000    0.321    0.386    0    0  (Gen:  0)
  1042864    472016  59033576  0.000  0.000    0.322    0.387    0    0  (Gen:  0)
  1042560    466440  59307016  0.000  0.000    0.323    0.388    0    0  (Gen:  0)
  1042672    480864  59577992  0.000  0.000    0.324    0.388    0    0  (Gen:  0)
  1042744    472880  59849264  0.000  0.000    0.325    0.389    0    0  (Gen:  0)
  1042640    468272  60123064  0.000  0.000    0.325    0.390    0    0  (Gen:  0)
  1042640    481648  60393128  0.000  0.000    0.326    0.391    0    0  (Gen:  0)
  1042464    474904  60665168  0.000  0.000    0.327    0.392    0    0  (Gen:  0)
  1042872    468488  60937848  0.000  0.000    0.328    0.392    0    0  (Gen:  0)
  1042224    484784  61210040  0.001  0.001    0.329    0.393    0    0  (Gen:  0)
  1042840    477040  61481560  0.001  0.001    0.330    0.395    0    0  (Gen:  0)
  1042600    470208  61753456  0.001  0.001    0.331    0.396    0    0  (Gen:  0)
  1042688    463520  62026504  0.001  0.001    0.332    0.397    0    0  (Gen:  0)
  1042632    477768  62296592  0.001  0.001    0.334    0.398    0    0  (Gen:  0)
  1042624    470928  62568512  0.001  0.001    0.335    0.399    0    0  (Gen:  0)
  1042688    465976  62842696  0.001  0.001    0.336    0.401    0    0  (Gen:  0)
  1042536    479008  63112264  0.001  0.001    0.337    0.402    0    0  (Gen:  0)
  1042832    472456  63384480  0.001  0.001    0.338    0.403    0    0  (Gen:  0)
  1042312    466720  63657552  0.001  0.001    0.339    0.404    0    0  (Gen:  0)
  1042856    481776  63929216  0.000  0.000    0.340    0.405    0    0  (Gen:  0)
  1042472    474160  64200264  0.001  0.001    0.341    0.406    0    0  (Gen:  0)
  1042696    467816  64472656  0.001  0.001    0.342    0.407    0    0  (Gen:  0)
  1042728    483384  64744472  0.001  0.001    0.343    0.408    0    0  (Gen:  0)
  1042520    475016  65015552  0.001  0.003    0.344    0.411    0    0  (Gen:  0)
  1042616    469912  65288824  0.001  0.001    0.345    0.412    0    0  (Gen:  0)
  1042784    485280  65560592  0.001  0.001    0.346    0.414    0    0  (Gen:  0)
  1042720    477080  65831720  0.001  0.001    0.347    0.415    0    0  (Gen:  0)
  1042312    471312  66104656  0.000  0.000    0.348    0.416    0    0  (Gen:  0)
  1042904    464816  66377608  0.001  0.001    0.349    0.417    0    0  (Gen:  0)
  1042280    478800  66647776  0.000  0.001    0.350    0.418    0    0  (Gen:  0)
  1042896    472632  66919960  0.001  0.001    0.351    0.419    0    0  (Gen:  0)
  1042568    465816  67192352  0.001  0.001    0.351    0.420    0    0  (Gen:  0)
  1042672    480896  67463864  0.000  0.001    0.352    0.421    0    0  (Gen:  0)
  1042632    472768  67734960  0.001  0.001    0.353    0.422    0    0  (Gen:  0)
  1042656    468312  68008736  0.001  0.001    0.354    0.423    0    0  (Gen:  0)
  1042600    482288  68279488  0.001  0.001    0.355    0.424    0    0  (Gen:  0)
  1042496    475312  68551248  0.001  0.001    0.356    0.425    0    0  (Gen:  0)
  1042880    468808  68823904  0.001  0.001    0.357    0.426    0    0  (Gen:  0)
  1042208    484592  69095704  0.001  0.001    0.358    0.427    0    0  (Gen:  0)
  1042840    477184  69367352  0.001  0.001    0.359    0.429    0    0  (Gen:  0)
  1042608    470232  69639144  0.001  0.001    0.360    0.430    0    0  (Gen:  0)
  1042480    463520  69912144  0.001  0.001    0.361    0.430    0    0  (Gen:  0)
  1042952    478648  70183040  0.000  0.000    0.362    0.431    0    0  (Gen:  0)
  1042624    471976  70455024  0.000  0.000    0.363    0.432    0    0  (Gen:  0)
  1042688    465592  70728120  0.000  0.000    0.363    0.433    0    0  (Gen:  0)
  1042536    479856  70998712  0.001  0.001    0.364    0.434    0    0  (Gen:  0)
  1042824    472864  71270648  0.000  0.000    0.365    0.435    0    0  (Gen:  0)
  1042312    466776  71543512  0.001  0.001    0.366    0.436    0    0  (Gen:  0)
  1042856    482120  71815288  0.001  0.001    0.367    0.437    0    0  (Gen:  0)
  1042472    474416  72086288  0.000  0.000    0.368    0.438    0    0  (Gen:  0)
  1042656    468248  72359032  0.000  0.000    0.369    0.439    0    0  (Gen:  0)
  1042760    483696  72630752  0.001  0.001    0.370    0.440    0    0  (Gen:  0)
  1042520    475208  72901536  0.000  0.000    0.371    0.441    0    0  (Gen:  0)
  1042624    469104  73174112  0.000  0.000    0.372    0.442    0    0  (Gen:  0)
  1042712    486016  73447088  0.000  0.000    0.372    0.442    0    0  (Gen:  0)
  1042768    477512  73718072  0.000  0.000    0.373    0.443    0    0  (Gen:  0)
  1042320    470944  73990256  0.000  0.000    0.374    0.444    0    0  (Gen:  0)
  1042928    465584  74264088  0.000  0.000    0.375    0.445    0    0  (Gen:  0)
  1042272    479376  74534168  0.000  0.000    0.376    0.446    0    0  (Gen:  0)
  1042888    472384  74805952  0.001  0.001    0.377    0.447    0    0  (Gen:  0)
  1042560    466560  75078776  0.001  0.001    0.378    0.448    0    0  (Gen:  0)
  1042664    481248  75350056  0.001  0.001    0.379    0.449    0    0  (Gen:  0)
  1042632    473360  75621392  0.000  0.000    0.379    0.449    0    0  (Gen:  0)
  1042680    468280  75894712  0.000  0.000    0.380    0.450    0    0  (Gen:  0)
  1042544    482736  76165784  0.000  0.000    0.381    0.451    0    0  (Gen:  0)
  1042536    475336  76437272  0.000  0.000    0.382    0.452    0    0  (Gen:  0)
  1042888    469360  76710232  0.000  0.000    0.383    0.453    0    0  (Gen:  0)
  1042224    484472  76981424  0.000  0.000    0.383    0.454    0    0  (Gen:  0)
  1042824    477640  77253544  0.000  0.000    0.384    0.454    0    0  (Gen:  0)
  1042576    470336  77525392  0.000  0.000    0.385    0.455    0    0  (Gen:  0)
  1042672    463728  77798128  0.000  0.000    0.386    0.456    0    0  (Gen:  0)
  1042680    478392  78068672  0.000  0.000    0.387    0.457    0    0  (Gen:  0)
  1042608    471840  78340680  0.000  0.000    0.387    0.458    0    0  (Gen:  0)
  1042720    466248  78614280  0.000  0.000    0.388    0.458    0    0  (Gen:  0)
  1042536    480504  78885024  0.000  0.000    0.389    0.459    0    0  (Gen:  0)
  1042832    472776  79156560  0.000  0.000    0.390    0.460    0    0  (Gen:  0)
  1042264    467312  79429768  0.000  0.000    0.391    0.461    0    0  (Gen:  0)
  1042912    482088  79700880  0.000  0.000    0.391    0.462    0    0  (Gen:  0)
  1042440    474328  79971864  0.000  0.000    0.392    0.462    0    0  (Gen:  0)
  1042752    468464  80245224  0.001  0.001    0.393    0.463    0    0  (Gen:  0)
  1042768    484352  80517152  0.000  0.000    0.394    0.464    0    0  (Gen:  0)
  1042496    476648  80788576  0.000  0.000    0.395    0.465    0    0  (Gen:  0)
  1042648    469920  81060512  0.000  0.000    0.396    0.466    0    0  (Gen:  0)
  1042688    463168  81333544  0.000  0.000    0.396    0.467    0    0  (Gen:  0)
  1042736    477752  81604056  0.000  0.000    0.397    0.468    0    0  (Gen:  0)
  1042392    470864  81875920  0.000  0.000    0.398    0.468    0    0  (Gen:  0)
  1042936    466128  82150264  0.000  0.000    0.399    0.469    0    0  (Gen:  0)
  1042256    479208  82420000  0.000  0.000    0.400    0.470    0    0  (Gen:  0)
  1042872    471992  82691280  0.000  0.000    0.400    0.471    0    0  (Gen:  0)
  1042568    467128  82965112  0.000  0.000    0.401    0.472    0    0  (Gen:  0)
  1042664    481552  83236368  0.000  0.000    0.402    0.472    0    0  (Gen:  0)
  1042616    473560  83507304  0.000  0.000    0.403    0.473    0    0  (Gen:  0)
  1042704    468040  83780352  0.000  0.000    0.404    0.474    0    0  (Gen:  0)
  1042552    483144  84051608  0.001  0.001    0.405    0.475    0    0  (Gen:  0)
  1042512    474408  84322336  0.001  0.001    0.406    0.476    0    0  (Gen:  0)
  1042912    469952  84596264  0.001  0.001    0.407    0.478    0    0  (Gen:  0)
  1042200  77089760  77155272  0.085  0.110    0.493    0.589    0    0  (Gen:  1)
  1042848    418544  77368184  0.001  0.001    0.494    0.590    0    0  (Gen:  0)
  1042536    410904  77580240  0.001  0.001    0.495    0.591    0    0  (Gen:  0)
  1042688    404744  77793448  0.000  0.000    0.496    0.592    0    0  (Gen:  0)
  1042688    419536  78004592  0.000  0.000    0.497    0.593    0    0  (Gen:  0)
  1042600    412296  78216920  0.000  0.000    0.498    0.594    0    0  (Gen:  0)
  1042752    406592  78430376  0.000  0.000    0.499    0.595    0    0  (Gen:  0)
  1042536    421680  78642296  0.001  0.001    0.499    0.596    0    0  (Gen:  0)
  1042776    413376  78854096  0.001  0.001    0.500    0.597    0    0  (Gen:  0)
  1042296    408376  79067720  0.000  0.000    0.501    0.598    0    0  (Gen:  0)
  1042904    422544  79278848  0.000  0.000    0.502    0.598    0    0  (Gen:  0)
  1042384    415368  79491216  0.000  0.001    0.503    0.599    0    0  (Gen:  0)
  1042744    409008  79704168  0.000  0.001    0.504    0.600    0    0  (Gen:  0)
  1042760    425240  79916872  0.000  0.001    0.505    0.601    0    0  (Gen:  0)
  1042496    418064  80129264  0.000  0.000    0.505    0.602    0    0  (Gen:  0)
  1042616    410376  80341232  0.000  0.000    0.506    0.603    0    0  (Gen:  0)
  1042720    403896  80554560  0.000  0.000    0.507    0.604    0    0  (Gen:  0)
  1042728    418880  80765696  0.000  0.000    0.508    0.605    0    0  (Gen:  0)
  1042376    411336  80977888  0.000  0.000    0.509    0.605    0    0  (Gen:  0)
  1042896    405872  81191816  0.000  0.000    0.509    0.606    0    0  (Gen:  0)
   715840      3408     44312  0.001  0.017    0.511    0.624    1   26  (Gen:  1)
        0                      0.000  0.000

     394,245,616 bytes allocated in the heap
     334,698,952 bytes copied during GC
      77,155,272 bytes maximum residency (9 sample(s))
         287,800 bytes maximum slop
             159 MB total memory in use (0 MB lost due to fragmentation)

                                     Tot time (elapsed)  Avg pause  Max pause
  Gen  0       369 colls,     0 par    0.172s   0.181s     0.0005s    0.0033s
  Gen  1         9 colls,     0 par    0.189s   0.277s     0.0308s    0.1105s

  INIT    time    0.000s  (  0.002s elapsed)
  MUT     time    0.150s  (  0.164s elapsed)
  GC      time    0.361s  (  0.458s elapsed)
  EXIT    time    0.000s  (  0.000s elapsed)
  Total   time    0.511s  (  0.624s elapsed)

  %GC     time      70.7%  (73.4% elapsed)

  Alloc rate    2,635,155,510 bytes per MUT second

  Productivity  29.3% of total user, 26.2% of total elapsed

